
 num     #instances         #bytes  class name
----------------------------------------------
   1:        178140       26859808  <constMethodKlass>
   2:        178140       24245440  <methodKlass>
   3:         20355       23653008  <constantPoolKlass>
   4:         20355       18770672  <instanceKlassKlass>
   5:         81226       13204120  [C
   6:         16339       11849216  <constantPoolCacheKlass>
   7:         19261        9452904  [I
   8:        121160        8915616  [B
   9:        170115        5443680  java.util.concurrent.locks.AbstractQueuedSynchronizer$Node
  10:        165531        3972744  java.lang.Long
  11:         85779        2744928  java.lang.String
  12:          5284        2707368  <methodDataKlass>
  13:         21437        2521416  java.lang.Class
  14:         54281        2171240  com.intellij.openapi.vfs.newvfs.impl.VirtualFileImpl
  15:         25823        2053896  [Ljava.lang.Object;
  16:         33616        1705816  [S
  17:         48735        1559520  com.intellij.util.containers.IntObjectLinkedMap$MapEntry
  18:         32069        1477448  [[I
  19:           442         813192  [J
  20:         24091         770912  java.util.HashMap$Entry
  21:          7836         730088  [Ljava.util.HashMap$Entry;
  22:         21869         699808  org.jdom.Attribute
  23:          1065         621960  <objArrayKlassKlass>
  24:         17284         553088  java.security.AccessControlContext
  25:         13216         528640  java.util.LinkedHashMap$Entry
  26:         15481         495392  com.intellij.util.containers.ConcurrentHashMap$HashEntry
  27:          2208         459264  sun.java2d.SunGraphics2D
  28:         25945         415120  java.lang.Integer
  29:         10351         414040  org.jdom.Element
  30:            32         384512  [Lcom.intellij.util.containers.IntObjectLinkedMap$MapEntry;
  31:          9363         374520  java.lang.ref.SoftReference
  32:          7753         335600  [Lorg.jdom.Attribute;
  33:         13893         333432  java.util.ArrayList
  34:         10407         333024  org.jdom.ContentList
  35:         10351         331232  org.jdom.AttributeList
  36:          4532         326304  java.lang.reflect.Constructor
  37:         13386         321264  org.jdom.Text
  38:          4114         310112  [Lcom.intellij.openapi.vfs.newvfs.impl.VirtualFileSystemEntry;
  39:          9380         300160  java.util.Hashtable$Entry
  40:          8688         278016  java.util.LinkedHashMap$KeyIterator
  41:          4313         276032  java.awt.event.InvocationEvent
  42:          6859         274360  java.util.TreeMap$Entry
  43:          7122         227904  java.util.ArrayList$Itr
  44:          4583         219984  java.util.HashMap
  45:          5492         219680  com.intellij.util.containers.hash.LinkedHashMap$Entry
  46:          6671         213472  java.awt.Rectangle
  47:          5038         201520  com.intellij.psi.impl.source.tree.java.PsiJavaTokenImpl
  48:          3071         201128  [Lorg.jdom.Content;
  49:          4139         198672  com.intellij.openapi.extensions.impl.ExtensionComponentAdapter
  50:          5899         188768  java.lang.ref.WeakReference
  51:          2482         178704  java.awt.geom.AffineTransform
  52:          4308         172320  com.intellij.openapi.vfs.newvfs.impl.VirtualDirectoryImpl
  53:           996         168944  [Lcom.intellij.util.containers.ConcurrentHashMap$HashEntry;
  54:          4157         166280  com.intellij.util.containers.ConcurrentWeakHashMap$WeakKey
  55:          3415         163920  java.awt.event.ActionEvent
  56:          2662         149072  java.util.LinkedHashMap
  57:          5923         145712  [Ljava.security.ProtectionDomain;
  58:          3571         142840  com.intellij.reference.SoftReference
  59:          5594         134256  com.intellij.util.keyFMap.OneElementFMap
  60:          3333         133320  com.intellij.psi.impl.source.tree.PsiWhiteSpaceImpl
  61:          2747         131856  org.picocontainer.defaults.ConstructorInjectionComponentAdapter
  62:          1946         124544  com.intellij.openapi.actionSystem.Presentation
  63:          1544         123520  java.lang.reflect.Method
  64:          3033         121320  com.intellij.codeInspection.ex.ScopeToolState
  65:          4808         115392  com.intellij.codeInsight.completion.CompletionVariant$CompletionVariantItem
  66:          2720         108800  com.intellij.psi.impl.source.resolve.ResolveCache$SoftGetter
  67:          4353         104472  sun.awt.EventQueueItem
  68:          4341         104184  java.awt.EventQueue$3
  69:           639         103976  [Ljava.util.Hashtable$Entry;
  70:          1577         100928  com.intellij.psi.impl.source.tree.java.PsiReferenceParameterListImpl
  71:          3117          99744  java.lang.ThreadLocal$ThreadLocalMap$Entry
  72:          3102          99264  scala.collection.mutable.ListBuffer
  73:          1034          99264  com.intellij.codeInsight.daemon.impl.HighlightInfo
  74:           253          99176  javax.swing.JLabel
  75:          3064          98048  java.util.concurrent.ConcurrentHashMap$HashEntry
  76:          1521          97344  java.net.URL
  77:          3033          97056  com.intellij.codeInspection.ex.ToolsImpl
  78:          3975          95400  com.intellij.util.SmartList
  79:           483          93544  [Lcom.intellij.util.containers.hash.LinkedHashMap$Entry;
  80:           972          93312  com.intellij.codeInspection.LocalInspectionEP
  81:          2680          85760  sun.font.TrueTypeFont$DirectoryEntry
  82:          2486          79552  javax.swing.text.html.parser.ContentModel
  83:          1413          79128  java.lang.Package
  84:          1091          78552  com.intellij.openapi.editor.impl.RangeHighlighterImpl$1
  85:          1927          77080  com.intellij.psi.impl.source.tree.java.PsiIdentifierImpl
  86:          2395          76640  java.util.concurrent.locks.ReentrantLock$NonfairSync
  87:          3118          74832  scala.Tuple2
  88:          2952          70848  java.beans.PropertyChangeSupport
  89:          2917          70008  com.intellij.codeInspection.ex.LocalInspectionToolWrapper
  90:          1091          69824  com.intellij.openapi.editor.impl.RangeHighlighterTree$RHNode
  91:          1081          69184  com.intellij.psi.impl.source.tree.java.PsiLiteralExpressionImpl
  92:          3165          66856  [Ljava.lang.Class;
  93:          2747          65928  org.picocontainer.defaults.ConstructorInjectionComponentAdapter$1
  94:           902          64944  com.intellij.psi.impl.source.tree.java.PsiReferenceExpressionImpl
  95:          4013          64208  java.lang.Object
  96:          1296          62208  com.intellij.openapi.editor.LogicalPosition
  97:          1476          59040  sun.java2d.pipe.Region
  98:           726          58080  org.jetbrains.plugins.scala.lang.psi.impl.toplevel.synthetic.ScSyntheticFunction
  99:          1443          57720  com.intellij.openapi.util.objectTree.ObjectNode
 100:          2300          55200  com.intellij.util.io.StringRef
 101:          3415          54640  javax.swing.Timer$1
 102:          2256          54144  org.picocontainer.defaults.CachingComponentAdapter
 103:           156          53664  javax.swing.JPanel
 104:          2155          51720  java.awt.AWTEventMulticaster
 105:          1577          50464  java.awt.Insets
 106:          2038          48912  java.lang.StringBuilder
 107:          2007          48168  com.intellij.openapi.editor.markup.TextAttributes
 108:          2966          47456  java.beans.PropertyChangeSupport$PropertyChangeListenerMap
 109:          1895          45480  java.awt.Dimension
 110:           561          44880  com.intellij.psi.impl.source.PsiJavaCodeReferenceElementImpl
 111:           694          44416  com.intellij.psi.impl.source.tree.java.PsiExpressionListImpl
 112:          2753          44048  org.picocontainer.defaults.DefaultLifecycleStrategy
 113:          2753          44048  org.picocontainer.defaults.DelegatingComponentMonitor
 114:          1091          43640  com.intellij.openapi.editor.impl.RangeHighlighterImpl
 115:            92          43264  [Ljava.lang.ThreadLocal$ThreadLocalMap$Entry;
 116:          1348          43136  sun.awt.X11.XAnyEvent
 117:           665          42560  com.intellij.openapi.extensions.impl.ExtensionPointImpl
 118:           658          42112  com.intellij.psi.impl.source.tree.CompositeElement
 119:            89          41296  com.intellij.util.ui.ButtonlessScrollBarUI$EmptyButton
 120:          2554          40864  com.intellij.util.containers.LockFreeCopyOnWriteArrayList
 121:          2525          40400  org.picocontainer.defaults.SimpleReference
 122:           996          39840  com.intellij.util.containers.ConcurrentHashMap$Segment
 123:           973          38920  com.intellij.psi.impl.java.stubs.impl.PsiModifierListStubImpl
 124:           606          38784  com.intellij.psi.impl.source.tree.java.PsiMethodCallExpressionImpl
 125:           294          38592  [F
 126:          1090          38168  [Ljava.lang.String;
 127:           748          37952  [Ljava.util.concurrent.ConcurrentHashMap$HashEntry;
 128:          1563          37512  com.intellij.patterns.compiler.PatternCompilerImpl$Node
 129:          1552          37248  com.intellij.openapi.vfs.impl.local.FileWatcher$DirtyPaths
 130:           656          36736  scala.collection.immutable.Vector
 131:           897          35880  com.intellij.psi.impl.source.tree.java.PsiKeywordImpl
 132:           895          35800  org.apache.log4j.Logger
 133:           391          35792  [Ljava.util.WeakHashMap$Entry;
 134:          1098          35136  java.awt.Color
 135:          1457          34968  org.apache.log4j.CategoryKey
 136:           333          34632  sun.awt.image.IntegerInterleavedRaster
 137:           716          34368  gnu.trove.THashMap
 138:          2038          32608  java.util.LinkedHashSet
 139:          1358          32592  com.intellij.openapi.actionSystem.KeyboardShortcut
 140:          2000          32000  javax.swing.event.EventListenerList
 141:          1288          30912  com.intellij.openapi.actionSystem.impl.ProxyShortcutSet
 142:           748          29920  java.util.concurrent.ConcurrentHashMap$Segment
 143:           618          29664  java.util.Hashtable
 144:           905          28960  java.util.Vector
 145:            82          28864  com.intellij.ui.components.JBScrollPane$Corner
 146:          1190          28560  sun.reflect.NativeConstructorAccessorImpl
 147:           582          27936  com.intellij.util.containers.HashMap
 148:            70          27440  com.intellij.openapi.actionSystem.impl.ActionToolbarImpl$1
 149:           675          27000  java.util.WeakHashMap$Entry
 150:          1113          26712  com.intellij.lang.LanguageExtensionPoint$1
 151:           656          26240  org.jetbrains.plugins.scala.lang.psi.types.nonvalue.Parameter
 152:           356          25632  java.awt.Font
 153:           316          25408  [Ljava.util.concurrent.ConcurrentHashMap$Segment;
 154:           789          25248  com.intellij.openapi.components.impl.ServiceManagerImpl$MyComponentAdapter
 155:           392          25088  com.intellij.psi.impl.source.PsiTypeElementImpl
 156:          1567          25072  scala.Some
 157:          1551          24816  org.jetbrains.plugins.scala.compiler.FscServerLauncher$$anonfun$running$1
 158:          1551          24816  org.jetbrains.plugins.scala.compiler.FscServerLauncher$$anonfun$errors$1
 159:          1551          24816  org.jetbrains.plugins.scala.compiler.CompileServerLauncher$$anonfun$running$1
 160:          1551          24816  org.jetbrains.plugins.scala.compiler.FscServerLauncher$$anonfun$errors$2
 161:          1551          24816  org.jetbrains.plugins.scala.compiler.CompileServerLauncher$$anonfun$errors$1
 162:          1551          24816  org.jetbrains.plugins.scala.compiler.CompileServerLauncher$$anonfun$errors$2
 163:          1032          24768  com.intellij.openapi.editor.VisualPosition
 164:          1018          24432  com.intellij.util.containers.StripedLockIntObjectConcurrentHashMap$IntHashEntry
 165:           608          24320  com.intellij.psi.impl.source.tree.LeafPsiElement
 166:          1011          24264  com.intellij.codeInsight.daemon.HighlightDisplayKey
 167:           379          24256  com.intellij.psi.impl.source.tree.java.ModifierListElement
 168:          1008          24192  com.intellij.codeInspection.ex.InspectionProfileImpl$3
 169:           180          23640  [Z
 170:           490          23520  com.intellij.util.containers.ConcurrentHashMap
 171:           972          23328  com.intellij.codeInspection.ex.InspectionToolRegistrar$1
 172:           291          23280  com.intellij.util.io.PagedFileStorage
 173:           960          23040  com.intellij.psi.impl.cache.TypeInfo
 174:           711          22752  com.intellij.util.keyFMap.PairElementsFMap
 175:           467          22416  com.intellij.openapi.actionSystem.ActionStub
 176:           391          21896  com.intellij.psi.impl.java.stubs.impl.PsiMethodStubImpl
 177:           383          21448  java.awt.BorderLayout
 178:           865          20760  com.intellij.openapi.util.IconLoader$CachedImageIcon
 179:           430          20640  com.intellij.psi.impl.java.stubs.impl.PsiParameterStubImpl
 180:            60          20640  com.intellij.ui.components.panels.NonOpaquePanel
 181:           150          20400  sun.font.TrueTypeFont
 182:           636          20352  java.util.AbstractList$Itr
 183:           419          20112  com.intellij.openapi.vfs.impl.FilePointerPartNode
 184:           353          19768  com.intellij.ide.projectView.PresentationData
 185:           411          19728  com.intellij.psi.impl.java.stubs.impl.PsiClassReferenceListStubImpl
 186:          1225          19600  sun.reflect.DelegatingConstructorAccessorImpl
 187:           202          19392  sun.awt.image.ImageRepresentation
 188:           798          19376  [Ljava.beans.PropertyChangeListener;
 189:          1208          19328  java.util.HashMap$KeySet
 190:           391          18768  java.util.WeakHashMap
 191:           256          18432  sun.awt.image.BufImgSurfaceData
 192:             9          18168  [Lcom.intellij.psi.tree.IElementType;
 193:          1128          18048  java.lang.Character
 194:           562          17984  org.apache.log4j.ProvisionNode
 195:           659          17720  [Lcom.intellij.util.lang.Loader;
 196:           435          17400  com.intellij.openapi.editor.markup.AttributesFlyweight$FlyweightKey
 197:           434          17360  com.intellij.ui.JBColor
 198:           309          17304  java.util.concurrent.ScheduledThreadPoolExecutor$ScheduledFutureTask
 199:           431          17240  com.intellij.openapi.editor.markup.AttributesFlyweight
 200:           430          17200  com.intellij.psi.impl.compiled.ClsTypeElementImpl
 201:           430          17200  java.lang.ref.Finalizer
 202:           716          17184  scala.collection.immutable.$colon$colon
 203:           700          16800  java.io.File
 204:           348          16704  java.awt.image.BufferedImage
 205:           522          16704  java.lang.ref.PhantomReference
 206:            48          16512  javax.swing.Box$Filler
 207:           344          16512  java.util.concurrent.FutureTask$Sync
 208:           292          16352  com.intellij.openapi.vfs.impl.VirtualFilePointerContainerImpl
 209:           255          16320  java.nio.DirectByteBuffer
 210:           510          16320  java.lang.ref.ReferenceQueue
 211:           502          16064  sun.font.FontConfigManager$FontConfigFont
 212:           401          16040  com.intellij.psi.impl.java.stubs.impl.PsiTypeParameterListStubImpl
 213:           333          15984  java.awt.image.SinglePixelPackedSampleModel
 214:           499          15968  sun.java2d.DefaultDisposerRecord
 215:           332          15936  java.awt.image.DataBufferInt
 216:           391          15640  com.intellij.psi.impl.java.stubs.impl.PsiParameterListStubImpl
 217:           970          15520  com.intellij.idea.IdeaLogger
 218:           644          15456  com.intellij.patterns.ElementPatternCondition
 219:           316          15168  java.util.concurrent.ConcurrentHashMap
 220:           624          14976  gnu.trove.THashMap$KeyView
 221:            38          14592  com.intellij.openapi.wm.impl.ToolWindowHeader$ActionButton$1
 222:           304          14592  com.intellij.util.containers.ConcurrentSoftValueHashMap$MySoftReference
 223:             6          14528  [[C
 224:           356          14240  com.intellij.util.containers.ConcurrentWeakValueIntObjectHashMap$MyRef
 225:            18          13920  [[J
 226:           248          13888  sun.java2d.loops.FontInfo
 227:           431          13792  com.intellij.util.indexing.ChangeTrackingValueContainer
 228:           431          13792  com.intellij.util.containers._CHMSegment$HashEntry
 229:           430          13760  com.intellij.psi.impl.compiled.ClsTypeElementImpl$1
 230:           850          13600  java.util.HashSet
 231:           565          13560  com.intellij.openapi.editor.colors.TextAttributesKey
 232:           421          13472  sun.awt.X11.XPropertyEvent
 233:           280          13440  com.intellij.openapi.actionSystem.DefaultActionGroup
 234:           150          13376  [Lsun.font.TrueTypeFont$DirectoryEntry;
 235:           417          13344  java.util.Vector$Itr
 236:           238          13328  com.intellij.util.containers.SLRUMap$1
 237:           238          13328  com.intellij.util.containers.SLRUMap$2
 238:           555          13320  javax.swing.KeyStroke
 239:            35          13160  com.intellij.ui.components.JBScrollPane$MyScrollBar
 240:           329          13160  sun.font.FontStrikeDesc
 241:           148          13024  com.intellij.ide.projectView.impl.nodes.NamedLibraryElementNode
 242:           108          12960  com.intellij.util.io.PersistentBTreeEnumerator
 243:           531          12744  com.intellij.openapi.components.ServiceDescriptor
 244:           530          12720  com.siyeh.ig.portability.mediatype.ApplicationMediaType
 245:            33          12672  com.intellij.ui.components.JBViewport
 246:           386          12352  com.intellij.util.ui.CenteredIcon
 247:           379          12128  com.intellij.psi.impl.source.PsiModifierListImpl
 248:           490          11824  [Lcom.intellij.util.containers.ConcurrentHashMap$Segment;
 249:           113          11752  java.io.ObjectStreamClass
 250:           488          11712  java.awt.Point
 251:           242          11616  java.util.zip.ZipFile
 252:           721          11536  java.util.HashMap$EntrySet
 253:           142          11360  com.intellij.psi.impl.source.tree.java.PsiCodeBlockImpl
 254:           109          11336  com.intellij.util.io.IntToIntBtree
 255:           277          11080  com.intellij.util.Alarm$Request
 256:           153          11016  java.util.regex.Pattern
 257:           269          10760  com.intellij.openapi.components.impl.ComponentManagerImpl$ComponentConfigComponentAdapter$1
 258:           217          10416  java.util.logging.LogManager$LoggerWeakRef
 259:           431          10344  com.intellij.util.indexing.ValueContainerImpl
 260:           431          10344  com.intellij.util.indexing.MapIndexStorage$2$1
 261:           430          10320  com.intellij.psi.impl.compiled.ClsTypeElementImpl$2
 262:           424          10176  com.intellij.openapi.util.ExecutionCallback
 263:           251          10040  com.intellij.openapi.components.OldComponentConfig
 264:           416           9984  [Lcom.intellij.psi.search.scope.packageSet.NamedScopesHolder;
 265:           310           9920  gnu.trove.TObjectHashIterator
 266:           103           9856  [Lcom.intellij.openapi.wm.impl.WindowInfoImpl;
 267:           246           9840  java.util.HashMap$EntryIterator
 268:           408           9792  java.awt.geom.Point2D$Float
 269:           244           9760  java.util.HashMap$KeyIterator
 270:           152           9728  com.intellij.psi.impl.source.tree.java.TypeParameterListElement
 271:           202           9696  sun.awt.image.ToolkitImage
 272:           240           9600  sun.misc.Cleaner
 273:           199           9552  sun.java2d.loops.Blit
 274:           237           9480  com.intellij.util.io.ReadWriteDirectBufferWrapper
 275:           148           9472  com.intellij.psi.impl.source.tree.java.MethodElement
 276:           148           9472  com.intellij.psi.impl.source.tree.java.ParameterListElement
 277:           148           9472  com.intellij.psi.impl.source.tree.java.PsiThrowsListImpl
 278:           235           9400  com.intellij.psi.impl.compiled.ClsParameterImpl
 279:           286           9152  com.intellij.util.containers.FList
 280:           571           9136  java.util.concurrent.locks.ReentrantLock
 281:           190           9120  com.intellij.util.indexing.ValueContainerImpl$IdSet
 282:           228           9120  sun.nio.cs.UTF_8$Decoder
 283:           162           9072  java.util.ResourceBundle$CacheKey
 284:           563           9008  javax.swing.ArrayTable
 285:           335           8912  [[I
 286:           184           8832  com.intellij.openapi.util.IconLoader$MyImageIcon
 287:            17           8704  com.intellij.openapi.wm.impl.StripeButton
 288:           269           8608  com.intellij.openapi.components.impl.ComponentManagerImpl$ComponentConfigComponentAdapter
 289:           269           8608  com.intellij.ui.Gray
 290:           215           8600  com.intellij.psi.impl.compiled.ClsMethodImpl
 291:           134           8576  com.intellij.psi.impl.source.tree.java.PsiExpressionStatementImpl
 292:           213           8520  com.intellij.util.Alarm
 293:           352           8448  sun.java2d.StateTrackableDelegate
 294:           527           8432  java.lang.ref.ReferenceQueue$Lock
 295:           351           8424  sun.reflect.annotation.AnnotationInvocationHandler
 296:           263           8416  com.intellij.util.containers.ConcurrentWeakValueHashMap$MyWeakReference
 297:           349           8376  sun.reflect.generics.tree.SimpleClassTypeSignature
 298:            55           8360  com.intellij.ide.plugins.IdeaPluginDescriptorImpl
 299:           348           8352  com.intellij.util.keyFMap.ArrayBackedFMap
 300:           261           8352  java.util.zip.ZipCoder
 301:           344           8256  com.intellij.openapi.util.Key
 302:             1           8216  [Lscala.math.BigInt;
 303:           256           8192  com.intellij.patterns.compiler.PatternCompilerImpl$LazyPresentablePattern
 304:           337           8088  com.intellij.openapi.util.Pair
 305:           333           7992  com.intellij.psi.impl.compiled.ClsMemberImpl$2
 306:           199           7960  scala.collection.mutable.HashSet
 307:           142           7952  com.intellij.psi.impl.java.stubs.impl.PsiFieldStubImpl
 308:           165           7920  gnu.trove.TIntObjectHashMap
 309:           246           7872  javax.swing.SizeRequirements
 310:           320           7824  [Ljava.lang.reflect.Type;
 311:           163           7824  sun.java2d.loops.ScaledBlit
 312:           244           7808  sun.awt.X11.XAtom
 313:           162           7776  org.jetbrains.idea.maven.model.MavenArtifactNode
 314:           162           7776  java.util.ResourceBundle$BundleReference
 315:           121           7744  com.intellij.psi.impl.source.tree.java.ParameterElement
 316:           242           7744  com.intellij.util.containers.WeakReferenceArray$MyWeakReference
 317:           161           7728  sun.nio.cs.UTF_8$Encoder
 318:           322           7728  com.intellij.psi.impl.compiled.ClsModifierListImpl
 319:           240           7680  java.nio.DirectByteBuffer$Deallocator
 320:           106           7632  com.intellij.util.io.PersistentHashMapValueStorage
 321:           317           7608  java.util.concurrent.Executors$RunnableAdapter
 322:           311           7464  [Lcom.intellij.openapi.actionSystem.TimerListener;
 323:           233           7456  java.util.regex.Pattern$Curly
 324:           310           7440  com.intellij.diagnostic.PerformanceWatcher$SwingThreadRunnable
 325:           186           7440  gnu.trove.THashSet
 326:           229           7328  javax.swing.plaf.ColorUIResource
 327:           229           7328  com.intellij.openapi.vfs.impl.VirtualFilePointerImpl
 328:           145           7304  [D
 329:           267           7280  [Lcom.intellij.util.lang.Loader;
 330:           226           7232  java.awt.geom.Rectangle2D$Float
 331:           225           7200  org.jetbrains.plugins.groovy.lang.lexer.GroovyElementType
 332:           222           7104  java.awt.font.FontRenderContext
 333:           222           7104  org.jetbrains.plugins.scala.lang.lexer.ScalaElementType
 334:           222           7104  com.intellij.openapi.components.impl.CachingComponentAdapter
 335:           292           7008  com.intellij.openapi.vfs.impl.VirtualFilePointerManagerImpl$4
 336:           291           6984  com.intellij.util.io.ResizeableMappedFile
 337:           108           6912  java.util.logging.Logger
 338:           108           6912  org.jetbrains.plugins.scala.lang.psi.impl.expr.ScReferenceExpressionImpl
 339:           144           6912  gnu.trove.TObjectIntHashMap
 340:            13           6864  com.intellij.openapi.actionSystem.impl.ActionMenu
 341:           285           6840  java.util.ArrayDeque
 342:            17           6800  com.intellij.openapi.wm.impl.InternalDecorator
 343:           212           6784  java.beans.PropertyChangeEvent
 344:           105           6720  com.intellij.psi.impl.source.tree.java.FieldElement
 345:            17           6664  com.intellij.openapi.wm.impl.content.ToolWindowContentUi
 346:           208           6656  com.intellij.util.messages.impl.MessageBusConnectionImpl
 347:            16           6656  com.intellij.openapi.wm.impl.content.TabContentLayout$3
 348:           166           6640  javax.swing.text.html.parser.AttributeList
 349:           165           6600  java.awt.FlowLayout
 350:           275           6600  java.util.regex.Pattern$1
 351:           274           6576  com.intellij.util.SmartList$SingletonIterator
 352:            17           6528  com.intellij.openapi.wm.impl.InternalDecorator$2
 353:            17           6528  com.intellij.openapi.wm.impl.ToolWindowHeader$6
 354:            17           6528  com.intellij.openapi.wm.impl.ToolWindowHeader$3
 355:           203           6496  com.intellij.openapi.util.ActionCallback
 356:            45           6480  com.intellij.util.ui.ButtonlessScrollBarUI
 357:            42           6384  org.jetbrains.plugins.scala.lang.psi.impl.statements.ScFunctionDefinitionImpl
 358:           349           6360  [Lsun.reflect.generics.tree.TypeArgument;
 359:           198           6336  javax.swing.border.EmptyBorder
 360:           158           6320  sun.awt.image.ByteArrayImageSource
 361:             4           6272  [Lcom.intellij.util.containers.StripedLockIntObjectConcurrentHashMap$IntHashEntry;
 362:           194           6208  com.intellij.openapi.application.impl.LaterInvocator$RunnableInfo
 363:           110           6160  com.intellij.openapi.wm.impl.WindowInfoImpl
 364:           256           6144  org.intellij.plugins.intelliLang.inject.config.InjectionPlace
 365:            13           6136  com.intellij.openapi.actionSystem.impl.StubItem
 366:           255           6120  javax.swing.text.html.parser.Entity
 367:            17           6120  com.intellij.openapi.wm.impl.InternalDecorator$MyDivider
 368:           254           6096  com.intellij.openapi.vfs.impl.local.LocalFileSystemImpl$WatchRequestImpl
 369:           252           6048  javax.swing.ActionMap
 370:           251           6024  org.jdom.Comment
 371:            17           5984  com.intellij.ui.content.impl.ContentManagerImpl$MyFocusProxy
 372:            17           5984  com.intellij.ui.content.impl.ContentManagerImpl$MyContentComponent
 373:            17           5984  com.intellij.openapi.wm.impl.ToolWindowHeader$1
 374:            14           5936  com.intellij.openapi.wm.impl.content.ContentTabLabel
 375:            92           5888  org.jetbrains.idea.maven.model.MavenArtifact
 376:           147           5880  com.intellij.openapi.vfs.newvfs.impl.VirtualDirectoryImpl$AdoptedChild
 377:            61           5856  com.intellij.util.indexing.ValueContainerMap
 378:           177           5664  com.intellij.psi.tree.TokenSet
 379:           235           5640  com.intellij.psi.impl.compiled.ClsParameterImpl$1
 380:           235           5640  sun.awt.X11.XKeysym$Keysym2JavaKeycode
 381:            88           5632  com.intellij.psi.impl.source.tree.java.PsiNewExpressionImpl
 382:           117           5616  com.intellij.openapi.vfs.newvfs.persistent.PersistentFSImpl$JarRoot
 383:           234           5616  com.intellij.internal.statistic.beans.UsageDescriptor
 384:           234           5616  java.util.concurrent.ConcurrentLinkedQueue$Node
 385:           350           5600  java.awt.RenderingHints
 386:           349           5584  sun.reflect.generics.tree.ClassTypeSignature
 387:            87           5568  com.intellij.psi.impl.source.tree.java.NameValuePairElement
 388:           139           5560  java.io.ObjectStreamField
 389:           231           5544  java.util.regex.Pattern$5
 390:            16           5504  com.intellij.openapi.fileEditor.impl.EditorComposite$TopBottomPanel
 391:           229           5496  javax.swing.InputMap
 392:           171           5472  com.intellij.psi.impl.compiled.ClsIdentifierImpl
 393:            48           5376  java.awt.GridBagConstraints
 394:           222           5328  java.util.Arrays$ArrayList
 395:           110           5280  java.util.TreeMap
 396:           132           5280  com.intellij.util.io.IntToIntBtree$BtreeIndexNodeView
 397:           220           5280  com.intellij.openapi.util.Trinity
 398:            73           5256  com.intellij.openapi.roots.impl.libraries.LibraryImpl
 399:           219           5256  com.intellij.openapi.vfs.impl.local.LocalFileSystemImpl$TreeNode
 400:           164           5248  javax.swing.text.html.StyleSheet$SmallConversionSet
 401:            72           5184  java.awt.geom.RoundRectIterator
 402:           162           5184  java.util.ResourceBundle$LoaderReference
 403:           107           5136  java.util.concurrent.locks.ReentrantReadWriteLock$NonfairSync
 404:           321           5136  org.jetbrains.plugins.scala.lang.psi.ScalaPsiElementImpl$$anon$1
 405:            80           5120  java.awt.GradientPaintContext
 406:           160           5120  java.awt.geom.Point2D$Double
 407:           106           5088  com.intellij.util.io.PersistentHashMap$6
 408:           313           5008  java.util.Collections$UnmodifiableCollection
 409:            78           4992  sun.reflect.DelegatingClassLoader
 410:            13           4992  javax.swing.JPopupMenu
 411:           156           4992  com.intellij.psi.impl.source.PsiReferenceListImpl
 412:           207           4968  scala.collection.mutable.DefaultEntry
 413:            44           4928  com.intellij.openapi.editor.impl.IterationState
 414:           123           4920  javax.swing.DefaultButtonModel
 415:           204           4896  com.intellij.psi.impl.compiled.ClsTypeParametersListImpl
 416:           153           4896  java.io.ObjectStreamClass$WeakClassKey
 417:            47           4888  java.lang.Thread
 418:           122           4880  java.security.ProtectionDomain
 419:           152           4864  com.intellij.psi.impl.source.tree.java.PsiTypeParameterListImpl
 420:           303           4848  com.intellij.util.containers.HashSet
 421:            43           4816  java.net.SocksSocketImpl
 422:           200           4800  com.intellij.psi.impl.compiled.ClsParameterListImpl
 423:           100           4800  java.awt.event.HierarchyEvent
 424:            12           4800  com.intellij.ui.components.JBScrollPane
 425:           193           4792  [Lcom.intellij.openapi.vfs.impl.FilePointerPartNode;
 426:           159           4752  [Ljava.awt.Component;
 427:            66           4752  com.intellij.featureStatistics.FeatureDescriptor
 428:           148           4736  com.intellij.psi.impl.source.PsiMethodImpl
 429:           148           4736  com.intellij.psi.impl.source.PsiParameterListImpl
 430:            49           4704  com.intellij.openapi.components.impl.stores.StateStorageManagerImpl$1
 431:           117           4680  com.intellij.util.lang.JarLoader
 432:           195           4680  com.intellij.patterns.ObjectPattern$1
 433:           117           4680  com.intellij.util.lang.JarLoader$1
 434:             8           4672  <typeArrayKlassKlass>
 435:            73           4672  com.intellij.openapi.roots.impl.LibraryOrderEntryImpl
 436:           192           4608  com.intellij.psi.impl.compiled.ClsMethodImpl$1
 437:           113           4520  com.intellij.psi.impl.compiled.ClsJavaCodeReferenceElementImpl
 438:           111           4440  com.intellij.psi.impl.compiled.ClsFieldImpl
 439:           138           4416  javax.swing.text.html.CSS$LengthValue
 440:            92           4416  sun.java2d.pipe.AlphaPaintPipe$TileContext
 441:           110           4400  com.intellij.openapi.actionSystem.impl.ActionManagerImpl$1
 442:            78           4368  com.intellij.openapi.ui.ShadowAction
 443:             4           4352  [Lcom.intellij.util.containers._CHMSegment$HashEntry;
 444:            77           4312  org.jetbrains.plugins.scala.lang.psi.impl.base.ScStableCodeReferenceElementImpl
 445:           133           4256  <compiledICHolderKlass>
 446:            88           4224  sun.java2d.loops.MaskBlit
 447:            88           4224  javax.swing.text.html.parser.Element
 448:            48           4224  sun.font.Type1Font
 449:            12           4224  com.intellij.openapi.actionSystem.impl.ActionToolbarImpl$MySeparator
 450:           105           4200  com.intellij.psi.impl.source.PsiFieldImpl
 451:            15           4200  javax.swing.CellRendererPane
 452:            58           4176  com.intellij.psi.impl.source.tree.java.AnnotationParamListElement
 453:            57           4104  javax.swing.plaf.FontUIResource
 454:            73           4088  java.beans.MethodDescriptor
 455:           170           4080  com.intellij.util.containers.MultiMap
 456:           102           4080  com.intellij.lang.LanguageExtensionPoint
 457:            10           4080  com.intellij.openapi.editor.impl.EditorGutterComponentImpl
 458:            10           4080  com.intellij.openapi.editor.impl.EditorImpl$MyScrollPane
 459:            85           4080  com.intellij.psi.impl.java.stubs.impl.PsiNameValuePairStubImpl
 460:            22           4072  [Lsun.font.PhysicalFont;
 461:           169           4056  java.util.concurrent.ConcurrentLinkedQueue
 462:           101           4040  com.intellij.ide.util.treeView.AbstractTreeUi$ElementNode
 463:             1           4008  [Lcom.intellij.reference.SoftReference;
 464:            10           4000  com.intellij.ui.SimpleColoredComponent
 465:            10           3920  com.intellij.openapi.editor.impl.EditorImpl
 466:             1           3904  [Lcom.intellij.codeInspection.LocalInspectionEP;
 467:           162           3888  sun.awt.image.BufImgSurfaceManager
 468:           121           3872  com.intellij.psi.impl.source.PsiParameterImpl
 469:           120           3840  java.security.CodeSource
 470:           239           3824  java.util.concurrent.atomic.AtomicInteger
 471:           144           3824  [Lcom.intellij.openapi.vfs.VirtualFile;
 472:            68           3808  com.intellij.openapi.editor.impl.IntervalTreeImpl$2
 473:            95           3800  com.intellij.util.lang.JarLoader
 474:            95           3800  com.intellij.util.lang.JarLoader$1
 475:           236           3776  com.intellij.patterns.PsiMethodPattern
 476:            10           3760  com.intellij.openapi.editor.impl.EditorImpl$MyScrollBar
 477:            94           3760  com.intellij.openapi.roots.impl.DirectoryInfo
 478:           117           3744  com.intellij.openapi.vfs.impl.jar.JarHandler
 479:           117           3744  com.intellij.util.TimedReference
 480:            58           3712  com.intellij.psi.impl.source.tree.java.AnnotationElement
 481:           154           3696  java.util.logging.LogManager$LogNode
 482:            91           3640  sun.font.FontFamily
 483:           151           3624  java.util.regex.Pattern$Ctype
 484:             8           3584  com.intellij.openapi.actionSystem.impl.ActionToolbarImpl
 485:             8           3584  com.intellij.openapi.editor.impl.ContextMenuImpl$5
 486:            89           3560  java.math.BigInteger
 487:           148           3552  com.intellij.ide.projectView.impl.nodes.NamedLibraryElement
 488:           111           3552  com.intellij.psi.impl.compiled.ClsFieldImpl$2
 489:            10           3520  com.intellij.openapi.editor.impl.EditorComponentImpl
 490:            10           3520  com.intellij.ui.AbstractExpandableItemsHandler$TipComponent
 491:           110           3520  com.intellij.psi.impl.PsiCachedValueImpl
 492:            10           3520  com.intellij.openapi.editor.impl.EditorImpl$MyScrollPane$1
 493:            10           3520  com.intellij.openapi.editor.impl.EditorImpl$MyHeaderPanel
 494:           220           3520  sun.font.Font2DHandle
 495:            10           3440  com.intellij.ui.components.panels.Wrapper
 496:           107           3424  com.intellij.util.containers.LimitedPool
 497:           212           3392  com.intellij.util.messages.impl.MessageBusImpl$3
 498:           106           3392  com.intellij.psi.impl.compiled.ClsReferenceListImpl
 499:           208           3328  com.intellij.util.SmartFMap
 500:           138           3312  com.intellij.util.EventDispatcher
 501:             8           3264  com.intellij.openapi.fileEditor.impl.text.PsiAwareTextEditorImpl$PsiAwareTextEditorComponent
 502:            81           3240  java.io.ObjectStreamClass$FieldReflectorKey
 503:           199           3240  [Ljava.lang.reflect.TypeVariable;
 504:            80           3200  org.jboss.netty.util.internal.ConcurrentHashMap$Segment
 505:             8           3200  com.intellij.ui.tabs.impl.TabLabel$1
 506:           131           3144  com.intellij.psi.impl.source.PsiClassReferenceType
 507:           130           3120  java.util.regex.Pattern$Start
 508:            39           3120  com.intellij.codeInspection.InspectionEP
 509:            97           3104  javax.swing.text.StyleContext$NamedStyle
 510:           194           3104  com.intellij.util.Alarm$Request$1
 511:             8           3072  com.intellij.util.ui.AsyncProcessIcon$Big
 512:             8           3072  com.intellij.ui.tabs.impl.TabLabel
 513:            96           3072  sun.reflect.generics.repository.ClassRepository
 514:           126           3024  java.util.concurrent.CopyOnWriteArrayList
 515:             8           3008  com.intellij.openapi.ui.LoadingDecorator$LoadingLayer
 516:             8           3008  com.intellij.openapi.editor.impl.ContextMenuImpl
 517:             8           3008  com.intellij.ui.tabs.impl.ActionButton$1
 518:             2           3000  [Lsun.java2d.loops.GraphicsPrimitive;
 519:            62           2976  com.intellij.psi.impl.java.stubs.impl.PsiAnnotationStubImpl
 520:            53           2968  com.intellij.util.ui.ButtonlessScrollBarUI$5
 521:            74           2960  com.intellij.util.containers.OpenTHashSet
 522:           184           2944  java.util.concurrent.atomic.AtomicBoolean
 523:            61           2928  com.intellij.util.indexing.MapIndexStorage
 524:            61           2928  com.intellij.util.indexing.MapIndexStorage$2
 525:            61           2928  com.intellij.openapi.util.registry.RegistryValue
 526:           122           2928  java.util.regex.Pattern$GroupTail
 527:           182           2912  com.intellij.openapi.extensions.ExtensionPointName
 528:            52           2912  javax.swing.Timer
 529:           121           2904  java.util.regex.Pattern$GroupHead
 530:             8           2880  com.intellij.openapi.editor.impl.EditorImpl$8
 531:            60           2880  javax.swing.text.html.HTMLDocument$BlockElement
 532:             8           2880  com.intellij.ui.tabs.impl.ActionPanel
 533:             8           2880  com.intellij.openapi.fileEditor.impl.EditorComposite$3
 534:            72           2880  com.intellij.util.io.PersistentEnumeratorBase$MyBufferedIS
 535:            72           2880  java.awt.geom.RoundRectangle2D$Float
 536:             7           2856  com.intellij.ide.util.treeView.NodeRenderer
 537:           119           2856  javax.swing.plaf.basic.BasicButtonListener
 538:           119           2856  com.intellij.psi.stubs.StubIdList
 539:             8           2816  com.intellij.ui.tabs.impl.JBTabsImpl$Toolbar
 540:             8           2816  com.intellij.openapi.fileEditor.impl.EditorWindow$TComp
 541:             8           2816  com.intellij.openapi.ui.LoadingDecorator$MyLayeredPane
 542:            88           2816  com.intellij.openapi.editor.impl.IterationState$HighlighterSweep
 543:            32           2816  com.intellij.ide.plugins.cl.PluginClassLoader
 544:             8           2816  com.intellij.openapi.editor.impl.ContextMenuImpl$ContextMenuPanel
 545:           117           2808  com.intellij.codeInspection.ex.GlobalInspectionToolWrapper
 546:            87           2784  com.intellij.psi.impl.source.tree.java.PsiNameValuePairImpl
 547:           173           2768  com.intellij.openapi.util.LowMemoryWatcher
 548:            86           2752  sun.util.logging.PlatformLogger$JavaLogger
 549:            68           2720  com.intellij.psi.impl.compiled.ClsLiteralExpressionImpl
 550:            85           2720  java.lang.Throwable
 551:             6           2688  javax.swing.tree.DefaultTreeCellRenderer
 552:            84           2688  com.intellij.ui.LoadingNode
 553:            56           2688  org.intellij.plugins.intelliLang.inject.config.BaseInjection
 554:            67           2680  org.jetbrains.plugins.scala.lang.psi.impl.expr.ScAnnotationsImpl
 555:            67           2680  org.jetbrains.plugins.scala.lang.psi.impl.base.ScModifierListImpl
 556:           111           2664  com.intellij.psi.impl.compiled.ClsFieldImpl$1
 557:            37           2648  [Ljava.io.ObjectInputStream$HandleTable$HandleList;
 558:            55           2640  java.util.WeakHashMap$KeyIterator
 559:            66           2640  java.util.IdentityHashMap$KeyIterator
 560:           110           2640  java.util.regex.Pattern$Single
 561:             7           2632  com.intellij.openapi.wm.impl.status.TextPanel
 562:            65           2600  javax.swing.text.GapContent$MarkData
 563:            36           2592  java.lang.reflect.Field
 564:            54           2592  gnu.trove.TIntHashSet
 565:            40           2560  com.intellij.openapi.editor.impl.RangeMarkerTree$RMNode
 566:            80           2560  com.intellij.util.ui.TimedDeadzone
 567:            80           2560  java.awt.GradientPaint
 568:           106           2544  com.intellij.psi.impl.compiled.ClsReferenceListImpl$1
 569:           106           2544  com.intellij.util.io.PersistentHashMap$3
 570:           106           2544  com.intellij.util.io.PersistentHashMap$5
 571:           158           2528  com.intellij.psi.impl.source.tree.LazyParseableElement$ChameleonLock
 572:            24           2496  com.intellij.ui.content.impl.ContentImpl
 573:            52           2496  gnu.trove.TIntIntHashMap
 574:            52           2496  org.jetbrains.plugins.scala.lang.psi.impl.base.types.ScSimpleTypeElementImpl
 575:             3           2480  [Ljava.awt.Color;
 576:           103           2472  java.util.Date
 577:           103           2472  java.util.concurrent.locks.ReentrantReadWriteLock
 578:            75           2464  [Lorg.intellij.plugins.intelliLang.inject.config.InjectionPlace;
 579:           113           2456  [Ljavax.swing.text.AttributeSet;
 580:            34           2448  java.beans.PropertyDescriptor
 581:            17           2448  java.text.DecimalFormat
 582:           102           2448  org.jaxen.QualifiedName
 583:           151           2416  sun.font.TrueTypeFont$TTDisposerRecord
 584:           100           2400  com.intellij.ide.ui.laf.darcula.ui.DarculaButtonUI
 585:            75           2400  java.io.DataOutputStream
 586:           100           2400  com.intellij.util.ui.update.UiNotifyConnector
 587:            96           2368  [Lsun.reflect.generics.tree.ClassTypeSignature;
 588:           146           2336  javax.swing.AbstractButton$Handler
 589:            73           2336  com.intellij.openapi.roots.impl.libraries.JarDirectoryWatcherImpl
 590:            97           2328  [Lcom.intellij.openapi.components.Storage;
 591:             5           2320  javax.swing.JButton
 592:            96           2304  com.intellij.openapi.fileTypes.ExtensionFileNameMatcher
 593:            72           2304  java.awt.geom.Path2D$Float
 594:            96           2304  sun.reflect.generics.factory.CoreReflectionFactory
 595:            96           2304  sun.reflect.generics.scope.ClassScope
 596:            72           2304  com.intellij.util.io.PersistentEnumeratorBase$MyDataIS
 597:            72           2304  com.intellij.util.io.MappedFileInputStream
 598:            96           2304  com.intellij.openapi.editor.impl.TextRangeInterval
 599:            96           2304  sun.reflect.generics.tree.ClassSignature
 600:            95           2280  java.util.regex.Pattern$Slice
 601:            57           2280  com.intellij.ide.fileTemplates.impl.DefaultTemplate
 602:            47           2256  sun.java2d.loops.MaskFill
 603:            56           2240  com.intellij.psi.impl.java.stubs.impl.PsiAnnotationParameterListStubImpl
 604:            12           2224  [Lsun.font.FontConfigManager$FontConfigFont;
 605:            15           2224  [Lcom.intellij.util.containers.WeakReferenceArray$MyWeakReference;
 606:            69           2208  java.io.DataInputStream
 607:           138           2208  com.intellij.util.EventDispatcher$1
 608:            92           2208  java.lang.ThreadLocal$ThreadLocalMap
 609:            92           2208  java.io.FileDescriptor
 610:            46           2208  java.nio.HeapByteBuffer
 611:            23           2208  com.intellij.util.indexing.FileBasedIndexImpl$11
 612:            13           2192  [Lscala.collection.mutable.HashEntry;
 613:            39           2184  javax.swing.tree.VariableHeightLayoutCache$TreeStateNode
 614:            91           2184  com.siyeh.ig.portability.mediatype.AudioMediaType
 615:            68           2176  java.rmi.server.UID
 616:            68           2176  com.intellij.util.containers.WeakHashMap$WeakKey
 617:            90           2160  sun.reflect.generics.reflectiveObjects.ParameterizedTypeImpl
 618:            67           2144  sun.java2d.loops.SurfaceType
 619:            77           2136  [Lcom.intellij.openapi.roots.OrderEntry;
 620:            89           2136  com.intellij.openapi.util.ProperTextRange
 621:             1           2136  [Lcom.siyeh.ig.portability.mediatype.ApplicationMediaType;
 622:            81           2120  [Ljavax.swing.Icon;
 623:            53           2120  javax.swing.BoxLayout
 624:            11           2112  <klassKlass>
 625:            88           2112  com.intellij.ui.AbstractExpandableItemsHandler$7
 626:            22           2112  sun.font.CompositeFont
 627:            88           2112  com.intellij.openapi.editor.impl.IterationState$PushBackIterator
 628:            88           2112  javax.swing.text.html.StyleSheet$SelectorMapping
 629:           131           2096  com.intellij.openapi.actionSystem.DataKey
 630:            52           2080  javax.swing.text.html.HTMLDocument$RunElement
 631:            20           2080  com.intellij.openapi.editor.impl.softwrap.mapping.CacheEntry
 632:            37           2072  com.intellij.psi.impl.smartPointers.AnchorElementInfo
 633:            86           2064  com.intellij.openapi.editor.impl.IndentsModelImpl$IntPair
 634:            43           2064  sun.util.locale.LocaleObjectCache$CacheEntry
 635:           128           2048  com.intellij.util.ui.Animator$2$1
 636:            17           2040  sun.font.FileFontStrike
 637:            36           2016  javax.swing.text.html.StyleSheet$BoxPainter
 638:            50           2000  java.io.ObjectOutputStream$HandleTable
 639:            50           2000  javax.swing.DefaultBoundedRangeModel
 640:            31           1984  com.intellij.psi.impl.source.tree.java.PsiReturnStatementImpl
 641:           124           1984  com.intellij.patterns.StringPattern
 642:            82           1968  com.intellij.psi.codeStyle.CodeStyleSettingsCustomizable$WrappingOrBraceOption
 643:            82           1968  com.intellij.openapi.vfs.impl.VirtualFilePointerManagerImpl$DelegatingDisposable
 644:             7           1960  com.intellij.util.ui.tree.WideSelectionTreeUI$4
 645:           122           1952  java.security.ProtectionDomain$Key
 646:           122           1952  [Ljava.security.Principal;
 647:            61           1952  com.intellij.util.indexing.MemoryIndexStorage
 648:            61           1952  org.objectweb.asm.Type
 649:           121           1936  $Proxy11
 650:            22           1936  com.intellij.util.io.PersistentHashMap
 651:            22           1936  javax.swing.text.html.InlineView
 652:            40           1920  java.util.concurrent.ThreadPoolExecutor$Worker
 653:            71           1920  [Ljavax.swing.text.AbstractDocument$AbstractElement;
 654:            80           1920  com.intellij.util.ui.BaseButtonBehavior$MyMouseListener
 655:            48           1920  com.intellij.util.containers.SLRUMap
 656:            48           1920  com.intellij.ui.InplaceButton$1
 657:            80           1920  [Lorg.jboss.netty.util.internal.ConcurrentHashMap$HashEntry;
 658:            40           1920  com.intellij.openapi.editor.impl.FoldRegionImpl
 659:            17           1904  java.util.GregorianCalendar
 660:            59           1888  com.intellij.psi.tree.java.IJavaElementType
 661:           118           1888  com.intellij.patterns.PsiClassPattern
 662:           117           1872  java.util.HashMap$Values
 663:           117           1872  com.intellij.util.containers.ConcurrentHashSet
 664:            58           1856  com.intellij.psi.impl.source.tree.java.PsiAnnotationImpl
 665:            77           1848  javax.swing.text.html.HTML$Tag
 666:            38           1824  java.net.SocketInputStream
 667:            57           1824  com.intellij.ide.fileTemplates.impl.BundledFileTemplate
 668:            76           1824  com.intellij.openapi.util.TextRange
 669:            25           1800  sun.rmi.transport.ConnectionOutputStream
 670:            56           1792  java.util.Collections$SynchronizedMap
 671:           112           1792  com.intellij.patterns.PsiParameterPattern
 672:            56           1792  com.intellij.patterns.PsiParameterPattern$1
 673:            16           1792  org.jetbrains.plugins.scala.lang.psi.impl.statements.params.ScParameterImpl
 674:            74           1776  com.sun.java.swing.plaf.gtk.GTKEngine$WidgetType
 675:            37           1776  jsr166e.SequenceLock$Sync
 676:            55           1760  java.util.LinkedList
 677:            55           1760  com.intellij.openapi.vfs.tracker.VirtualFileTrackerImpl$2
 678:            73           1752  com.intellij.openapi.roots.impl.libraries.LibraryImpl$MyRootProviderImpl
 679:            73           1752  com.intellij.openapi.roots.impl.libraries.JarDirectories
 680:           109           1744  com.intellij.util.io.PersistentBTreeEnumerator$RecordBufferHandler
 681:            36           1728  com.intellij.ui.LayeredIcon
 682:           108           1728  java.util.concurrent.locks.ReentrantReadWriteLock$Sync$ThreadLocalHoldCounter
 683:           108           1728  java.util.concurrent.locks.ReentrantReadWriteLock$ReadLock
 684:           108           1728  java.util.concurrent.locks.ReentrantReadWriteLock$WriteLock
 685:            54           1728  com.intellij.openapi.projectRoots.impl.SimpleProjectRoot
 686:           108           1728  com.intellij.ide.projectView.impl.ProjectViewTree$2
 687:            54           1728  com.intellij.tasks.jira.jql.JqlElementType
 688:             9           1728  org.jetbrains.plugins.scala.lang.psi.impl.toplevel.typedef.ScObjectImpl
 689:            72           1728  java.util.regex.Pattern$BitClass
 690:            53           1696  com.intellij.psi.tree.java.IKeywordElementType
 691:            53           1696  com.intellij.psi.impl.source.tree.JavaElementType$JavaCompositeElementType
 692:            53           1696  javax.swing.plaf.basic.BasicScrollBarUI$TrackListener
 693:           106           1696  com.intellij.util.io.PersistentHashMap$1
 694:           106           1696  com.intellij.util.io.PersistentHashMap$2
 695:           106           1696  com.intellij.util.io.PersistentHashMap$4
 696:             5           1680  com.intellij.psi.codeStyle.CommonCodeStyleSettings
 697:            30           1680  com.intellij.openapi.extensions.impl.ExtensionPointImpl$ObjectComponentAdapter
 698:            70           1680  org.intellij.lang.regexp.RegExpElementType
 699:            42           1680  org.jetbrains.plugins.scala.lang.psi.impl.statements.params.ScParametersImpl
 700:             4           1664  com.intellij.openapi.vcs.changes.ui.ChangesBrowserNodeRenderer
 701:            13           1664  com.intellij.ui.plaf.beg.IdeaMenuUI
 702:            17           1632  java.awt.image.IndexColorModel
 703:            17           1632  sun.util.calendar.Gregorian$Date
 704:            67           1608  javax.swing.text.html.CSS$Attribute
 705:            10           1600  com.intellij.openapi.editor.impl.SettingsImpl
 706:             4           1600  com.intellij.openapi.wm.impl.Stripe
 707:            25           1600  sun.rmi.transport.ConnectionInputStream
 708:            50           1600  java.util.zip.Inflater
 709:            66           1584  com.intellij.psi.impl.smartPointers.SmartPsiElementPointerImpl
 710:            96           1584  [Lsun.reflect.generics.tree.FormalTypeParameter;
 711:            66           1584  com.intellij.psi.codeStyle.CodeStyleSettingsCustomizable$SpacingOption
 712:            31           1568  [Lcom.intellij.openapi.components.OldComponentConfig;
 713:            57           1552  [Ljava.io.ObjectStreamField;
 714:            97           1552  $Proxy12
 715:            32           1536  com.intellij.util.lang.ClasspathCache
 716:             4           1536  com.intellij.openapi.ui.Splitter
 717:            96           1536  sun.reflect.DelegatingMethodAccessorImpl
 718:            64           1536  javax.swing.text.html.StyleSheet$ViewAttributeSet
 719:            64           1536  java.lang.ProcessEnvironment$Variable
 720:            64           1536  java.lang.ProcessEnvironment$Value
 721:             4           1536  com.intellij.openapi.wm.impl.ToolWindowHeader$9
 722:             4           1536  com.intellij.util.ui.AsyncProcessIcon
 723:            38           1520  com.intellij.psi.stubs.StubIndexImpl$MyIndex
 724:            38           1520  javax.swing.GrayFilter
 725:            27           1512  com.intellij.util.io.Page
 726:            93           1488  com.intellij.openapi.util.Disposer$2
 727:            62           1488  net.sf.cglib.core.Signature
 728:            46           1472  com.intellij.ui.DeferredIconImpl
 729:             4           1472  com.intellij.openapi.ui.ThreeComponentsSplitter$Divider
 730:            23           1472  javax.swing.plaf.metal.MetalScrollPaneUI
 731:            23           1472  com.intellij.psi.impl.source.tree.java.PsiThisExpressionImpl
 732:            58           1472  [Ljavax.swing.text.View;
 733:            61           1464  org.intellij.plugins.relaxNG.compact.RncElementType
 734:            61           1464  com.intellij.psi.tree.xml.IXmlLeafElementType
 735:            30           1440  java.awt.GridBagLayout
 736:            90           1440  javax.swing.event.ChangeEvent
 737:            30           1440  sun.java2d.loops.DrawGlyphListAA
 738:            60           1440  com.intellij.patterns.PsiNamePatternCondition
 739:             4           1440  com.intellij.openapi.ui.Splitter$Divider
 740:            60           1440  com.intellij.patterns.ObjectPattern$4
 741:            59           1416  com.intellij.patterns.PsiMethodPattern$2
 742:            59           1416  com.intellij.patterns.PsiMethodPattern$3
 743:            59           1416  sun.swing.SwingLazyValue
 744:            59           1416  com.intellij.patterns.PsiClassPattern$8
 745:            22           1408  com.intellij.uiDesigner.core.GridConstraints
 746:            35           1400  java.util.HashMap$ValueIterator
 747:            25           1400  java.io.ObjectInputStream$BlockDataInputStream
 748:            58           1392  com.intellij.openapi.editor.IndentGuideDescriptor
 749:            58           1392  javax.swing.tree.TreePath
 750:            86           1376  sun.util.logging.PlatformLogger
 751:            57           1368  javax.swing.plaf.synth.Region
 752:            34           1360  com.intellij.ide.highlighter.custom.tokens.BraceTokenParser
 753:            56           1344  com.intellij.psi.impl.smartPointers.SelfElementInfo$2
 754:            56           1344  org.jdom.Document
 755:            56           1344  sun.reflect.NativeMethodAccessorImpl
 756:            24           1344  java.security.Provider$Service
 757:            12           1344  com.intellij.openapi.application.impl.ApplicationImpl$1$1
 758:            21           1344  com.intellij.psi.impl.source.tree.java.ImportStatementElement
 759:            55           1320  javax.swing.text.GapContent$StickyPosition
 760:            55           1320  com.intellij.ide.plugins.IdeaPluginDescriptorImpl$1
 761:            41           1312  java.net.Inet4Address
 762:            41           1312  com.intellij.ui.SimpleColoredComponent$MyAccessibleContext
 763:            82           1312  java.util.TreeMap$KeySet
 764:            54           1304  [Lcom.intellij.util.io.StringRef;
 765:            27           1296  com.intellij.psi.SingleRootFileViewProvider
 766:            27           1296  com.intellij.psi.impl.java.stubs.impl.PsiImportStatementStubImpl
 767:            54           1296  java.util.concurrent.locks.AbstractQueuedSynchronizer$ConditionObject
 768:            27           1296  sun.java2d.loops.BlitBg
 769:            18           1296  org.intellij.plugins.intelliLang.inject.config.AbstractTagInjection
 770:            81           1296  javax.swing.text.html.HTML$Attribute
 771:            23           1288  javax.swing.ScrollPaneLayout$UIResource
 772:             7           1288  com.intellij.util.ui.tree.WideSelectionTreeUI
 773:            80           1280  com.intellij.util.ui.TimedDeadzone$1
 774:            80           1280  com.intellij.util.ui.BaseButtonBehavior$MyMouseMotionListener
 775:            40           1280  java.net.Socket
 776:             8           1280  com.intellij.openapi.editor.impl.EditorMarkupModelImpl$MyErrorPanel
 777:            40           1280  com.intellij.openapi.editor.impl.IntervalTreeImpl$IntervalNode$WeakReferencedGetter
 778:            16           1280  sun.font.StandardGlyphVector
 779:            53           1272  com.intellij.util.ui.ButtonlessScrollBarUI$4
 780:            53           1272  javax.swing.plaf.basic.BasicScrollBarUI$ArrowButtonListener
 781:            53           1272  javax.swing.plaf.basic.BasicScrollBarUI$ScrollListener
 782:            79           1264  com.intellij.ide.IdeEventQueue$2
 783:            39           1248  java.util.Stack
 784:            52           1248  com.intellij.util.messages.Topic
 785:            52           1248  sun.java2d.pipe.ShapeSpanIterator
 786:            52           1248  com.intellij.openapi.editor.impl.DocumentImpl$DocumentListenerDisposable
 787:            78           1248  com.intellij.openapi.ui.ShadowAction$1
 788:            78           1248  com.intellij.openapi.ui.ShadowAction$2
 789:            78           1248  com.intellij.openapi.ui.ShadowAction$3
 790:            14           1232  com.intellij.ide.projectView.impl.nodes.PsiDirectoryNode
 791:            22           1232  sun.rmi.transport.tcp.TCPConnection
 792:            51           1224  com.intellij.ide.highlighter.custom.tokens.TokenInfo
 793:            76           1216  $Proxy64
 794:            40           1216  [Ljavax.swing.SizeRequirements;
 795:            38           1216  com.intellij.openapi.options.ExternalInfo
 796:            38           1216  java.util.regex.Pattern$Branch
 797:            50           1200  java.util.zip.ZStreamRef
 798:            25           1200  com.intellij.openapi.fileEditor.impl.text.TextEditorState
 799:            25           1200  sun.font.FontStrikeDisposer
 800:            25           1200  sun.font.StrikeCache$SoftDisposerRef
 801:            10           1200  sun.awt.image.ByteInterleavedRaster
 802:            41           1192  [Lcom.intellij.openapi.extensions.PluginId;
 803:            74           1184  com.intellij.util.io.EnumeratorStringDescriptor
 804:            49           1176  com.intellij.util.containers.Stack
 805:            21           1176  sun.nio.ch.FileChannelImpl
 806:            49           1176  com.intellij.openapi.components.impl.stores.FileBasedStorage$1
 807:            49           1176  javax.swing.text.html.StyleSheet$ResolvedStyle
 808:            21           1176  com.intellij.openapi.editor.impl.RangeHighlighterTree
 809:            49           1176  [Ljava.awt.Point;
 810:            49           1176  com.intellij.openapi.wm.impl.content.ToolWindowContentUi$2
 811:            49           1176  com.intellij.openapi.wm.impl.content.ToolWindowContentUi$3
 812:            49           1176  com.intellij.openapi.wm.impl.content.ToolWindowContentUi$4
 813:            73           1168  com.intellij.openapi.roots.impl.LibraryOrderEntryImpl$MyOrderEntryLibraryTableListener
 814:            29           1160  com.intellij.ui.ClickListener$1
 815:            48           1152  com.intellij.openapi.editor.ex.util.LexerEditorHighlighter$HighlighterIteratorImpl
 816:             8           1152  java.awt.image.DirectColorModel
 817:             9           1152  javax.swing.text.html.ParagraphView
 818:            12           1152  javax.swing.text.ParagraphView$Row
 819:            48           1152  com.intellij.psi.impl.smartPointers.SelfElementInfo$1
 820:            18           1152  com.intellij.psi.impl.source.tree.java.PsiAssignmentExpressionImpl
 821:            18           1152  org.apache.oro.text.regex.Perl5Pattern
 822:            48           1152  com.intellij.util.xml.JavaMethodSignature
 823:            36           1152  org.apache.velocity.runtime.parser.Parser$JJCalls
 824:            36           1152  com.siyeh.ig.ui.ExternalizableStringSet
 825:            36           1152  sun.awt.image.OffScreenImageSource
 826:             3           1152  com.intellij.openapi.actionSystem.impl.ActionButton
 827:            71           1136  $Proxy34
 828:            47           1128  java.util.LinkedList$Node
 829:            47           1128  java.security.Provider$ServiceKey
 830:            14           1120  javax.swing.plaf.basic.BasicMenuItemUI
 831:            10           1120  org.jetbrains.plugins.scala.lang.psi.impl.ScalaFileImpl
 832:            28           1120  java.math.BigDecimal
 833:            14           1120  sun.font.FontDesignMetrics
 834:             3           1112  [Ljava.lang.Integer;
 835:            23           1104  com.intellij.concurrency.JobImpl$2
 836:            46           1104  com.siyeh.ig.portability.mediatype.TextMediaType
 837:            23           1104  com.intellij.codeInsight.daemon.impl.PassExecutorService$ScheduledPass
 838:            46           1104  com.intellij.ui.IconDeferrerImpl$5
 839:            17           1088  com.intellij.openapi.wm.impl.ToolWindowImpl
 840:            17           1088  java.text.DecimalFormatSymbols
 841:            34           1088  sun.font.TrueTypeGlyphMapper
 842:            34           1088  org.jetbrains.idea.maven.tasks.MavenKeymapExtension$MavenGoalAction
 843:            27           1080  sun.rmi.transport.tcp.TCPEndpoint
 844:            45           1080  com.siyeh.ig.portability.mediatype.VideoMediaType
 845:             9           1080  javax.swing.text.html.HTMLEditorKit$HTMLFactory$BodyBlockView
 846:             3           1080  com.intellij.openapi.ui.SimpleToolWindowPanel
 847:            45           1080  com.intellij.openapi.editor.colors.ColorKey
 848:            30           1072  [Ljavax.swing.text.html.CSS$Attribute;
 849:            19           1064  sun.java2d.loops.GraphicsPrimitiveProxy
 850:            33           1056  com.intellij.util.KeyedLazyInstanceEP
 851:             2           1056  [Ljava.util.TimerTask;
 852:            33           1056  java.util.PriorityQueue
 853:            44           1056  com.intellij.psi.stubs.StubIndexKey
 854:            12           1056  com.intellij.ide.projectView.impl.nodes.PsiFileNode
 855:            22           1056  java.net.SocketOutputStream
 856:             9           1048  [Ljava.beans.MethodDescriptor;
 857:             1           1040  [Ljava.lang.Long;
 858:            26           1040  java.awt.SystemColor
 859:            10           1040  javax.swing.text.html.BlockView
 860:             1           1040  [Ljava.util.concurrent.locks.ReentrantLock;
 861:             1           1040  [Lcom.intellij.ui.Gray;
 862:            32           1024  org.jetbrains.plugins.scala.lang.scaladoc.lexer.ScalaDocElementType
 863:            32           1024  com.intellij.util.containers.IntObjectLinkedMap
 864:            32           1024  java.io.RandomAccessFile
 865:            32           1024  com.intellij.util.lang.ClassPath
 866:            16           1024  com.intellij.psi.impl.source.tree.java.PsiBinaryExpressionImpl
 867:            25           1000  org.jetbrains.plugins.scala.lang.psi.impl.toplevel.templates.ScExtendsBlockImpl
 868:            25           1000  java.io.ObjectOutputStream$BlockDataOutputStream
 869:            31            992  javax.swing.text.html.CSS$FontSize
 870:            31            992  com.intellij.openapi.components.impl.stores.FileBasedStorage$FileStorageData
 871:            62            992  java.util.TreeSet
 872:            41            984  com.intellij.codeInsight.daemon.impl.HighlightInfoType$HighlightInfoTypeImpl
 873:            61            976  com.intellij.util.indexing.MapIndexStorage$1
 874:             2            976  com.intellij.execution.actions.RunConfigurationsComboBoxAction$1
 875:             2            976  com.intellij.tasks.actions.SwitchTaskCombo$1
 876:            61            976  com.intellij.util.indexing.ValueContainerMap$ValueContainerExternalizer
 877:            40            960  scala.collection.immutable.HashSet$HashSet1
 878:            30            960  com.intellij.openapi.editor.actionSystem.EditorActionHandlerBean
 879:            20            960  sun.misc.URLClassPath$JarLoader
 880:            10            960  com.intellij.openapi.editor.impl.SoftWrapModelImpl
 881:            20            960  com.intellij.openapi.editor.impl.softwrap.mapping.CachingSoftWrapDataMapper$CacheState
 882:            20            960  sun.font.CMap$CMapFormat4
 883:            30            960  java.security.Provider$EngineDescription
 884:            17            952  com.intellij.ui.content.impl.ContentManagerImpl
 885:            17            952  sun.rmi.transport.tcp.TCPChannel
 886:            38            952  [Ljava.util.regex.Pattern$Node;
 887:             2            944  javax.swing.JCheckBox
 888:            39            936  com.intellij.codeInspection.ex.InspectionToolRegistrar$2
 889:            39            936  java.io.ObjectStreamClass$ClassDataSlot
 890:            39            936  [Ljava.io.ObjectStreamClass$ClassDataSlot;
 891:            29            928  javax.swing.JComponent$ActionStandin
 892:            58            928  javax.swing.Timer$DoPostEvent
 893:            23            920  java.io.BufferedInputStream
 894:            23            920  sun.util.locale.BaseLocale$Key
 895:            23            920  com.intellij.concurrency.JobImpl
 896:            38            912  com.intellij.util.EventDispatcher$2
 897:            19            912  com.intellij.util.containers.RefHashMap$MyMap
 898:            38            912  com.intellij.openapi.wm.impl.ToolWindowHeader$ActionButton$2
 899:            38            912  com.siyeh.ig.portability.mediatype.ImageMediaType
 900:            19            912  sun.font.FontDesignMetrics$KeyReference
 901:            38            912  com.intellij.psi.impl.ElementBase$ElementIconRequest
 902:             8            896  sun.java2d.x11.X11SurfaceData$X11WindowSurfaceData
 903:             8            896  com.intellij.ui.tabs.TabInfo
 904:            16            896  sun.util.calendar.ZoneInfo
 905:            28            896  com.intellij.ui.RowIcon
 906:            37            888  com.intellij.openapi.keymap.impl.WeakKeymapManagerListener
 907:            10            880  com.intellij.openapi.editor.impl.softwrap.mapping.SoftWrapApplianceManager$ProcessingContext
 908:            55            880  com.intellij.util.io.fs.IoFile
 909:            22            880  org.jetbrains.idea.maven.model.MavenPlugin
 910:             1            880  [Ljava.awt.Font;
 911:            10            880  com.intellij.openapi.editor.impl.softwrap.mapping.SoftWrapApplianceManager
 912:            22            880  com.intellij.util.indexing.MapReduceIndex
 913:            22            880  com.intellij.util.concurrency.QueueProcessor
 914:            36            864  com.intellij.openapi.ui.popup.ActiveIcon
 915:            12            864  sun.awt.X11.XTranslateCoordinates
 916:            12            864  com.intellij.openapi.editor.impl.DocumentImpl$MyCharArray
 917:            18            864  com.intellij.testFramework.LightVirtualFile
 918:            12            864  com.intellij.openapi.editor.impl.DocumentImpl
 919:            27            864  com.intellij.openapi.editor.colors.FontPreferences
 920:            36            864  java.awt.image.FilteredImageSource
 921:            36            864  com.intellij.ide.ui.UISettings$1
 922:            53            848  com.intellij.util.ui.ButtonlessScrollBarUI$2
 923:            53            848  com.intellij.util.ui.ButtonlessScrollBarUI$3
 924:            53            848  com.intellij.util.ui.ButtonlessScrollBarUI$1
 925:            20            848  [Ljavax.swing.text.GapContent$MarkData;
 926:            53            848  javax.swing.plaf.basic.BasicScrollBarUI$Handler
 927:            36            848  [Lcom.intellij.openapi.actionSystem.Shortcut;
 928:            15            840  org.jetbrains.plugins.scala.lang.psi.impl.toplevel.synthetic.SyntheticClasses$$anon$1
 929:            35            840  com.intellij.util.ui.update.UiNotifyConnector$Once
 930:             2            832  sun.swing.table.DefaultTableCellHeaderRenderer
 931:            35            832  [Lcom.intellij.psi.PsiNameValuePair;
 932:             8            832  javax.swing.text.html.HTMLEditorKit$HTMLFactory$1
 933:            26            832  com.intellij.util.concurrency.Semaphore$Sync
 934:            13            832  java.text.SimpleDateFormat
 935:             2            832  com.intellij.openapi.vcs.changes.shelf.ShelvedChangesViewManager$ShelfTreeCellRenderer
 936:             2            832  git4idea.history.wholeTree.GitLogUI$SimpleRenderer
 937:            13            832  com.intellij.ide.highlighter.custom.SyntaxTable
 938:            52            832  java.util.concurrent.atomic.AtomicReference
 939:            32            824  [Ljava.lang.ClassLoader;
 940:            34            816  java.util.regex.Pattern$CharProperty$1
 941:             2            816  com.intellij.ui.components.JBLabel
 942:            17            816  sun.java2d.loops.DrawGlyphList
 943:            17            816  com.intellij.openapi.wm.impl.content.TabContentLayout
 944:            17            816  sun.java2d.loops.FillRect
 945:            50            800  com.intellij.openapi.extensions.PluginId
 946:            50            800  com.intellij.openapi.components.impl.stores.XmlElementStorage$1
 947:            50            800  com.intellij.openapi.components.impl.stores.XmlElementStorage$2
 948:            20            800  org.jetbrains.plugins.scala.lang.psi.impl.base.ScConstructorImpl
 949:            25            800  sun.rmi.transport.StreamRemoteCall
 950:            25            800  java.util.concurrent.SynchronousQueue$TransferStack$SNode
 951:            25            800  com.intellij.ui.SimpleTextAttributes
 952:            20            800  org.jetbrains.plugins.scala.lang.psi.impl.expr.ScArgumentExprListImpl
 953:             2            800  com.intellij.ui.tabs.impl.singleRow.SingleRowLayout$GhostComponent
 954:            25            800  java.io.ObjectInputStream$HandleTable
 955:            33            792  com.intellij.util.KeyedLazyInstanceEP$1
 956:            33            792  com.intellij.openapi.actionSystem.MouseShortcut
 957:             2            784  com.intellij.ui.EngravedLabel
 958:            14            784  sun.font.StrikeMetrics
 959:            14            784  javax.swing.TransferHandler$SwingDropTarget
 960:            16            768  sun.java2d.loops.DrawPolygons
 961:            16            768  sun.java2d.loops.DrawPath
 962:            16            768  sun.java2d.loops.FillPath
 963:             8            768  javax.swing.plaf.basic.BasicHTML$BasicDocument
 964:            32            768  com.intellij.ui.tabs.impl.TabLabel$3
 965:            24            768  sun.font.EAttribute
 966:             2            768  com.intellij.openapi.ui.ThreeComponentsSplitter
 967:            32            768  com.intellij.uiDesigner.clientProperties.ClientPropertiesManager$ClientProperty
 968:            32            768  com.intellij.util.lang.ClasspathCache$NullDebugInfo
 969:            32            768  com.intellij.javaee.ExternalResourceManagerExImpl$Resource
 970:            12            768  javax.swing.DefaultListSelectionModel
 971:            24            768  java.awt.geom.GeneralPath
 972:            32            768  sun.awt.SunHints$Value
 973:            16            768  sun.java2d.loops.DrawLine
 974:            16            768  com.intellij.util.containers.RecentStringInterner$1
 975:            16            768  org.jetbrains.plugins.scala.lang.psi.impl.expr.ScThrowStmtImpl
 976:            32            768  com.intellij.ui.tabs.impl.TabLabel$4
 977:            16            768  com.intellij.openapi.editor.impl.EditorMarkupModelImpl$MyErrorPanel$3
 978:            16            768  org.jetbrains.plugins.scala.lang.psi.impl.expr.ScNewTemplateDefinitionImpl
 979:            24            768  java.awt.event.ComponentEvent
 980:            16            768  sun.java2d.loops.FillSpans
 981:             2            768  javax.swing.JRootPane
 982:            16            768  sun.java2d.loops.DrawRect
 983:            19            760  javax.swing.JToggleButton$ToggleButtonModel
 984:             2            752  com.intellij.openapi.wm.impl.status.InlineProgressIndicator$MyProgressBar
 985:             2            752  com.intellij.ui.table.JBTable$5
 986:            47            752  com.intellij.psi.impl.PsiSuperMethodImplUtil$3
 987:             2            752  com.intellij.ui.InplaceButton
 988:             2            752  com.intellij.ui.TitlePanel
 989:             2            752  javax.swing.JProgressBar
 990:            31            744  com.intellij.util.messages.impl.MessageBusImpl$1
 991:            23            736  com.intellij.util.containers.ConcurrentWeakHashMap
 992:            23            736  sun.util.locale.BaseLocale
 993:             2            736  com.intellij.xml.breadcrumbs.BreadcrumbsComponent
 994:            23            736  com.intellij.util.indexing.FileBasedIndexImpl$9
 995:            13            728  com.intellij.util.ui.AnimatedIcon$1
 996:            10            720  com.intellij.openapi.editor.impl.EditorMarkupModelImpl
 997:             2            720  com.intellij.openapi.wm.impl.status.IdeStatusBarImpl$IconPresentationWrapper
 998:            18            720  com.intellij.psi.impl.file.impl.ResolveScopeManagerImpl$3
 999:            30            720  git4idea.commands.GitCommand
1000:            45            720  com.intellij.openapi.actionSystem.CustomShortcutSet
1001:            10            720  com.intellij.psi.impl.source.tree.FileElement
1002:            30            720  java.util.BitSet
1003:            45            720  java.lang.ThreadLocal
1004:            45            720  javax.swing.JScrollBar$ModelListener
1005:            11            704  java.util.jar.JarFile
1006:            11            704  javax.swing.text.html.StyleSheet
1007:             8            704  [Ljava.util.concurrent.RunnableScheduledFuture;
1008:             2            704  javax.swing.JLayeredPane
1009:            29            696  com.intellij.util.lang.ClasspathCache$Name2LoaderFilter
1010:            29            696  java.util.concurrent.atomic.AtomicLong
1011:             2            688  com.intellij.openapi.fileEditor.impl.EditorComposite$TopBottomComponentWrapper
1012:            17            680  com.intellij.openapi.wm.impl.ToolWindowManagerImpl$ToolWindowFocusWatcher
1013:            17            680  java.text.DigitList
1014:            28            672  com.intellij.util.io.PoolPageKey
1015:            42            672  com.intellij.openapi.util.Ref
1016:            14            672  sun.font.CMap$CMapFormat12
1017:            28            672  java.awt.EventQueue$4
1018:            14            672  [Lcom.intellij.lang.LanguageExtensionPoint;
1019:            14            672  com.intellij.util.ui.update.MergingUpdateQueue
1020:            42            672  org.jetbrains.plugins.scala.lang.psi.api.statements.ScFunction$$anon$1
1021:            14            672  sun.java2d.loops.TransformHelper
1022:            14            672  com.intellij.execution.impl.RunnerAndConfigurationSettingsImpl
1023:            21            672  sun.awt.X11.XClientMessageEvent
1024:            21            672  com.intellij.openapi.editor.ex.util.SegmentArrayWithData
1025:            28            672  java.io.BufferedOutputStream
1026:            21            672  com.intellij.psi.impl.source.tree.java.PsiAnnotationParamListImpl
1027:            21            672  com.intellij.psi.impl.source.PsiImportStatementImpl
1028:             2            656  sun.awt.X11.XFramePeer
1029:            41            656  javax.swing.plaf.basic.BasicTreeUI$Actions
1030:            41            656  javax.accessibility.AccessibleRelationSet
1031:            41            656  com.intellij.ui.SimpleColoredComponent$MyBorder
1032:            27            648  scala.collection.mutable.WeakHashMap
1033:            27            648  com.intellij.util.io.Page$Range
1034:            27            648  javax.swing.text.html.CSS$ColorValue
1035:             9            648  java.util.concurrent.ThreadPoolExecutor
1036:            27            648  java.rmi.server.ObjID
1037:            16            640  org.jetbrains.plugins.scala.lang.psi.impl.toplevel.templates.ScClassParentsImpl
1038:             8            640  sun.net.www.protocol.jar.URLJarFile
1039:             8            640  com.intellij.uiDesigner.core.GridLayoutManager
1040:             8            640  java.util.jar.JarFile$JarFileEntry
1041:            20            640  java.awt.geom.Line2D$Float
1042:            10            640  com.intellij.openapi.editor.impl.SelectionModelImpl
1043:            16            640  sun.rmi.transport.tcp.TCPTransport$ConnectionHandler
1044:            14            640  [Lcom.sun.java.swing.plaf.gtk.GTKEngine$WidgetType;
1045:            10            640  com.intellij.psi.impl.java.stubs.impl.PsiClassStubImpl
1046:            16            640  org.jetbrains.plugins.scala.lang.psi.impl.statements.params.ScParameterTypeImpl
1047:            16            640  org.jetbrains.plugins.scala.lang.psi.impl.statements.params.ScParameterClauseImpl
1048:             1            640  org.jetbrains.plugins.scala.lang.parser.ScalaElementTypes$
1049:            10            640  com.intellij.openapi.editor.impl.CaretModelImpl
1050:             7            632  [Lsun.java2d.loops.RenderCache$Entry;
1051:            26            624  java.awt.dnd.DropTargetContext
1052:            26            624  com.intellij.openapi.fileTypes.impl.FileTypeManagerImpl$StandardFileType
1053:            13            624  sun.java2d.loops.DrawGlyphListLCD
1054:            39            624  java.util.regex.Pattern$CharPropertyNames$1
1055:            26            624  java.util.Collections$SynchronizedRandomAccessList
1056:            38            608  com.intellij.psi.stubs.StubIndexImpl$StubIdExternalizer
1057:            19            608  java.util.regex.Pattern$BnM
1058:            19            608  com.intellij.ui.SideBorder
1059:            38            608  sun.reflect.BootstrapConstructorAccessorImpl
1060:            19            608  sun.rmi.transport.Transport$1
1061:            19            608  com.intellij.openapi.module.impl.scopes.LibraryRuntimeClasspathScope
1062:            38            608  java.util.regex.Pattern$BranchConn
1063:            25            600  java.util.Locale
1064:            25            600  javax.swing.text.html.CSS$FontFamily
1065:             6            600  [[Ljava.lang.String;
1066:            15            600  javax.swing.plaf.basic.DefaultMenuLayout
1067:            25            600  com.intellij.openapi.actionSystem.Constraints
1068:            25            600  java.io.ObjectOutputStream$ReplaceTable
1069:            25            600  java.io.ObjectInputStream$PeekInputStream
1070:            15            600  com.intellij.openapi.components.impl.stores.ProjectStoreImpl$ProjectStorageData
1071:            37            592  jsr166e.SequenceLock
1072:            37            592  com.intellij.refactoring.actions.BaseRefactoringAction$1
1073:            18            576  sun.reflect.annotation.AnnotationType
1074:            18            576  javax.swing.tree.DefaultMutableTreeNode
1075:             1            576  com.intellij.psi.codeStyle.CodeStyleSettings
1076:            12            576  com.intellij.util.ui.AsyncProcessIcon$ProcessIcon
1077:            24            576  java.rmi.dgc.Lease
1078:            18            576  com.intellij.ide.actions.ShowContentAction
1079:             9            576  javax.swing.text.DefaultStyledDocument$ElementBuffer
1080:            12            576  com.intellij.openapi.editor.impl.RangeMarkerTree
1081:            36            576  javax.swing.text.html.CSSBorder
1082:            18            576  java.net.InetAddress
1083:            12            576  java.awt.dnd.DropTarget
1084:             1            568  com.intellij.ui.tabs.impl.JBEditorTabs
1085:            10            560  com.intellij.openapi.keymap.impl.DefaultKeymapImpl
1086:            14            560  com.intellij.codeInsight.completion.CompletionVariant
1087:            14            560  com.intellij.codeInsight.completion.CompletionData$1
1088:            10            560  org.jetbrains.idea.maven.indices.MavenIndex
1089:            10            560  com.intellij.openapi.editor.impl.softwrap.mapping.VisualToLogicalCalculationStrategy
1090:            10            560  com.intellij.openapi.editor.impl.FoldingModelImpl
1091:             7            560  java.util.concurrent.ScheduledThreadPoolExecutor
1092:            14            560  com.intellij.psi.impl.file.PsiPackageImpl
1093:            14            560  com.intellij.ide.TypeNameEP
1094:            10            560  com.intellij.openapi.editor.impl.softwrap.mapping.CachingSoftWrapDataMapper
1095:            10            560  java.awt.image.PixelInterleavedSampleModel
1096:            23            552  com.intellij.concurrency.JobLauncherImpl$3
1097:            23            552  gnu.trove.TIntArrayList
1098:            23            552  com.intellij.codeInsight.daemon.impl.TextEditorHighlightingPassRegistrarImpl$PassConfig
1099:             1            552  com.intellij.designer.propertyTable.RadPropertyTable
1100:            23            552  com.intellij.util.indexing.FileBasedIndexImpl$10
1101:            23            552  com.intellij.util.indexing.FileBasedIndexImpl$12
1102:            23            552  java.security.Provider$UString
1103:            23            552  sun.rmi.transport.ObjectEndpoint
1104:            23            552  com.intellij.openapi.editor.impl.event.EditorEventMulticasterImpl$1
1105:            23            552  com.intellij.util.indexing.ID
1106:            17            544  com.intellij.openapi.wm.impl.ToolWindowHeader$5
1107:            17            544  com.intellij.openapi.wm.impl.ToolWindowHeader$4
1108:            17            544  com.intellij.openapi.wm.impl.InternalDecorator$ToggleFloatingModeAction
1109:            17            544  com.intellij.openapi.wm.impl.InternalDecorator$ToggleContentUiTypeAction
1110:            17            544  com.intellij.ui.content.tabs.TabbedContentAction$CloseAllAction
1111:            17            544  com.intellij.openapi.util.ClassExtensionPoint
1112:            17            544  com.intellij.ide.actions.ActivateToolWindowAction
1113:            17            544  com.intellij.ui.content.tabs.TabbedContentAction$MyNextTabAction
1114:            17            544  com.intellij.ui.content.tabs.TabbedContentAction$MyPreviousTabAction
1115:            17            544  com.intellij.openapi.wm.impl.content.TabContentLayout$1
1116:            17            544  javax.imageio.spi.DigraphNode
1117:            17            544  com.intellij.openapi.wm.impl.InternalDecorator$TogglePinnedModeAction
1118:            17            544  com.intellij.openapi.wm.impl.content.TabContentLayout$2
1119:            17            544  com.intellij.openapi.wm.impl.InternalDecorator$ToggleDockModeAction
1120:            17            544  com.intellij.openapi.wm.impl.InternalDecorator$ToggleSideModeAction
1121:            17            544  com.intellij.openapi.wm.impl.ToolWindowHeader$2
1122:            34            544  java.lang.Float
1123:            17            544  com.intellij.openapi.wm.impl.content.ComboContentLayout
1124:             1            528  [Ljava.lang.Character;
1125:            11            528  com.intellij.psi.impl.source.ClassInnerStuffCache
1126:            22            528  java.util.Collections$SynchronizedSet
1127:            33            528  com.intellij.openapi.editor.impl.RangeMarkerTree$1
1128:            22            528  javax.swing.text.html.CSS$FontWeight
1129:            33            528  com.intellij.util.xml.impl.InvocationCache$21
1130:            22            528  com.intellij.psi.CustomHighlighterTokenType$CustomElementType
1131:            17            528  [Ljava.lang.annotation.ElementType;
1132:            33            528  com.intellij.ui.components.JBViewport$1
1133:            22            528  java.lang.StringBuffer
1134:             1            528  [Lorg.apache.commons.collections.map.AbstractHashedMap$HashEntry;
1135:            22            528  com.intellij.psi.tree.xml.IXmlElementType
1136:            13            520  com.intellij.openapi.fileTypes.impl.AbstractFileType
1137:            13            520  com.intellij.util.containers.WeakHashMap
1138:            13            520  java.util.EnumMap
1139:            32            512  com.intellij.util.ui.update.UiNotifyConnector$2
1140:            16            512  com.intellij.util.IntSLRUCache
1141:            16            512  com.intellij.openapi.fileTypes.FileTypeExtensionPoint
1142:            32            512  javax.swing.JViewport$ViewListener
1143:             8            512  com.intellij.ui.tabs.impl.ActionPanel$1
1144:             8            512  com.intellij.openapi.fileEditor.impl.EditorWithProviderComposite
1145:            16            512  com.intellij.ide.util.treeView.TreeState$PathElement
1146:             7            504  com.intellij.openapi.editor.colors.impl.EditorColorsSchemeImpl
1147:            21            504  com.intellij.openapi.vcs.impl.FileStatusImpl
1148:             7            504  com.intellij.openapi.options.SchemesManagerImpl
1149:             9            504  com.intellij.openapi.editor.impl.EditorImpl$MyColorSchemeDelegate
1150:             1            504  org.jetbrains.idea.maven.navigator.MavenProjectsNavigator$8
1151:             7            504  com.intellij.codeInsight.daemon.impl.ShowIntentionsPass
1152:             9            504  org.jetbrains.plugins.scala.lang.psi.impl.toplevel.packaging.ScPackagingImpl
1153:            21            504  com.intellij.notification.impl.NotificationSettings
1154:            21            504  com.intellij.openapi.editor.impl.MarkupModelImpl$1
1155:            21            504  sun.nio.ch.NativeThreadSet
1156:             1            496  com.intellij.openapi.wm.impl.status.MemoryUsagePanel
1157:             1            488  com.intellij.openapi.vcs.changes.ui.ChangesListView
1158:             1            488  git4idea.history.wholeTree.GitLogUI$12
1159:            10            480  javax.swing.text.AbstractDocument$BidiRootElement
1160:            10            480  com.intellij.openapi.editor.impl.softwrap.mapping.OffsetToLogicalCalculationStrategy
1161:            10            480  com.intellij.openapi.wm.ToolWindowEP
1162:             1            480  com.intellij.designer.componentTree.ComponentTree
1163:            10            480  com.intellij.ide.dnd.DnDSupport
1164:             1            480  com.intellij.ui.Splash
1165:             6            480  java.net.URI
1166:            20            480  org.apache.sanselan.ImageFormat
1167:            10            480  sun.nio.cs.StreamDecoder
1168:            10            480  com.intellij.openapi.editor.impl.FoldingModelImpl$1
1169:            10            480  java.util.Properties
1170:            15            480  com.intellij.codeInsight.daemon.impl.analysis.HighlightUtil$Feature
1171:            30            480  com.intellij.ide.plugins.IdeaPluginDescriptorImpl$2
1172:            20            480  com.intellij.openapi.util.JDOMExternalizableStringList
1173:            10            480  com.intellij.openapi.editor.impl.EditorImpl$ScrollingTimer
1174:             1            480  net.orfjackal.sbt.plugin.SbtConsole$1
1175:            10            480  java.awt.image.DataBufferByte
1176:            12            480  sun.font.FontConfigManager$FcCompFont
1177:            30            480  com.intellij.psi.SingleRootFileViewProvider$VirtualFileContent
1178:            20            480  javax.swing.text.StyleContext$FontKey
1179:            10            480  java.awt.event.AdjustmentEvent
1180:            15            480  com.intellij.util.containers.WeakReferenceArray
1181:            15            480  com.intellij.util.containers.WeakReferenceArray$TReferenceQueue
1182:             1            472  com.intellij.openapi.editor.impl.EditorMarkupModelImpl$ErrorStripeButton
1183:             1            472  com.intellij.ide.projectView.impl.ProjectViewPane$2
1184:             1            472  com.intellij.openapi.wm.impl.IdeFrameImpl
1185:             1            472  com.intellij.ui.SearchTextField$1
1186:             1            472  com.intellij.openapi.ui.JBMenuItem
1187:             1            472  com.intellij.openapi.vcs.changes.ui.ChangesTreeList$MyTree
1188:             1            464  javax.swing.JEditorPane
1189:             1            464  com.intellij.openapi.vcs.changes.shelf.ShelvedChangesViewManager$ShelfTree
1190:            19            456  com.intellij.cvsSupport2.actions.actionVisibility.CvsActionVisibility
1191:            19            456  java.util.Collections$UnmodifiableRandomAccessList
1192:            19            456  javax.swing.text.html.CSS$BorderStyle
1193:            19            456  com.intellij.util.containers.RefHashMap$HardKey
1194:            19            456  java.util.Locale$LocaleKey
1195:            19            456  sun.java2d.loops.CompositeType
1196:            19            456  javax.swing.ComponentInputMap
1197:            19            456  javax.swing.plaf.InputMapUIResource
1198:             1            456  com.intellij.xdebugger.impl.breakpoints.ui.tree.BreakpointsSimpleTree
1199:             7            448  com.intellij.psi.impl.source.PsiPlainTextFileImpl
1200:            17            448  [Lcom.intellij.lang.injection.MultiHostInjector;
1201:            14            448  java.lang.ClassLoader$NativeLibrary
1202:             5            448  [Ljava.lang.Thread;
1203:             8            448  com.intellij.openapi.ui.LoadingDecorator$1
1204:             7            448  com.intellij.ui.treeStructure.Tree$MySelectionModel
1205:            14            448  com.intellij.psi.impl.file.PsiPackageImpl$2
1206:             8            448  org.jetbrains.plugins.scala.lang.psi.impl.toplevel.templates.ScTemplateBodyImpl
1207:            14            448  com.intellij.debugger.engine.evaluation.TextWithImportsImpl
1208:            26            448  [Lcom.intellij.util.Timed;
1209:            14            448  sun.font.T2KFontScaler
1210:            14            448  com.intellij.openapi.wm.impl.content.ContentTabLabel$1
1211:             1            440  com.intellij.openapi.wm.impl.IdeRootPane
1212:             4            440  [Ljava.math.BigInteger;
1213:             5            440  javax.swing.text.html.BRView
1214:             1            440  javax.swing.JFrame
1215:             9            432  com.intellij.refactoring.changeSignature.ChangeSignatureGestureDetector$MyDocumentChangeAdapter
1216:            18            432  com.intellij.compiler.CompilerConfigurationImpl$CompiledPattern
1217:             9            432  java.beans.BeanDescriptor
1218:            27            432  com.intellij.util.io.Page$PageLock
1219:             1            432  com.intellij.openapi.vcs.changes.ui.ChangesTreeList$MyListCellRenderer$1
1220:             1            432  git4idea.history.wholeTree.GitLogUI$DescriptionRenderer$Inner
1221:            18            432  java.text.DateFormat$Field
1222:            27            432  org.jetbrains.plugins.scala.lang.psi.ScImportsHolder$$anon$2
1223:            27            432  javax.swing.JMenuItem$MenuItemFocusListener
1224:             4            432  [Ljavax.swing.Action;
1225:            27            432  javax.swing.text.html.CSS$StringValue
1226:             9            432  [Lsun.awt.SunHints$Value;
1227:             6            432  org.apache.velocity.runtime.parser.VelocityCharStream
1228:            18            432  java.util.jar.Attributes$Name
1229:             6            432  com.intellij.psi.impl.source.tree.java.PsiPolyadicExpressionImpl
1230:            18            432  com.intellij.psi.tree.java.IJavaDocElementType
1231:             1            424  git4idea.history.wholeTree.GitLogUI$HighLightingRenderer
1232:             1            424  com.intellij.ui.components.JBList
1233:             9            424  [Ljava.beans.PropertyDescriptor;
1234:             1            424  javax.swing.SwingUtilities$SharedOwnerFrame
1235:             1            424  com.intellij.openapi.wm.impl.ToolWindowsPane
1236:             1            416  com.intellij.designer.propertyTable.PropertyTable$PropertyCellRenderer$1
1237:             1            416  com.intellij.openapi.wm.impl.IdeMenuBar
1238:            13            416  com.intellij.codeInsight.completion.SyntaxTableCompletionData
1239:            26            416  com.intellij.util.concurrency.Semaphore
1240:             1            416  com.intellij.ui.EditorTextFieldProviderImpl$MyEditorTextField
1241:            13            416  javax.swing.text.html.CSS$BorderWidthValue
1242:             2            416  com.intellij.openapi.application.impl.ApplicationInfoImpl
1243:            13            416  com.intellij.util.containers.WeakKeyWeakValueHashMap$MyValueReference
1244:            13            416  javax.swing.plaf.InsetsUIResource
1245:             1            416  com.intellij.openapi.wm.impl.content.ContentComboLabel
1246:            13            416  sun.dc.pr.PathStroker
1247:             1            408  com.intellij.openapi.wm.impl.status.ProcessPopup$3
1248:            17            408  java.util.regex.Pattern$7
1249:             1            408  com.intellij.designer.propertyTable.PropertyTable$PropertyCellRenderer$MyCellRenderer
1250:            17            408  com.intellij.openapi.wm.impl.ToolWindowImpl$1
1251:             1            408  com.intellij.openapi.wm.impl.content.BaseLabel
1252:            17            408  com.intellij.openapi.actionSystem.impl.WeakTimerListener
1253:             1            408  com.intellij.ide.navigationToolbar.NavBarPanel
1254:            17            408  com.intellij.debugger.ui.tree.render.BasicRendererProperties
1255:            17            408  sun.font.FontLineMetrics
1256:            17            408  com.intellij.openapi.util.ClassExtensionPoint$1
1257:             1            408  com.intellij.ide.projectView.impl.ProjectViewTree$1
1258:            17            408  java.util.Collections$UnmodifiableCollection$1
1259:            17            408  com.intellij.util.Alarm$MyExecutor
1260:             1            408  com.intellij.designer.componentTree.ComponentTree$2
1261:             1            408  com.intellij.diagnostic.IdeFatalErrorsIcon
1262:            17            408  com.intellij.openapi.wm.impl.ToolWindowHeader$7
1263:            17            408  com.intellij.openapi.wm.impl.ToolWindowHeader$8
1264:             1            408  com.intellij.xdebugger.impl.breakpoints.ui.tree.BreakpointsTreeCellRenderer$BreakpointsSimpleTreeCellRenderer
1265:            17            408  com.intellij.openapi.wm.impl.ToolWindowManagerImpl$17
1266:            25            400  java.io.ObjectInputStream$ValidationList
1267:             1            400  com.intellij.openapi.wm.impl.status.ProcessPopup$1
1268:            25            400  java.util.regex.Pattern$Dot
1269:            10            400  javax.swing.text.AbstractDocument$BidiElement
1270:            10            400  com.intellij.openapi.editor.impl.EditorImpl$CaretCursor
1271:             1            400  com.intellij.openapi.vcs.changes.ui.ChangesBrowser$1
1272:             5            400  [Lorg.jboss.netty.util.internal.ConcurrentHashMap$Segment;
1273:            10            400  java.util.IdentityHashMap
1274:            10            400  org.jetbrains.idea.maven.indices.MavenIndex$IndexData
1275:            10            400  javax.swing.text.GapContent
1276:             1            400  com.intellij.openapi.vcs.changes.committed.RepositoryChangesBrowser
1277:             1            400  com.intellij.notification.impl.IdeNotificationArea
1278:             1            400  com.intellij.ui.Splash$1
1279:            10            400  org.jetbrains.plugins.scala.lang.psi.impl.toplevel.synthetic.ScSyntheticClass$methods$
1280:            10            400  org.jetbrains.idea.maven.server.MavenIndexerWrapper$IndexData
1281:             1            400  com.intellij.openapi.wm.impl.status.IdeStatusBarImpl$ToolWindowsWidget
1282:            25            400  [Lcom.intellij.util.Timed;
1283:            10            400  com.intellij.openapi.editor.impl.ScrollingModelImpl
1284:            10            400  com.intellij.openapi.editor.impl.EditorImpl$EditorSizeContainer
1285:            25            400  javax.swing.text.html.CSS$Value
1286:            11            400  [Ljava.lang.Boolean;
1287:            10            400  com.sun.java.swing.plaf.gtk.GTKStyle$GTKStockIcon
1288:            25            400  sun.rmi.server.MarshalOutputStream$1
1289:            10            400  sun.misc.FloatingDecimal
1290:             1            400  com.intellij.openapi.wm.impl.status.InfoAndProgressPanel
1291:            17            392  [Lcom.intellij.openapi.fileTypes.FileType;
1292:             1            392  com.intellij.ide.palette.impl.PaletteWindow
1293:             1            392  com.intellij.openapi.wm.impl.status.IdeStatusBarImpl
1294:             7            392  javax.swing.tree.VariableHeightLayoutCache
1295:             7            392  com.intellij.psi.impl.java.stubs.impl.PsiJavaFileStubImpl
1296:            13            392  [Lcom.intellij.psi.PsiAnnotation$TargetType;
1297:            12            384  sun.awt.X11.UnsafeXDisposerRecord
1298:            16            384  javax.swing.DefaultSingleSelectionModel
1299:            12            384  sun.awt.X11.XMouseDragGestureRecognizer
1300:            16            384  com.intellij.openapi.actionSystem.impl.ActionToolbarImpl$3
1301:             8            384  javax.swing.text.html.HTMLEditorKit$InsertHTMLTextAction
1302:            16            384  com.intellij.openapi.fileEditor.impl.HistoryEntry
1303:            12            384  sun.font.StandardGlyphVector$GlyphStrike
1304:            16            384  com.intellij.openapi.util.TraceableDisposable
1305:             8            384  java.util.concurrent.LinkedBlockingQueue
1306:             6            384  com.intellij.psi.impl.source.tree.java.ImportStaticStatementElement
1307:            16            384  com.intellij.openapi.fileTypes.FileTypeExtensionPoint$1
1308:             1            384  com.intellij.openapi.fileEditor.impl.EditorsSplitters
1309:             1            384  com.intellij.openapi.wm.impl.status.IdeStatusBarImpl$TextPresentationWrapper
1310:             1            384  com.intellij.openapi.ui.JBPopupMenu
1311:            12            384  com.intellij.codeInsight.BaseExternalAnnotationsManager$AnnotationData
1312:             8            384  java.awt.geom.Rectangle2D$Double
1313:            16            384  java.lang.RuntimePermission
1314:             1            384  com.intellij.openapi.vcs.ui.SearchFieldAction$1
1315:             4            384  com.intellij.ide.ui.laf.darcula.ui.DarculaProgressBarUI
1316:            12            384  com.intellij.openapi.wm.impl.status.IdeStatusBarImpl$WidgetBean
1317:             1            384  com.intellij.openapi.wm.impl.IdeGlassPaneImpl
1318:            16            384  com.intellij.openapi.actionSystem.impl.ActionToolbarImpl$2
1319:            16            384  javax.swing.plaf.ComponentInputMapUIResource
1320:            12            384  com.intellij.ui.tabs.impl.ShapeTransform$Top
1321:            16            384  com.intellij.psi.impl.file.PsiPackageImpl$1
1322:            16            384  com.intellij.openapi.ui.GraphicsConfig
1323:             1            384  [Lcom.siyeh.ig.portability.mediatype.AudioMediaType;
1324:             6            384  java.awt.GridBagLayoutInfo
1325:            12            384  com.intellij.execution.configurations.JavaRunConfigurationModule
1326:             1            384  com.intellij.ui.components.JBTabbedPane
1327:             1            376  com.intellij.openapi.wm.impl.status.LineSeparatorPanel$1
1328:             1            376  com.intellij.openapi.wm.impl.status.EncodingPanel$1
1329:             1            376  com.intellij.openapi.wm.impl.status.IdeStatusBarImpl$MultipleTextValuesPresentationWrapper
1330:             1            376  com.intellij.openapi.wm.impl.status.StatusPanel$1
1331:             1            376  com.intellij.designer.palette.PalettePanel
1332:             1            376  com.intellij.designer.propertyTable.PropertyTablePanel
1333:             1            376  com.intellij.util.ui.RefreshFileSystemIcon
1334:             1            368  com.intellij.openapi.wm.impl.ToolWindowsPane$MyLayeredPane
1335:            23            368  com.intellij.codeInsight.daemon.impl.PassExecutorService$3
1336:             1            368  org.jetbrains.idea.maven.navigator.MavenProjectsNavigatorPanel
1337:            23            368  com.intellij.util.indexing.FileBasedIndexImpl$IndexableFilesFilter
1338:            23            368  java.awt.font.TextAttribute
1339:             1            368  com.intellij.execution.impl.MyDiffContainer
1340:            23            368  javax.swing.plaf.basic.BasicScrollPaneUI$Handler
1341:            23            368  javax.swing.plaf.metal.MetalScrollPaneUI$1
1342:             1            368  com.intellij.openapi.wm.impl.status.StatusPanel
1343:             1            360  com.intellij.openapi.wm.impl.status.InlineProgressIndicator$MyComponent
1344:             1            360  com.intellij.openapi.wm.impl.IdeRootPane$2
1345:             9            360  [Ljava.lang.reflect.Method;
1346:             9            360  javax.swing.text.FlowView$LogicalView
1347:             1            360  com.intellij.openapi.vcs.changes.ui.ChangesTreeList$MyTreeCellRenderer
1348:            15            360  com.intellij.openapi.vfs.newvfs.VirtualFileFilteringListener
1349:             1            360  com.intellij.diagnostic.IdeMessagePanel
1350:            15            360  java.rmi.dgc.VMID
1351:             9            360  com.intellij.openapi.editor.ex.util.LexerEditorHighlighter
1352:             1            360  com.intellij.openapi.vcs.changes.ui.ChangesTreeList$MyListCellRenderer
1353:            15            360  com.intellij.psi.codeStyle.CodeStyleSettingsCustomizable$BlankLinesOption
1354:             9            360  java.beans.GenericBeanInfo
1355:            22            352  com.intellij.util.concurrency.QueueProcessor$1
1356:            11            352  org.jetbrains.plugins.scala.lang.scaladoc.lexer.docsyntax.ScaladocSyntaxElementType
1357:             2            352  [Lsun.font.PhysicalStrike;
1358:            22            352  sun.nio.ch.FileDispatcherImpl
1359:             1            352  git4idea.history.wholeTree.GraphGutter$MyComponent
1360:            11            352  com.sun.java.swing.plaf.gtk.GTKStyle
1361:             1            352  com.intellij.ide.navigationToolbar.NavBarRootPaneExtension$5
1362:            22            352  java.net.Socket$2
1363:            11            352  sun.java2d.loops.RenderCache$Entry
1364:             1            352  com.intellij.ide.navigationToolbar.NavBarRootPaneExtension$3
1365:            11            352  sun.rmi.runtime.NewThreadAction
1366:             1            352  com.intellij.ide.navigationToolbar.NavBarRootPaneExtension$2
1367:            11            352  javax.swing.text.html.CSS$BackgroundPosition
1368:             1            352  git4idea.history.wholeTree.GitLogUI$20
1369:             1            352  com.intellij.openapi.wm.impl.status.ProcessPopup$ActiveContent
1370:            11            352  scala.collection.immutable.Map$Map2
1371:             1            352  com.intellij.openapi.fileEditor.impl.FileEditorManagerImpl$3
1372:            22            352  java.net.Socket$3
1373:             1            352  com.intellij.ui.components.JBLayeredPane
1374:             1            352  com.intellij.ide.projectView.impl.ProjectViewImpl$MyPanel
1375:            10            352  [Lscala.collection.immutable.HashSet;
1376:            22            352  com.intellij.openapi.util.KeyedExtensionCollector$1
1377:             1            352  git4idea.history.wholeTree.GitLogUI$DataProviderPanel
1378:            11            352  com.intellij.openapi.editor.impl.MarkupModelImpl
1379:             1            344  [Ljavax.swing.text.html.HTML$Attribute;
1380:             1            344  [Lcom.intellij.psi.codeStyle.CodeStyleSettingsCustomizable$WrappingOrBraceOption;
1381:             1            344  javax.swing.Box
1382:             1            344  com.intellij.util.ui.update.MergingUpdateQueue$1
1383:             1            344  com.intellij.designer.palette.PaletteContainer
1384:             1            344  com.intellij.ui.components.panels.VerticalBox
1385:            14            336  sun.awt.CausedFocusEvent$Cause
1386:             6            336  com.intellij.lexer.StringLiteralLexer
1387:            14            336  com.siyeh.ig.portability.mediatype.MultipartMediaType
1388:            14            336  com.intellij.psi.PsiAnchor$PsiDirectoryReference
1389:            21            336  java.nio.channels.spi.AbstractInterruptibleChannel$1
1390:            14            336  [Ljava.net.InetAddress;
1391:             7            336  com.intellij.ui.treeStructure.Tree$1
1392:             7            336  sun.java2d.pipe.PixelToParallelogramConverter
1393:             3            336  [Lsun.font.EAttribute;
1394:            14            336  com.intellij.ide.ui.customization.CustomActionsSchema$Pair
1395:            14            336  com.intellij.codeInsight.completion.CompletionVariant$Scope
1396:            14            336  com.intellij.psi.impl.file.PsiJavaDirectoryImpl
1397:             7            336  com.intellij.ui.TreeExpandableItemsHandler
1398:            14            336  com.intellij.ide.TypeNameEP$1
1399:            14            336  javax.swing.plaf.basic.BasicPopupMenuUI$BasicMenuKeyListener
1400:            14            336  javax.swing.KeyboardManager$ComponentKeyStrokePair
1401:             6            336  java.nio.DirectLongBufferU
1402:            14            336  com.intellij.psi.impl.smartPointers.HardElementInfo
1403:            14            336  com.intellij.util.containers.WeakList
1404:             7            336  javax.swing.plaf.basic.BasicTreeUI$Handler
1405:             7            336  sun.awt.X11.XIconInfo
1406:             7            336  [Lcom.intellij.psi.util.TypeConversionUtil$Caster;
1407:            14            336  javax.swing.plaf.basic.BasicPopupMenuUI
1408:            21            336  com.intellij.openapi.actionSystem.impl.ActionButton$ActionButtonSynchronizer
1409:            21            336  java.util.Collections$SingletonSet
1410:             6            336  com.intellij.util.io.RandomAccessDataFile
1411:            14            336  com.siyeh.ig.portability.mediatype.ModelMediaType
1412:            10            320  java.io.FileOutputStream
1413:             4            320  com.intellij.execution.junit.JUnitConfiguration
1414:             8            320  java.util.regex.Pattern$Loop
1415:             8            320  javax.swing.plaf.basic.BasicHTML$Renderer
1416:            10            320  com.intellij.openapi.editor.impl.softwrap.mapping.SoftWrapApplianceManager$LogicalLineData
1417:            10            320  com.intellij.openapi.editor.impl.softwrap.mapping.SoftWrapApplianceManager$FontTypesStorage
1418:            20            320  com.intellij.openapi.actionSystem.impl.PresentationFactory
1419:             8            320  com.intellij.openapi.fileEditor.impl.EditorTabbedContainer$CloseTab
1420:             8            320  com.intellij.ui.components.JBLoadingPanel$1
1421:            10            320  com.intellij.openapi.editor.impl.DefaultEditorTextRepresentationHelper$Key
1422:            10            320  com.intellij.openapi.editor.impl.EditorImpl$MyTransferHandler
1423:             5            320  com.intellij.psi.impl.source.xml.XmlFileImpl
1424:            10            320  com.intellij.openapi.editor.impl.SoftWrapModelImpl$LogicalToVisualTask
1425:             8            320  com.intellij.psi.impl.PsiCachedValuesFactory$2
1426:             5            320  javax.swing.table.TableColumn
1427:             8            320  com.intellij.openapi.fileEditor.impl.text.PsiAwareTextEditorImpl
1428:            10            320  java.util.LinkedList$ListItr
1429:            20            320  org.jetbrains.idea.maven.indices.MavenIndex$SetDescriptor
1430:            20            320  $Proxy4
1431:            10            320  javax.swing.text.GapContent$MarkVector
1432:            10            320  com.intellij.openapi.editor.impl.softwrap.mapping.SoftWrapAwareVisualSizeManager
1433:            10            320  com.intellij.openapi.extensions.KeyedFactoryEPBean
1434:             8            320  java.awt.event.ContainerEvent
1435:             5            320  javax.swing.UIDefaults
1436:            10            320  com.intellij.openapi.editor.impl.EditorSizeAdjustmentStrategy
1437:             3            312  org.apache.velocity.runtime.parser.Parser
1438:            13            312  javax.swing.JMenu$WinListener
1439:            13            312  com.intellij.openapi.wm.FocusWatcher
1440:            13            312  javax.swing.JMenu$MenuChangeListener
1441:            13            312  com.intellij.ide.actions.ToolWindowsGroup$MyDescriptor
1442:            13            312  com.intellij.codeInsight.completion.CompletionUtil$2
1443:            13            312  com.sun.jna.Pointer
1444:            13            312  javax.swing.event.SwingPropertyChangeSupport
1445:             1            312  [Ljavax.swing.text.html.HTML$Tag;
1446:            13            312  javax.swing.plaf.basic.BasicMenuUI$Handler
1447:            13            312  javax.swing.plaf.basic.LazyActionMap
1448:            13            312  com.siyeh.ig.portability.mediatype.MessageMediaType
1449:            13            312  com.intellij.ui.components.JBScrollPane$ViewportBorder
1450:            13            312  org.apache.log4j.Level
1451:            19            304  java.util.Collections$UnmodifiableSet
1452:             2            304  sun.awt.X11.XContentWindow
1453:            19            304  com.intellij.util.concurrency.QueueProcessor$2
1454:            12            296  [Lcom.intellij.psi.PsiClassType;
1455:            12            288  sun.misc.MetaIndex
1456:             9            288  com.intellij.openapi.util.ActionCallback$Done
1457:            12            288  com.intellij.psi.impl.PsiTreeChangeEventImpl$PsiEventType
1458:            12            288  com.intellij.util.messages.impl.MessageListenerList$1
1459:             6            288  sun.misc.SoftCache$ValueCell
1460:            12            288  com.intellij.util.containers.OrderedSet
1461:             9            288  com.intellij.patterns.TreeElementPattern$4
1462:            12            288  com.intellij.psi.impl.smartPointers.FileElementInfo
1463:             6            288  com.intellij.openapi.editor.impl.FontInfo
1464:            12            288  com.intellij.compiler.options.CompileStepBeforeRun$MakeBeforeRunTask
1465:            12            288  com.intellij.codeInspection.javaDoc.JavaDocLocalInspection$Options
1466:             9            288  sun.rmi.transport.LiveRef
1467:             9            288  sun.security.jca.ProviderConfig
1468:            18            288  java.util.regex.Pattern$CharPropertyNames$4
1469:            12            288  java.awt.AlphaComposite
1470:            12            288  [Ljavax.swing.tree.TreePath;
1471:             3            288  org.apache.velocity.runtime.parser.ParserTokenManager
1472:             4            288  com.intellij.execution.junit.JUnitConfiguration$Data
1473:             9            288  javax.swing.text.StyledEditorKit$FontSizeAction
1474:            12            288  de.plushnikov.intellij.lombok.processor.field.SetterFieldProcessor
1475:             6            288  com.intellij.openapi.util.RecursionManager$CalculationStack
1476:             9            288  com.intellij.openapi.projectRoots.JavaSdkVersion
1477:            12            288  java.awt.ColorPaintContext
1478:            12            288  com.intellij.util.containers.ContainerUtil$12
1479:            12            288  com.intellij.openapi.vcs.VcsShowOptionsSettingImpl
1480:            12            288  java.awt.geom.LineIterator
1481:            12            288  sun.font.FontDesignMetrics$MetricsKey
1482:             9            288  com.intellij.psi.codeStyle.CommonCodeStyleSettings$IndentOptions
1483:             6            288  com.intellij.psi.impl.source.PsiImmediateClassType
1484:             4            288  com.intellij.psi.impl.source.tree.java.JavaFileElement
1485:            12            288  com.intellij.lang.java.parser.ExpressionParser$ExprType
1486:             9            288  com.intellij.codeInsight.daemon.impl.EditorTracker$MyEditorFactoryListener$3
1487:             9            288  com.intellij.util.lang.FileLoader
1488:            12            288  com.intellij.psi.PsiAnchor$PsiFileReference
1489:             9            288  com.intellij.openapi.fileEditor.impl.IdeDocumentHistoryImpl$PlaceInfo
1490:             5            280  [Lcom.intellij.ide.highlighter.custom.tokens.TokenParser;
1491:             5            280  com.intellij.util.ui.UIUtil$11
1492:             5            280  sun.management.MemoryPoolImpl
1493:             7            280  com.intellij.psi.impl.compiled.ClsClassImpl
1494:             7            280  org.jetbrains.idea.maven.model.MavenRemoteRepository
1495:             5            280  com.intellij.psi.impl.compiled.ClsFileImpl
1496:             5            280  sun.nio.cs.StreamEncoder
1497:             1            280  [Lcom.intellij.psi.codeStyle.CodeStyleSettingsCustomizable$SpacingOption;
1498:            17            272  com.intellij.openapi.wm.impl.InternalDecorator$3
1499:            17            272  com.intellij.openapi.wm.impl.InternalDecorator$ToolWindowHandler
1500:            17            272  com.intellij.openapi.wm.impl.InternalDecorator$1
1501:            17            272  com.intellij.openapi.wm.impl.ToolWindowImpl$2
1502:            17            272  com.intellij.openapi.wm.impl.InternalDecorator$MyDivider$DividerBorder
1503:            17            272  $Proxy1
1504:            17            272  com.intellij.openapi.wm.impl.content.TabContentLayout$MyPopupListener
1505:            17            272  com.intellij.openapi.wm.impl.StripeButton$MyPropertyChangeListener
1506:            17            272  com.intellij.openapi.wm.impl.StripeButton$MyKeymapListener
1507:            17            272  com.intellij.openapi.wm.impl.StripeButton$MyPopupHandler
1508:            17            272  com.intellij.openapi.wm.impl.StripeButton$1
1509:            17            272  com.intellij.openapi.wm.impl.content.ToolWindowContentUi$1
1510:            17            272  com.intellij.openapi.wm.impl.InternalDecorator$MyKeymapManagerListener
1511:            17            272  com.intellij.util.concurrency.QueueProcessor$RunnableConsumer
1512:            17            272  com.intellij.openapi.wm.impl.InternalDecorator$InnerPanelBorder
1513:            11            264  java.util.regex.Pattern$Ques
1514:            11            264  com.intellij.psi.impl.source.ClassInnerStuffCache$MyModificationTracker
1515:            11            264  com.intellij.util.ui.EmptyIcon
1516:            11            264  com.intellij.openapi.vfs.impl.local.FileWatcher$WatcherOp
1517:            11            264  javax.swing.text.html.CSS$BackgroundImage
1518:            11            264  javax.swing.text.html.CSS
1519:            11            264  java.util.Collections$1
1520:            11            264  java.awt.CardLayout$Card
1521:             1            264  com.intellij.ide.util.treeView.AbstractTreeUi
1522:            11            264  com.intellij.psi.PsiAnnotation$TargetType
1523:             4            256  com.intellij.psi.impl.source.tree.java.ImplementsListElement
1524:             3            256  [Lcom.intellij.execution.configurations.ConfigurationType;
1525:             8            256  java.awt.geom.Path2D$Float$TxIterator
1526:            16            256  com.intellij.openapi.actionSystem.impl.ActionToolbarImpl$MyTimerListener
1527:             4            256  java.util.zip.ZipEntry
1528:             4            256  com.intellij.psi.impl.source.PsiJavaFileImpl
1529:             8            256  com.intellij.codeInsight.editorActions.QuoteHandlerEP
1530:             2            256  com.intellij.openapi.wm.impl.status.InfoAndProgressPanel$MyInlineProgressIndicator
1531:             8            256  com.intellij.codeInsight.folding.impl.DocumentFoldingInfo
1532:             4            256  com.intellij.psi.impl.source.tree.java.PsiClassObjectAccessExpressionImpl
1533:             8            256  com.intellij.lexer.MergingLexerAdapter
1534:             8            256  java.util.concurrent.ScheduledThreadPoolExecutor$DelayedWorkQueue
1535:             8            256  java.lang.OutOfMemoryError
1536:             8            256  sun.misc.ProxyGenerator$PrimitiveTypeInfo
1537:             8            256  java.lang.StringCoding$StringEncoder
1538:             4            256  com.intellij.psi.impl.source.tree.java.ClassElement
1539:             4            256  com.intellij.lexer._HtmlLexer
1540:             8            256  sun.awt.X11.XConfigureEvent
1541:             8            256  com.intellij.util.containers.Queue
1542:             8            256  org.picocontainer.defaults.InstanceComponentAdapter
1543:             8            256  com.sun.jna.Memory
1544:            16            256  com.intellij.openapi.actionSystem.impl.InplaceActionButtonLook
1545:             4            256  org.jetbrains.plugins.scala.lang.psi.impl.base.ScLiteralImpl
1546:             8            256  org.ini4j.spi.AbstractBeanInvocationHandler$Prefix
1547:            16            256  com.intellij.openapi.editor.impl.EditorMarkupModelImpl$MyErrorPanel$1
1548:            16            256  com.intellij.psi.impl.source.CharTableImpl
1549:            16            256  com.intellij.openapi.editor.impl.EditorMarkupModelImpl$MyErrorPanel$2
1550:             8            256  sun.awt.X11.XVisibilityEvent
1551:            16            256  com.intellij.openapi.actionSystem.impl.ActionToolbarImpl$MyKeymapManagerListener
1552:             8            256  java.util.Collections$UnmodifiableMap
1553:             4            256  com.intellij.psi.impl.source.tree.java.ImportListElement
1554:             4            256  com.intellij.codeInsight.daemon.impl.DaemonProgressIndicator
1555:             8            256  sun.awt.X11.XExposeEvent
1556:             4            256  com.intellij.lexer.HtmlHighlightingLexer
1557:             8            256  javax.swing.text.DefaultEditorKit$NextVisualPositionAction
1558:             4            256  com.intellij.psi.impl.source.tree.java.ExtendsListElement
1559:             1            248  git4idea.history.wholeTree.GitLogUI
1560:            10            240  com.intellij.openapi.editor.impl.IndentsModelImpl
1561:             2            240  java.awt.EventDispatchThread
1562:            10            240  com.intellij.openapi.editor.impl.softwrap.CompositeSoftWrapPainter
1563:            10            240  com.intellij.formatting.IndentImpl
1564:            10            240  com.intellij.util.containers.BidirectionalMap
1565:            10            240  com.intellij.openapi.editor.impl.EditorImpl$2
1566:            10            240  com.intellij.openapi.editor.impl.softwrap.mapping.SoftWrapApplianceManager$PrimitiveIntMap
1567:            10            240  com.intellij.openapi.editor.impl.DefaultEditorTextRepresentationHelper
1568:            10            240  gnu.trove.TLongArrayList
1569:             5            240  com.intellij.psi.ClassFileViewProvider
1570:            10            240  com.intellij.openapi.editor.impl.CaretModelImpl$VerticalInfo
1571:            10            240  com.intellij.openapi.editor.impl.softwrap.mapping.SoftWrapApplianceManager$WidthsStorage
1572:            10            240  com.intellij.openapi.editor.impl.EditorImpl$MyMouseAdapter
1573:            10            240  java.io.InputStreamReader
1574:            10            240  org.jetbrains.idea.maven.utils.MavenPluginInfo$Mojo
1575:            10            240  com.intellij.psi.tree.IFileElementType
1576:            10            240  com.intellij.openapi.editor.impl.SoftWrapModelImpl$OffsetToLogicalTask
1577:            10            240  scala.collection.immutable.HashSet$HashTrieSet
1578:             5            240  org.jboss.netty.util.internal.ConcurrentHashMap
1579:            10            240  com.intellij.openapi.editor.impl.SoftWrapModelImpl$VisualToLogicalTask
1580:             6            240  sun.awt.X11.XCustomCursor
1581:            10            240  [[B
1582:             6            240  com.intellij.openapi.components.impl.stores.DirectoryBasedStorage
1583:            10            240  com.intellij.openapi.editor.impl.ArrowPainter
1584:            10            240  com.intellij.openapi.editor.impl.softwrap.SoftWrapFoldBasedApplianceStrategy
1585:            10            240  com.intellij.util.ui.StatusText$1
1586:            10            240  sun.rmi.runtime.Log$LoggerLog
1587:            15            240  $Proxy3
1588:             9            240  [Lcom.intellij.uiDesigner.core.GridConstraints;
1589:            10            240  org.jboss.netty.logging.JdkLogger
1590:            10            240  com.intellij.openapi.editor.impl.ColorProvider$ColorSchemeBasedHolder
1591:             6            240  java.awt.Cursor
1592:             6            240  com.intellij.util.containers.SoftHashMap
1593:            10            240  com.intellij.openapi.util.NotNullLazyKey
1594:            10            240  org.intellij.lang.xpath.context.functions.Parameter
1595:             5            240  com.intellij.ide.actions.NonEmptyActionGroup
1596:             5            240  sun.java2d.loops.FillParallelogram
1597:            10            240  com.intellij.openapi.editor.impl.ScrollingModelImpl$1
1598:             5            240  sun.java2d.loops.DrawParallelogram
1599:            10            240  com.intellij.openapi.editor.impl.softwrap.SoftWrapsStorage
1600:            10            240  com.intellij.psi.PsiPrimitiveType
1601:             5            240  com.intellij.ui.tabs.impl.table.TablePassInfo
1602:            15            240  javax.swing.UIDefaults$LazyInputMap
1603:             9            232  [Ljava.rmi.server.Operation;
1604:             4            224  org.jetbrains.idea.maven.utils.MavenMergingUpdateQueue
1605:             4            224  sun.rmi.transport.Target
1606:             7            224  sun.reflect.generics.reflectiveObjects.TypeVariableImpl
1607:             4            224  com.intellij.openapi.editor.impl.RangeIterator
1608:            14            224  com.intellij.util.xml.TypeChooserManager
1609:             7            224  com.intellij.psi.impl.compiled.ClsReferenceParameterListImpl
1610:             4            224  com.intellij.ui.TreeSpeedSearch
1611:             2            224  javax.swing.plaf.basic.BasicTextUI$BasicCaret
1612:             4            224  com.intellij.openapi.extensions.impl.ExtensionsAreaImpl
1613:             4            224  com.siyeh.ig.logging.LogStatementGuardedByLogConditionInspection
1614:            14            224  javax.swing.plaf.basic.BasicPopupMenuUI$BasicPopupMenuListener
1615:             7            224  com.intellij.ui.SpeedSearchBase$3
1616:             2            224  java.util.TimerThread
1617:             7            224  java.io.FileInputStream
1618:            10            224  [Lcom.intellij.openapi.fileEditor.FileEditorProvider;
1619:             4            224  org.jetbrains.plugins.scala.codeInspection.collections.OperationOnCollectionInspection
1620:             7            224  com.intellij.util.ui.tree.WideSelectionTreeUI$2
1621:             7            224  com.intellij.util.ui.tree.WideSelectionTreeUI$3
1622:            14            224  javax.swing.plaf.basic.BasicMenuItemUI$Handler
1623:             4            224  com.intellij.ui.tabs.impl.JBTabsImpl$ShapeInfo
1624:             7            224  com.intellij.codeInsight.daemon.impl.ShowIntentionsPass$IntentionsInfo
1625:             9            216  java.util.concurrent.locks.ReentrantReadWriteLock$Sync$HoldCounter
1626:             3            216  org.jetbrains.plugins.scala.lang.psi.impl.toplevel.synthetic.ScSyntheticTypeParameter
1627:             9            216  com.intellij.ide.navigationToolbar.NavBarKeyboardCommand
1628:             9            216  com.intellij.util.ConcurrencyUtil$1
1629:             9            216  javax.swing.text.html.CSS$LengthUnit
1630:             9            216  javax.swing.text.FlowView$FlowStrategy
1631:             3            216  org.apache.commons.collections.ExtendedProperties
1632:             1            216  javax.swing.ImageIcon$3
1633:             9            216  com.intellij.codeInspection.ProblemHighlightType
1634:             9            216  sun.awt.SunHints$Key
1635:             9            216  [Lcom.intellij.openapi.actionSystem.KeyboardShortcut;
1636:             9            216  java.util.logging.Level
1637:             9            216  com.intellij.lang.annotation.HighlightSeverity
1638:             1            216  javax.swing.ImageIcon$2$1
1639:             9            216  com.intellij.patterns.compiler.PatternCompilerImpl$State
1640:             9            216  com.intellij.ide.navigationToolbar.NavBarUpdateQueue$ID
1641:             9            216  com.intellij.codeInsight.daemon.impl.EditorTracker$MyEditorFactoryListener$1
1642:             9            216  com.intellij.codeInsight.daemon.impl.EditorTracker$MyEditorFactoryListener$2
1643:             3            216  [Lcom.intellij.openapi.editor.FoldRegion;
1644:             9            216  org.jdom.CDATA
1645:             2            208  com.intellij.openapi.roots.impl.ProjectRootManagerComponent
1646:            13            208  org.picocontainer.monitors.DefaultComponentMonitor
1647:            13            208  com.intellij.util.containers.ConcurrentInstanceMap
1648:            13            208  com.intellij.openapi.actionSystem.impl.actionholder.IdActionRef
1649:            13            208  com.intellij.openapi.actionSystem.impl.ActionMenu$MenuListenerImpl
1650:            13            208  com.intellij.openapi.actionSystem.impl.ActionMenu$MenuItemSynchronizer
1651:            13            208  com.intellij.patterns.PsiElementPattern$Capture
1652:            13            208  java.util.concurrent.CopyOnWriteArraySet
1653:             2            208  org.jetbrains.idea.maven.project.MavenProjectsManager
1654:             2            208  com.intellij.openapi.vcs.impl.ProjectLevelVcsManagerImpl
1655:             9            208  [Lcom.intellij.openapi.fileEditor.FileEditor;
1656:             5            208  [Lcom.intellij.util.QueryExecutor;
1657:            13            208  java.util.concurrent.ConcurrentHashMap$EntrySet
1658:            13            208  com.intellij.ide.highlighter.custom.impl.CustomFileTypeQuoteHandler
1659:             1            208  com.intellij.util.ImageLoader$1
1660:            13            208  javax.swing.text.SimpleAttributeSet
1661:             5            200  com.intellij.ide.fileTemplates.impl.FTManager
1662:             1            200  [Lcom.siyeh.ig.portability.mediatype.TextMediaType;
1663:             5            200  com.intellij.openapi.util.io.FileAttributes
1664:             1            200  [Lcom.siyeh.ig.portability.mediatype.VideoMediaType;
1665:             4            200  [Lcom.intellij.util.KeyedLazyInstanceEP;
1666:             5            200  com.intellij.psi.impl.PsiCachedValuesFactory$3
1667:             5            200  sun.management.MemoryPoolImpl$PoolSensor
1668:             5            200  sun.management.MemoryPoolImpl$CollectionSensor
1669:             8            192  java.math.RoundingMode
1670:             8            192  de.plushnikov.intellij.lombok.processor.field.GetterFieldProcessor
1671:             8            192  com.intellij.openapi.editor.impl.EditorImpl$19
1672:             8            192  com.intellij.psi.tree.IElementType
1673:             8            192  com.intellij.util.ui.Animator$2
1674:            12            192  com.intellij.lexer.MergingLexerAdapter$1
1675:             4            192  com.intellij.util.containers.hash.LinkedHashMap
1676:             4            192  org.jetbrains.plugins.scala.lang.psi.impl.expr.ScPrefixExprImpl
1677:             8            192  com.intellij.psi.codeStyle.PackageEntry
1678:             8            192  java.util.regex.Pattern$Prolog
1679:             6            192  sun.util.LocaleServiceProviderPool
1680:             8            192  com.intellij.codeHighlighting.HighlightDisplayLevel
1681:             6            192  com.intellij.psi.impl.source.PsiImportStaticStatementImpl
1682:             8            192  org.zmlx.hg4idea.HgFileStatusEnum
1683:             3            192  java.security.SecureRandom
1684:             8            192  java.util.concurrent.LinkedBlockingQueue$Node
1685:             6            192  java.security.Permissions
1686:             8            192  com.intellij.codeInsight.editorActions.QuoteHandlerEP$1
1687:             4            192  com.intellij.util.messages.impl.MessageBusImpl
1688:             6            192  org.jetbrains.idea.maven.project.MavenProjectsProcessor
1689:             6            192  java.awt.Toolkit$SelectiveAWTEventListener
1690:             6            192  com.intellij.ui.TableCellState
1691:             6            192  sun.awt.image.FileImageSource
1692:             6            192  com.intellij.openapi.editor.impl.EditorMarkupModelImpl$PositionedStripe
1693:            12            192  com.intellij.openapi.editor.impl.LineSet
1694:             2            192  com.intellij.codeInsight.daemon.impl.LineMarkersPass
1695:             2            192  [Ljava.text.DateFormat$Field;
1696:             2            192  com.intellij.ide.favoritesTreeView.AbstractFavoritesListProvider$1
1697:             8            192  java.lang.annotation.ElementType
1698:             2            192  com.intellij.execution.applet.AppletConfiguration
1699:             8            192  com.intellij.openapi.application.impl.ApplicationImpl$8
1700:             3            192  com.intellij.psi.impl.source.tree.java.PsiPackageStatementImpl
1701:             3            192  com.intellij.codeInspection.ex.InspectionProfileImpl
1702:             6            192  java.net.URI$Parser
1703:             3            192  com.intellij.psi.impl.source.tree.java.PsiPrefixExpressionImpl
1704:             8            192  java.util.Collections$SingletonList
1705:             8            192  com.intellij.featureStatistics.GroupDescriptor
1706:             6            192  org.jetbrains.idea.maven.execution.MavenExecutionOptions$LoggingLevel
1707:             4            192  com.intellij.openapi.extensions.impl.AreaPicoContainerImpl$MyPicoContainer
1708:            12            192  com.intellij.psi.impl.source.resolve.reference.impl.providers.CustomizableReferenceProvider$CustomizationKey
1709:            12            192  com.intellij.refactoring.actions.BasePlatformRefactoringAction$1
1710:             6            192  com.intellij.openapi.vcs.impl.VcsInitObject
1711:             8            192  de.plushnikov.intellij.lombok.processor.field.FluentSetterFieldProcessor
1712:             8            192  sun.awt.OSInfo$WindowsVersion
1713:            12            192  com.intellij.openapi.projectRoots.impl.CompositeProjectRoot
1714:             4            192  com.intellij.util.containers.ConcurrentSoftHashMap$SoftKey
1715:             8            192  com.intellij.openapi.vcs.changes.FileHolder$HolderType
1716:             3            192  sun.java2d.loops.RenderLoops
1717:             4            192  com.intellij.util.containers.TransferToEDTQueue
1718:             4            192  sun.awt.X11.XWindowAttributesData
1719:             6            192  com.intellij.openapi.vcs.impl.VcsEventsListenerManagerImpl$Wrapper$1
1720:             8            192  com.intellij.openapi.editor.colors.EditorFontType
1721:             8            192  java.awt.Cursor$CursorDisposer
1722:             4            192  com.intellij.openapi.wm.impl.Stripe$LayoutData
1723:             8            192  com.intellij.ui.tabs.impl.TabLabel$2
1724:             6            192  com.intellij.openapi.components.impl.stores.DirectoryStorageData
1725:             8            192  com.intellij.ui.SimpleColoredText
1726:             8            192  java.awt.Queue
1727:             8            192  java.net.InetSocketAddress
1728:            12            192  com.intellij.openapi.util.RecursionManager$2
1729:             6            192  java.io.ByteArrayInputStream
1730:            12            192  java.util.concurrent.FutureTask
1731:            12            192  com.intellij.refactoring.actions.BasePlatformRefactoringAction$2
1732:             3            192  com.intellij.psi.impl.source.PsiImportStaticReferenceElementImpl
1733:            12            192  com.intellij.ide.highlighter.custom.impl.StandardFileTypeRegistrator$MyCommenter
1734:             4            192  com.intellij.execution.process.BaseOSProcessHandler$SimpleOutputReader
1735:             4            192  com.intellij.openapi.actionSystem.ex.ComboBoxAction$ComboBoxButton$MyButtonModel
1736:             4            192  com.intellij.psi.impl.source.PsiClassImpl
1737:             8            192  com.intellij.openapi.editor.markup.EffectType
1738:             8            192  com.intellij.openapi.editor.impl.event.EditorEventMulticasterImpl$4
1739:             3            192  com.intellij.psi.impl.source.tree.java.PsiArrayInitializerMemberValueImpl
1740:             8            192  com.intellij.util.containers.LockFreeCopyOnWriteArrayList$COWIterator
1741:             8            192  com.intellij.util.FileIconKey
1742:             3            192  [Lorg.apache.velocity.runtime.parser.Parser$JJCalls;
1743:             4            192  com.intellij.openapi.components.impl.ComponentManagerImpl$ComponentsRegistry
1744:             6            192  java.util.ArrayList$ListItr
1745:             6            192  java.awt.datatransfer.DataFlavor
1746:             8            192  com.intellij.openapi.editor.impl.LineIteratorImpl
1747:             8            192  com.intellij.openapi.editor.impl.ContextMenuImpl$1
1748:             8            192  com.intellij.openapi.fileEditor.impl.text.TextEditorComponent$MyDocumentListener
1749:            12            192  com.intellij.openapi.editor.impl.TextChangesStorage
1750:            12            192  com.intellij.patterns.PsiJavaElementPattern$Capture
1751:             8            192  com.intellij.openapi.editor.impl.ContextMenuImpl$2
1752:             8            192  com.intellij.openapi.fileEditor.impl.text.TextEditorComponent$MyDocumentListener$1
1753:             8            192  javax.swing.DropMode
1754:             6            192  sun.awt.X11.WindowDimensions
1755:             1            184  com.intellij.ide.ui.laf.darcula.ui.DarculaTabbedPaneUI
1756:             8            184  [Lsun.reflect.generics.tree.FieldTypeSignature;
1757:             1            184  com.intellij.ide.IdeEventQueue
1758:             1            176  [Lcom.intellij.codeInspection.InspectionEP;
1759:            11            176  javax.swing.text.html.CSS$CssValue
1760:             7            176  [Lcom.intellij.openapi.vcs.RequestsMerger$MyExitAction;
1761:             2            176  com.intellij.execution.application.ApplicationConfiguration
1762:            11            176  $Proxy25
1763:            11            176  javax.swing.text.html.CSS$CssValueMapper
1764:             2            176  com.intellij.psi.impl.source.JavaDummyElement
1765:            11            176  com.intellij.util.containers.ConcurrentHashMap$KeySet
1766:             2            176  com.intellij.ide.projectView.impl.nodes.ExternalLibrariesNode
1767:             2            176  com.theoryinpractice.testng.model.TestData
1768:             2            176  sun.awt.X11.XFocusProxyWindow
1769:             2            176  com.intellij.execution.impl.RunManagerImpl
1770:             2            176  com.intellij.psi.impl.source.JavaDummyHolder
1771:             1            176  [Lsun.font.CharToGlyphMapper;
1772:             2            176  org.apache.oro.text.regex.Perl5Matcher
1773:             7            168  com.intellij.ui.PopupHandler$2
1774:             7            168  org.jdom.Namespace
1775:             7            168  javax.swing.plaf.metal.MetalLookAndFeel$MetalLazyValue
1776:             7            168  com.intellij.internal.statistic.beans.GroupDescriptor
1777:             7            168  com.intellij.openapi.vcs.changes.InvokeAfterUpdateMode
1778:             7            168  org.jdom.NamespaceKey
1779:             7            168  sun.reflect.generics.tree.FormalTypeParameter
1780:             3            168  com.siyeh.ig.junit.TestMethodWithoutAssertionInspection
1781:             7            168  com.intellij.openapi.wm.impl.ToolWindowManagerImpl$11
1782:             7            168  com.intellij.openapi.wm.impl.ToolWindowManagerImpl$12
1783:             1            168  sun.awt.X11FontManager
1784:             7            168  java.net.NetPermission
1785:             7            168  com.intellij.psi.stubs.StubTree
1786:             7            168  com.intellij.openapi.editor.impl.ComplementaryFontsRegistry$FontKey
1787:             3            168  com.siyeh.ig.naming.LocalVariableNamingConventionInspection
1788:             7            168  com.intellij.openapi.options.FontSize
1789:             3            168  java.util.zip.ZipFile$ZipFileInputStream
1790:             7            168  [Lcom.intellij.psi.impl.compiled.ClsTypeElementImpl;
1791:             7            168  com.intellij.util.xml.impl.DomImplementationClassEP
1792:             7            168  net.sf.cglib.proxy.CallbackInfo
1793:             7            168  javax.xml.namespace.QName
1794:             7            168  javax.swing.UIManager$LookAndFeelInfo
1795:             7            168  com.intellij.ui.SpeedSearchComparator
1796:             3            168  com.siyeh.ig.naming.StaticVariableNamingConventionInspection
1797:             7            168  javax.swing.text.html.StyleSheet$SearchBuffer
1798:             3            168  com.siyeh.ig.naming.ConstantNamingConventionInspection
1799:             7            168  javax.swing.tree.DefaultTreeModel
1800:             7            168  java.net.InetAddress$CacheEntry
1801:             7            168  com.intellij.openapi.vfs.newvfs.FileAttribute
1802:             1            168  [Lcom.siyeh.ig.portability.mediatype.ImageMediaType;
1803:             3            168  com.siyeh.ig.bugs.IgnoreResultOfCallInspection
1804:             7            168  com.theoryinpractice.testng.model.TestType
1805:             7            168  com.intellij.psi.impl.PsiManagerImpl$3
1806:             7            168  com.intellij.util.config.StringProperty
1807:             7            168  com.intellij.ui.TreeExpandableItemsHandler$1
1808:             7            168  [Lorg.intellij.lang.xpath.context.functions.Parameter;
1809:             7            168  com.intellij.ui.TreeExpandableItemsHandler$2
1810:             2            168  [Lcom.intellij.ide.plugins.IdeaPluginDescriptorImpl;
1811:             7            168  com.intellij.ui.TreeExpandableItemsHandler$3
1812:             7            168  com.intellij.ui.TreeExpandableItemsHandler$4
1813:             7            168  com.intellij.openapi.vcs.changes.issueLinks.IssueLinkRenderer
1814:             3            168  com.intellij.openapi.projectRoots.impl.ProjectJdkImpl
1815:             1            168  [Lcom.intellij.psi.stubs.StubIndexExtension;
1816:             4            160  com.siyeh.ig.abstraction.InstanceVariableOfConcreteClassInspection
1817:             2            160  org.jetbrains.plugins.scala.lang.psi.impl.toplevel.synthetic.SyntheticClasses
1818:             4            160  org.jetbrains.plugins.scala.lang.psi.impl.expr.ScAnnotationImpl
1819:             4            160  com.siyeh.ig.security.DeserializableClassInSecureContextInspection
1820:             4            160  com.intellij.designer.ToggleEditorModeAction
1821:            10            160  java.util.Formatter$Flags
1822:             4            160  com.intellij.openapi.module.impl.scopes.ModuleWithDependenciesScope
1823:             4            160  com.intellij.ide.highlighter.custom.AbstractCustomLexer
1824:             4            160  com.siyeh.ig.errorhandling.TooBroadCatchInspection
1825:             2            160  javax.swing.text.html.ImageView
1826:             4            160  java.util.concurrent.ConcurrentHashMap$KeyIterator
1827:            10            160  sun.java2d.pipe.PixelToShapeConverter
1828:             5            160  javax.imageio.spi.SubRegistry
1829:             4            160  sun.rmi.transport.WeakRef
1830:             2            160  com.theoryinpractice.testng.configuration.TestNGConfiguration
1831:            10            160  com.intellij.openapi.editor.impl.EditorImpl$9
1832:             4            160  java.util.concurrent.ArrayBlockingQueue
1833:             4            160  java.io.ObjectStreamClass$FieldReflector
1834:             4            160  org.jetbrains.plugins.scala.lang.psi.impl.expr.ScAnnotationExprImpl
1835:             5            160  com.intellij.util.io.DataOutputStream
1836:             5            160  java.util.Random
1837:             4            160  com.siyeh.ig.visibility.MethodOverloadsParentMethodInspection
1838:             4            160  com.siyeh.ig.abstraction.StaticVariableOfConcreteClassInspection
1839:             4            160  com.siyeh.ig.style.SizeReplaceableByIsEmptyInspection
1840:             4            160  com.siyeh.ig.style.RedundantFieldInitializationInspection
1841:             5            160  com.intellij.psi.impl.source.resolve.reference.impl.providers.JavaClassReferenceProvider
1842:             4            160  com.siyeh.ig.abstraction.StaticMethodOnlyUsedInOneClassInspection
1843:             4            160  com.siyeh.ig.style.UnnecessaryConstructorInspection
1844:            10            160  com.intellij.openapi.editor.impl.CaretModelImpl$1
1845:             2            160  com.intellij.tasks.impl.LocalTaskImpl
1846:             4            160  com.siyeh.ig.abstraction.LocalVariableOfConcreteClassInspection
1847:            10            160  com.intellij.openapi.editor.impl.softwrap.mapping.SoftWrapApplianceManager$DefaultVisibleAreaWidthProvider
1848:             5            160  org.ini4j.spi.UnicodeInputStreamReader$Bom
1849:             5            160  com.intellij.openapi.vcs.checkout.CheckoutAction
1850:            10            160  com.intellij.ide.highlighter.custom.impl.CustomFileTypeBraceMatcher
1851:             4            160  com.siyeh.ig.migration.RawUseOfParameterizedTypeInspection
1852:            10            160  com.intellij.openapi.editor.impl.EditorImpl$3
1853:             4            160  com.intellij.openapi.vcs.impl.VcsEP
1854:             4            160  com.siyeh.ig.inheritance.ExtendsUtilityClassInspection
1855:             4            160  com.siyeh.ig.junit.JUnitRuleInspection
1856:             4            160  com.siyeh.ig.abstraction.MethodReturnOfConcreteClassInspection
1857:            10            160  com.intellij.openapi.editor.impl.EditorImpl$4
1858:            10            160  com.intellij.openapi.editor.impl.EditorGutterComponentImpl$4
1859:             2            160  [Lcom.intellij.util.containers.SLRUMap;
1860:            10            160  com.intellij.openapi.editor.impl.EditorGutterComponentImpl$3
1861:             4            160  com.siyeh.ig.assignment.AssignmentToNullInspection
1862:            10            160  com.intellij.openapi.editor.impl.EditorImpl$MyMouseMotionListener
1863:             4            160  com.siyeh.ig.errorhandling.TooBroadThrowsInspection
1864:             4            160  com.siyeh.ig.controlflow.UnnecessaryContinueInspection
1865:            10            160  com.intellij.openapi.editor.impl.EditorGutterComponentImpl$2
1866:             4            160  com.siyeh.ig.style.UnnecessaryThisInspection
1867:             4            160  com.siyeh.ig.abstraction.CastToConcreteClassInspection
1868:            10            160  com.intellij.openapi.editor.impl.EditorImpl$10
1869:             4            160  java.util.Collections$SingletonMap
1870:            10            160  com.intellij.openapi.editor.impl.SoftWrapModelImpl$FoldProcessingEndTask
1871:            10            160  com.intellij.openapi.editor.impl.EditorImpl$11
1872:             4            160  com.siyeh.ig.controlflow.IfMayBeConditionalInspection
1873:            10            160  com.intellij.openapi.editor.impl.EditorImpl$12
1874:             2            160  com.intellij.compiler.CompilerConfigurationImpl
1875:             4            160  com.siyeh.ig.abstraction.InstanceofInterfacesInspection
1876:            10            160  com.intellij.openapi.editor.impl.EditorComponentImpl$1
1877:             4            160  com.siyeh.ig.threading.SynchronizedOnLiteralObjectInspection
1878:             4            160  com.siyeh.ig.abstraction.MagicNumberInspection
1879:             5            160  [[S
1880:             4            160  com.intellij.openapi.roots.impl.SourceFolderImpl
1881:             4            160  com.siyeh.ig.methodmetrics.ParametersPerConstructorInspection
1882:            10            160  com.intellij.ui.AbstractExpandableItemsHandler$1
1883:             4            160  com.siyeh.ig.abstraction.ParameterOfConcreteClassInspection
1884:             4            160  com.siyeh.ig.security.SerializableClassInSecureContextInspection
1885:            10            160  com.intellij.ui.AbstractExpandableItemsHandler$2
1886:             4            160  com.siyeh.ig.style.UnnecessaryFinalOnLocalVariableOrParameterInspection
1887:             5            160  com.intellij.openapi.vcs.ZipperUpdater
1888:            10            160  com.intellij.ui.AbstractExpandableItemsHandler$3
1889:             5            160  [[Lsun.awt.FontDescriptor;
1890:            10            160  com.intellij.openapi.editor.impl.EditorImpl$MyTextDrawingCallback
1891:            10            160  com.intellij.openapi.editor.impl.EditorImpl$7
1892:            10            160  com.intellij.ui.AbstractExpandableItemsHandler$4
1893:             4            160  com.siyeh.ig.encapsulation.ReturnOfDateFieldInspection
1894:             4            160  com.intellij.psi.impl.source.PsiImportListImpl
1895:            10            160  com.intellij.openapi.editor.impl.SoftWrapModelImpl$1
1896:            10            160  org.jboss.netty.logging.InternalLoggerFactory$1
1897:             4            160  com.siyeh.ig.errorhandling.NewExceptionWithoutArgumentsInspection
1898:            10            160  com.intellij.ui.AbstractExpandableItemsHandler$5
1899:             4            160  com.intellij.codeInsight.daemon.impl.TrafficLightRenderer$DaemonCodeAnalyzerStatus
1900:            10            160  com.intellij.openapi.editor.impl.EditorImpl$EditorDocumentBulkUpdateAdapter
1901:            10            160  com.intellij.ui.AbstractExpandableItemsHandler$6
1902:             2            160  [Ljava.util.concurrent.locks.Lock;
1903:             4            160  com.siyeh.ig.controlflow.UnnecessaryReturnInspection
1904:             5            160  java.io.OutputStreamWriter
1905:            10            160  com.intellij.openapi.editor.impl.EditorImpl$1
1906:            10            160  com.intellij.openapi.editor.impl.ScrollingModelImpl$2
1907:             4            160  com.siyeh.ig.threading.AccessToStaticFieldLockedOnInstanceInspection
1908:             4            160  com.siyeh.ig.naming.MethodNamesDifferOnlyByCaseInspection
1909:             4            160  com.siyeh.ig.imports.StaticImportInspection
1910:             5            160  org.apache.log4j.helpers.PatternParser$LiteralPatternConverter
1911:            10            160  com.intellij.openapi.diagnostic.DefaultLogger
1912:             4            160  com.siyeh.ig.naming.StandardVariableNamesInspection
1913:             4            160  com.siyeh.ig.bugs.StringConcatenationMissingWhitespaceInspection
1914:             5            160  com.intellij.ide.highlighter.custom.tokens.WhitespaceParser
1915:            10            160  com.intellij.openapi.editor.impl.softwrap.mapping.CacheUpdateEventsStorage
1916:             4            160  com.siyeh.ig.portability.SystemExitInspection
1917:             2            160  com.intellij.openapi.progress.util.ProgressWindow$MyDialog
1918:             4            160  com.siyeh.ig.inheritance.AbstractMethodOverridesAbstractMethodInspection
1919:             4            160  com.intellij.openapi.vcs.VcsShowConfirmationOptionImpl
1920:             4            160  sun.awt.event.IgnorePaintEvent
1921:             5            160  com.intellij.psi.search.searches.ExtensibleQueryFactory$1$1
1922:            10            160  com.intellij.openapi.editor.impl.EditorImpl$EditorDocumentAdapter
1923:             4            160  java.lang.UNIXProcess$ProcessPipeInputStream
1924:            10            160  com.intellij.util.ui.StatusText$2
1925:             5            152  [Lcom.intellij.openapi.fileTypes.FileTypeExtensionPoint;
1926:             1            152  org.jetbrains.idea.maven.project.MavenProject$State
1927:             1            152  git4idea.GitVcs
1928:             1            152  org.zmlx.hg4idea.HgVcs
1929:             3            144  com.siyeh.ig.junit.JUnitTestClassNamingConventionInspection
1930:             6            144  sun.security.action.GetPropertyAction
1931:             3            144  com.siyeh.ig.naming.EnumeratedClassNamingConventionInspection
1932:             3            144  com.siyeh.ig.errorhandling.BadExceptionDeclaredInspection
1933:             3            144  com.siyeh.ig.naming.AnnotationNamingConventionInspection
1934:             6            144  com.intellij.util.text.DateFormatUtil$Period
1935:             6            144  java.util.regex.Pattern$Category
1936:             3            144  java.lang.ThreadGroup
1937:             3            144  com.siyeh.ig.naming.ParameterNamingConventionInspection
1938:             6            144  org.jetbrains.plugins.scala.Suspension
1939:             6            144  com.intellij.psi.impl.source.ClassInnerStuffCache$3
1940:             6            144  org.jetbrains.plugins.groovy.griffon.GriffonToolWindowFactory$GriffonDirectoryMetadata
1941:             1            144  com.intellij.openapi.vcs.VcsConfiguration
1942:             3            144  com.siyeh.ig.naming.TypeParameterNamingConventionInspection
1943:             3            144  com.intellij.codeInspection.javaDoc.JavaDocLocalInspection
1944:             6            144  java.awt.datatransfer.MimeType
1945:             1            144  com.intellij.ide.projectView.impl.ProjectViewImpl
1946:             2            144  org.jetbrains.idea.devkit.run.PluginRunConfiguration
1947:             9            144  com.intellij.notification.NotificationGroup
1948:             3            144  com.siyeh.ig.naming.InterfaceNamingConventionInspection
1949:             2            144  com.intellij.codeInsight.daemon.impl.DaemonCodeAnalyzerImpl
1950:             3            144  com.siyeh.ig.serialization.NonSerializableFieldInSerializableClassInspection
1951:             3            144  com.intellij.codeInsight.daemon.impl.SeverityRegistrar$OrderMap
1952:             2            144  com.intellij.execution.remote.RemoteConfiguration
1953:             3            144  sun.swing.ImageIconUIResource
1954:             6            144  com.intellij.semantic.SemServiceImpl$7$1
1955:             9            144  com.intellij.openapi.fileEditor.impl.FileDocumentManagerImpl$2
1956:             9            144  java.rmi.server.Operation
1957:             6            144  com.intellij.psi.impl.PsiManagerImpl$2
1958:             3            144  com.siyeh.ig.junit.JUnitAbstractTestClassNamingConventionInspection
1959:             6            144  com.intellij.util.io.OpenChannelsCache$ChannelDescriptor
1960:             3            144  com.intellij.openapi.fileTypes.impl.FileTypeAssocTable$1
1961:             3            144  com.siyeh.ig.serialization.SerializableInnerClassHasSerialVersionUIDFieldInspection
1962:             3            144  com.siyeh.ig.serialization.SerializableInnerClassWithNonSerializableOuterClassInspection
1963:             3            144  com.siyeh.ig.naming.InstanceVariableNamingConventionInspection
1964:             2            144  com.intellij.openapi.command.impl.UndoManagerImpl
1965:             3            144  java.io.BufferedWriter
1966:             3            144  com.siyeh.ig.naming.InstanceMethodNamingConventionInspection
1967:             6            144  com.intellij.pom.java.LanguageLevel
1968:             6            144  java.util.regex.Pattern$CharPropertyNames$2
1969:             3            144  com.siyeh.ig.serialization.SerializableHasSerializationMethodsInspection
1970:             9            144  com.intellij.openapi.editor.impl.EditorImpl$6
1971:             3            144  com.siyeh.ig.logging.ClassWithoutLoggerInspection
1972:             3            144  com.siyeh.ig.serialization.SerializableHasSerialVersionUIDFieldInspection
1973:             6            144  com.intellij.openapi.components.impl.stores.DirectoryBasedStorage$1
1974:             3            144  com.siyeh.ig.initialization.InstanceVariableUninitializedUseInspection
1975:             6            144  com.intellij.psi.impl.source.ClassInnerStuffCache$2
1976:             6            144  com.intellij.psi.scope.ElementClassHint$DeclarationKind
1977:             5            144  [Ljava.awt.Rectangle;
1978:             6            144  com.intellij.openapi.util.registry.RegistryValue$1
1979:             3            144  org.apache.velocity.runtime.parser.Token
1980:             2            144  sun.nio.ch.EPollSelectorImpl
1981:             6            144  com.intellij.semantic.SemKey
1982:             1            144  com.intellij.openapi.progress.impl.BackgroundableProcessIndicator
1983:             6            144  com.intellij.openapi.actionSystem.impl.ActionManagerImpl$3
1984:             6            144  org.intellij.lang.xpath.xslt.impl.XsltChecker$State
1985:             6            144  com.intellij.openapi.editor.impl.event.EditorEventMulticasterImpl$2
1986:             3            144  org.jetbrains.jps.model.java.impl.compiler.ProcessorConfigProfileImpl
1987:             2            144  [[D
1988:             2            144  [Ljava.awt.Cursor;
1989:             9            144  javax.swing.text.StyleConstants$ParagraphConstants
1990:             2            144  [Ljava.math.BigDecimal;
1991:             3            144  com.siyeh.ig.resources.IOResourceInspection
1992:             3            144  com.siyeh.ig.naming.ClassNamingConventionInspection
1993:             9            144  com.intellij.openapi.components.ServiceManager$1
1994:             2            144  com.intellij.lexer.__XmlLexer
1995:             6            144  org.intellij.lang.xpath.psi.XPathType
1996:             3            144  com.intellij.util.containers.HashMap
1997:             9            144  com.intellij.openapi.fileEditor.impl.text.FileDropHandler
1998:             3            144  com.siyeh.ig.naming.BooleanMethodNameMustStartWithQuestionInspection
1999:             9            144  java.util.TreeMap$EntrySet
2000:             9            144  com.intellij.openapi.editor.colors.impl.AbstractColorsScheme$1
2001:             6            144  com.intellij.openapi.vfs.impl.BulkVirtualFileListenerAdapter
2002:             3            144  com.siyeh.ig.naming.NonBooleanMethodNameMayNotStartWithQuestionInspection
2003:             3            144  com.siyeh.ig.naming.StaticMethodNamingConventionInspection
2004:             6            144  sun.misc.PerfCounter
2005:             3            144  com.siyeh.ig.logging.LoggerInitializedWithForeignClassInspection
2006:             5            144  [Lcom.intellij.psi.PsiExpression;
2007:             2            144  com.intellij.codeInsight.daemon.impl.DaemonCodeAnalyzerImpl$12
2008:             3            144  com.intellij.cvsSupport2.actions.Cvs2Group
2009:             6            144  com.intellij.openapi.vcs.VcsConfiguration$StandardOption
2010:             3            144  com.siyeh.ig.naming.EnumeratedConstantNamingConventionInspection
2011:             9            144  com.intellij.openapi.editor.impl.EditorMarkupModelImpl$BasicTooltipRendererProvider
2012:             2            144  com.intellij.debugger.ui.breakpoints.AnyExceptionBreakpoint
2013:             6            144  javax.swing.plaf.DimensionUIResource
2014:             3            144  com.intellij.codeInspection.i18n.I18nInspection
2015:             3            144  org.jetbrains.plugins.scala.lang.psi.types.ScTypeParameterType
2016:             1            136  com.intellij.codeInsight.daemon.impl.WholeFileLocalInspectionsPassFactory$3
2017:             1            136  com.intellij.openapi.application.impl.ApplicationImpl
2018:             1            136  [Lcom.intellij.openapi.editor.actionSystem.EditorActionHandlerBean;
2019:             3            136  [Lcom.google.common.collect.RegularImmutableBiMap$BiMapEntry;
2020:             1            136  com.intellij.openapi.wm.impl.FocusManagerImpl
2021:             5            136  [Lcom.intellij.lang.annotation.HighlightSeverity;
2022:             1            136  [Lcom.intellij.openapi.extensions.AreaListener;
2023:             1            136  com.intellij.util.indexing.FileBasedIndexImpl
2024:             8            128  com.intellij.util.ui.Animator$1
2025:             4            128  sun.awt.X11.XMotionEvent
2026:             4            128  com.intellij.openapi.editor.impl.EditorImpl$17
2027:             1            128  com.intellij.codeInsight.daemon.impl.LocalInspectionsPassFactory$MyLocalInspectionsPass
2028:             4            128  sun.awt.X11.XSelectionRequestEvent
2029:             4            128  java.io.FilePermission
2030:             4            128  com.intellij.psi.impl.source.tree.JavaDocElementType$JavaDocCompositeElementType
2031:             8            128  com.intellij.openapi.fileEditor.impl.text.TextEditorComponent$MyEditorMouseListener
2032:             4            128  sun.awt.X11.XMapRequestEvent
2033:             4            128  sun.awt.X11.AwtGraphicsConfigData
2034:             8            128  com.intellij.openapi.fileEditor.impl.text.TextEditorComponent$MyFileTypeListener
2035:             4            128  com.intellij.openapi.roots.DependencyScope
2036:             4            128  com.intellij.openapi.actionSystem.EmptyAction
2037:             8            128  com.intellij.openapi.fileEditor.impl.text.TextEditorComponent$MyVirtualFileListener
2038:             2            128  com.intellij.psi.impl.source.tree.java.PsiConditionalExpressionImpl
2039:             8            128  com.intellij.openapi.fileEditor.impl.EditorTabbedContainer$MyQueryable
2040:             8            128  com.intellij.openapi.editor.impl.BorderEffect$3
2041:             4            128  sun.awt.X11.XGravityEvent
2042:             4            128  de.plushnikov.intellij.lombok.processor.clazz.FluentSetterProcessor
2043:             4            128  sun.awt.X11.XCrossingEvent
2044:             4            128  sun.awt.X11.XSelectionEvent
2045:             4            128  sun.awt.X11.XErrorEvent
2046:             4            128  com.intellij.util.containers.WeakValueHashMap$MyWeakReference
2047:             1            128  org.jetbrains.plugins.scala.lang.TokenSets$
2048:             4            128  com.intellij.openapi.command.impl.UndoRedoStacksHolder
2049:             4            128  sun.awt.X11.XResizeRequestEvent
2050:             2            128  javax.swing.text.html.HTMLEditorKit
2051:             4            128  sun.awt.X11.XFocusChangeEvent
2052:             8            128  com.intellij.openapi.fileEditor.impl.EditorComposite$4
2053:             4            128  com.intellij.designer.propertyTable.PropertyTable$MyExpandCurrentAction
2054:             4            128  java.security.BasicPermissionCollection
2055:             8            128  sun.java2d.x11.X11Renderer
2056:             4            128  sun.awt.X11.XColormapEvent
2057:             4            128  de.plushnikov.intellij.lombok.processor.clazz.log.CommonsLogProcessor
2058:             4            128  sun.awt.X11.XReparentEvent
2059:             4            128  de.plushnikov.intellij.lombok.processor.clazz.log.Log4jProcessor
2060:             4            128  org.jetbrains.plugins.scala.codeInspection.parentheses.ScalaUnnecessaryParenthesesInspection
2061:             4            128  de.plushnikov.intellij.lombok.processor.clazz.log.Log4j2Processor
2062:             8            128  com.intellij.debugger.engine.evaluation.CodeFragmentFactoryContextWrapper
2063:             4            128  com.siyeh.ig.packaging.EmptyDirectoryInspection
2064:             4            128  com.intellij.openapi.editor.impl.EditorGutterComponentImpl$11
2065:             2            128  [Lcom.intellij.openapi.vfs.impl.local.FileWatcher$WatcherOp;
2066:             4            128  sun.awt.X11.XConfigureRequestEvent
2067:             4            128  javax.swing.tree.VariableHeightLayoutCache$VisibleTreeStateNodeEnumeration
2068:             8            128  java.util.regex.Pattern$CharPropertyNames$3
2069:             8            128  com.intellij.ide.projectView.impl.ProjectViewImpl$6
2070:             4            128  com.intellij.openapi.components.impl.BasePathMacroManager$MyTrackingPathMacroSubstitutor
2071:             2            128  com.intellij.openapi.vcs.changes.VcsAnnotationLocalChangesListenerImpl
2072:             2            128  com.intellij.debugger.ui.breakpoints.BreakpointManager
2073:             4            128  sun.awt.X11.XMappingEvent
2074:             4            128  sun.awt.X11.XGraphicsExposeEvent
2075:             4            128  com.intellij.util.containers.StripedLockIntObjectConcurrentHashMap
2076:             4            128  com.intellij.util.lang.JarLoader$MyResource
2077:             4            128  com.intellij.openapi.editor.impl.EditorGutterComponentImpl$8
2078:             8            128  com.intellij.lexer.BaseHtmlLexer$XmlTagEndHandler
2079:             4            128  de.plushnikov.intellij.lombok.processor.clazz.log.LogProcessor
2080:             4            128  javax.swing.plaf.metal.MetalLookAndFeel$AATextListener
2081:             8            128  com.intellij.ui.tabs.impl.TabLabel$6
2082:             4            128  com.intellij.openapi.editor.impl.EditorGutterComponentImpl$10
2083:             8            128  com.intellij.openapi.fileEditor.impl.EditorWindow$TComp$1
2084:             2            128  com.intellij.openapi.editor.impl.EditorImpl$CachedFontContent
2085:             4            128  sun.awt.X11.XCirculateEvent
2086:             4            128  sun.awt.X11.XNoExposeEvent
2087:             4            128  com.intellij.lexer.FlexAdapter
2088:             4            128  de.plushnikov.intellij.lombok.processor.clazz.GetterProcessor
2089:             4            128  com.intellij.util.io.PersistentHashMap$AppendStream
2090:             4            128  org.jetbrains.idea.maven.execution.MavenExecutionOptions$FailureMode
2091:             6            128  [Lcom.intellij.semantic.SemKey;
2092:             8            128  sun.swing.StringUIClientPropertyKey
2093:             3            128  [Ljavax.swing.UIManager$LookAndFeelInfo;
2094:             4            128  org.jetbrains.plugins.groovy.codeInspection.declaration.GrMethodMayBeStaticInspection
2095:             4            128  com.intellij.openapi.vcs.StartedActivated$MySection
2096:             4            128  de.plushnikov.intellij.lombok.processor.clazz.log.Slf4jProcessor
2097:             4            128  sun.awt.X11.XDestroyWindowEvent
2098:             4            128  org.jetbrains.plugins.groovy.codeInspection.confusing.GrPackageInspection
2099:             4            128  [Ljava.util.Set;
2100:             4            128  sun.awt.X11.XKeyEvent
2101:             8            128  com.intellij.codeInsight.folding.impl.EditorFoldingInfo
2102:             1            128  sun.awt.X11.XNETProtocol
2103:             1            128  org.jetbrains.plugins.scala.lang.formatting.settings.ScalaCodeStyleSettings
2104:             4            128  sun.rmi.server.UnicastServerRef
2105:             4            128  sun.awt.X11.XCirculateRequestEvent
2106:             4            128  sun.awt.X11.XKeymapEvent
2107:             4            128  com.intellij.openapi.editor.impl.EditorImpl$18
2108:             4            128  javax.swing.text.DefaultEditorKit$VerticalPageAction
2109:             4            128  de.plushnikov.intellij.lombok.processor.clazz.log.XSlf4jProcessor
2110:             4            128  sun.awt.X11.XCreateWindowEvent
2111:             4            128  sun.awt.X11.XUnmapEvent
2112:             4            128  sun.awt.X11.XButtonEvent
2113:             8            128  com.intellij.util.containers.ConcurrentRefHashMap$2
2114:             4            128  de.plushnikov.intellij.lombok.processor.clazz.SetterProcessor
2115:             4            128  javax.swing.TimerQueue$DelayedTimer
2116:             4            128  sun.awt.X11.XSelectionClearEvent
2117:             4            128  com.intellij.openapi.editor.impl.BorderEffect
2118:             8            128  com.intellij.patterns.ObjectPattern$Capture
2119:             4            128  sun.awt.X11.XMapEvent
2120:             8            128  com.intellij.openapi.util.StaticGetter
2121:             5            120  javax.swing.plaf.synth.ColorType
2122:             3            120  com.siyeh.ig.abstraction.TypeMayBeWeakenedInspection
2123:             3            120  com.siyeh.ig.junit.TestCaseWithNoTestMethodsInspection
2124:             3            120  com.siyeh.ig.controlflow.LoopConditionNotUpdatedInsideLoopInspection
2125:             5            120  com.sun.java.swing.plaf.gtk.GTKColorType
2126:             3            120  com.siyeh.ig.migration.MethodCanBeVariableArityMethodInspection
2127:             3            120  com.siyeh.ig.abstraction.DeclareCollectionAsInterfaceInspection
2128:             3            120  com.siyeh.ig.numeric.PointlessArithmeticExpressionInspection
2129:             3            120  com.siyeh.ig.initialization.StaticVariableInitializationInspection
2130:             5            120  java.util.regex.Pattern$Bound
2131:             3            120  com.siyeh.ig.classlayout.MissingOverrideAnnotationInspection
2132:             3            120  com.siyeh.ig.numeric.ImplicitNumericConversionInspection
2133:             3            120  com.siyeh.ig.visibility.InnerClassVariableHidesOuterClassVariableInspection
2134:             3            120  com.siyeh.ig.migration.IfCanBeSwitchInspection
2135:             5            120  com.sun.java.swing.plaf.gtk.GTKConstants$StateType
2136:             3            120  com.siyeh.ig.threading.FieldAccessedSynchronizedAndUnsynchronizedInspection
2137:             3            120  com.siyeh.ig.dataflow.UnnecessaryLocalVariableInspection
2138:             3            120  com.siyeh.ig.style.UnnecessaryParenthesesInspection
2139:             3            120  com.siyeh.ig.controlflow.SwitchStatementsWithoutDefaultInspection
2140:             3            120  com.siyeh.ig.classlayout.InnerClassOnInterfaceInspection
2141:             3            120  com.intellij.openapi.vcs.RequestsMerger
2142:             3            120  com.siyeh.ig.resources.JNDIResourceInspection
2143:             3            120  com.siyeh.ig.errorhandling.ThrowCaughtLocallyInspection
2144:             3            120  com.siyeh.ig.dataflow.TooBroadScopeInspection
2145:             3            120  com.siyeh.ig.errorhandling.EmptyCatchBlockInspection
2146:             5            120  com.intellij.psi.impl.source.ClassInnerStuffCache$6
2147:             5            120  java.awt.AWTKeyStroke
2148:             3            120  com.siyeh.ig.performance.CallToSimpleSetterInClassInspection
2149:             1            120  com.intellij.openapi.wm.impl.ToolWindowManagerImpl
2150:             3            120  com.siyeh.ig.finalization.FinalizeCallsSuperFinalizeInspection
2151:             5            120  java.util.Collections$SynchronizedCollection
2152:             3            120  com.intellij.psi.impl.source.tree.PsiCommentImpl
2153:             3            120  org.jetbrains.plugins.groovy.codeInspection.naming.GroovyAnnotationNamingConventionInspection
2154:             5            120  com.intellij.codeInsight.problems.WolfTheProblemSolverImpl$7
2155:             3            120  com.siyeh.ig.style.NestedMethodCallInspection
2156:             5            120  [Ljavax.swing.text.Position$Bias;
2157:             3            120  org.jetbrains.plugins.groovy.codeInspection.naming.GroovyInterfaceNamingConventionInspection
2158:             3            120  com.siyeh.ig.controlflow.ConditionalExpressionInspection
2159:             3            120  com.siyeh.ig.initialization.StaticVariableUninitializedUseInspection
2160:             3            120  org.jetbrains.plugins.groovy.codeInspection.naming.GroovyStaticMethodNamingConventionInspection
2161:             3            120  com.siyeh.ig.logging.PublicMethodWithoutLoggingInspection
2162:             3            120  com.siyeh.ig.logging.NonStaticFinalLoggerInspection
2163:             3            120  com.siyeh.ig.visibility.LocalVariableHidingMemberVariableInspection
2164:             5            120  javax.imageio.spi.PartiallyOrderedSet
2165:             3            120  com.siyeh.ig.style.UnnecessarilyQualifiedInnerClassAccessInspection
2166:             1            120  sun.awt.X11.XDragSourceContextPeer
2167:             3            120  com.siyeh.ig.controlflow.NegatedIfElseInspection
2168:             3            120  com.siyeh.ig.methodmetrics.NonCommentSourceStatementsInspection
2169:             3            120  com.siyeh.ig.naming.ParameterNameDiffersFromOverriddenParameterInspection
2170:             3            120  com.siyeh.ig.encapsulation.PackageVisibleInnerClassInspection
2171:             5            120  com.intellij.openapi.keymap.impl.KeyState
2172:             3            120  com.siyeh.ig.inheritance.RefusedBequestInspection
2173:             3            120  com.siyeh.ig.controlflow.OverlyComplexBooleanExpressionInspection
2174:             3            120  com.siyeh.ig.controlflow.PointlessBooleanExpressionInspection
2175:             3            120  com.siyeh.ig.classmetrics.ClassComplexityInspection
2176:             3            120  com.siyeh.ig.controlflow.IfStatementWithTooManyBranchesInspection
2177:             3            120  com.siyeh.ig.assignment.AssignmentToDateFieldFromParameterInspection
2178:             3            120  com.siyeh.ig.methodmetrics.NestingDepthInspection
2179:             3            120  com.siyeh.ig.assignment.AssignmentToMethodParameterInspection
2180:             3            120  com.siyeh.ig.numeric.UnpredictableBigDecimalConstructorCallInspection
2181:             3            120  com.siyeh.ig.initialization.InstanceVariableInitializationInspection
2182:             3            120  com.siyeh.ig.assignment.AssignmentToCollectionFieldFromParameterInspection
2183:             3            120  com.siyeh.ig.resources.HibernateResourceInspection
2184:             3            120  com.siyeh.ig.migration.ForCanBeForeachInspection
2185:             5            120  org.jetbrains.idea.maven.model.MavenArtifactState
2186:             3            120  com.siyeh.ig.classmetrics.ConstructorCountInspection
2187:             3            120  git4idea.config.GitVersion
2188:             5            120  com.intellij.util.io.PersistentHashMapValueStorage$CachedReader
2189:             5            120  com.sun.java.swing.plaf.gtk.GTKConstants$ShadowType
2190:             5            120  java.awt.Toolkit$ToolkitEventMulticaster
2191:             3            120  com.siyeh.ig.resources.ChannelResourceInspection
2192:             3            120  com.siyeh.ig.errorhandling.BadExceptionCaughtInspection
2193:             1            120  com.intellij.openapi.progress.util.ProgressWindow
2194:             3            120  com.siyeh.ig.logging.ClassWithMultipleLoggersInspection
2195:             3            120  com.siyeh.ig.controlflow.ForLoopWithMissingComponentInspection
2196:             3            120  com.siyeh.ig.finalization.FinalizeInspection
2197:             3            120  com.siyeh.ig.j2me.FieldRepeatedlyAccessedInspection
2198:             1            120  [Ljava.awt.SystemColor;
2199:             5            120  com.intellij.ui.tabs.impl.table.TableRow
2200:             5            120  git4idea.config.GitVersion$Type
2201:             5            120  com.google.common.collect.RegularImmutableBiMap$BiMapEntry
2202:             3            120  com.siyeh.ig.classmetrics.ClassCouplingInspection
2203:             3            120  com.siyeh.ig.classmetrics.AnonymousClassMethodCountInspection
2204:             3            120  com.siyeh.ig.j2me.MultiplyOrDivideByPowerOfTwoInspection
2205:             3            120  com.siyeh.ig.methodmetrics.ThreeNegationsPerMethodInspection
2206:             5            120  com.intellij.openapi.wm.impl.IdeMenuBar$State
2207:             3            120  com.siyeh.ig.methodmetrics.MultipleReturnPointsPerMethodInspection
2208:             3            120  com.siyeh.ig.encapsulation.ReturnOfCollectionFieldInspection
2209:             3            120  com.siyeh.ig.performance.StringConcatenationInLoopsInspection
2210:             3            120  com.siyeh.ig.j2me.OverlyLargePrimitiveArrayInitializerInspection
2211:             3            120  com.siyeh.ig.style.UnnecessarilyQualifiedStaticUsageInspection
2212:             5            120  com.intellij.psi.codeStyle.VariableKind
2213:             3            120  com.siyeh.ig.style.UnnecessaryBlockStatementInspection
2214:             3            120  com.sun.java.swing.plaf.gtk.GTKLookAndFeel$WeakPCL
2215:             3            120  com.siyeh.ig.controlflow.ForLoopReplaceableByWhileInspection
2216:             3            120  com.siyeh.ig.style.ImplicitCallToSuperInspection
2217:             3            120  com.siyeh.ig.abstraction.OverlyStrongTypeCastInspection
2218:             3            120  com.siyeh.ig.classmetrics.ClassInheritanceDepthInspection
2219:             3            120  com.siyeh.ig.style.UnqualifiedStaticUsageInspection
2220:             3            120  com.siyeh.ig.errorhandling.UnusedCatchParameterInspection
2221:             3            120  com.siyeh.ig.controlflow.DuplicateConditionInspection
2222:             3            120  com.siyeh.ig.performance.CallToSimpleGetterInClassInspection
2223:             3            120  com.siyeh.ig.methodmetrics.MethodCouplingInspection
2224:             3            120  com.intellij.codeInspection.deadCode.UnusedDeclarationInspection
2225:             3            120  com.siyeh.ig.inheritance.NonProtectedConstructorInAbstractClassInspection
2226:             3            120  com.siyeh.ig.errorhandling.BadExceptionThrownInspection
2227:             3            120  com.siyeh.ig.threading.SynchronizationOnLocalVariableOrMethodParameterInspection
2228:             3            120  com.siyeh.ig.bugs.ReturnNullInspection
2229:             3            120  com.siyeh.ig.performance.StringConstructorInspection
2230:             3            120  com.siyeh.ig.numeric.OverlyComplexArithmeticExpressionInspection
2231:             3            120  com.siyeh.ig.numeric.IntegerMultiplicationImplicitCastToLongInspection
2232:             3            120  com.siyeh.ig.abstraction.PublicMethodNotExposedInInterfaceInspection
2233:             3            120  com.siyeh.ig.bugs.EmptyStatementBodyInspection
2234:             3            120  org.intellij.lang.xpath.validation.inspections.ImplicitTypeConversion
2235:             3            120  com.siyeh.ig.portability.HardcodedFileSeparatorsInspection
2236:             3            120  sun.misc.URLClassPath
2237:             3            120  com.siyeh.ig.style.UnqualifiedInnerClassAccessInspection
2238:             3            120  com.siyeh.ig.bugs.ObjectEqualityInspection
2239:             3            120  com.siyeh.ig.classlayout.UtilityClassWithoutPrivateConstructorInspection
2240:             3            120  com.siyeh.ig.classlayout.EmptyClassInspection
2241:             3            120  com.siyeh.ig.resources.JDBCResourceInspection
2242:             3            120  com.siyeh.ig.style.ChainedMethodCallInspection
2243:             3            120  com.siyeh.ig.naming.QuestionableNameInspection
2244:             3            120  com.siyeh.ig.controlflow.NegatedConditionalInspection
2245:             3            120  com.siyeh.ig.classmetrics.AnonymousClassComplexityInspection
2246:             3            120  org.jetbrains.plugins.groovy.codeInspection.naming.GroovyStaticVariableNamingConventionInspection
2247:             3            120  com.siyeh.ig.javadoc.UnnecessaryJavaDocLinkInspection
2248:             5            120  com.intellij.openapi.command.impl.CommandProcessorImpl$1
2249:             3            120  com.siyeh.ig.visibility.FieldHidesSuperclassFieldInspection
2250:             5            120  com.intellij.psi.stubs.StubElementTypeHolderEP
2251:             3            120  com.siyeh.ig.abstraction.MethodOnlyUsedFromInnerClassInspection
2252:             3            120  com.siyeh.ig.memory.StaticCollectionInspection
2253:             3            120  com.siyeh.ig.methodmetrics.ParametersPerMethodInspection
2254:             5            120  com.intellij.openapi.vcs.impl.FileStatusManagerImpl$4
2255:             3            120  com.siyeh.ig.dataflow.LawOfDemeterInspection
2256:             3            120  com.siyeh.ig.methodmetrics.ThrownExceptionsPerMethodInspection
2257:             3            120  com.siyeh.ig.controlflow.SwitchStatementWithTooFewBranchesInspection
2258:             3            120  com.siyeh.ig.threading.AccessToNonThreadSafeStaticFieldFromInstanceInspection
2259:             3            120  com.siyeh.ig.classmetrics.FieldCountInspection
2260:             3            120  org.jetbrains.plugins.groovy.codeInspection.naming.GroovyParameterNamingConventionInspection
2261:             3            120  com.siyeh.ig.jdk.AutoBoxingInspection
2262:             5            120  org.intellij.plugins.intelliLang.inject.LanguageInjectionConfigBean
2263:             3            120  java.awt.BasicStroke
2264:             3            120  com.siyeh.ig.performance.MethodMayBeStaticInspection
2265:             3            120  com.siyeh.ig.naming.OverloadedMethodsWithSameNumberOfParametersInspection
2266:             3            120  com.siyeh.ig.abstraction.FeatureEnvyInspection
2267:             3            120  com.siyeh.ig.style.MultipleDeclarationInspection
2268:             3            120  com.siyeh.ig.javabeans.ClassWithoutNoArgConstructorInspection
2269:             5            120  com.intellij.psi.codeStyle.LanguageCodeStyleSettingsProvider$SettingsType
2270:             3            120  com.siyeh.ig.resources.SocketResourceInspection
2271:             3            120  com.siyeh.ig.style.RedundantImplementsInspection
2272:             3            120  com.siyeh.ig.bitwise.PointlessBitwiseExpressionInspection
2273:             3            120  com.siyeh.ig.methodmetrics.CyclomaticComplexityInspection
2274:             3            120  com.siyeh.ig.j2me.CheckForOutOfMemoryOnLargeArrayAllocationInspection
2275:             3            120  com.siyeh.ig.classlayout.ListenerMayUseAdapterInspection
2276:             3            120  org.jetbrains.plugins.groovy.codeInspection.naming.GroovyLocalVariableNamingConventionInspection
2277:             5            120  com.intellij.psi.stubs.StubSerializationHelper$FileLocalStringEnumerator
2278:             3            120  com.siyeh.ig.classlayout.UtilityClassInspection
2279:             5            120  com.intellij.util.containers.DoubleArrayList
2280:             5            120  com.intellij.openapi.components.impl.stores.RoamingTypeExtensionPointBean
2281:             3            120  javax.swing.plaf.metal.MetalRootPaneUI
2282:             3            120  com.intellij.codeInsight.daemon.DaemonCodeAnalyzerSettingsImpl
2283:             3            120  com.siyeh.ig.cloneable.CloneableImplementsCloneInspection
2284:             1            120  com.intellij.openapi.vfs.newvfs.persistent.FSRecords$DbConnection$2
2285:             3            120  com.siyeh.ig.abstraction.InstanceofChainInspection
2286:             5            120  sun.font.Type1GlyphMapper
2287:             3            120  com.siyeh.ig.maturity.ObsoleteCollectionInspection
2288:             3            120  com.siyeh.ig.encapsulation.PublicFieldInspection
2289:             5            120  com.intellij.openapi.vcs.changes.DetailsPanel$Layer
2290:             3            120  org.jetbrains.plugins.groovy.codeInspection.naming.GroovyEnumerationNamingConventionInspection
2291:             3            120  com.siyeh.ig.assignment.AssignmentToForLoopParameterInspection
2292:             5            120  com.intellij.psi.search.searches.ExtensibleQueryFactory$1
2293:             3            120  com.siyeh.ig.naming.PackageNamingConventionInspection
2294:             3            120  com.siyeh.ig.encapsulation.ProtectedInnerClassInspection
2295:             3            120  com.siyeh.ig.classmetrics.ClassNestingDepthInspection
2296:             3            120  com.siyeh.ig.controlflow.SwitchStatementDensityInspection
2297:             3            120  com.siyeh.ig.style.UnnecessaryFullyQualifiedNameInspection
2298:             3            120  com.siyeh.ig.encapsulation.UseOfAnotherObjectsPrivateFieldInspection
2299:             3            120  com.siyeh.ig.encapsulation.PublicInnerClassInspection
2300:             3            120  scala.collection.mutable.HashMap
2301:             3            120  com.siyeh.ig.threading.DoubleCheckedLockingInspection
2302:             3            120  org.jetbrains.plugins.groovy.codeInspection.naming.GroovyConstantNamingConventionInspection
2303:             3            120  com.siyeh.ig.bugs.MismatchedCollectionQueryUpdateInspection
2304:             5            120  com.intellij.util.containers.ConcurrentRefHashMap$HardKey
2305:             3            120  org.jetbrains.plugins.groovy.codeInspection.naming.GroovyClassNamingConventionInspection
2306:             3            120  com.siyeh.ig.threading.WhileLoopSpinsOnFieldInspection
2307:             5            120  com.intellij.openapi.editor.ScrollType
2308:             3            120  com.siyeh.ig.classmetrics.MethodCountInspection
2309:             3            120  com.siyeh.ig.internationalization.StringConcatenationInspection
2310:             3            120  com.siyeh.ig.errorhandling.ExceptionFromCatchWhichDoesntWrapInspection
2311:             3            120  com.siyeh.ig.performance.StringReplaceableByStringBufferInspection
2312:             3            120  org.jetbrains.plugins.groovy.codeInspection.naming.GroovyInstanceMethodNamingConventionInspection
2313:             5            120  com.intellij.openapi.wm.impl.IdeGlassPaneImpl$1
2314:             3            120  com.siyeh.ig.numeric.CastThatLosesPrecisionInspection
2315:             3            120  com.siyeh.ig.controlflow.SwitchStatementWithTooManyBranchesInspection
2316:             3            120  org.jetbrains.plugins.groovy.codeInspection.naming.GroovyInstanceVariableNamingConventionInspection
2317:             3            120  com.siyeh.ig.assignment.ReplaceAssignmentWithOperatorAssignmentInspection
2318:             3            120  com.siyeh.ig.controlflow.ConfusingElseInspection
2319:             3            120  com.siyeh.ig.visibility.ParameterHidingMemberVariableInspection
2320:             3            120  com.siyeh.ig.controlflow.EnumSwitchStatementWhichMissesCasesInspection
2321:             3            120  com.siyeh.ig.threading.SynchronizedMethodInspection
2322:             3            120  com.siyeh.ig.style.MissortedModifiersInspection
2323:             1            120  com.intellij.ui.popup.ComponentPopupBuilderImpl
2324:             3            120  com.siyeh.ig.inheritance.InterfaceNeverImplementedInspection
2325:             7            112  javax.swing.plaf.basic.BasicTreeUI$NodeDimensionsHandler
2326:             2            112  com.intellij.lang.java.lexer._JavaDocLexer
2327:             2            112  com.intellij.codeInsight.daemon.impl.EditorTracker
2328:             1            112  com.intellij.openapi.vfs.impl.local.LocalFileSystemImpl$StoreRefreshStatusThread
2329:             7            112  com.intellij.patterns.XmlTagPattern$Capture
2330:             7            112  com.intellij.codeInsight.CharTailType
2331:             7            112  [Ljava.rmi.server.ObjID;
2332:             2            112  com.intellij.openapi.keymap.impl.MacOSDefaultKeymap
2333:             2            112  sun.security.provider.SHA
2334:             7            112  com.intellij.util.ui.tree.WideSelectionTreeUI$1
2335:             2            112  com.intellij.openapi.command.impl.CommandMerger
2336:             7            112  javax.swing.JTree$TreeModelHandler
2337:             2            112  java.io.ExpiringCache$1
2338:             1            112  sun.awt.X11.XToolkit$1$1
2339:             2            112  com.intellij.ide.ui.laf.darcula.ui.DarculaCheckBoxUI
2340:             1            112  com.intellij.openapi.wm.impl.X11UiUtil$Xlib
2341:             1            112  java.util.logging.LogManager$Cleaner
2342:             7            112  sun.java2d.loops.RenderCache
2343:             1            112  com.intellij.codeInsight.daemon.impl.PostHighlightingPass
2344:             7            112  com.intellij.ui.SpeedSearchBase$MyToolWindowManagerListener
2345:             2            112  com.intellij.lang.java.lexer._JavaLexer
2346:             1            112  sun.font.FcFontConfiguration
2347:             2            112  com.intellij.profile.codeInspection.InspectionProjectProfileManagerImpl
2348:             2            112  git4idea.repo.GitRepositoryFiles
2349:             7            112  com.intellij.openapi.options.SchemesManagerImpl$2
2350:             7            112  git4idea.Hash
2351:             7            112  com.intellij.ui.SpeedSearchBase$1
2352:             2            112  sun.awt.X11.XSelection
2353:             7            112  com.intellij.ui.SpeedSearchBase$2
2354:             2            112  com.intellij.psi.impl.PsiManagerImpl
2355:             2            112  java.text.DateFormatSymbols
2356:             7            112  javax.swing.text.StyleConstants$CharacterConstants
2357:             4            112  [Lcom.intellij.psi.search.scope.packageSet.NamedScope;
2358:             2            112  com.intellij.psi.impl.PsiDocumentManagerImpl
2359:             2            112  com.intellij.openapi.module.impl.ModuleManagerComponent
2360:             7            112  com.intellij.util.containers.StringInterner
2361:             7            112  sun.rmi.server.UnicastRef
2362:             1            112  com.intellij.idea.StartupUtil$1
2363:             7            112  com.intellij.openapi.diagnostic.DefaultLogger
2364:             1            112  scala.package$
2365:             1            112  [Lcom.intellij.util.indexing.FileBasedIndexExtension;
2366:             1            112  com.intellij.codeInsight.daemon.impl.GeneralHighlightingPass
2367:             7            112  sun.awt.X11.XBaseWindow$StateLock
2368:             1            112  [Ljavax.swing.text.html.CSS$Value;
2369:             2            112  com.intellij.openapi.vcs.impl.projectlevelman.NewMappings
2370:             7            112  com.intellij.ui.treeStructure.Tree$MyMouseListener
2371:             2            112  sun.nio.ch.EPollArrayWrapper
2372:             7            112  com.intellij.ui.treeStructure.Tree$MyFocusListener
2373:             2            112  [Lcom.intellij.openapi.projectRoots.JavaSdkVersion;
2374:             1            104  [Lcom.intellij.openapi.fileTypes.FileTypeFactory;
2375:             1            104  sun.misc.GC$Daemon
2376:             1            104  com.intellij.ide.ui.UISettings
2377:             1            104  java.lang.ref.Reference$ReferenceHandler
2378:             1            104  java.lang.ref.Finalizer$FinalizerThread
2379:             1            104  java.awt.image.ComponentColorModel
2380:             2            104  [Lcom.intellij.psi.PsiElementFinder;
2381:             1            104  git4idea.history.wholeTree.BigTableTableModel
2382:             1            104  com.intellij.openapi.vcs.changes.ChangeListManagerImpl
2383:             1            104  git4idea.history.wholeTree.UsersFilterAction
2384:             3             96  com.intellij.openapi.vcs.GenericDetailsLoader
2385:             3             96  com.siyeh.ig.serialization.TransientFieldNotInitializedInspection
2386:             3             96  com.siyeh.ig.performance.ManualArrayToCollectionCopyInspection
2387:             3             96  java.util.regex.Pattern$NotBehind
2388:             3             96  com.siyeh.ig.dependency.ClassWithTooManyTransitiveDependenciesInspection
2389:             3             96  org.jdom.DocType
2390:             3             96  com.siyeh.ig.performance.ArraysAsListWithZeroOrOneArgumentInspection
2391:             4             96  de.plushnikov.intellij.lombok.processor.clazz.ToStringProcessor
2392:             3             96  org.jetbrains.plugins.groovy.codeInspection.confusing.GroovyOverlyComplexArithmeticExpressionInspection
2393:             4             96  org.jetbrains.idea.maven.project.MavenImportingSettings$GeneratedSourcesFolder
2394:             4             96  com.intellij.util.diff.DiffTree$CompareResult
2395:             3             96  com.siyeh.ig.visibility.MethodOverridesPackageLocalMethodInspection
2396:             3             96  com.siyeh.ig.classlayout.ClassMayBeInterfaceInspection
2397:             3             96  com.siyeh.ig.internationalization.StringToUpperWithoutLocaleInspection
2398:             4             96  org.jetbrains.plugins.groovy.codeInspection.untypedUnresolvedAccess.GrUnresolvedAccessInspection
2399:             3             96  com.siyeh.ig.threading.ThreadYieldInspection
2400:             3             96  com.siyeh.ig.numeric.DoubleLiteralMayBeFloatLiteralInspection
2401:             3             96  com.siyeh.ig.threading.ThreadStartInConstructionInspection
2402:             3             96  com.siyeh.ig.threading.WaitNotInSynchronizedContextInspection
2403:             3             96  com.siyeh.ig.javabeans.FieldHasSetterButNoGetterInspection
2404:             3             96  com.siyeh.ig.threading.SynchronizeOnNonFinalFieldInspection
2405:             3             96  com.siyeh.ig.errorhandling.FinallyBlockCannotCompleteNormallyInspection
2406:             3             96  com.siyeh.ig.threading.AwaitNotInLoopInspection
2407:             3             96  com.siyeh.ig.performance.TailRecursionInspection
2408:             3             96  com.siyeh.ig.classlayout.ConstantDeclaredInAbstractClassInspection
2409:             3             96  com.siyeh.ig.javadoc.HtmlTagCanBeJavadocTagInspection
2410:             2             96  sun.font.CompositeStrike
2411:             3             96  com.siyeh.ig.assignment.AssignmentUsedAsConditionInspection
2412:             4             96  com.intellij.codeInsight.navigation.CtrlMouseHandler$BrowseMode
2413:             3             96  com.intellij.ide.actions.ContextHelpAction
2414:             3             96  com.siyeh.ig.bugs.CovariantEqualsInspection
2415:             3             96  com.siyeh.ig.junit.MultipleExceptionsDeclaredOnTestMethodInspection
2416:             3             96  com.siyeh.ig.bugs.StringConcatenationInFormatCallInspection
2417:             3             96  com.siyeh.ig.javabeans.ClassWithoutConstructorInspection
2418:             3             96  org.jetbrains.idea.maven.utils.MavenPluginInfo
2419:             3             96  com.siyeh.ig.encapsulation.PackageVisibleFieldInspection
2420:             3             96  com.siyeh.ig.bugs.SuspiciousToArrayCallInspection
2421:             3             96  com.siyeh.ig.inheritance.AbstractMethodWithMissingImplementationsInspection
2422:             4             96  com.intellij.patterns.ObjectPattern$3
2423:             3             96  com.siyeh.ig.assignment.IncrementDecrementUsedAsExpressionInspection
2424:             6             96  java.awt.datatransfer.MimeTypeParameterList
2425:             3             96  com.siyeh.ig.internationalization.MagicCharacterInspection
2426:             3             96  com.intellij.ide.TypePresentationServiceImpl$PresentationTemplateImpl
2427:             4             96  java.util.regex.Pattern$SliceI
2428:             3             96  com.intellij.internal.statistic.configurable.SendPeriod
2429:             4             96  com.intellij.psi.impl.source.parsing.xml.XmlBuilder$ProcessingOrder
2430:             3             96  com.siyeh.ig.controlflow.IfStatementWithIdenticalBranchesInspection
2431:             3             96  com.siyeh.ig.controlflow.UnnecessaryConditionalExpressionInspection
2432:             3             96  com.siyeh.ig.style.TypeParameterExtendsObjectInspection
2433:             3             96  com.siyeh.ig.visibility.AmbiguousFieldAccessInspection
2434:             2             96  com.intellij.openapi.roots.impl.DirectoryIndexImpl$IndexState
2435:             3             96  com.siyeh.ig.style.ExtendsObjectInspection
2436:             3             96  com.siyeh.ig.controlflow.BreakStatementWithLabelInspection
2437:             3             96  com.siyeh.ig.security.PublicStaticCollectionFieldInspection
2438:             3             96  com.siyeh.ig.internationalization.DateToStringInspection
2439:             3             96  com.siyeh.ig.controlflow.SwitchStatementWithConfusingDeclarationInspection
2440:             3             96  com.siyeh.ig.style.UnnecessarySemicolonInspection
2441:             3             96  com.siyeh.ig.dependency.ClassWithTooManyDependenciesInspection
2442:             3             96  com.siyeh.ig.style.UnnecessarilyQualifiedStaticallyImportedElementInspection
2443:             3             96  com.siyeh.ig.bugs.ImplicitArrayToStringInspection
2444:             3             96  com.siyeh.ig.bugs.SuspiciousSystemArraycopyInspection
2445:             3             96  com.siyeh.ig.memory.ZeroLengthArrayInitializationInspection
2446:             3             96  javax.swing.text.DefaultEditorKit$BeginLineAction
2447:             3             96  com.siyeh.ig.bugs.InstantiationOfUtilityClassInspection
2448:             3             96  com.siyeh.ig.numeric.BigDecimalEqualsInspection
2449:             3             96  com.siyeh.ig.migration.UnnecessaryBoxingInspection
2450:             1             96  sun.security.provider.Sun
2451:             3             96  com.siyeh.ig.cloneable.CloneCallsConstructorsInspection
2452:             3             96  org.jetbrains.generate.tostring.inspection.ClassHasNoToStringMethodInspection
2453:             3             96  com.siyeh.ig.style.SimplifiableAnnotationInspection
2454:             3             96  com.siyeh.ig.assignment.AssignmentToCatchBlockParameterInspection
2455:             3             96  com.siyeh.ig.serialization.ComparatorNotSerializableInspection
2456:             3             96  com.siyeh.ig.performance.InstantiatingObjectToGetClassObjectInspection
2457:             3             96  com.intellij.openapi.vcs.ValueConsumer
2458:             3             96  com.siyeh.ig.performance.BoxingBoxedValueInspection
2459:             3             96  com.siyeh.ig.portability.RuntimeExecInspection
2460:             3             96  com.siyeh.ig.imports.UnusedImportInspection
2461:             3             96  com.siyeh.ig.serialization.ReadResolveAndWriteReplaceProtectedInspection
2462:             3             96  com.siyeh.ig.junit.MisorderedAssertEqualsParametersInspection
2463:             3             96  com.siyeh.ig.numeric.ComparisonToNaNInspection
2464:             3             96  com.siyeh.ig.classlayout.StaticNonFinalFieldInspection
2465:             3             96  com.siyeh.ig.bugs.MismatchedArrayReadWriteInspection
2466:             4             96  com.intellij.openapi.editor.impl.BorderEffect$FoldingOrNewLineGaps
2467:             1             96  sun.font.AttributeValues
2468:             3             96  com.siyeh.ig.assignment.AssignmentToStaticFieldFromInstanceMethodInspection
2469:             3             96  com.siyeh.ig.bugs.IteratorNextDoesNotThrowNoSuchElementExceptionInspection
2470:             3             96  javax.swing.text.DefaultEditorKit$EndLineAction
2471:             4             96  com.intellij.openapi.vcs.RequestsMerger$MyExitAction
2472:             3             96  com.siyeh.ig.threading.ThreadWithDefaultRunMethodInspection
2473:             4             96  de.plushnikov.intellij.lombok.processor.clazz.constructor.RequiredArgsConstructorProcessor
2474:             3             96  com.intellij.codeInspection.unusedSymbol.UnusedSymbolLocalInspection
2475:             3             96  com.siyeh.ig.visibility.MethodOverridesPrivateMethodInspection
2476:             1             96  javax.swing.text.html.HTMLDocument
2477:             3             96  com.siyeh.ig.controlflow.SimplifiableConditionalExpressionInspection
2478:             4             96  git4idea.history.wholeTree.BasePopupAction$1
2479:             2             96  com.intellij.lang.java.lexer.JavaLexer
2480:             3             96  com.siyeh.ig.bugs.MathRandomCastToIntInspection
2481:             3             96  org.apache.commons.lang.text.StrBuilder
2482:             3             96  com.siyeh.ig.initialization.OverridableMethodCallDuringObjectConstructionInspection
2483:             3             96  javax.swing.text.html.HTMLEditorKit$LinkController
2484:             4             96  java.io.FilePermissionCollection
2485:             3             96  com.siyeh.ig.threading.EmptySynchronizedStatementInspection
2486:             3             96  com.siyeh.ig.bugs.SubtractionInCompareToInspection
2487:             1             96  [Lsun.font.FileFont;
2488:             2             96  [Lcom.intellij.execution.BeforeRunTaskProvider;
2489:             3             96  com.siyeh.ig.security.ClassLoaderInstantiationInspection
2490:             3             96  com.siyeh.ig.style.LiteralAsArgToStringEqualsInspection
2491:             3             96  com.siyeh.ig.j2me.InterfaceWithOnlyOneDirectInheritorInspection
2492:             3             96  javax.swing.text.DefaultEditorKit$BeginParagraphAction
2493:             3             96  com.siyeh.ig.initialization.NonFinalStaticVariableUsedInClassInitializationInspection
2494:             3             96  com.siyeh.ig.controlflow.FallthruInSwitchStatementInspection
2495:             3             96  com.siyeh.ig.j2me.AnonymousInnerClassMayBeStaticInspection
2496:             3             96  com.siyeh.ig.resources.DriverManagerGetConnectionInspection
2497:             3             96  com.siyeh.ig.naming.ExceptionNameDoesntEndWithExceptionInspection
2498:             3             96  com.siyeh.ig.bugs.SuspiciousIndentAfterControlStatementInspection
2499:             3             96  com.siyeh.ig.internationalization.StringEqualsIgnoreCaseInspection
2500:             3             96  com.siyeh.ig.finalization.FinalizeNotProtectedInspection
2501:             3             96  com.siyeh.ig.junit.MisspelledSetUpInspection
2502:             4             96  com.intellij.lang.java.parser.DeclarationParser$ListType
2503:             3             96  com.siyeh.ig.javadoc.UnnecessaryInheritDocInspection
2504:             3             96  com.siyeh.ig.junit.ConstantJUnitAssertArgumentInspection
2505:             3             96  com.siyeh.ig.serialization.TransientFieldInNonSerializableClassInspection
2506:             3             96  com.intellij.lang.java.lexer.JavaLexer$HashTable
2507:             3             96  com.siyeh.ig.initialization.OverriddenMethodCallDuringObjectConstructionInspection
2508:             3             96  com.siyeh.ig.portability.UseOfAWTPeerClassInspection
2509:             3             96  com.siyeh.ig.threading.SynchronizeOnLockInspection
2510:             2             96  com.intellij.openapi.actionSystem.DefaultCompactActionGroup
2511:             2             96  com.intellij.openapi.command.impl.UndoableGroup
2512:             3             96  org.jetbrains.plugins.groovy.codeInspection.gpath.GroovySetterCallCanBePropertyAccessInspection
2513:             3             96  com.siyeh.ig.performance.StringBufferToStringInConcatenationInspection
2514:             3             96  javax.swing.text.DefaultEditorKit$EndParagraphAction
2515:             3             96  com.siyeh.ig.style.UnclearBinaryExpressionInspection
2516:             6             96  javax.swing.LayoutComparator
2517:             1             96  com.intellij.xdebugger.impl.XDebuggerSupport
2518:             3             96  com.siyeh.ig.security.NonStaticInnerClassInSecureContextInspection
2519:             3             96  com.siyeh.ig.internationalization.CharacterComparisonInspection
2520:             4             96  com.google.common.collect.AbstractIterator$State
2521:             4             96  com.intellij.openapi.vcs.impl.VcsBackgroundableActions
2522:             3             96  com.siyeh.ig.maturity.TodoCommentInspection
2523:             3             96  com.siyeh.ig.inheritance.RedundantMethodOverrideInspection
2524:             3             96  com.siyeh.ig.style.UnnecessaryCallToStringValueOfInspection
2525:             3             96  com.siyeh.ig.errorhandling.ReturnFromFinallyBlockInspection
2526:             3             96  com.siyeh.ig.inheritance.ExtendsConcreteCollectionInspection
2527:             3             96  com.siyeh.ig.numeric.BadOddnessInspection
2528:             3             96  com.siyeh.ig.controlflow.ContinueStatementInspection
2529:             3             96  com.siyeh.ig.serialization.ExternalizableWithoutPublicNoArgConstructorInspection
2530:             3             96  com.siyeh.ig.controlflow.NestedConditionalExpressionInspection
2531:             3             96  com.intellij.codeInspection.duplicatePropertyInspection.DuplicatePropertyInspection
2532:             3             96  com.siyeh.ig.performance.DynamicRegexReplaceableByCompiledPatternInspection
2533:             3             96  com.siyeh.ig.logging.LoggingConditionDisagreesWithLogStatementInspection
2534:             3             96  com.intellij.codeInspection.suspiciousNameCombination.SuspiciousNameCombinationInspection
2535:             3             96  com.siyeh.ig.threading.NotifyNotInSynchronizedContextInspection
2536:             3             96  com.siyeh.ig.style.ConstantOnLHSOfComparisonInspection
2537:             3             96  com.siyeh.ig.methodmetrics.MethodWithMultipleLoopsInspection
2538:             3             96  com.siyeh.ig.modularization.ModuleWithTooFewClassesInspection
2539:             3             96  com.siyeh.ig.bugs.ClassNewInstanceInspection
2540:             3             96  com.siyeh.ig.threading.CallToNativeMethodWhileLockedInspection
2541:             3             96  com.siyeh.ig.cloneable.CloneDeclaresCloneNotSupportedInspection
2542:             3             96  com.siyeh.ig.threading.WaitWhileHoldingTwoLocksInspection
2543:             3             96  com.siyeh.ig.junit.BeforeClassOrAfterClassIsPublicStaticVoidNoArgInspection
2544:             3             96  com.siyeh.ig.classlayout.FinalPrivateMethodInspection
2545:             3             96  com.siyeh.ig.visibility.TypeParameterHidesVisibleTypeInspection
2546:             3             96  com.siyeh.ig.style.ConfusingOctalEscapeInspection
2547:             3             96  org.jetbrains.plugins.groovy.codeInspection.threading.GroovyDoubleCheckedLockingInspection
2548:             4             96  com.sun.java.swing.plaf.gtk.GTKConstants$PositionType
2549:             3             96  com.siyeh.ig.security.LoadLibraryWithNonConstantStringInspection
2550:             6             96  com.intellij.util.containers.MostlySingularMultiMap
2551:             2             96  [Ljava.nio.ByteBuffer;
2552:             3             96  com.siyeh.ig.imports.SamePackageImportInspection
2553:             3             96  com.siyeh.ig.naming.OverloadedVarargsMethodInspection
2554:             3             96  com.siyeh.ig.modularization.ModuleWithTooManyClassesInspection
2555:             3             96  com.intellij.codeInspection.RedundantSuppressInspection
2556:             3             96  com.siyeh.ig.bugs.StringEqualityInspection
2557:             3             96  com.siyeh.ig.dataflow.ConstantValueVariableUseInspection
2558:             2             96  com.intellij.psi.impl.smartPointers.SelfElementInfo
2559:             4             96  com.intellij.util.Alarm$ThreadToUse
2560:             3             96  com.siyeh.ig.naming.ConfusingMainMethodInspection
2561:             3             96  com.siyeh.ig.performance.ManualArrayCopyInspection
2562:             3             96  com.siyeh.ig.jdk.AnnotationInspection
2563:             3             96  com.siyeh.ig.serialization.ReadObjectAndWriteObjectPrivateInspection
2564:             4             96  com.intellij.openapi.roots.impl.ProjectRootManagerImpl$BatchSession
2565:             4             96  com.intellij.util.containers.StripedLockConcurrentHashMap
2566:             3             96  com.siyeh.ig.classlayout.PublicConstructorInNonPublicClassInspection
2567:             3             96  com.siyeh.ig.performance.ConstantStringInternInspection
2568:             3             96  com.siyeh.ig.errorhandling.ContinueOrBreakFromFinallyBlockInspection
2569:             4             96  com.intellij.openapi.extensions.impl.AreaPicoContainerImpl
2570:             3             96  com.siyeh.ig.memory.StringBufferFieldInspection
2571:             3             96  com.siyeh.ig.controlflow.SwitchStatementInspection
2572:             4             96  com.intellij.patterns.compiler.PatternCompilerImpl
2573:             4             96  de.plushnikov.intellij.lombok.processor.clazz.SingletonProcessor
2574:             3             96  com.siyeh.ig.threading.WaitOrAwaitWithoutTimeoutInspection
2575:             4             96  com.intellij.util.io.PersistentHashMapValueStorage$CachedAppender
2576:             3             96  com.siyeh.ig.performance.BooleanConstructorInspection
2577:             3             96  com.siyeh.ig.junit.JUnit3StyleTestMethodInJUnit4ClassInspection
2578:             3             96  com.siyeh.ig.errorhandling.CheckedExceptionClassInspection
2579:             3             96  com.siyeh.ig.jdk.VarargParameterInspection
2580:             3             96  com.siyeh.ig.style.ReturnThisInspection
2581:             3             96  com.siyeh.ig.classlayout.PublicConstructorInspection
2582:             3             96  com.siyeh.ig.maturity.SuppressionAnnotationInspection
2583:             3             96  com.siyeh.ig.threading.AwaitWithoutCorrespondingSignalInspection
2584:             1             96  [Lsun.font.CompositeFont;
2585:             3             96  com.siyeh.ig.bugs.NewStringBufferWithCharArgumentInspection
2586:             3             96  com.siyeh.ig.junit.TestCaseWithConstructorInspection
2587:             3             96  com.intellij.openapi.fileTypes.impl.FileTypeAssocTable
2588:             3             96  com.intellij.codeInspection.emptyMethod.EmptyMethodInspection
2589:             3             96  com.siyeh.ig.junit.TeardownCallsSuperTeardownInspection
2590:             3             96  com.siyeh.ig.performance.SubstringZeroInspection
2591:             3             96  com.siyeh.ig.bugs.InstanceofIncompatibleInterfaceInspection
2592:             3             96  org.jetbrains.plugins.groovy.codeInspection.metrics.GroovyOverlyComplexMethodInspection
2593:             3             96  com.siyeh.ig.style.ConstantOnRHSOfComparisonInspection
2594:             6             96  com.intellij.formatting.Indent$Type
2595:             2             96  sun.java2d.loops.Blit$GeneralMaskBlit
2596:             3             96  com.siyeh.ig.bugs.EqualsBetweenInconvertibleTypesInspection
2597:             3             96  com.siyeh.ig.numeric.UnnecessaryUnaryMinusInspection
2598:             6             96  sun.java2d.pipe.TextRenderer
2599:             4             96  de.plushnikov.intellij.lombok.processor.clazz.DataProcessor
2600:             4             96  com.intellij.codeHighlighting.TextEditorHighlightingPassRegistrar$Anchor
2601:             3             96  com.siyeh.ig.inheritance.AbstractClassNeverImplementedInspection
2602:             4             96  com.intellij.execution.ui.ConsoleViewContentType
2603:             3             96  com.siyeh.ig.classlayout.ClassInitializerInspection
2604:             3             96  com.siyeh.ig.visibility.ClassEscapesItsScopeInspection
2605:             3             96  org.intellij.lang.xpath.xslt.validation.inspections.XsltDeclarationInspection
2606:             3             96  com.siyeh.ig.errorhandling.EmptyFinallyBlockInspection
2607:             3             96  com.siyeh.ig.inheritance.AbstractMethodOverridesConcreteMethodInspection
2608:             3             96  com.siyeh.ig.controlflow.UnnecessaryDefaultInspection
2609:             3             96  com.siyeh.ig.numeric.FloatingPointEqualityInspection
2610:             3             96  com.siyeh.ig.performance.RedundantStringFormatCallInspection
2611:             3             96  com.siyeh.ig.junit.ParameterizedParametersStaticCollectionInspection
2612:             3             96  com.siyeh.ig.performance.MapReplaceableByEnumMapInspection
2613:             3             96  com.siyeh.ig.threading.VolatileArrayFieldInspection
2614:             3             96  com.siyeh.ig.numeric.IntegerDivisionInFloatingPointContextInspection
2615:             2             96  [Lorg.zmlx.hg4idea.HgFileStatusEnum;
2616:             3             96  com.siyeh.ig.bugs.CastConflictsWithInstanceofInspection
2617:             3             96  com.siyeh.ig.style.UnqualifiedFieldAccessInspection
2618:             3             96  com.siyeh.ig.bitwise.IncompatibleMaskInspection
2619:             4             96  org.jetbrains.idea.devkit.inspections.RegistrationProblemsInspection
2620:             3             96  com.siyeh.ig.migration.IndexOfReplaceableByContainsInspection
2621:             1             96  org.intellij.images.util.imageio.SanselanImageReaderSpi
2622:             3             96  com.siyeh.ig.bugs.ObjectEqualsNullInspection
2623:             3             96  com.siyeh.ig.junit.AssertEqualsMayBeAssertSameInspection
2624:             3             96  com.siyeh.ig.threading.ThreadLocalNotStaticFinalInspection
2625:             3             96  com.siyeh.ig.bugs.NonShortCircuitBooleanInspection
2626:             3             96  com.siyeh.ig.numeric.OctalAndDecimalIntegersMixedInspection
2627:             2             96  com.intellij.openapi.vfs.encoding.EncodingProjectManagerImpl
2628:             3             96  com.siyeh.ig.junit.SetupCallsSuperSetupInspection
2629:             3             96  com.siyeh.ig.bugs.CastToIncompatibleInterfaceInspection
2630:             4             96  com.intellij.formatting.WrapType
2631:             3             96  com.siyeh.ig.performance.CollectionsMustHaveInitialCapacityInspection
2632:             3             96  com.siyeh.ig.threading.NestedSynchronizedStatementInspection
2633:             3             96  com.intellij.codeInspection.duplicateStringLiteral.DuplicateStringLiteralInspection
2634:             3             96  com.siyeh.ig.junit.AssertsWithoutMessagesInspection
2635:             3             96  com.siyeh.ig.logging.StringConcatenationArgumentToLogCallInspection
2636:             6             96  com.intellij.psi.impl.InheritanceImplUtil$1
2637:             3             96  javax.swing.text.JTextComponent$DefaultKeymap
2638:             3             96  com.siyeh.ig.numeric.CachedNumberConstructorCallInspection
2639:             3             96  com.intellij.codeInsight.daemon.impl.SeverityRegistrar
2640:             3             96  com.siyeh.ig.jdk.ForeachStatementInspection
2641:             3             96  com.siyeh.ig.controlflow.ConditionalExpressionWithIdenticalBranchesInspection
2642:             3             96  com.siyeh.ig.classlayout.ProtectedMemberInFinalClassInspection
2643:             3             96  com.siyeh.ig.style.UnnecessaryInterfaceModifierInspection
2644:             3             96  org.jetbrains.plugins.scala.codeInspection.infiniteCycle.LoopVariableNotUpdatedInspection
2645:             3             96  com.siyeh.ig.classlayout.AnonymousInnerClassInspection
2646:             3             96  com.siyeh.ig.jdk.EnumClassInspection
2647:             3             96  com.siyeh.ig.performance.ClassInitializerMayBeStaticInspection
2648:             6             96  java.lang.Boolean
2649:             3             96  com.siyeh.ig.performance.StringConcatenationInsideStringBufferAppendInspection
2650:             3             96  com.siyeh.ig.style.UnnecessaryEnumModifierInspection
2651:             3             96  com.siyeh.ig.errorhandling.CaughtExceptionImmediatelyRethrownInspection
2652:             3             96  com.siyeh.ig.imports.OnDemandImportInspection
2653:             3             96  com.siyeh.ig.style.UnnecessaryQualifierForThisInspection
2654:             3             96  com.siyeh.ig.bugs.InnerClassReferencedViaSubclassInspection
2655:             4             96  com.intellij.openapi.application.impl.ApplicationImpl$9
2656:             3             96  com.siyeh.ig.style.UnqualifiedMethodAccessInspection
2657:             4             96  git4idea.history.wholeTree.StepType
2658:             2             96  com.intellij.lexer.LayeredLexer
2659:             3             96  com.siyeh.ig.numeric.LongLiteralsEndingWithLowercaseLInspection
2660:             3             96  com.siyeh.ig.security.CloneableClassInSecureContextInspection
2661:             3             96  com.siyeh.ig.classlayout.NonFinalUtilityClassInspection
2662:             3             96  com.intellij.codeInspection.redundantCast.RedundantCastInspection
2663:             3             96  com.siyeh.ig.style.UnnecessarySuperConstructorInspection
2664:             2             96  com.intellij.lexer.JavaHighlightingLexer
2665:             3             96  com.siyeh.ig.migration.UnnecessaryUnboxingInspection
2666:             3             96  com.siyeh.ig.j2me.SingleCharacterStartsWithInspection
2667:             2             96  com.intellij.xml.breadcrumbs.BreadcrumbsXmlWrapper
2668:             3             96  com.siyeh.ig.style.StringBufferReplaceableByStringInspection
2669:             3             96  com.siyeh.ig.style.UnnecessaryConstantArrayCreationExpressionInspection
2670:             3             96  com.siyeh.ig.controlflow.LoopStatementsThatDontLoopInspection
2671:             4             96  com.intellij.ui.tabs.impl.JBTabsImpl$Max
2672:             3             96  com.siyeh.ig.security.SystemPropertiesInspection
2673:             3             96  com.siyeh.ig.security.JDBCExecuteWithNonConstantStringInspection
2674:             3             96  com.siyeh.ig.controlflow.TrivialIfInspection
2675:             3             96  org.apache.velocity.runtime.parser.Parser$LookaheadSuccess
2676:             3             96  com.siyeh.ig.errorhandling.ThrowsRuntimeExceptionInspection
2677:             3             96  com.siyeh.ig.migration.CollectionsFieldAccessReplaceableByMethodCallInspection
2678:             3             96  com.siyeh.ig.abstraction.ClassReferencesSubclassInspection
2679:             3             96  com.siyeh.ig.bugs.StaticFieldReferenceOnSubclassInspection
2680:             3             96  com.siyeh.ig.junit.AssertEqualsCalledOnArrayInspection
2681:             4             96  com.intellij.lang.properties.parsing.PropertiesElementType
2682:             4             96  javax.swing.text.html.StyleSheet$LargeConversionSet
2683:             3             96  com.siyeh.ig.performance.UnnecessaryTemporaryOnConversionToStringInspection
2684:             3             96  com.siyeh.ig.bugs.CompareToUsesNonFinalVariableInspection
2685:             3             96  com.intellij.util.ui.tree.TreeUtil$3
2686:             3             96  com.siyeh.ig.memory.SystemGCInspection
2687:             2             96  com.intellij.debugger.impl.DebuggerManagerImpl
2688:             2             96  com.intellij.ui.TableExpandableItemsHandler
2689:             4             96  java.util.regex.Pattern$Dollar
2690:             3             96  com.siyeh.ig.threading.NakedNotifyInspection
2691:             3             96  com.intellij.openapi.projectRoots.impl.ProjectRootContainerImpl
2692:             3             96  com.siyeh.ig.numeric.UnaryPlusInspection
2693:             4             96  org.jetbrains.plugins.groovy.codeInspection.unassignedVariable.UnassignedVariableAccessInspection
2694:             3             96  com.siyeh.ig.junit.StaticSuiteInspection
2695:             4             96  org.intellij.plugins.intelliLang.Configuration$DfaOption
2696:             3             96  com.intellij.util.ui.tree.TreeUtil$4
2697:             4             96  de.plushnikov.intellij.lombok.processor.field.DelegateFieldProcessor
2698:             4             96  com.intellij.util.pico.IdeaPicoContainer$MyComponentAdapterFactory
2699:             2             96  java.awt.LightweightDispatcher
2700:             3             96  com.siyeh.ig.performance.JavaLangReflectInspection
2701:             3             96  com.siyeh.ig.performance.EqualsHashCodeCalledOnUrlInspection
2702:             3             96  com.siyeh.ig.serialization.SerializableWithUnconstructableAncestorInspection
2703:             3             96  com.siyeh.ig.junit.JUnitDatapointInspection
2704:             3             96  org.jetbrains.plugins.groovy.codeInspection.metrics.GroovyOverlyNestedMethodInspection
2705:             3             96  com.siyeh.ig.bugs.MisspelledCompareToInspection
2706:             3             96  com.siyeh.ig.portability.SystemGetenvInspection
2707:             4             96  com.intellij.openapi.compiler.generic.GenericCompiler$CompileOrderPlace
2708:             3             96  com.intellij.util.ui.tree.TreeUtil$5
2709:             3             96  java.util.concurrent.SynchronousQueue
2710:             3             96  com.siyeh.ig.performance.LengthOneStringsInConcatenationInspection
2711:             4             96  com.intellij.openapi.editor.impl.EditorGutterComponentImpl$7
2712:             3             96  org.jetbrains.plugins.groovy.codeInspection.metrics.GroovyOverlyLongMethodInspection
2713:             2             96  git4idea.actions.GitMenu
2714:             3             96  com.siyeh.ig.dataflow.ReuseOfLocalVariableInspection
2715:             3             96  com.siyeh.ig.numeric.ConfusingFloatingPointLiteralInspection
2716:             3             96  com.intellij.util.ui.tree.TreeUtil$6
2717:             3             96  com.siyeh.ig.performance.StringBufferMustHaveInitialCapacityInspection
2718:             4             96  de.plushnikov.intellij.lombok.processor.clazz.EqualsAndHashCodeProcessor
2719:             3             96  org.jetbrains.plugins.groovy.codeInspection.gpath.GroovyMapPutCanBeKeyedAccessInspection
2720:             3             96  com.siyeh.ig.finalization.NoExplicitFinalizeCallsInspection
2721:             3             96  com.siyeh.ig.migration.WhileCanBeForeachInspection
2722:             3             96  com.siyeh.ig.j2me.ArrayLengthInLoopConditionInspection
2723:             3             96  com.siyeh.ig.junit.ExpectedExceptionNeverThrownInspection
2724:             3             96  com.siyeh.ig.internationalization.StringCompareToInspection
2725:             4             96  com.intellij.codeInspection.dataFlow.instructions.MethodCallInstruction$MethodType
2726:             3             96  com.siyeh.ig.style.MultipleTypedDeclarationInspection
2727:             3             96  com.siyeh.ig.junit.IgnoredJUnitTestInspection
2728:             3             96  com.siyeh.ig.controlflow.UnnecessaryLabelOnBreakStatementInspection
2729:             3             96  com.siyeh.ig.threading.PublicFieldAccessedInSynchronizedContextInspection
2730:             3             96  com.siyeh.ig.assignment.AssignmentToSuperclassFieldInspection
2731:             3             96  com.siyeh.ig.imports.SingleClassImportInspection
2732:             3             96  com.siyeh.ig.assignment.NestedAssignmentInspection
2733:             3             96  com.siyeh.ig.numeric.CharUsedInArithmeticContextInspection
2734:             3             96  com.siyeh.ig.portability.UseOfProcessBuilderInspection
2735:             3             96  com.siyeh.ig.controlflow.ConstantConditionalExpressionInspection
2736:             3             96  com.siyeh.ig.security.UnsecureRandomNumberGenerationInspection
2737:             3             96  com.siyeh.ig.inheritance.StaticInheritanceInspection
2738:             6             96  com.intellij.psi.impl.source.PsiImmediateClassType$1
2739:             3             96  com.siyeh.ig.bugs.MisspelledEqualsInspection
2740:             4             96  org.jetbrains.plugins.scala.codeInspection.parameters.NameBooleanParametersInspection
2741:             4             96  com.intellij.codeInsight.daemon.impl.SeverityRegistrar$3
2742:             3             96  com.siyeh.ig.junit.BeforeOrAfterIsPublicVoidNoArgInspection
2743:             4             96  com.intellij.codeInspection.duplicateThrows.DuplicateThrowsInspection
2744:             4             96  com.intellij.codeInspection.deprecation.DeprecationInspection
2745:             4             96  com.intellij.codeInsight.hint.TooltipGroup
2746:             1             96  sun.awt.X11.XToolkit
2747:             3             96  com.siyeh.ig.errorhandling.ThrowFromFinallyBlockInspection
2748:             3             96  com.siyeh.ig.imports.JavaLangImportInspection
2749:             3             96  com.siyeh.ig.serialization.ReadObjectInitializationInspection
2750:             3             96  com.siyeh.ig.dependency.ClassWithTooManyDependentsInspection
2751:             3             96  com.siyeh.ig.encapsulation.ProtectedFieldInspection
2752:             4             96  com.intellij.openapi.components.impl.BasePathMacroManager$MyTrackingPathMacroSubstitutor$1
2753:             3             96  com.siyeh.ig.threading.SynchronizationOnStaticFieldInspection
2754:             2             96  com.intellij.openapi.module.impl.ModuleManagerImpl$ModuleModelImpl
2755:             4             96  com.intellij.openapi.components.impl.ServiceManagerImpl$1
2756:             3             96  com.siyeh.ig.bugs.MalformedRegexInspection
2757:             3             96  com.siyeh.ig.jdk.AssertStatementInspection
2758:             3             96  com.siyeh.ig.security.NonFinalCloneInspection
2759:             3             96  com.siyeh.ig.classlayout.ClassInTopLevelPackageInspection
2760:             3             96  com.siyeh.ig.bugs.ReflectionForUnavailableAnnotationInspection
2761:             3             96  com.siyeh.ig.bugs.AssertWithSideEffectsInspection
2762:             3             96  com.siyeh.ig.junit.TestMethodInProductCodeInspection
2763:             3             96  com.siyeh.ig.errorhandling.NonFinalFieldOfExceptionInspection
2764:             3             96  com.siyeh.ig.bugs.ThrowableInstanceNeverThrownInspection
2765:             1             96  com.intellij.debugger.ui.JavaDebuggerSupport
2766:             3             96  com.siyeh.ig.j2me.ConnectionResourceInspection
2767:             3             96  com.siyeh.ig.bugs.ArrayHashCodeInspection
2768:             3             96  com.siyeh.ig.security.SystemSetSecurityManagerInspection
2769:             3             96  com.siyeh.ig.bugs.UseOfPropertiesAsHashtableInspection
2770:             3             96  javax.swing.text.StyledEditorKit$FontFamilyAction
2771:             4             96  [Lcom.intellij.codeInspection.reference.EntryPoint;
2772:             3             96  com.siyeh.ig.bugs.ComparatorMethodParameterNotUsedInspection
2773:             6             96  sun.rmi.transport.tcp.TCPChannel$1
2774:             3             96  com.siyeh.ig.performance.ObjectAllocationInLoopInspection
2775:             3             96  com.siyeh.ig.initialization.ThisEscapedInConstructorInspection
2776:             4             96  java.math.MathContext
2777:             3             96  com.siyeh.ig.redundancy.UnusedLabelInspection
2778:             3             96  com.siyeh.ig.bugs.MisspelledHashcodeInspection
2779:             3             96  com.siyeh.ig.j2me.SimplifiableIfStatementInspection
2780:             3             96  org.apache.velocity.runtime.parser.JJTParserState
2781:             4             96  com.intellij.openapi.editor.event.VisibleAreaEvent
2782:             3             96  org.jetbrains.idea.maven.dom.generate.MavenGenerateDomElementProvider
2783:             3             96  org.jetbrains.plugins.groovy.codeInspection.assignment.GroovyAssignmentCanBeOperatorAssignmentInspection
2784:             6             96  com.intellij.openapi.vcs.impl.$Proxy58
2785:             3             96  com.siyeh.ig.style.ListIndexOfReplaceableByContainsInspection
2786:             3             96  com.siyeh.ig.threading.SystemRunFinalizersOnExitInspection
2787:             3             96  com.siyeh.ig.maturity.SystemOutErrInspection
2788:             3             96  com.siyeh.ig.controlflow.ConstantIfStatementInspection
2789:             3             96  com.siyeh.ig.performance.LengthOneStringInIndexOfInspection
2790:             3             96  org.jetbrains.idea.maven.execution.MavenExecutionOptions$ChecksumPolicy
2791:             3             96  com.siyeh.ig.portability.UseOfSunClassesInspection
2792:             4             96  com.intellij.util.xml.impl.SofterCache
2793:             3             96  com.siyeh.ig.serialization.NonSerializableObjectBoundToHttpSessionInspection
2794:             3             96  com.intellij.codeInspection.unusedReturnValue.UnusedReturnValue
2795:             1             96  javax.swing.plaf.basic.BasicListUI
2796:             4             96  com.intellij.openapi.components.impl.BasePathMacroManager$MyTrackingPathMacroSubstitutor$2
2797:             4             96  com.intellij.tasks.TaskType
2798:             3             96  com.siyeh.ig.performance.StringEqualsEmptyStringInspection
2799:             2             96  com.intellij.ui.FocusTrackback
2800:             3             96  com.siyeh.ig.performance.CollectionContainsUrlInspection
2801:             3             96  com.siyeh.ig.performance.RandomDoubleForRandomIntegerInspection
2802:             3             96  com.siyeh.ig.visibility.AmbiguousMethodCallInspection
2803:             3             96  com.siyeh.ig.errorhandling.ThreadDeathRethrownInspection
2804:             3             96  org.jetbrains.plugins.groovy.codeInspection.metrics.GroovyMultipleReturnPointsPerMethodInspection
2805:             3             96  com.siyeh.ig.maturity.ThrowablePrintStackTraceInspection
2806:             4             96  org.intellij.plugins.xpathView.search.SearchScope$ScopeType
2807:             3             96  com.siyeh.ig.serialization.SerialVersionUIDNotStaticFinalInspection
2808:             2             96  sun.awt.image.URLImageSource
2809:             4             96  com.intellij.lang.BracePair
2810:             3             96  com.siyeh.ig.errorhandling.NestedTryStatementInspection
2811:             3             96  com.siyeh.ig.classlayout.ClassNameDiffersFromFileNameInspection
2812:             3             96  com.siyeh.ig.j2me.MethodCallInLoopConditionInspection
2813:             3             96  com.siyeh.ig.threading.NonSynchronizedMethodOverridesSynchronizedMethodInspection
2814:             3             96  com.siyeh.ig.packaging.PackageWithTooManyClassesInspection
2815:             3             96  com.siyeh.ig.style.ControlFlowStatementWithoutBracesInspection
2816:             3             96  com.siyeh.ig.controlflow.InfiniteLoopStatementInspection
2817:             3             96  com.siyeh.ig.threading.NotifyCalledOnConditionInspection
2818:             6             96  java.net.SocksSocketImpl$3
2819:             4             96  [Lcom.intellij.psi.impl.compiled.ClsJavaCodeReferenceElementImpl;
2820:             3             96  javax.swing.text.StyledEditorKit$AlignmentAction
2821:             4             96  org.intellij.plugins.intelliLang.util.AnnotationUtilEx$LookupType
2822:             3             96  com.siyeh.ig.internationalization.TimeToStringInspection
2823:             3             96  com.siyeh.ig.bugs.ComparableImplementedButEqualsNotOverriddenInspection
2824:             6             96  com.intellij.execution.testframework.TestSearchScope$Wrapper
2825:             3             96  com.intellij.openapi.wm.impl.DesktopLayout
2826:             3             96  com.siyeh.ig.bugs.MismatchedStringBuilderQueryUpdateInspection
2827:             3             96  org.apache.log4j.helpers.PatternParser$BasicPatternConverter
2828:             3             96  com.siyeh.ig.style.EqualsCalledOnEnumConstantInspection
2829:             3             96  com.siyeh.ig.classlayout.FinalClassInspection
2830:             3             96  com.siyeh.ig.bugs.MalformedXPathInspection
2831:             4             96  sun.awt.OSInfo$OSType
2832:             2             96  [Lcom.intellij.openapi.editor.colors.EditorFontType;
2833:             3             96  com.intellij.openapi.extensions.LoadingOrder
2834:             4             96  org.jboss.netty.channel.ChannelState
2835:             3             96  com.siyeh.ig.jdk.AnnotationClassInspection
2836:             3             96  com.siyeh.ig.errorhandling.InstanceofCatchParameterInspection
2837:             3             96  com.siyeh.ig.bugs.NumberEqualityInspection
2838:             3             96  org.jetbrains.plugins.groovy.codeInspection.confusing.GroovyOverlyComplexBooleanExpressionInspection
2839:             3             96  org.jetbrains.plugins.groovy.codeInspection.threading.GroovyWhileLoopSpinsOnFieldInspection
2840:             3             96  com.siyeh.ig.junit.MisspelledTearDownInspection
2841:             3             96  com.siyeh.ig.classlayout.MissingDeprecatedAnnotationInspection
2842:             3             96  com.siyeh.ig.performance.UnnecessaryTemporaryOnConversionFromStringInspection
2843:             2             96  com.intellij.lang.java.lexer.JavaDocLexer$AsteriskStripperLexer
2844:             3             96  com.siyeh.ig.bugs.PrimitiveArrayArgumentToVariableArgMethodInspection
2845:             3             96  com.siyeh.ig.bugs.ArrayEqualsInspection
2846:             3             96  com.siyeh.ig.junit.SetupIsPublicVoidNoArgInspection
2847:             3             96  com.siyeh.ig.bugs.StaticCallOnSubclassInspection
2848:             3             96  com.siyeh.ig.style.ChainedEqualityInspection
2849:             3             96  com.siyeh.ig.naming.MethodNameSameAsParentNameInspection
2850:             4             96  com.intellij.codeInsight.generation.GenerateGetterHandler
2851:             3             96  com.siyeh.ig.bugs.ForLoopThatDoesntUseLoopVariableInspection
2852:             3             96  com.siyeh.ig.bugs.VariableNotUsedInsideIfInspection
2853:             3             96  com.siyeh.ig.controlflow.LabeledStatementInspection
2854:             3             96  com.siyeh.ig.logging.PlaceholderCountMatchesArgumentCountInspection
2855:             3             96  com.siyeh.ig.bugs.NullArgumentToVariableArgMethodInspection
2856:             3             96  com.siyeh.ig.errorhandling.ErrorRethrownInspection
2857:             3             96  com.siyeh.ig.classlayout.MultipleTopLevelClassesInFileInspection
2858:             3             96  com.intellij.codeInspection.nullable.NullableStuffInspection
2859:             3             96  com.siyeh.ig.naming.MethodNameSameAsClassNameInspection
2860:             3             96  com.siyeh.ig.naming.DollarSignInNameInspection
2861:             3             96  com.siyeh.ig.j2me.AbstractClassWithOnlyOneDirectInheritorInspection
2862:             3             96  com.siyeh.ig.bugs.ResultOfObjectAllocationIgnoredInspection
2863:             4             96  de.plushnikov.intellij.lombok.processor.clazz.constructor.AllArgsConstructorProcessor
2864:             3             96  com.siyeh.ig.performance.InnerClassMayBeStaticInspection
2865:             3             96  com.siyeh.ig.migration.EnumerationCanBeIterationInspection
2866:             4             96  com.intellij.lexer.BaseHtmlLexer$1
2867:             3             96  com.siyeh.ig.threading.NotifyWithoutCorrespondingWaitInspection
2868:             3             96  com.siyeh.ig.numeric.NonReproducibleMathCallInspection
2869:             2             96  com.intellij.psi.impl.file.impl.JavaFileManagerImpl
2870:             3             96  com.siyeh.ig.threading.VolatileLongOrDoubleFieldInspection
2871:             3             96  com.siyeh.ig.controlflow.ContinueStatementWithLabelInspection
2872:             3             96  org.jetbrains.idea.maven.execution.MavenExecutionOptions$PluginUpdatePolicy
2873:             3             96  com.siyeh.ig.threading.ExtendsThreadInspection
2874:             2             96  com.intellij.util.keyFMap.MapBackedFMap
2875:             3             96  com.siyeh.ig.classlayout.FinalStaticMethodInspection
2876:             3             96  com.siyeh.ig.numeric.DivideByZeroInspection
2877:             4             96  com.intellij.psi.impl.source.ClassInnerStuffCache$1
2878:             4             96  com.intellij.psi.impl.ElementBase$IconLayer
2879:             4             96  de.plushnikov.intellij.lombok.processor.field.EnumIdFieldProcessor
2880:             3             96  com.intellij.openapi.vcs.changes.VirtualFileHolder
2881:             3             96  com.siyeh.ig.bugs.HashCodeUsesNonFinalVariableInspection
2882:             3             96  com.siyeh.ig.j2me.PrivateMemberAccessBetweenOuterAndInnerClassInspection
2883:             3             96  com.siyeh.ig.controlflow.NestedSwitchStatementInspection
2884:             3             96  com.siyeh.ig.controlflow.DuplicateBooleanBranchInspection
2885:             3             96  com.siyeh.ig.maturity.ThreadDumpStackInspection
2886:             3             96  org.jetbrains.plugins.groovy.codeInspection.metrics.GroovyMethodParameterCountInspection
2887:             3             96  com.siyeh.ig.performance.FieldMayBeStaticInspection
2888:             3             96  com.siyeh.ig.controlflow.BreakStatementInspection
2889:             3             96  com.siyeh.ig.visibility.AnonymousClassVariableHidesContainingMethodVariableInspection
2890:             3             96  com.siyeh.ig.performance.KeySetIterationMayUseEntrySetInspection
2891:             3             96  com.intellij.codeInspection.varScopeCanBeNarrowed.FieldCanBeLocalInspection
2892:             3             96  com.siyeh.ig.performance.StringToStringInspection
2893:             3             96  com.siyeh.ig.classlayout.ConstantDeclaredInInterfaceInspection
2894:             3             96  com.siyeh.ig.threading.UnconditionalWaitInspection
2895:             3             96  com.siyeh.ig.bugs.MisspelledToStringInspection
2896:             3             96  com.siyeh.ig.bugs.InfiniteRecursionInspection
2897:             3             96  com.siyeh.ig.threading.SignalWithoutCorrespondingAwaitInspection
2898:             3             96  com.siyeh.ig.jdk.EnumAsNameInspection
2899:             3             96  com.siyeh.ig.classlayout.SingletonInspection
2900:             3             96  com.siyeh.ig.bugs.EmptyInitializerInspection
2901:             2             96  com.intellij.ui.table.JBTable$1
2902:             3             96  com.siyeh.ig.naming.ClassNameSameAsAncestorNameInspection
2903:             3             96  com.siyeh.ig.junit.UnconstructableTestCaseInspection
2904:             3             96  org.intellij.plugins.intelliLang.pattern.PatternValidator
2905:             3             96  com.siyeh.ig.inheritance.AbstractClassWithoutAbstractMethodsInspection
2906:             3             96  com.siyeh.ig.threading.ThreadPriorityInspection
2907:             3             96  com.siyeh.ig.abstraction.InstanceofThisInspection
2908:             3             96  com.siyeh.ig.threading.SleepWhileHoldingLockInspection
2909:             4             96  sun.reflect.UnsafeLongFieldAccessorImpl
2910:             4             96  com.intellij.openapi.vcs.changes.committed.CommittedChangesBrowserUseCase
2911:             3             96  com.siyeh.ig.controlflow.LoopWithImplicitTerminationConditionInspection
2912:             3             96  com.siyeh.ig.internationalization.NumericToStringInspection
2913:             3             96  com.siyeh.ig.dataflow.OrredNotEqualExpressionInspection
2914:             3             96  com.siyeh.ig.threading.WaitNotInLoopInspection
2915:             3             96  com.siyeh.ig.portability.HardcodedLineSeparatorsInspection
2916:             3             96  com.siyeh.ig.threading.MethodMayBeSynchronizedInspection
2917:             4             96  com.intellij.openapi.fileEditor.FileEditorPolicy
2918:             3             96  com.siyeh.ig.serialization.NonSerializableObjectPassedToObjectStreamInspection
2919:             1             96  com.intellij.openapi.actionSystem.impl.ActionManagerImpl
2920:             4             96  com.intellij.psi.impl.cache.impl.todo.TodoIndexEntry
2921:             3             96  com.siyeh.ig.inheritance.ExtendsAnnotationInspection
2922:             3             96  com.siyeh.ig.numeric.OctalLiteralInspection
2923:             4             96  com.intellij.openapi.wm.impl.ToolWindowManagerImpl$KeyState
2924:             3             96  com.intellij.codeInspection.localCanBeFinal.LocalCanBeFinal
2925:             4             96  [Lcom.intellij.openapi.wm.impl.InternalDecoratorListener;
2926:             4             96  com.intellij.psi.PsiReferenceList$Role
2927:             3             96  com.siyeh.ig.bitwise.ShiftOutOfRangeInspection
2928:             3             96  com.siyeh.ig.threading.WaitCalledOnConditionInspection
2929:             3             96  com.siyeh.ig.inheritance.TypeParameterExtendsFinalClassInspection
2930:             3             96  com.siyeh.ig.internationalization.StringEqualsInspection
2931:             3             96  com.siyeh.ig.threading.ConditionSignalInspection
2932:             2             96  com.intellij.execution.actions.RunContextAction
2933:             3             96  com.siyeh.ig.initialization.AbstractMethodCallInConstructorInspection
2934:             3             96  com.siyeh.ig.threading.SynchronizeOnThisInspection
2935:             3             96  com.intellij.debugger.ui.tree.render.CompoundReferenceRenderer
2936:             4             96  com.intellij.codeInsight.daemon.impl.analysis.FileHighlightingSetting
2937:             4             96  com.intellij.lang.java.parser.DeclarationParser$Context
2938:             3             96  com.siyeh.ig.visibility.MethodOverridesStaticMethodInspection
2939:             3             96  com.siyeh.ig.bugs.MalformedFormatStringInspection
2940:             3             96  com.siyeh.ig.classlayout.UtilityClassWithPublicConstructorInspection
2941:             3             96  com.siyeh.ig.security.PublicStaticArrayFieldInspection
2942:             3             96  com.siyeh.ig.controlflow.SimplifiableEqualsExpressionInspection
2943:             4             96  de.plushnikov.intellij.lombok.processor.clazz.constructor.NoArgsConstructorProcessor
2944:             3             96  com.siyeh.ig.errorhandling.NullThrownInspection
2945:             3             96  com.siyeh.ig.junit.TestCaseInProductCodeInspection
2946:             3             96  org.jetbrains.plugins.groovy.codeInspection.control.GroovyIfStatementWithTooManyBranchesInspection
2947:             3             96  com.siyeh.ig.portability.NativeMethodsInspection
2948:             6             96  sun.java2d.pipe.AAShapePipe
2949:             3             96  com.siyeh.ig.classlayout.LimitedScopeInnerClassInspection
2950:             3             96  com.siyeh.ig.bugs.EqualsUsesNonFinalVariableInspection
2951:             3             96  com.siyeh.ig.security.JDBCPrepareStatementWithNonConstantStringInspection
2952:             3             96  com.siyeh.ig.naming.UpperCaseFieldNameNotConstantInspection
2953:             3             96  com.intellij.openapi.vcs.impl.VcsEventsListenerManagerImpl$Wrapper
2954:             3             96  com.siyeh.ig.bugs.ArchaicSystemPropertyAccessInspection
2955:             3             96  com.siyeh.ig.threading.NonAtomicOperationOnVolatileFieldInspection
2956:             3             96  com.siyeh.ig.junit.SimplifiableJUnitAssertionInspection
2957:             3             96  com.siyeh.ig.numeric.UnnecessaryExplicitNumericCastInspection
2958:             1             96  com.intellij.openapi.fileEditor.impl.IdeDocumentHistoryImpl
2959:             3             96  com.siyeh.ig.migration.TryFinallyCanBeTryWithResourcesInspection
2960:             4             96  com.intellij.codeInsight.generation.GenerateSetterHandler
2961:             3             96  com.siyeh.ig.serialization.NonSerializableWithSerialVersionUIDFieldInspection
2962:             3             96  com.siyeh.ig.bugs.ReplaceAllDotInspection
2963:             3             96  com.siyeh.ig.cloneable.CloneInNonCloneableClassInspection
2964:             3             96  com.siyeh.ig.bugs.ArrayEqualityInspection
2965:             3             96  com.siyeh.ig.internationalization.SimpleDateFormatWithoutLocaleInspection
2966:             3             96  com.siyeh.ig.jdk.AssertAsNameInspection
2967:             4             96  sun.awt.X11.XBaseWindow$InitialiseState
2968:             4             96  sun.java2d.StateTrackable$State
2969:             4             96  com.intellij.openapi.actionSystem.ex.ComboBoxAction$ComboBoxButton$1
2970:             4             96  com.intellij.openapi.application.impl.ApplicationInfoImpl$PluginChooserPageImpl
2971:             3             96  com.siyeh.ig.style.FieldMayBeFinalInspection
2972:             4             96  com.intellij.ui.tabs.JBTabsPosition
2973:             3             96  com.siyeh.ig.internationalization.AbsoluteAlignmentInUserInterfaceInspection
2974:             3             96  com.siyeh.ig.style.UnnecessarySuperQualifierInspection
2975:             3             96  com.siyeh.ig.controlflow.PointlessNullCheckInspection
2976:             3             96  java.awt.GridLayout
2977:             3             96  com.siyeh.ig.numeric.ConstantMathCallInspection
2978:             3             96  com.siyeh.ig.threading.SafeLockInspection
2979:             3             96  com.siyeh.ig.junit.AssertEqualsBetweenInconvertibleTypesInspection
2980:             1             96  sun.security.jca.ProviderList$1
2981:             3             96  com.siyeh.ig.style.CallToStringConcatCanBeReplacedByOperatorInspection
2982:             3             96  com.siyeh.ig.bugs.TextLabelInSwitchStatementInspection
2983:             3             96  com.siyeh.ig.junit.TestMethodIsPublicVoidNoArgInspection
2984:             3             96  com.siyeh.ig.bugs.StringConcatenationInMessageFormatCallInspection
2985:             3             96  com.siyeh.ig.controlflow.PointlessIndexOfComparisonInspection
2986:             3             96  com.siyeh.ig.bugs.ObjectToStringInspection
2987:             3             96  com.siyeh.ig.security.RuntimeExecWithNonConstantStringInspection
2988:             3             96  java.awt.CardLayout
2989:             3             96  com.siyeh.ig.classlayout.NonFinalFieldInEnumInspection
2990:             3             96  com.siyeh.ig.numeric.IntLiteralMayBeLongLiteralInspection
2991:             3             96  com.siyeh.ig.junit.JUnit4AnnotatedMethodInJUnit3TestCaseInspection
2992:             3             96  com.siyeh.ig.serialization.SerialPersistentFieldsWithWrongSignatureInspection
2993:             4             96  javax.swing.ClientPropertyKey
2994:             4             96  com.intellij.openapi.actionSystem.ex.ComboBoxAction$ComboBoxButton$2
2995:             3             96  git4idea.GitStandardRemoteBranch
2996:             3             96  com.siyeh.ig.threading.ThreadRunInspection
2997:             4             96  com.intellij.util.pico.DefaultPicoContainer$LinkedHashSetWrapper
2998:             2             96  com.intellij.openapi.vcs.actions.VcsActionGroup
2999:             3             96  com.siyeh.ig.classlayout.FinalMethodInFinalClassInspection
3000:             4             96  com.intellij.openapi.components.RoamingType
3001:             4             96  com.intellij.psi.codeStyle.CodeStyleSettings$TypeToNameMap
3002:             3             96  com.siyeh.ig.bugs.IteratorHasNextCallsIteratorNextInspection
3003:             3             96  com.siyeh.ig.dataflow.BooleanVariableAlwaysNegatedInspection
3004:             3             96  com.siyeh.ig.security.CustomSecurityManagerInspection
3005:             3             96  com.siyeh.ig.bugs.CovariantCompareToInspection
3006:             3             96  com.siyeh.ig.controlflow.DefaultNotLastCaseInSwitchInspection
3007:             3             96  com.siyeh.ig.numeric.ComparisonOfShortAndCharInspection
3008:             3             96  com.siyeh.ig.migration.TryWithIdenticalCatchesInspection
3009:             3             96  com.siyeh.ig.junit.UseOfObsoleteAssertInspection
3010:             2             96  org.jetbrains.idea.svn.actions.SubversionGroup
3011:             3             96  com.siyeh.ig.security.DesignForExtensionInspection
3012:             3             96  com.siyeh.ig.errorhandling.UncheckedExceptionClassInspection
3013:             3             96  com.siyeh.ig.j2me.RecordStoreResourceInspection
3014:             3             96  com.siyeh.ig.bugs.EqualsWhichDoesntCheckParameterClassInspection
3015:             3             96  com.siyeh.ig.javadoc.PackageDotHtmlMayBePackageInfoInspection
3016:             3             96  com.siyeh.ig.security.CustomClassloaderInspection
3017:             3             96  com.siyeh.ig.internationalization.StringTokenizerInspection
3018:             3             96  com.siyeh.ig.jdk.AutoUnboxingInspection
3019:             4             96  com.intellij.lang.java.parser.ExpressionParser$BreakPoint
3020:             3             96  com.siyeh.ig.serialization.ExternalizableWithSerializationMethodsInspection
3021:             4             96  com.intellij.openapi.editor.impl.event.EditorEventMulticasterImpl$3
3022:             4             96  com.intellij.openapi.actionSystem.ex.ComboBoxAction$ComboBoxButton$3
3023:             3             96  com.siyeh.ig.bugs.ThrowableResultOfMethodCallIgnoredInspection
3024:             3             96  com.siyeh.ig.controlflow.NegatedEqualityExpressionInspection
3025:             3             96  com.siyeh.ig.migration.StringBufferReplaceableByStringBuilderInspection
3026:             3             96  com.siyeh.ig.portability.UseOfJDBCDriverClassInspection
3027:             3             96  com.siyeh.ig.bugs.SuspiciousArrayCastInspection
3028:             3             96  com.siyeh.ig.bugs.ResultSetIndexZeroInspection
3029:             3             96  com.siyeh.ig.cloneable.CloneCallsSuperCloneInspection
3030:             4             96  com.intellij.notification.NotificationDisplayType
3031:             3             96  org.zmlx.hg4idea.util.HgVersion
3032:             3             96  com.siyeh.ig.threading.ThreadStopSuspendResumeInspection
3033:             2             96  gnu.trove.TIntObjectHashMap
3034:             3             96  com.siyeh.ig.classlayout.MarkerInterfaceInspection
3035:             3             96  com.siyeh.ig.classlayout.NoopMethodInAbstractClassInspection
3036:             4             96  java.awt.Dialog$ModalityType
3037:             3             96  com.siyeh.ig.threading.WaitWithoutCorrespondingNotifyInspection
3038:             2             96  com.intellij.ui.plaf.beg.BegTableUI
3039:             3             96  com.siyeh.ig.performance.ToArrayCallWithZeroLengthArrayArgumentInspection
3040:             2             96  com.intellij.openapi.vcs.changes.LocalChangeListImpl
3041:             3             96  com.siyeh.ig.bugs.ConstantAssertConditionInspection
3042:             3             96  javax.swing.text.DefaultEditorKit$BeginWordAction
3043:             3             96  com.siyeh.ig.bugs.CollectionAddedToSelfInspection
3044:             3             96  com.siyeh.ig.threading.ObjectNotifyInspection
3045:             3             96  com.siyeh.ig.junit.TeardownIsPublicVoidNoArgInspection
3046:             3             96  com.siyeh.ig.performance.TrivialStringConcatenationInspection
3047:             3             96  com.siyeh.ig.serialization.NonSerializableWithSerializationMethodsInspection
3048:             3             96  com.siyeh.ig.inheritance.AbstractClassExtendsConcreteClassInspection
3049:             3             96  com.siyeh.ig.performance.SetReplaceableByEnumSetInspection
3050:             3             96  com.siyeh.ig.controlflow.UnnecessaryLabelOnContinueStatementInspection
3051:             2             96  com.intellij.openapi.command.impl.EditorChangeAction
3052:             4             96  com.intellij.openapi.util.MultiValuesMap
3053:             3             96  com.siyeh.ig.initialization.NonThreadSafeLazyInitializationInspection
3054:             3             96  com.siyeh.ig.packaging.PackageWithTooFewClassesInspection
3055:             3             96  com.siyeh.ig.errorhandling.EmptyTryBlockInspection
3056:             3             96  com.siyeh.ig.style.UnnecessaryToStringCallInspection
3057:             3             96  com.siyeh.ig.classlayout.FinalMethodInspection
3058:             3             96  com.siyeh.ig.style.CStyleArrayDeclarationInspection
3059:             3             96  org.jetbrains.idea.maven.dom.generate.MavenGenerateTemplateAction
3060:             3             96  com.siyeh.ig.threading.BusyWaitInspection
3061:             3             96  javax.swing.text.DefaultEditorKit$EndWordAction
3062:             3             96  com.siyeh.ig.naming.ClassNamePrefixedWithPackageNameInspection
3063:             3             96  com.siyeh.ig.naming.NonExceptionNameEndsWithExceptionInspection
3064:             4             96  com.intellij.codeInspection.dataFlow.RunnerResult
3065:             3             96  com.siyeh.ig.dependency.ClassWithTooManyTransitiveDependentsInspection
3066:             6             96  com.intellij.psi.scope.ElementClassFilter
3067:             1             88  com.sun.imageio.plugins.jpeg.JPEGImageWriterSpi
3068:             1             88  scala.reflect.ManifestFactory$
3069:             1             88  scala.reflect.ClassTag$
3070:             1             88  org.jetbrains.idea.maven.project.MavenProjectsTree
3071:             1             88  scala.collection.JavaConversions$
3072:             1             88  javax.swing.text.html.parser.DTD
3073:             1             88  com.sun.imageio.plugins.gif.GIFImageReaderSpi
3074:             1             88  com.intellij.openapi.vcs.changes.ChangesViewManager
3075:             1             88  org.jetbrains.plugins.scala.lang.psi.stubs.index.ScalaIndexKeys$
3076:             3             88  [Lcom.intellij.openapi.actionSystem.AnAction;
3077:             3             88  [Lcom.intellij.patterns.ElementPattern;
3078:             3             88  [Ljava.lang.Runnable;
3079:             1             88  org.apache.log4j.RollingFileAppender
3080:             1             88  com.sun.imageio.plugins.gif.GIFImageWriterSpi
3081:             1             88  com.intellij.codeInsight.daemon.impl.WolfPassFactory$1
3082:             1             88  [Lcom.intellij.openapi.util.ClassExtensionPoint;
3083:             1             88  com.intellij.ide.projectView.impl.nodes.ProjectViewProjectNode
3084:             1             88  org.jetbrains.plugins.scala.lang.psi.impl.toplevel.synthetic.SyntheticClasses$$anon$3
3085:             1             88  com.sun.imageio.plugins.bmp.BMPImageReaderSpi
3086:             1             88  com.sun.imageio.plugins.bmp.BMPImageWriterSpi
3087:             1             88  [Ljava.awt.geom.AffineTransform;
3088:             1             88  com.sun.imageio.plugins.wbmp.WBMPImageReaderSpi
3089:             1             88  com.sun.imageio.plugins.wbmp.WBMPImageWriterSpi
3090:             1             88  sun.nio.ch.ServerSocketChannelImpl
3091:             1             88  com.sun.imageio.plugins.png.PNGImageReaderSpi
3092:             1             88  com.sun.imageio.plugins.png.PNGImageWriterSpi
3093:             1             88  javax.swing.ToolTipManager
3094:             1             88  com.sun.imageio.plugins.jpeg.JPEGImageReaderSpi
3095:             1             88  com.intellij.ide.IdeRepaintManager
3096:             1             88  scala.collection.convert.Wrappers$
3097:             2             80  com.intellij.pom.core.impl.PomModelImpl
3098:             2             80  com.intellij.psi.DummyHolderViewProvider
3099:             2             80  sun.swing.PrintColorUIResource
3100:             2             80  com.intellij.psi.impl.JavaPsiFacadeImpl
3101:             2             80  [Lsun.awt.EventQueueItem;
3102:             5             80  com.intellij.psi.impl.java.stubs.ClsStubPsiFactory
3103:             2             80  javax.swing.LayoutFocusTraversalPolicy
3104:             2             80  java.io.ExpiringCache
3105:             2             80  [Lcom.intellij.util.text.DateFormatUtil$Period;
3106:             2             80  javax.swing.plaf.basic.BasicTableUI$Handler
3107:             2             80  com.intellij.packageDependencies.DependencyValidationManagerImpl
3108:             5             80  com.intellij.openapi.editor.event.EditorMouseEventArea
3109:             1             80  sun.font.GlyphList
3110:             5             80  com.intellij.openapi.extensions.impl.UndefinedPluginDescriptor
3111:             2             80  com.intellij.openapi.roots.impl.DirectoryIndexImpl
3112:             4             80  [Ljava.awt.AWTKeyStroke;
3113:             1             80  [Lcom.intellij.util.IntSLRUCache;
3114:             2             80  com.intellij.openapi.vcs.persistent.SmallMapSerializer
3115:             2             80  org.jetbrains.idea.svn.actions.RemoveFromIgnoreListAction
3116:             2             80  com.intellij.openapi.vcs.changes.ui.ChangesBrowserNode
3117:             1             80  git4idea.history.wholeTree.DatesFilterAction
3118:             2             80  com.intellij.openapi.vcs.impl.ContentRevisionCache
3119:             1             80  sun.misc.Launcher$ExtClassLoader
3120:             2             80  org.jetbrains.idea.svn.actions.AddToIgnoreListAction
3121:             2             80  org.intellij.plugins.xpathView.XPathAppComponent$MyFindAction
3122:             5             80  sun.rmi.server.WeakClassHashMap$ValueCell
3123:             2             80  com.intellij.openapi.vcs.changes.IgnoredFileBean
3124:             5             80  com.intellij.util.ConstantFunction
3125:             1             80  sun.awt.X11.MotifDnDDropTargetProtocol
3126:             5             80  java.rmi.server.RemoteObjectInvocationHandler
3127:             2             80  net.orfjackal.sbt.plugin.SbtRunnerComponent
3128:             5             80  com.intellij.codeHighlighting.HighlightDisplayLevel$1
3129:             5             80  javax.swing.plaf.IconUIResource
3130:             2             80  com.intellij.codeInsight.daemon.impl.HighlightInfo$IntentionActionDescriptor
3131:             2             80  com.intellij.psi.impl.source.PostprocessReformattingAspect
3132:             2             80  com.intellij.psi.impl.java.stubs.impl.PsiImportListStubImpl
3133:             2             80  [Lcom.sun.java.swing.plaf.gtk.GTKConstants$ShadowType;
3134:             1             80  com.intellij.openapi.vfs.impl.local.FileWatcher
3135:             2             80  java.io.InvalidClassException
3136:             2             80  [Lorg.jetbrains.idea.maven.model.MavenArtifactState;
3137:             2             80  com.intellij.openapi.util.SimpleTimer
3138:             2             80  [Lcom.intellij.util.containers.hash.HashSet$Entry;
3139:             2             80  com.intellij.formatting.SpacingImpl
3140:             1             80  sun.awt.X11.XRootWindow
3141:             2             80  com.sun.jna.Function
3142:             2             80  net.sf.cglib.proxy.AdvancedEnhancer$EnhancerKey$$KeyFactoryByCGLIB$$d5991db4
3143:             2             80  com.intellij.openapi.roots.impl.CompilerModuleExtensionImpl
3144:             2             80  [Lcom.intellij.psi.codeStyle.VariableKind;
3145:             2             80  javax.swing.border.MatteBorder
3146:             2             80  com.intellij.xml.breadcrumbs.BreadcrumbsXmlWrapper$MyUpdate
3147:             2             80  com.intellij.psi.stubs.SerializedStubTree
3148:             2             80  [Lcom.intellij.pom.java.LanguageLevel;
3149:             1             80  com.intellij.openapi.fileEditor.impl.PsiAwareFileEditorManagerImpl
3150:             1             80  org.jetbrains.plugins.scala.lang.psi.impl.toplevel.synthetic.SyntheticClasses$$anon$2
3151:             2             80  com.intellij.openapi.vcs.impl.VcsFileStatusProvider
3152:             5             80  com.intellij.patterns.XmlTagPattern$1
3153:             1             80  com.intellij.openapi.vfs.newvfs.RefreshProgress
3154:             1             80  com.intellij.openapi.project.impl.ProjectImpl
3155:             1             80  com.intellij.openapi.components.impl.stores.DefaultProjectStoreImpl$1
3156:             1             80  com.intellij.ide.dnd.DnDManagerImpl
3157:             1             80  [Lcom.intellij.codeInsight.daemon.impl.analysis.HighlightUtil$Feature;
3158:             2             80  com.intellij.lexer._XmlLexer
3159:             2             80  com.intellij.facet.impl.invalid.InvalidFacet
3160:             1             80  com.intellij.openapi.project.impl.DefaultProject
3161:             1             80  com.intellij.openapi.module.impl.ModuleImpl
3162:             2             80  [Ljavax.swing.plaf.FontUIResource;
3163:             1             80  git4idea.vfs.GitVFSListener
3164:             1             80  [Lcom.intellij.util.containers.SLRUCache;
3165:             5             80  com.intellij.psi.impl.source.resolve.reference.impl.providers.JavaClassReferenceProvider$1
3166:             1             80  com.intellij.lang.properties.psi.impl.PropertiesFileImpl
3167:             1             80  com.intellij.concurrency.JobScheduler$1
3168:             5             80  com.intellij.openapi.fileTypes.FileTypeEditorHighlighterProviders$1
3169:             2             80  java.util.Locale$Category
3170:             5             80  com.intellij.util.io.PersistentHashMapValueStorage$FileReader
3171:             1             80  com.intellij.ide.util.treeView.AbstractTreeBuilder$AbstractTreeNodeWrapper
3172:             1             80  sun.misc.Launcher$AppClassLoader
3173:             5             80  com.intellij.util.containers.TransferToEDTQueue$1
3174:             2             80  com.intellij.usages.UsageViewSettings
3175:             2             80  sun.java2d.pipe.Region$ImmutableRegion
3176:             2             80  com.intellij.openapi.vcs.impl.FileStatusManagerImpl
3177:             1             80  java.awt.event.MouseEvent
3178:             2             80  java.lang.UNIXProcess
3179:             5             80  com.intellij.util.text.SyncDateFormat
3180:             2             80  javax.swing.table.DefaultTableColumnModel
3181:             2             80  com.intellij.openapi.fileEditor.impl.EditorComposite$TopBottomComponentWrapper$1
3182:             2             80  com.intellij.ide.highlighter.custom.tokens.QuotedStringParser
3183:             1             80  [Lcom.intellij.psi.codeStyle.CodeStyleSettingsCustomizable$BlankLinesOption;
3184:             1             80  sun.rmi.transport.DGCClient$EndpointEntry
3185:             2             80  com.intellij.notification.LogModel
3186:             1             80  com.intellij.execution.console.LanguageConsoleImpl
3187:             2             80  com.intellij.openapi.command.impl.FileUndoProvider
3188:             1             80  sun.awt.X11.XDnDDropTargetProtocol
3189:             2             80  com.intellij.ide.startup.impl.StartupManagerImpl
3190:             1             80  com.intellij.openapi.progress.util.StatusBarProgress
3191:             3             72  org.jetbrains.plugins.scala.codeInspection.relativeImports.RelativeImportInspection
3192:             3             72  org.jetbrains.plugins.scala.codeInspection.format.LegacyStringFormattingInspection
3193:             1             72  com.intellij.openapi.actionSystem.impl.ActionManagerImpl$MyTimer
3194:             3             72  org.jetbrains.plugins.groovy.codeInspection.bugs.GroovyInfiniteLoopStatementInspection
3195:             3             72  org.jetbrains.plugins.groovy.codeInspection.confusing.GroovyOctalIntegerInspection
3196:             3             72  org.jetbrains.plugins.groovy.codeInspection.gpath.GroovyListSetCanBeKeyedAccessInspection
3197:             3             72  com.intellij.codeInspection.concurrencyAnnotations.UnknownGuardInspection
3198:             3             72  com.intellij.lang.properties.TrailingSpacesInPropertyInspection
3199:             3             72  org.jetbrains.plugins.groovy.codeInspection.threading.GroovyBusyWaitInspection
3200:             3             72  org.jetbrains.plugins.groovy.codeInspection.confusing.GroovyNestedSwitchInspection
3201:             3             72  com.intellij.codeInspection.sillyAssignment.SillyAssignmentInspection
3202:             3             72  org.jetbrains.plugins.scala.codeInspection.cast.ScalaRedundantConversionInspection
3203:             3             72  scala.util.matching.Regex
3204:             3             72  com.intellij.codeInspection.unused.UnusedPropertyInspection
3205:             3             72  org.jetbrains.plugins.groovy.codeInspection.bugs.GroovyInfiniteRecursionInspection
3206:             3             72  org.jetbrains.plugins.scala.codeInspection.format.ScalaMalformedFormatStringInspection
3207:             3             72  com.intellij.codeInspection.inconsistentLanguageLevel.InconsistentLanguageLevelInspection
3208:             3             72  com.intellij.openapi.vcs.RequestsMerger$MyAction
3209:             3             72  org.jetbrains.plugins.scala.codeInspection.typeAnnotation.TypeAnnotationInspection
3210:             3             72  com.intellij.openapi.components.impl.ServiceManagerImpl
3211:             3             72  com.intellij.util.xml.DeprecatedClassUsageInspection
3212:             3             72  org.jetbrains.plugins.groovy.codeInspection.gpath.GroovyGetterCallCanBePropertyAccessInspection
3213:             3             72  org.jetbrains.plugins.groovy.codeInspection.assignment.GroovyAssignmentToMethodParameterInspection
3214:             3             72  org.jetbrains.plugins.groovy.codeInspection.control.GroovySwitchStatementWithNoDefaultInspection
3215:             3             72  com.intellij.openapi.fileTypes.ExactFileNameMatcher
3216:             3             72  org.jetbrains.plugins.scala.codeInspection.methodSignature.DeclarationHasNoExplicitTypeInspection
3217:             1             72  [Lcom.siyeh.ig.portability.mediatype.MultipartMediaType;
3218:             3             72  java.awt.Dialog$ModalExclusionType
3219:             3             72  org.intellij.lang.xpath.validation.inspections.RedundantTypeConversion
3220:             3             72  org.jetbrains.plugins.groovy.codeInspection.threading.GroovyUnsynchronizedMethodOverridesSynchronizedMethodInspection
3221:             3             72  java.lang.annotation.RetentionPolicy
3222:             3             72  com.intellij.codeStyle.InconsistentLineSeparatorsInspection
3223:             3             72  org.jetbrains.plugins.groovy.codeInspection.validity.GroovyUnreachableStatementInspection
3224:             3             72  org.jetbrains.plugins.scala.codeInspection.redundantBlock.RedundantBlockInspection
3225:             3             72  com.intellij.psi.scope.conflictResolvers.JavaMethodsConflictResolver$Specifics
3226:             3             72  java.net.Proxy$Type
3227:             1             72  com.intellij.openapi.editor.colors.impl.ReadOnlyColorsSchemeImpl
3228:             3             72  org.jetbrains.plugins.groovy.codeInspection.GroovyUnusedDeclarationInspection
3229:             3             72  com.siyeh.ig.classlayout.MethodReturnAlwaysConstantInspection
3230:             3             72  org.jetbrains.plugins.groovy.codeInspection.exception.GroovyUnusedCatchParameterInspection
3231:             3             72  com.intellij.ide.TypePresentationServiceImpl$PresentationTemplateImpl$1
3232:             3             72  org.jetbrains.plugins.groovy.codeInspection.confusing.GroovyNestedConditionalInspection
3233:             3             72  com.intellij.codeInspection.ExplicitTypeCanBeDiamondInspection
3234:             3             72  org.jetbrains.plugins.scala.codeInspection.methodSignature.JavaMutatorMethodAccessedAsParameterlessInspection
3235:             3             72  org.jetbrains.idea.maven.dom.inspections.MavenRedundantGroupIdInspection
3236:             3             72  org.jetbrains.idea.devkit.inspections.TitleCapitalizationInspection
3237:             3             72  com.intellij.codeInsight.daemon.impl.analysis.XmlUnboundNsPrefixInspection
3238:             3             72  javax.swing.text.StyledEditorKit$1
3239:             3             72  git4idea.config.UpdateMethod
3240:             3             72  de.plushnikov.intellij.plugin.inspection.LombokInspection
3241:             3             72  org.jetbrains.plugins.scala.codeInspection.methodSignature.AccessorLikeMethodIsEmptyParenInspection
3242:             1             72  com.intellij.compiler.server.BuildManager
3243:             3             72  git4idea.commands.GitRemoteProtocol
3244:             1             72  com.intellij.openapi.components.impl.stores.ApplicationStoreImpl$1
3245:             3             72  com.intellij.ide.TypePresentationServiceImpl$PresentationTemplateImpl$2
3246:             1             72  com.intellij.openapi.project.impl.ProjectManagerImpl
3247:             1             72  com.intellij.ide.scopeView.ScopeViewPane
3248:             3             72  org.intellij.lang.xpath.xslt.validation.inspections.TemplateInvocationInspection
3249:             3             72  org.jetbrains.idea.devkit.inspections.ComponentNotRegisteredInspection
3250:             3             72  com.siyeh.ig.packaging.ClassUnconnectedToPackageInspection
3251:             3             72  org.jetbrains.plugins.scala.codeInspection.redundantReturnInspection.RemoveRedundantReturnInspection
3252:             3             72  org.jetbrains.idea.maven.model.MavenWorkspaceMap$Data
3253:             3             72  com.intellij.codeInspection.DefaultHighlightVisitorBasedInspection$AnnotatorBasedInspection
3254:             3             72  com.intellij.psi.search.scope.packageSet.NamedScope
3255:             3             72  git4idea.ui.branch.GitBranchSyncSetting
3256:             3             72  sun.rmi.transport.SequenceEntry
3257:             3             72  org.jetbrains.plugins.groovy.codeInspection.bugs.GroovyAccessibilityInspection
3258:             3             72  org.jetbrains.plugins.groovy.codeInspection.confusing.GroovyNegatedIfInspection
3259:             3             72  org.jetbrains.plugins.scala.codeInspection.methodSignature.MutatorLikeMethodIsParameterlessInspection
3260:             3             72  com.intellij.psi.codeStyle.CodeStyleSettingsCustomizable$OptionAnchor
3261:             3             72  com.intellij.codeInspection.sameParameterValue.SameParameterValueInspection
3262:             3             72  com.intellij.uiDesigner.inspections.NoScrollPaneInspection
3263:             3             72  com.intellij.codeInspection.htmlInspections.XmlWrongRootElementInspection
3264:             3             72  de.plushnikov.intellij.lombok.processor.SynchronizedProcessor
3265:             3             72  java.awt.EventFilter$FilterAction
3266:             3             72  com.intellij.codeInspection.testOnly.TestOnlyInspection
3267:             3             72  org.jetbrains.plugins.scala.codeInspection.methodSignature.JavaAccessorMethodCalledAsEmptyParenInspection
3268:             3             72  org.jetbrains.plugins.groovy.codeInspection.control.GroovyBreakInspection
3269:             3             72  com.intellij.codeInspection.canBeFinal.CanBeFinalInspection
3270:             3             72  com.intellij.openapi.wm.ToolWindowType
3271:             3             72  com.intellij.openapi.projectRoots.impl.ProjectJdkImpl$MyRootProvider
3272:             3             72  org.jetbrains.plugins.groovy.codeInspection.confusing.GroovyNegatedConditionalInspection
3273:             1             72  com.intellij.openapi.editor.ex.EditorSettingsExternalizable$OptionSet
3274:             3             72  com.intellij.codeInspection.dataFlow.DataFlowInspection
3275:             3             72  com.intellij.psi.impl.source.ClassInnerStuffCache$7
3276:             3             72  com.intellij.conversion.impl.ConversionResultImpl
3277:             3             72  org.jetbrains.plugins.groovy.codeInspection.bugs.GroovyLabeledStatementInspection
3278:             3             72  sun.awt.util.IdentityArrayList
3279:             3             72  org.jetbrains.plugins.scala.codeInspection.unusedInspections.ScalaUnusedSymbolInspection
3280:             3             72  org.jetbrains.plugins.scala.codeInspection.booleans.DoubleNegationInspection
3281:             3             72  com.intellij.codeInspection.NumericOverflowInspection
3282:             3             72  org.jetbrains.plugins.groovy.codeInspection.control.GroovyFallthroughInspection
3283:             3             72  org.jetbrains.plugins.groovy.codeInspection.bugs.GroovyDocCheckInspection
3284:             3             72  org.jetbrains.plugins.groovy.codeInspection.noReturnMethod.MissingReturnInspection
3285:             3             72  com.intellij.psi.impl.source.ClassInnerStuffCache$4
3286:             3             72  org.jetbrains.plugins.scala.codeInspection.methodSignature.UnitMethodIsParameterlessInspection
3287:             3             72  com.intellij.codeInsight.daemon.impl.analysis.XmlHighlightVisitorBasedInspection
3288:             3             72  org.jetbrains.plugins.groovy.codeInspection.control.GroovyUnnecessaryReturnInspection
3289:             3             72  com.intellij.openapi.vcs.RequestsMerger$MyWorker
3290:             3             72  org.jetbrains.plugins.scala.codeInspection.methodSignature.EmptyParenMethodOverridenAsParameterlessInspection
3291:             1             72  com.intellij.ui.tabs.impl.DragHelper
3292:             1             72  com.intellij.openapi.editor.colors.impl.DefaultColorsScheme
3293:             3             72  org.jetbrains.plugins.scala.codeInspection.booleans.SimplifyBooleanInspection
3294:             3             72  com.intellij.psi.impl.meta.MetaRegistry$MyBinding
3295:             3             72  java.security.SecurityPermission
3296:             3             72  org.jetbrains.plugins.scala.codeInspection.cast.ScalaRedundantCastInspection
3297:             3             72  com.intellij.openapi.util.io.FileAttributes$Type
3298:             3             72  org.jetbrains.plugins.groovy.annotator.inspections.GroovySingletonAnnotationInspection
3299:             1             72  com.intellij.openapi.components.impl.stores.ModuleStateStorageManager
3300:             3             72  org.intellij.plugins.relaxNG.inspections.RngDomInspection
3301:             3             72  org.jetbrains.plugins.javaFX.fxml.codeInsight.inspections.JavaFxDefaultTagInspection
3302:             3             72  org.jetbrains.plugins.scala.codeInspection.caseClassParamInspection.CaseClassParamInspection
3303:             3             72  org.jetbrains.plugins.groovy.codeInspection.threading.GroovySystemRunFinalizersOnExitInspection
3304:             3             72  org.jetbrains.plugins.groovy.codeInspection.validity.GroovyDuplicateSwitchBranchInspection
3305:             3             72  org.jetbrains.plugins.groovy.codeInspection.bugs.GroovyConstructorNamedArgumentsInspection
3306:             3             72  com.theoryinpractice.testng.inspection.ConvertAnnotationInspection
3307:             3             72  org.jetbrains.plugins.groovy.codeInspection.threading.GroovyAccessToStaticFieldLockedOnInstanceInspection
3308:             3             72  org.jetbrains.plugins.scala.codeInspection.recursion.NoTailRecursionAnnotationInspection
3309:             3             72  com.intellij.xml.index.XmlIndex$3
3310:             1             72  org.jboss.netty.channel.socket.nio.NioServerSocketChannel
3311:             3             72  com.intellij.codeInsight.daemon.impl.analysis.XmlUnusedNamespaceInspection
3312:             3             72  com.intellij.openapi.vcs.changes.IgnoreSettingsType
3313:             3             72  com.intellij.openapi.diff.impl.IgnoreSpaceEnum
3314:             3             72  com.intellij.openapi.roots.impl.OrderRootsCache
3315:             3             72  org.jetbrains.plugins.scala.codeInspection.fileNameInspection.ScalaFileNameInspection
3316:             3             72  org.jetbrains.plugins.scala.codeInspection.valInTraitInspection.AbstractValueInTraitInspection
3317:             3             72  org.jetbrains.plugins.scala.codeInspection.inference.SuspiciousInferredTypeInspection
3318:             3             72  com.intellij.uiDesigner.inspections.MissingMnemonicInspection
3319:             1             72  com.intellij.util.net.HttpConfigurable
3320:             1             72  sun.reflect.misc.MethodUtil
3321:             3             72  org.jetbrains.plugins.groovy.codeInspection.assignment.GroovyAssignmentToForLoopParameterInspection
3322:             3             72  org.jetbrains.plugins.groovy.codeInspection.confusing.GroovyDoubleNegationInspection
3323:             3             72  com.intellij.codeInspection.wrongPackageStatement.WrongPackageStatementInspection
3324:             3             72  org.jetbrains.plugins.scala.codeInspection.arraySize.ArraySizeCallInspection
3325:             3             72  com.intellij.codeInspection.visibility.VisibilityInspection
3326:             3             72  org.jetbrains.idea.devkit.inspections.UseGrayInspection
3327:             3             72  com.siyeh.ig.modularization.ClassIndependentOfModuleInspection
3328:             3             72  org.jetbrains.plugins.scala.codeInspection.literal.FloatLiteralEndingWithDecimalPointInspection
3329:             3             72  org.jetbrains.plugins.scala.scalai18n.codeInspection.i18n.ScalaInvalidPropertyKeyInspection
3330:             3             72  org.jetbrains.plugins.groovy.codeInspection.exception.GroovyEmptyTryBlockInspection
3331:             3             72  org.jetbrains.plugins.javaFX.fxml.codeInsight.inspections.JavaFxUnusedImportsInspection
3332:             3             72  com.intellij.codeInspection.defUse.DefUseInspection
3333:             1             72  com.intellij.designer.palette.PaletteToolWindowManager
3334:             3             72  org.intellij.plugins.intelliLang.inject.java.validation.InjectionNotApplicable
3335:             1             72  java.util.logging.LogManager$RootLogger
3336:             3             72  com.intellij.codeInspection.booleanIsAlwaysInverted.BooleanMethodIsAlwaysInvertedInspection
3337:             3             72  org.jetbrains.plugins.groovy.codeInspection.control.GroovyConditionalCanBeElvisInspection
3338:             3             72  com.theoryinpractice.testng.inspection.ExpectedExceptionNeverThrownTestNGInspection
3339:             3             72  com.theoryinpractice.testng.inspection.ConvertOldAnnotationInspection
3340:             3             72  org.jetbrains.plugins.scala.codeInspection.typeLambdaSimplify.AppliedTypeLambdaCanBeSimplifiedInspection
3341:             3             72  org.jetbrains.plugins.groovy.codeInspection.control.GroovyConditionalWithIdenticalBranchesInspection
3342:             3             72  org.jetbrains.plugins.scala.codeInspection.methodSignature.AccessorLikeMethodIsUnitInspection
3343:             3             72  com.intellij.codeInspection.internal.UnsafeVfsRecursionInspection
3344:             3             72  org.jetbrains.plugins.groovy.codeInspection.confusing.GroovyResultOfIncrementOrDecrementUsedInspection
3345:             3             72  com.intellij.psi.impl.PsiClassImplUtil$MemberType
3346:             3             72  sun.font.FileFont$CreatedFontFileDisposerRecord
3347:             3             72  org.jetbrains.idea.devkit.inspections.PluginXmlDomInspection
3348:             3             72  org.jetbrains.plugins.scala.codeInspection.methodSignature.UnitMethodDefinedLikeFunctionInspection
3349:             3             72  com.intellij.codeInspection.miscGenerics.SuspiciousCollectionsMethodCallsInspection
3350:             3             72  org.jetbrains.plugins.scala.codeInspection.deprecation.ScalaDeprecationInspection
3351:             3             72  org.jetbrains.plugins.scala.codeInspection.catchAll.DangerousCatchAllInspection
3352:             3             72  com.intellij.util.containers.ConcurrentWeakValueHashMap
3353:             3             72  com.intellij.lang.properties.UnusedMessageFormatParameterInspection
3354:             3             72  org.picocontainer.defaults.ComponentParameter
3355:             3             72  org.intellij.lang.xpath.validation.inspections.IndexZeroPredicate
3356:             3             72  com.theoryinpractice.testng.inspection.DependsOnMethodInspection
3357:             1             72  com.intellij.ui.treeStructure.NullNode
3358:             3             72  org.jetbrains.plugins.scala.codeInspection.packageNameInspection.ChainedPackageInspection
3359:             3             72  com.intellij.codeInspection.concurrencyAnnotations.StaticGuardedByInstanceInspection
3360:             3             72  org.jetbrains.plugins.scala.codeInspection.sugar.FunctionTupleSyntacticSugarInspection
3361:             3             72  org.jetbrains.plugins.groovy.codeInspection.secondUnsafeCall.SecondUnsafeCallInspection
3362:             3             72  com.intellij.codeInspection.unusedParameters.UnusedParametersInspection
3363:             3             72  org.intellij.plugins.intelliLang.Configuration$InstrumentationType
3364:             1             72  java.awt.DefaultKeyboardFocusManager
3365:             3             72  org.jetbrains.plugins.groovy.codeInspection.gpath.GroovyMapGetCanBeKeyedAccessInspection
3366:             1             72  [Lcom.intellij.util.xml.DomFileDescription;
3367:             3             72  org.jetbrains.plugins.scala.codeInspection.semicolon.ScalaUnnecessarySemicolonInspection
3368:             3             72  com.intellij.codeInspection.inheritance.SuperClassHasFrequentlyUsedInheritorsInspection
3369:             3             72  com.intellij.codeInspection.compiler.JavacQuirksInspection
3370:             3             72  org.jetbrains.plugins.groovy.codeInspection.threading.GroovySynchronizationOnNonFinalFieldInspection
3371:             3             72  com.intellij.codeInspection.equalsAndHashcode.EqualsAndHashcode
3372:             3             72  org.jetbrains.plugins.groovy.codeInspection.assignment.GroovySillyAssignmentInspection
3373:             3             72  org.jetbrains.plugins.javaFX.fxml.codeInsight.inspections.JavaFxUnresolvedFxIdReferenceInspection
3374:             3             72  org.jetbrains.plugins.groovy.codeInspection.threading.GroovyThreadStopSuspendResumeInspection
3375:             3             72  com.intellij.codeInspection.javaDoc.JavaDocReferenceInspection
3376:             3             72  git4idea.commands.GitCommand$LockingPolicy
3377:             1             72  com.intellij.usages.impl.UsageViewTreeModelBuilder$RootGroupNode
3378:             3             72  com.intellij.codeInspection.concurrencyAnnotations.InstanceGuardedByStaticInspection
3379:             3             72  org.jetbrains.plugins.groovy.codeInspection.assignment.GroovyResultOfAssignmentUsedInspection
3380:             1             72  com.intellij.openapi.vfs.impl.VirtualFilePointerManagerImpl
3381:             1             72  com.intellij.ide.navigationToolbar.NavBarUpdateQueue
3382:             3             72  com.intellij.codeInspection.concurrencyAnnotations.NonFinalGuardInspection
3383:             3             72  com.intellij.codeInspection.unnecessaryModuleDependency.UnnecessaryModuleDependencyInspection
3384:             3             72  com.intellij.patterns.StandardPatterns$3
3385:             3             72  com.intellij.openapi.roots.OrderEnumerationHandler$AddDependencyType
3386:             3             72  org.jetbrains.plugins.groovy.codeInspection.control.GroovyTrivialIfInspection
3387:             3             72  com.intellij.openapi.vcs.changes.VcsDirtyScopeManagerImpl$SynchronizedLife$LifeStages
3388:             3             72  org.jetbrains.plugins.groovy.codeInspection.confusing.ClashingGettersInspection
3389:             3             72  com.theoryinpractice.testng.inspection.MisorderedAssertEqualsArgumentsTestNGInspection
3390:             3             72  com.intellij.codeInspection.AnonymousCanBeMethodReferenceInspection
3391:             3             72  git4idea.GitLocalBranch
3392:             1             72  org.apache.velocity.runtime.RuntimeInstance
3393:             3             72  org.intellij.plugins.intelliLang.pattern.PatternAnnotationNotApplicable
3394:             1             72  org.jetbrains.plugins.scala.editor.mouseHandler.MouseHoverHandler
3395:             1             72  com.intellij.codeInsight.CodeInsightSettings
3396:             3             72  com.intellij.openapi.command.UndoConfirmationPolicy
3397:             3             72  com.intellij.util.messages.Topic$BroadcastDirection
3398:             3             72  org.jetbrains.plugins.scala.codeInspection.varCouldBeValInspection.VarCouldBeValInspection
3399:             3             72  com.intellij.uiDesigner.inspections.NoButtonGroupInspection
3400:             3             72  com.intellij.uiDesigner.inspections.OneButtonGroupInspection
3401:             3             72  org.jetbrains.plugins.groovy.codeInspection.exception.GroovyContinueOrBreakFromFinallyBlockInspection
3402:             3             72  com.theoryinpractice.testng.inspection.AssertEqualsBetweenInconvertibleTypesTestNGInspection
3403:             3             72  com.intellij.codeInspection.concurrencyAnnotations.FieldAccessNotGuardedInspection
3404:             3             72  org.jetbrains.idea.devkit.inspections.UseJBColorInspection
3405:             3             72  org.jetbrains.plugins.scala.codeInspection.methodSignature.JavaMutatorMethodOverridenAsParameterlessInspection
3406:             3             72  org.intellij.lang.xpath.validation.inspections.CheckNodeTest
3407:             3             72  com.theoryinpractice.testng.inspection.AssertsWithoutMessagesTestNGInspection
3408:             3             72  com.intellij.lang.ant.validation.AntMissingPropertiesFileInspection
3409:             3             72  com.intellij.util.io.storage.DataTable
3410:             3             72  com.intellij.psi.ConstraintType
3411:             3             72  org.intellij.lang.xpath.context.ContextType
3412:             3             72  com.siyeh.ig.packaging.PackageInMultipleModulesInspection
3413:             3             72  org.jetbrains.plugins.scala.codeInspection.scaladoc.ScalaDocUnknownParameterInspection
3414:             3             72  com.theoryinpractice.testng.inspection.JUnitConvertTool
3415:             3             72  org.intellij.lang.xpath.xslt.validation.inspections.UnusedElementInspection
3416:             3             72  org.jetbrains.idea.maven.dom.inspections.MavenModelInspection
3417:             3             72  org.jetbrains.plugins.groovy.codeInspection.bugs.GroovyNonShortCircuitBooleanInspection
3418:             3             72  org.jetbrains.plugins.groovy.codeInspection.control.GroovyTrivialConditionalInspection
3419:             3             72  sun.misc.Signal
3420:             3             72  com.intellij.openapi.ui.ThreeComponentsSplitter$Divider$2
3421:             1             72  com.intellij.openapi.vcs.changes.committed.CommittedChangesCache
3422:             3             72  org.jetbrains.idea.devkit.inspections.IntentionDescriptionNotFoundInspection
3423:             3             72  org.jetbrains.plugins.scala.codeInspection.methodSignature.UnitMethodDefinedWithEqualsSignInspection
3424:             1             72  [Lcom.intellij.ide.TypeNameEP;
3425:             3             72  org.jetbrains.plugins.groovy.codeInspection.assignment.GroovyNestedAssignmentInspection
3426:             3             72  java.awt.Window$Type
3427:             3             72  org.jetbrains.plugins.scala.codeInspection.methodSignature.ParameterlessMemberOverridenAsEmptyParenInspection
3428:             3             72  org.jetbrains.plugins.groovy.codeInspection.threading.GroovySynchronizationOnVariableInitializedWithLiteralInspection
3429:             3             72  com.intellij.codeInspection.magicConstant.MagicConstantInspection
3430:             3             72  org.jetbrains.plugins.scala.codeInspection.scaladoc.ScalaDocInlinedTagInspection
3431:             3             72  org.intellij.plugins.intelliLang.util.StringMatcher$Any
3432:             3             72  org.jetbrains.plugins.groovy.codeInspection.style.JavaStylePropertiesInvocationInspection
3433:             3             72  com.intellij.uiDesigner.inspections.NoLabelForInspection
3434:             3             72  org.jetbrains.plugins.groovy.codeInspection.untypedUnresolvedAccess.GroovyUntypedAccessInspection
3435:             3             72  org.jetbrains.plugins.scala.codeInspection.defaultFileTemplateInspection.ScalaDefaultFileTemplateUsageInspection
3436:             2             72  [Lsun.security.jca.ProviderConfig;
3437:             3             72  org.jetbrains.plugins.scala.codeInspection.scaladoc.ScalaDocUnknownTagInspection
3438:             3             72  com.intellij.idea.SocketLock$ActivateStatus
3439:             3             72  com.intellij.psi.impl.source.ClassInnerStuffCache$5
3440:             3             72  com.intellij.util.containers.WeakKeyWeakValueHashMap
3441:             3             72  org.jetbrains.plugins.scala.codeInspection.methodSignature.EmptyParenMethodAccessedAsParameterlessInspection
3442:             3             72  org.jetbrains.idea.maven.model.MavenId
3443:             3             72  com.intellij.codeInspection.unusedLibraries.UnusedLibrariesInspection
3444:             3             72  org.jetbrains.idea.devkit.inspections.ExtensionPointBeanClassInspection
3445:             3             72  com.intellij.codeInsight.daemon.impl.analysis.XmlPathReferenceInspection
3446:             3             72  org.jetbrains.plugins.scala.codeInspection.sbt.SbtFileStructureInspection
3447:             3             72  com.intellij.lang.ant.dom.AntResolveInspection
3448:             3             72  org.intellij.plugins.intelliLang.pattern.PatternOverriddenByNonAnnotatedMethod
3449:             3             72  net.sf.cglib.core.AbstractClassGenerator$Source
3450:             3             72  com.intellij.codeInspection.concurrencyAnnotations.NonFinalFieldInImmutableInspection
3451:             3             72  org.jetbrains.plugins.groovy.codeInspection.confusing.GrReassignedInClosureLocalVarInspection
3452:             3             72  org.jetbrains.plugins.groovy.codeInspection.confusing.GroovyConditionalInspection
3453:             3             72  org.jetbrains.plugins.groovy.codeInspection.confusing.DelegatesToInspection
3454:             3             72  com.intellij.util.concurrency.AtomicFieldUpdater
3455:             3             72  org.jetbrains.plugins.scala.codeInspection.imports.SingleImportInspection
3456:             3             72  org.jetbrains.plugins.groovy.codeInspection.threading.GroovyWaitWhileNotSynchronizedInspection
3457:             3             72  org.jetbrains.plugins.groovy.codeInspection.control.GroovyConditionalCanBeConditionalCallInspection
3458:             3             72  org.jetbrains.plugins.groovy.codeInspection.threading.GroovyEmptySyncBlockInspection
3459:             3             72  org.jetbrains.plugins.groovy.codeInspection.control.finalVar.GrFinalVariableAccessInspection
3460:             3             72  org.intellij.lang.xpath.xslt.validation.inspections.VariableShadowingInspection
3461:             3             72  org.jetbrains.plugins.scala.codeInspection.prefixMutableCollections.ReferenceMustBePrefixedInspection
3462:             1             72  com.intellij.concurrency.JobSchedulerImpl$MyExecutor
3463:             1             72  com.intellij.codeInsight.navigation.CtrlMouseHandler
3464:             3             72  com.intellij.codeInspection.java15api.Java15APIUsageInspection
3465:             3             72  org.jetbrains.idea.maven.project.MavenProjectChanges
3466:             3             72  org.jetbrains.plugins.groovy.codeInspection.threading.GroovyNestedSynchronizedStatementInspection
3467:             3             72  org.jetbrains.plugins.groovy.codeInspection.bugs.GroovyInArgumentCheckInspection
3468:             3             72  com.intellij.codeInspection.AnonymousCanBeLambdaInspection
3469:             1             72  com.intellij.util.lang.UrlClassLoader
3470:             3             72  com.intellij.openapi.wm.impl.status.IdeStatusBarImpl$Position
3471:             3             72  org.jetbrains.plugins.groovy.codeInspection.exception.GroovyReturnFromFinallyBlockInspection
3472:             3             72  com.intellij.codeInspection.unneededThrows.RedundantThrowsDeclaration
3473:             3             72  org.jetbrains.plugins.groovy.codeInspection.metrics.GroovyMethodWithMoreThanThreeNegationsInspection
3474:             3             72  org.jetbrains.plugins.scala.codeInspection.xml.ScalaXmlUnmatchedTagInspection
3475:             3             72  org.jetbrains.plugins.scala.codeInspection.scaladoc.ScalaDocMissingParameterDescriptionInspection
3476:             3             72  org.jetbrains.plugins.groovy.codeInspection.threading.GroovyNotifyWhileNotSynchronizedInspection
3477:             3             72  com.intellij.xml.util.CheckXmlFileWithXercesValidatorInspection
3478:             3             72  org.intellij.lang.xpath.xslt.impl.XsltChecker$LanguageLevel
3479:             3             72  javax.swing.plaf.basic.BasicRootPaneUI$RootPaneInputMap
3480:             3             72  org.jetbrains.plugins.scala.codeInspection.methodSignature.ApparentRefinementOfResultTypeInspection
3481:             1             72  org.jetbrains.plugins.scala.lang.psi.impl.ScalaPsiManager
3482:             3             72  com.intellij.psi.controlFlow.BranchingInstruction$Role
3483:             3             72  com.intellij.openapi.vfs.CharsetToolkit$GuessedEncoding
3484:             3             72  com.intellij.xml.util.CheckTagEmptyBodyInspection
3485:             3             72  com.sun.jna.NativeString
3486:             3             72  com.intellij.openapi.wm.impl.FocusManagerImpl$EdtAlarm
3487:             3             72  org.jetbrains.generate.tostring.inspection.FieldNotUsedInToStringInspection
3488:             3             72  com.intellij.codeInspection.ex.JobDescriptor
3489:             3             72  org.jetbrains.plugins.groovy.codeInspection.assignment.GroovyUncheckedAssignmentOfMemberOfRawTypeInspection
3490:             3             72  org.jetbrains.plugins.groovy.codeInspection.threading.GroovyUnconditionalWaitInspection
3491:             3             72  com.intellij.codeInspection.miscGenerics.RedundantArrayForVarargsCallInspection
3492:             1             72  com.intellij.ide.IdeTooltipManager
3493:             3             72  org.jetbrains.plugins.scala.codeInspection.scaladoc.ScalaDocUnclosedTagWithoutParserInspection
3494:             3             72  com.intellij.util.LineSeparator
3495:             3             72  com.intellij.util.ui.UIUtil$ComponentStyle
3496:             3             72  com.intellij.openapi.progress.BackgroundTaskQueue
3497:             3             72  org.jetbrains.plugins.groovy.codeInspection.exception.GroovyEmptyCatchBlockInspection
3498:             3             72  com.intellij.codeInspection.internal.GtkPreferredJComboBoxRendererInspection
3499:             1             72  org.jetbrains.plugins.scala.codeInspection.unusedInspections.ScalaUnusedSymbolPass
3500:             3             72  org.jetbrains.plugins.groovy.codeInspection.threading.GroovySynchronizationOnThisInspection
3501:             3             72  sun.swing.SwingUtilities2$LSBCacheEntry
3502:             3             72  com.intellij.codeInspection.LossyEncodingInspection
3503:             3             72  org.jetbrains.plugins.groovy.codeInspection.threading.GroovyWaitCallNotInLoopInspection
3504:             3             72  org.jetbrains.plugins.scala.codeInspection.packageNameInspection.ScalaPackageNameInspection
3505:             3             72  org.jetbrains.plugins.groovy.codeInspection.assignment.GroovyAssignabilityCheckInspection
3506:             3             72  com.intellij.execution.actions.CreateAction$BaseCreatePolicy$ActionType
3507:             3             72  com.intellij.codeInspection.RedundantLambdaCodeBlockInspection
3508:             3             72  org.jetbrains.plugins.groovy.codeInspection.exception.GroovyThrowFromFinallyBlockInspection
3509:             1             72  [Lsun.awt.CausedFocusEvent$Cause;
3510:             1             72  scala.reflect.ClassManifestFactory$
3511:             3             72  org.jetbrains.plugins.groovy.codeInspection.control.GroovyConstantIfStatementInspection
3512:             3             72  com.intellij.codeInspection.dataFlow.Nullness
3513:             3             72  com.intellij.util.ThreeState
3514:             3             72  org.intellij.plugins.intelliLang.inject.java.validation.LanguageMismatch
3515:             3             72  com.intellij.notification.NotificationType
3516:             3             72  com.intellij.codeInspection.accessStaticViaInstance.AccessStaticViaInstance
3517:             3             72  com.intellij.codeInspection.i18n.InvalidPropertyKeyInspection
3518:             3             72  org.jetbrains.plugins.groovy.codeInspection.control.GroovyIfStatementWithIdenticalBranchesInspection
3519:             3             72  org.jetbrains.plugins.scala.codeInspection.forwardReferenceInspection.ForwardReferenceInspection
3520:             3             72  org.jetbrains.plugins.scala.codeInspection.postfix.PostfixMethodCallInspection
3521:             3             72  com.intellij.xml.util.CheckDtdReferencesInspection
3522:             3             72  com.intellij.diagnostic.IdeFatalErrorsIcon$State
3523:             3             72  com.intellij.codeInspection.defaultFileTemplateUsage.DefaultFileTemplateUsageInspection
3524:             3             72  org.jetbrains.plugins.groovy.codeInspection.unusedDef.UnusedDefInspection
3525:             3             72  com.intellij.lang.ant.validation.AntDuplicateTargetsInspection
3526:             3             72  com.intellij.codeInspection.internal.FileEqualsUsageInspection
3527:             3             72  com.intellij.util.ui.UIUtil$FontSize
3528:             3             72  com.intellij.openapi.vcs.VcsShowConfirmationOption$Value
3529:             3             72  com.intellij.openapi.progress.BackgroundTaskQueue$BackgroundableUnderProgressRunner
3530:             3             72  org.jetbrains.plugins.groovy.codeInspection.control.GroovyUnnecessaryContinueInspection
3531:             3             72  org.jetbrains.plugins.groovy.codeInspection.bugs.NewInstanceOfSingletonInspection
3532:             3             72  org.jetbrains.plugins.groovy.codeInspection.threading.GroovySynchronizedMethodInspection
3533:             3             72  org.jetbrains.plugins.groovy.codeInspection.confusing.GrUnusedIncDecInspection
3534:             3             72  org.jetbrains.plugins.groovy.codeInspection.bugs.GroovyDivideByZeroInspection
3535:             3             72  org.jetbrains.plugins.scala.codeInspection.scaladoc.ScalaDocUnbalancedHeaderInspection
3536:             3             72  org.jetbrains.plugins.groovy.codeInspection.control.GroovyConstantConditionalInspection
3537:             1             72  com.intellij.formatting.FormatterImpl
3538:             3             72  org.jetbrains.plugins.groovy.codeInspection.control.GroovyLoopStatementThatDoesntLoopInspection
3539:             3             72  com.intellij.codeInspection.miscGenerics.RedundantTypeArgsInspection
3540:             3             72  org.jetbrains.plugins.scala.codeInspection.methodSignature.UnitMethodDefinedLikeProcedureInspection
3541:             3             72  com.intellij.codeInspection.varScopeCanBeNarrowed.ParameterCanBeLocalInspection
3542:             3             72  com.intellij.openapi.progress.BackgroundTaskQueue$1
3543:             3             72  org.jetbrains.plugins.scala.lang.formatting.settings.TypeAnnotationRequirement
3544:             3             72  org.intellij.plugins.intelliLang.inject.java.validation.UnknownLanguageID
3545:             3             72  com.intellij.util.config.ExternalizablePropertyContainer
3546:             3             72  javax.swing.plaf.ActionMapUIResource
3547:             3             72  com.intellij.codeInspection.PossibleHeapPollutionVarargsInspection
3548:             3             72  com.intellij.codeInspection.DefaultHighlightVisitorBasedInspection$SyntaxErrorInspection
3549:             3             72  org.jetbrains.plugins.scala.codeInspection.notImplementedCode.NotImplementedCodeInspection
3550:             3             72  com.intellij.ui.content.ContentManagerEvent$ContentOperation
3551:             3             72  org.jetbrains.plugins.groovy.codeInspection.control.GroovyContinueInspection
3552:             3             72  com.intellij.codeInspection.unneededThrows.RedundantThrows
3553:             3             72  com.siyeh.ig.dependency.CyclicClassDependencyInspection
3554:             3             72  org.jetbrains.idea.maven.dom.inspections.MavenDuplicateDependenciesInspection
3555:             3             72  org.jetbrains.plugins.scala.codeInspection.typeChecking.TypeCheckCanBeMatchInspection
3556:             3             72  org.intellij.lang.xpath.context.functions.Parameter$Kind
3557:             3             72  com.intellij.util.config.BooleanProperty
3558:             3             72  com.intellij.uiDesigner.inspections.DuplicateMnemonicInspection
3559:             3             72  com.intellij.openapi.components.ServiceBean
3560:             3             72  org.jetbrains.plugins.groovy.codeInspection.gpath.GroovyListGetCanBeKeyedAccessInspection
3561:             3             72  com.siyeh.ig.redundancy.ElementOnlyUsedFromTestCodeInspection
3562:             1             72  javax.swing.text.PlainDocument
3563:             3             72  com.siyeh.ig.modularization.ClassOnlyUsedInOneModuleInspection
3564:             3             72  org.jetbrains.plugins.groovy.codeInspection.bugs.GroovyRangeTypeCheckInspection
3565:             3             72  org.jetbrains.plugins.groovy.codeInspection.resources.TypeCustomizerInspection
3566:             3             72  com.intellij.codeInspection.unusedImport.UnusedImportLocalInspection
3567:             1             72  com.intellij.openapi.components.impl.stores.IdeaProjectStoreImpl$1
3568:             3             72  org.jetbrains.plugins.groovy.codeInspection.bugs.GroovyResultOfObjectAllocationIgnoredInspection
3569:             3             72  org.jetbrains.idea.devkit.inspections.InspectionDescriptionNotFoundInspection
3570:             3             72  org.jetbrains.plugins.groovy.codeInspection.confusing.GroovyEmptyStatementBodyInspection
3571:             3             72  com.intellij.xml.util.XmlInvalidIdInspection
3572:             3             72  org.jetbrains.plugins.scala.codeInspection.methodSignature.UnitMethodDeclaredWithTypeAnnotationInspection
3573:             3             72  com.theoryinpractice.testng.inspection.DependsOnGroupsInspection
3574:             3             72  org.jetbrains.plugins.groovy.codeInspection.control.GroovyReturnFromClosureCanBeImplicitInspection
3575:             3             72  org.jetbrains.plugins.scala.codeInspection.methodSignature.JavaAccessorMethodOverridenAsEmptyParenInspection
3576:             3             72  org.jetbrains.plugins.scala.codeInspection.shadow.VariablePatternShadowInspection
3577:             3             72  com.intellij.openapi.fileEditor.FileEditorStateLevel
3578:             3             72  com.intellij.openapi.editor.impl.softwrap.SoftWrapAppliancePlaces
3579:             3             72  org.jetbrains.plugins.groovy.codeInspection.confusing.GrDeprecatedAPIUsageInspection
3580:             3             72  org.jetbrains.idea.devkit.inspections.InspectionMappingConsistencyInspection
3581:             3             72  javax.swing.text.StyleContext$SmallAttributeSet
3582:             3             72  com.intellij.uiDesigner.inspections.BoundFieldAssignmentInspection
3583:             3             72  com.intellij.openapi.vfs.VFileProperty
3584:             3             72  com.theoryinpractice.testng.inspection.ConvertJavadocInspection
3585:             1             72  [Lcom.siyeh.ig.portability.mediatype.MessageMediaType;
3586:             3             72  com.intellij.psi.impl.source.resolve.Domination
3587:             3             72  org.jetbrains.plugins.groovy.codeInspection.confusing.GroovyPointlessBooleanInspection
3588:             3             72  org.jetbrains.plugins.groovy.codeInspection.exception.GroovyEmptyFinallyBlockInspection
3589:             3             72  com.siyeh.ig.packaging.DisjointPackageInspection
3590:             3             72  com.siyeh.ig.packaging.ClassOnlyUsedInOnePackageInspection
3591:             3             72  org.intellij.plugins.relaxNG.inspections.UnusedDefineInspection
3592:             3             72  de.plushnikov.intellij.lombok.processor.CleanupProcessor
3593:             1             72  org.jetbrains.idea.svn.actions.IgnoreActionGroup
3594:             1             72  com.intellij.codeInsight.daemon.impl.IdentifierHighlighterPass
3595:             1             72  com.intellij.designer.DesignerToolWindowManager
3596:             3             72  org.jetbrains.plugins.scala.codeInspection.shadow.TypeParameterShadowInspection
3597:             3             72  com.siyeh.ig.dependency.CyclicPackageDependencyInspection
3598:             1             72  com.intellij.openapi.wm.impl.WindowManagerImpl
3599:             3             72  com.intellij.codeInspection.i18n.InconsistentResourceBundleInspection
3600:             3             72  com.intellij.ide.impl.ContentManagerWatcher
3601:             3             72  org.jetbrains.plugins.groovy.codeInspection.confusing.GroovyPointlessArithmeticInspection
3602:             1             72  com.intellij.psi.impl.source.tree.java.PsiCatchSectionImpl
3603:             3             72  com.intellij.openapi.project.DumbModeAction
3604:             3             72  com.intellij.codeInspection.internal.UndesirableClassUsageInspection
3605:             3             72  com.intellij.codeInspection.sameReturnValue.SameReturnValueInspection
3606:             3             72  com.intellij.codeInspection.LambdaCanBeMethodReferenceInspection
3607:             3             72  com.theoryinpractice.testng.inspection.UndeclaredTestInspection
3608:             3             72  com.intellij.ui.RowIcon$Alignment
3609:             3             72  org.jetbrains.plugins.scala.codeInspection.etaExpansion.ConvertibleToMethodValueInspection
3610:             3             72  org.jetbrains.plugins.groovy.codeInspection.threading.GroovyPublicFieldAccessedInSynchronizedContextInspection
3611:             3             72  org.jetbrains.plugins.groovy.codeInspection.confusing.GrFieldAlreadyDefinedInspection
3612:             3             72  com.intellij.codeInspection.dependencyViolation.DependencyInspection
3613:             3             72  org.intellij.lang.xpath.validation.inspections.HardwiredNamespacePrefix
3614:             3             72  org.jetbrains.plugins.groovy.codeInspection.confusing.UnnecessaryQualifiedReferenceInspection
3615:             3             72  com.intellij.util.text.DateFormatUtil$DateType
3616:             1             72  [Lcom.siyeh.ig.portability.mediatype.ModelMediaType;
3617:             4             64  sun.reflect.generics.tree.TypeVariableSignature
3618:             2             64  org.jetbrains.idea.maven.model.MavenResource
3619:             1             64  javax.swing.plaf.basic.BasicHTML$BasicEditorKit
3620:             2             64  javax.swing.text.DefaultEditorKit$PreviousWordAction
3621:             4             64  com.intellij.psi.codeStyle.PackageEntryTable
3622:             4             64  org.jetbrains.plugins.scala.codeInspection.collections.OperationOnCollectionInspectionBase$$anonfun$3
3623:             4             64  javax.swing.JProgressBar$ModelListener
3624:             2             64  [Lcom.intellij.openapi.editor.impl.softwrap.SoftWrapAppliancePlaces;
3625:             1             64  com.intellij.refactoring.changeSignature.ChangeSignaturePassFactory$ChangeSignaturePass
3626:             2             64  javax.swing.text.DefaultEditorKit$NextWordAction
3627:             2             64  org.jetbrains.plugins.scala.decompiler.DecompilerUtil$DecompilationResult
3628:             2             64  com.intellij.codeInsight.navigation.ShowQuickDocAtPinnedWindowFromTooltipAction
3629:             4             64  org.jetbrains.plugins.scala.codeInspection.collections.OperationOnCollectionInspectionBase$$anonfun$4
3630:             2             64  sun.rmi.transport.DGCClient$EndpointEntry$RefEntry
3631:             1             64  javax.swing.JRootPane$1
3632:             1             64  com.intellij.usages.UsageViewPresentation
3633:             1             64  org.jetbrains.idea.maven.project.MavenProjectsTree$MavenProjectTimestamp
3634:             2             64  [Ljava.lang.annotation.RetentionPolicy;
3635:             2             64  org.jetbrains.plugins.scala.config.ScalaFacetType
3636:             2             64  com.sun.jna.Library$Handler$FunctionInfo
3637:             4             64  org.jetbrains.plugins.scala.codeInspection.collections.OperationOnCollectionInspectionBase$$anonfun$5
3638:             2             64  org.jaxen.ContextSupport
3639:             2             64  sun.rmi.transport.DGCClient$EndpointEntry$RefEntry$PhantomLiveRef
3640:             2             64  com.intellij.psi.search.scope.packageSet.NamedScopeManager
3641:             2             64  [Lcom.intellij.openapi.roots.DependencyScope;
3642:             2             64  sun.misc.GC$LatencyRequest
3643:             2             64  [Lorg.intellij.plugins.intelliLang.inject.LanguageInjectionSupport;
3644:             2             64  org.jaxen.expr.DefaultNameStep
3645:             4             64  org.jetbrains.plugins.scala.codeInspection.collections.OperationOnCollectionInspectionBase$$anonfun$6
3646:             1             64  javax.swing.text.FieldView
3647:             4             64  com.intellij.openapi.editor.impl.RangeIterator$FoldingGaps
3648:             2             64  [Ljava.lang.ThreadGroup;
3649:             4             64  com.intellij.openapi.vcs.VcsKey
3650:             1             64  com.intellij.codeInsight.daemon.impl.CodeFoldingPass
3651:             2             64  com.intellij.openapi.vcs.impl.projectlevelman.FileWatchRequestModifier
3652:             2             64  sun.nio.ch.AllocatedNativeObject
3653:             2             64  javax.swing.text.html.HTMLEditorKit$BeginAction
3654:             4             64  java.util.regex.Pattern$Begin
3655:             4             64  com.intellij.openapi.wm.ToolWindowAnchor
3656:             2             64  com.intellij.lang.java.lexer.JavaDocLexer
3657:             1             64  com.intellij.openapi.externalSystem.service.project.autoimport.ExternalSystemAutoImporter
3658:             2             64  com.intellij.debugger.settings.NodeRendererSettings$MapEntryLabelRenderer$MyCachedEvaluator
3659:             1             64  sun.font.CoreMetrics
3660:             2             64  java.util.concurrent.CountDownLatch$Sync
3661:             2             64  javax.swing.text.DefaultEditorKit$BeginAction
3662:             2             64  java.security.MessageDigest$Delegate
3663:             2             64  [Lcom.intellij.openapi.vcs.changes.conflicts.ChangelistConflictResolution;
3664:             2             64  com.intellij.designer.propertyTable.PropertyTable$MySelectNextPreviousRowAction
3665:             2             64  com.intellij.designer.inspection.AbstractQuickFixManager$4
3666:             4             64  sun.net.www.ParseUtil
3667:             2             64  javax.swing.text.DefaultEditorKit$EndAction
3668:             1             64  java.awt.EventQueue
3669:             2             64  com.intellij.debugger.ui.tree.render.LabelRenderer$1
3670:             2             64  [Lcom.sun.java.swing.plaf.gtk.GTKConstants$PositionType;
3671:             1             64  [Lcom.intellij.psi.impl.PsiTreeChangeEventImpl$PsiEventType;
3672:             2             64  com.intellij.ide.ui.laf.DarculaMetalTheme
3673:             2             64  com.intellij.util.io.PersistentStringEnumerator
3674:             2             64  com.intellij.openapi.diagnostic.FrequentEventDetector
3675:             2             64  java.util.concurrent.atomic.AtomicReferenceFieldUpdater$AtomicReferenceFieldUpdaterImpl
3676:             2             64  java.lang.VirtualMachineError
3677:             2             64  com.intellij.util.containers.hash.HashSet
3678:             2             64  com.intellij.lexer.XmlLexer
3679:             2             64  javax.swing.text.JTextComponent$MutableCaretEvent
3680:             2             64  sun.awt.X11.XWMHints
3681:             1             64  com.intellij.openapi.keymap.impl.keyGestures.KeyboardGestureProcessor
3682:             2             64  sun.awt.X11.XkbEvent
3683:             1             64  sun.awt.X11.XInputMethod
3684:             2             64  com.intellij.execution.ExecutionTargetManagerImpl
3685:             4             64  com.intellij.openapi.ui.ThreeComponentsSplitter$Divider$1
3686:             2             64  com.intellij.openapi.roots.impl.LanguageLevelProjectExtensionImpl
3687:             1             64  com.intellij.diagnostic.PerformanceWatcher
3688:             1             64  com.intellij.ui.tabs.impl.singleRow.ScrollableSingleRowLayout
3689:             4             64  com.intellij.idea.IdeaApplication$1$1
3690:             4             64  com.intellij.execution.junit2.inspection.JUnitEntryPoint
3691:             1             64  com.intellij.compiler.CompilerManagerImpl
3692:             2             64  javax.swing.text.html.HTMLEditorKit$NavigateLinkAction
3693:             1             64  sun.security.provider.NativePRNG$RandomIO
3694:             1             64  com.intellij.openapi.vfs.impl.local.FileWatcher$MyProcessHandler
3695:             1             64  com.intellij.codeInsight.daemon.impl.IndentsPass
3696:             3             64  [Lcom.intellij.facet.Facet;
3697:             1             64  [Lcom.intellij.tasks.TaskRepositoryType;
3698:             4             64  com.intellij.util.indexing.DefaultFileTypeSpecificInputFilter
3699:             2             64  javax.swing.plaf.basic.BasicTextUI$RootView
3700:             4             64  com.intellij.patterns.IElementTypePattern
3701:             2             64  com.intellij.ide.ui.laf.darcula.ui.DarculaMenuItemBorder
3702:             4             64  java.util.IdentityHashMap$KeySet
3703:             2             64  sun.util.locale.UnicodeLocaleExtension
3704:             4             64  com.intellij.openapi.ui.SimpleToolWindowPanel$1
3705:             2             64  [Lorg.intellij.plugins.intelliLang.Configuration$InstrumentationType;
3706:             2             64  com.intellij.codeInsight.daemon.impl.DaemonCodeAnalyzerImpl$1
3707:             2             64  sun.awt.X11.XkbAnyEvent
3708:             1             64  com.intellij.codeInsight.daemon.impl.InjectedCodeFoldingPass
3709:             4             64  com.intellij.lexer.BaseHtmlLexer$XmlNameHandler
3710:             1             64  org.jetbrains.idea.maven.project.MavenGeneralSettings
3711:             4             64  com.intellij.openapi.components.impl.ComponentManagerImpl$1
3712:             4             64  com.intellij.ide.util.treeView.AbstractTreeUi$38
3713:             2             64  com.intellij.ide.actions.EditSourceAction
3714:             2             64  com.intellij.openapi.roots.PersistentOrderRootType
3715:             1             64  com.intellij.openapi.components.impl.stores.DefaultProjectStoreImpl
3716:             2             64  com.intellij.openapi.roots.impl.ModuleSourceOrderEntryImpl
3717:             1             64  com.intellij.psi.impl.source.html.HtmlFileImpl
3718:             1             64  com.intellij.psi.impl.source.tree.java.PsiTryStatementImpl
3719:             2             64  java.lang.ref.ReferenceQueue$Null
3720:             1             64  org.jetbrains.plugins.scala.codeInspection.unusedInspections.ScalaUnusedImportPass
3721:             4             64  com.intellij.lexer.BaseHtmlLexer$XmlTagClosedHandler
3722:             4             64  com.theoryinpractice.testng.inspection.TestNGEntryPoint
3723:             4             64  $Proxy2
3724:             2             64  com.intellij.debugger.settings.NodeRendererSettings$2
3725:             4             64  sun.awt.X11.XRepaintArea
3726:             2             64  sun.awt.X11.XSizeHints
3727:             1             64  sun.awt.im.InputMethodContext
3728:             2             64  com.intellij.openapi.vcs.impl.VcsInitialization
3729:             2             64  com.intellij.ide.ui.laf.darcula.DarculaTableHeaderUI
3730:             2             64  org.jboss.netty.util.internal.ConcurrentHashMap$HashEntry
3731:             1             64  com.intellij.openapi.vcs.changes.UpdateRequestsQueue
3732:             2             64  [Lcom.intellij.psi.search.scope.packageSet.CustomScopesProvider;
3733:             4             64  javax.swing.text.StyleConstants
3734:             1             64  com.intellij.psi.impl.source.tree.java.PsiDeclarationStatementImpl
3735:             1             64  sun.awt.X11GraphicsDevice
3736:             4             64  com.intellij.lexer.BaseHtmlLexer$XmlAttributeValueEndHandler
3737:             4             64  com.intellij.util.containers.MultiMap$1
3738:             2             64  com.intellij.execution.ExecutorRegistryImpl$ExecutorAction
3739:             2             64  java.io.PrintStream
3740:             2             64  [Ljava.awt.image.ColorModel;
3741:             2             64  javax.swing.plaf.basic.BasicTextUI$FocusAction
3742:             2             64  [Lcom.intellij.util.xml.impl.DomImplementationClassEP;
3743:             4             64  javax.swing.plaf.basic.BasicProgressBarUI$Handler
3744:             1             64  com.intellij.codeInsight.daemon.impl.ShowAutoImportPass
3745:             4             64  com.intellij.lexer.BaseHtmlLexer$XmlAttributeValueHandler
3746:             2             64  [Lorg.intellij.plugins.xpathView.search.SearchScope$ScopeType;
3747:             4             64  sun.net.www.protocol.jar.Handler
3748:             2             64  javax.swing.text.DefaultStyledDocument$AbstractChangeHandler$DocReference
3749:             1             64  org.jetbrains.plugins.scala.settings.ScalaProjectSettings
3750:             4             64  com.intellij.openapi.components.impl.ComponentManagerConfigurator
3751:             4             64  javax.swing.text.StyleConstants$FontConstants
3752:             4             64  org.jdom.output.Format$TextMode
3753:             4             64  com.intellij.lexer.HtmlHighlightingLexer$XmlEmbeddmentHandler
3754:             4             64  com.intellij.openapi.wm.impl.Stripe$MyKeymapManagerListener
3755:             4             64  com.intellij.openapi.components.impl.stores.DefaultsStateStorage
3756:             1             64  org.apache.commons.collections.map.LRUMap
3757:             2             64  javax.swing.plaf.basic.BasicTextUI$BasicHighlighter
3758:             1             64  org.jetbrains.plugins.scala.compiler.FscServerManager
3759:             2             64  javax.swing.plaf.synth.SynthContext
3760:             4             64  com.intellij.openapi.wm.impl.Stripe$MyUISettingsListener
3761:             2             64  [Ljava.awt.Queue;
3762:             2             64  com.intellij.execution.console.ConsoleHistoryController$MyAction
3763:             2             64  org.jboss.netty.channel.group.DefaultChannelGroup
3764:             2             64  com.intellij.openapi.roots.impl.ProjectFileIndexImpl
3765:             1             64  org.apache.velocity.runtime.directive.Foreach
3766:             1             64  [Lsun.font.FontConfigManager$FcCompFont;
3767:             1             64  com.intellij.ide.projectView.impl.PackageViewPane
3768:             4             64  com.intellij.psi.impl.source.PsiJavaFileBaseImpl$MyCacheBuilder
3769:             4             64  com.intellij.openapi.actionSystem.Anchor
3770:             2             64  git4idea.repo.GitRemote
3771:             1             64  com.intellij.codeInsight.daemon.impl.SlowLineMarkersPass
3772:             1             64  com.intellij.codeInsight.daemon.impl.DaemonListeners
3773:             1             64  java.awt.color.ICC_ColorSpace
3774:             4             64  com.intellij.openapi.wm.impl.Stripe$AdaptiveBorder
3775:             4             64  java.util.WeakHashMap$KeySet
3776:             2             64  javax.swing.text.DefaultHighlighter$SafeDamager
3777:             4             64  com.intellij.execution.junit.JUnitConfiguration$1
3778:             4             64  com.intellij.codeInsight.daemon.impl.PassExecutorService$5
3779:             2             64  com.intellij.ide.actions.CollapseAllToolbarAction
3780:             2             64  org.intellij.plugins.xpathView.support.jaxen.PsiXPath
3781:             1             64  com.intellij.xdebugger.impl.breakpoints.XBreakpointManagerImpl
3782:             2             64  javax.swing.text.DefaultEditorKit$PageAction
3783:             4             64  com.intellij.execution.junit.JUnitConfiguration$2
3784:             2             64  org.jetbrains.idea.maven.project.MavenEmbeddersManager
3785:             1             64  com.intellij.tasks.impl.TaskManagerImpl
3786:             1             64  [Lcom.intellij.lang.java.parser.ExpressionParser$ExprType;
3787:             2             64  org.jetbrains.jps.model.serialization.facet.FacetState
3788:             2             64  [Lcom.intellij.psi.impl.PsiClassImplUtil$MemberType;
3789:             2             64  org.jetbrains.idea.svn.SvnMapping
3790:             4             64  com.intellij.testIntegration.BaseGenerateTestSupportMethodAction$MyHandler
3791:             2             64  com.intellij.psi.impl.JavaPsiFacadeImpl$1
3792:             2             64  com.intellij.xml.breadcrumbs.BreadcrumbsLoaderComponent$MyFileEditorManagerListener$1
3793:             2             64  com.intellij.psi.impl.PsiModificationTrackerImpl
3794:             2             64  com.intellij.ui.tabs.impl.singleRow.SingleRowLayout$GhostComponent$1
3795:             2             64  com.intellij.codeInsight.generation.GenerateGetterAndSetterHandler
3796:             1             64  com.intellij.openapi.fileTypes.impl.FileTypeManagerImpl
3797:             2             64  com.intellij.execution.ui.RunContentManagerImpl$1MyDataProvider
3798:             2             64  [Lcom.intellij.openapi.components.RoamingType;
3799:             4             64  com.intellij.openapi.actionSystem.ex.ComboBoxAction$ComboBoxButton$MyButtonSynchronizer
3800:             2             64  com.intellij.codeInsight.daemon.impl.LocalInspectionsPass$8
3801:             2             64  com.intellij.debugger.ui.tree.render.ExpressionChildrenRenderer$1
3802:             2             64  com.intellij.psi.impl.PsiToDocumentSynchronizer
3803:             1             64  com.intellij.util.io.PagePool
3804:             2             64  com.intellij.openapi.roots.LanguageLevelModuleExtension
3805:             1             64  sun.awt.X11GraphicsConfig
3806:             1             64  com.intellij.psi.impl.source.tree.java.PsiLocalVariableImpl
3807:             1             64  java.util.ResourceBundle$RBClassLoader
3808:             1             64  com.intellij.codeInsight.hint.HintManagerImpl
3809:             2             64  com.intellij.debugger.ui.tree.render.ExpressionChildrenRenderer$2
3810:             2             64  com.maddyhome.idea.copyright.CopyrightManager
3811:             2             64  javax.swing.border.BevelBorder
3812:             2             64  [Lcom.intellij.notification.NotificationDisplayType;
3813:             4             64  com.intellij.util.io.BaseOutputReader$1
3814:             2             64  com.intellij.openapi.vcs.changes.SwitchedFileHolder
3815:             4             64  com.intellij.openapi.extensions.impl.ExtensionsAreaImpl$1
3816:             2             64  com.intellij.openapi.vcs.changes.ui.ChangesViewContentEP
3817:             4             64  java.util.WeakHashMap$Values
3818:             1             64  javax.swing.MultiUIDefaults
3819:             1             56  com.intellij.openapi.keymap.impl.KeymapImpl
3820:             1             56  com.intellij.util.io.PagePool$1
3821:             1             56  com.intellij.designer.propertyTable.PropertyTable$4
3822:             1             56  git4idea.history.wholeTree.StructureFilterAction
3823:             1             56  com.intellij.util.io.PagePool$2
3824:             1             56  com.intellij.execution.process.OSProcessHandler
3825:             1             56  java.util.zip.ZipFile$ZipFileInflaterInputStream
3826:             1             56  com.intellij.compiler.impl.TranslatingCompilerFilesMonitor
3827:             1             56  com.intellij.codeInsight.documentation.DocumentationManager
3828:             1             56  com.intellij.util.io.PagedFileStorage$StorageLock$1
3829:             1             56  sun.awt.X11.XWINProtocol
3830:             1             56  com.intellij.openapi.vcs.changes.ui.ChangesBrowserChangeListNode
3831:             1             56  [Lcom.intellij.ide.navigationToolbar.NavBarKeyboardCommand;
3832:             1             56  com.intellij.ide.actionMacro.ActionMacroManager
3833:             1             56  [Lcom.intellij.openapi.startup.StartupActivity;
3834:             1             56  com.intellij.lang.properties.parsing._PropertiesLexer
3835:             1             56  com.intellij.openapi.vcs.changes.ShortDiffDetails
3836:             1             56  com.intellij.openapi.fileEditor.impl.EditorsSplitters$MyFocusTraversalPolicy
3837:             1             56  [Lcom.intellij.openapi.wm.ToolWindowEP;
3838:             1             56  net.orfjackal.sbt.plugin.sbtlang.SbtFileViewProviderFactory$1
3839:             1             56  com.intellij.debugger.settings.NodeRendererSettings
3840:             1             56  sun.awt.AppContext
3841:             1             56  git4idea.repo.GitUntrackedFilesHolder
3842:             1             56  org.jetbrains.plugins.scala.components.HighlightingAdvisor
3843:             1             56  com.intellij.openapi.components.impl.stores.IdeaProjectStoreImpl
3844:             1             56  com.intellij.openapi.editor.impl.softwrap.mapping.IncrementalCacheUpdateEvent
3845:             1             56  [Lcom.intellij.execution.runners.ProgramRunner;
3846:             1             56  com.intellij.ide.fileTemplates.impl.FileTemplateManagerImpl
3847:             1             56  com.intellij.ide.projectView.impl.ProjectViewPane
3848:             1             56  java.net.SocketPermission
3849:             1             56  sun.rmi.runtime.Log$InternalStreamHandler
3850:             1             56  com.intellij.tasks.impl.TaskManagerImpl$3
3851:             1             56  org.jetbrains.idea.maven.project.MavenProjectsManagerWatcher
3852:             1             56  [Lcom.intellij.codeInspection.ProblemHighlightType;
3853:             1             56  com.intellij.javaee.ExternalResourceManagerImpl
3854:             1             56  sun.awt.X11.MotifDnDDragSourceProtocol
3855:             1             56  com.intellij.codeInsight.daemon.impl.analysis.HighlightVisitorImpl
3856:             1             56  com.google.common.collect.RegularImmutableBiMap
3857:             1             56  [[Lsun.awt.SunHints$Value;
3858:             1             56  org.jetbrains.plugins.groovy.codeStyle.GroovyCodeStyleSettings
3859:             1             56  [Lcom.intellij.ide.IconProvider;
3860:             1             56  com.intellij.tasks.impl.TaskManagerImpl$Config
3861:             1             56  com.intellij.openapi.roots.impl.RootModelImpl
3862:             1             56  git4idea.history.wholeTree.MediatorImpl
3863:             1             56  com.intellij.openapi.wm.impl.ProjectWindowActionGroup
3864:             1             56  com.intellij.ide.util.treeView.AbstractTreeUpdater$1
3865:             1             56  com.intellij.openapi.keymap.impl.IdeKeyEventDispatcher
3866:             1             56  com.intellij.openapi.vcs.impl.LineStatusTrackerManager
3867:             1             56  org.jetbrains.plugins.scala.compiler.ScalacSettings
3868:             1             56  [Lcom.intellij.patterns.compiler.PatternCompilerImpl$State;
3869:             1             56  com.intellij.ui.tabs.impl.JBTabsImpl$4
3870:             1             56  [Lcom.intellij.psi.codeStyle.CodeStyleSettingsProvider;
3871:             1             56  [Lcom.intellij.ide.navigationToolbar.NavBarUpdateQueue$ID;
3872:             1             56  com.intellij.ui.IconDeferrerImpl$1
3873:             1             56  com.intellij.openapi.editor.impl.event.EditorEventMulticasterImpl
3874:             1             56  com.intellij.openapi.vcs.changes.ui.ChangesTreeList$2
3875:             1             56  com.intellij.openapi.vcs.changes.shelf.ShelvedChangesViewManager
3876:             1             56  org.jboss.netty.channel.socket.nio.NioWorker
3877:             1             56  sun.java2d.NullSurfaceData
3878:             1             56  git4idea.history.wholeTree.BranchSelectorAction
3879:             1             56  com.intellij.ide.GeneralSettings
3880:             1             56  com.intellij.ide.projectView.impl.AbstractProjectViewPSIPane$MySpeedSearch
3881:             1             56  sun.awt.im.ExecutableInputMethodManager
3882:             1             56  com.intellij.openapi.vcs.changes.conflicts.ChangelistConflictTracker
3883:             1             56  com.intellij.usages.impl.UsageViewTreeModelBuilder
3884:             1             56  [Ljava.util.Locale;
3885:             1             56  [Lcom.intellij.openapi.extensions.KeyedFactoryEPBean;
3886:             3             56  [Lcom.intellij.openapi.module.Module;
3887:             1             56  org.jetbrains.plugins.scala.compiler.CompileServerManager
3888:             1             56  com.intellij.util.io.PagedFileStorage$StorageLock
3889:             1             56  org.jetbrains.idea.eclipse.config.EclipseModuleManagerImpl
3890:             1             56  com.intellij.uiDesigner.propertyInspector.UIDesignerToolWindowManager
3891:             1             56  sun.awt.image.SunVolatileImage
3892:             1             56  com.intellij.ide.actions.SmartPopupActionGroup
3893:             1             56  com.intellij.openapi.vcs.actions.VcsGroupsWrapper
3894:             1             56  com.intellij.util.xml.impl.DomManagerImpl
3895:             2             48  git4idea.config.GitVcsApplicationSettings$SshExecutable
3896:             2             48  com.intellij.util.concurrency.QueueProcessor$ThreadToUse
3897:             3             48  java.util.concurrent.ConcurrentHashMap$KeySet
3898:             1             48  com.intellij.openapi.externalSystem.service.ExternalSystemFacadeManager
3899:             1             48  com.intellij.diagnostic.DialogAppender
3900:             1             48  [Ljavax.swing.DropMode;
3901:             3             48  com.intellij.codeInspection.localCanBeFinal.LocalCanBeFinal$AcceptSuggested
3902:             2             48  [Lcom.intellij.openapi.command.impl.UndoProvider;
3903:             3             48  org.jaxen.function.TrueFunction
3904:             2             48  com.intellij.openapi.externalSystem.model.ProjectSystemId
3905:             2             48  com.intellij.openapi.vcs.history.VcsHistoryCache
3906:             2             48  sun.awt.im.InputMethodLocator
3907:             1             48  com.intellij.ide.plugins.PluginManager$1
3908:             2             48  [Lcom.intellij.codeInsight.navigation.AbstractDocumentationTooltipAction;
3909:             3             48  org.jaxen.function.CeilingFunction
3910:             2             48  com.intellij.codeInsight.daemon.impl.HighlightInfoType$HighlightInfoTypeSeverityByKey
3911:             1             48  [Ljava.math.RoundingMode;
3912:             2             48  scala.math.BigDecimal
3913:             1             48  com.intellij.openapi.vfs.impl.VirtualFileManagerImpl$1
3914:             3             48  com.intellij.ide.impl.ContentManagerWatcher$2
3915:             2             48  com.intellij.util.containers.MultiMap$2
3916:             1             48  [Lcom.intellij.codeInsight.daemon.ImplicitUsageProvider;
3917:             2             48  git4idea.config.GitVcsSettings$UpdateChangesPolicy
3918:             1             48  org.jetbrains.idea.svn.SvnCompatibilityChecker
3919:             3             48  javax.swing.text.StyledEditorKit$AttributeTracker
3920:             3             48  org.jaxen.function.ConcatFunction
3921:             2             48  com.intellij.codeInsight.daemon.impl.FileStatusMap
3922:             2             48  com.intellij.psi.search.scope.ProjectFilesScope$1
3923:             2             48  [Lcom.intellij.openapi.components.StorageScheme;
3924:             2             48  org.jetbrains.plugins.scala.editor.mouseHandler.MouseHoverHandler$BrowseMode
3925:             3             48  org.jaxen.function.TranslateFunction
3926:             2             48  com.intellij.openapi.extensions.ExtensionPoint$Kind
3927:             1             48  org.apache.velocity.runtime.directive.Define
3928:             1             48  com.intellij.openapi.vcs.changes.ChangeListWorker
3929:             1             48  com.intellij.openapi.wm.impl.status.EncodingPanel
3930:             1             48  org.jetbrains.idea.maven.dom.MavenDomProjectModelDescription
3931:             2             48  com.intellij.execution.ui.RunContentManagerImpl$2
3932:             1             48  java.util.regex.Pattern$GroupCurly
3933:             1             48  org.jetbrains.plugins.scala.lang.psi.impl.toplevel.synthetic.ScSyntheticValue
3934:             1             48  [Ljava.util.concurrent.TimeUnit;
3935:             2             48  com.intellij.openapi.vcs.VcsType
3936:             2             48  com.intellij.psi.impl.PsiDocumentManagerImpl$2
3937:             3             48  org.jaxen.function.ContainsFunction
3938:             1             48  com.intellij.designer.componentTree.QuickFixManager
3939:             3             48  javax.swing.plaf.basic.BasicRootPaneUI$Actions
3940:             2             48  com.intellij.execution.ui.RunContentManagerImpl$3
3941:             2             48  com.intellij.openapi.editor.impl.softwrap.SoftWrapDrawingType
3942:             2             48  [Lcom.intellij.codeInsight.daemon.impl.HighlightInfoFilter;
3943:             1             48  gnu.trove.TLongObjectHashMap
3944:             2             48  javax.swing.plaf.metal.MetalLookAndFeel$FontActiveValue
3945:             3             48  com.intellij.util.SofterReference
3946:             1             48  com.intellij.lang.LanguageBraceMatching
3947:             3             48  org.jaxen.function.xslt.DocumentFunction
3948:             2             48  com.intellij.openapi.wm.StatusBarWidget$PlatformType
3949:             3             48  [Lcom.intellij.codeInspection.ProblemDescriptor;
3950:             2             48  com.intellij.debugger.ui.breakpoints.BreakpointDefaults
3951:             1             48  com.intellij.util.io.PersistentHashMapValueStorage$1
3952:             1             48  javax.swing.text.html.HTMLEditorKit$InsertHRAction
3953:             2             48  com.intellij.openapi.roots.impl.JavaModuleExternalPathsImpl
3954:             2             48  com.intellij.psi.impl.PsiDocumentManagerImpl$3
3955:             2             48  com.intellij.ui.FocusTrackback$1
3956:             3             48  org.jaxen.function.CountFunction
3957:             1             48  com.intellij.openapi.vcs.checkout.CheckoutActionGroup
3958:             2             48  com.intellij.openapi.extensions.Extensions$AreaClassConfiguration
3959:             2             48  [Lcom.intellij.openapi.roots.impl.DirectoryIndexExcludePolicy;
3960:             1             48  java.util.logging.LogManager
3961:             1             48  com.intellij.refactoring.changeSignature.LanguageChangeSignatureDetectors
3962:             1             48  com.intellij.util.io.PersistentHashMapValueStorage$2
3963:             3             48  org.jaxen.function.ext.EvaluateFunction
3964:             3             48  org.jaxen.function.FalseFunction
3965:             1             48  javax.swing.plaf.basic.BasicTextUI$TextTransferHandler
3966:             1             48  java.util.concurrent.locks.ReentrantReadWriteLock$FairSync
3967:             1             48  scala.Array$
3968:             1             48  com.intellij.lang.LanguageHtmlInlineScriptTokenTypesProvider
3969:             2             48  com.intellij.psi.search.scope.NonProjectFilesScope
3970:             3             48  com.intellij.openapi.util.Computable$PredefinedValueComputable
3971:             3             48  org.jaxen.function.FloorFunction
3972:             1             48  [Lcom.intellij.openapi.vcs.changes.InvokeAfterUpdateMode;
3973:             3             48  com.intellij.util.ConcurrencyUtil$2
3974:             1             48  com.intellij.lang.LanguageParserDefinitions
3975:             1             48  com.intellij.ide.palette.impl.PaletteManager
3976:             2             48  org.apache.log4j.helpers.OnlyOnceErrorHandler
3977:             2             48  com.intellij.openapi.roots.impl.ProjectRootManagerImpl$RootProviderChangeListener
3978:             2             48  com.intellij.execution.RunManagerConfig
3979:             1             48  sun.java2d.loops.BlitBg$General
3980:             1             48  git4idea.history.wholeTree.GraphGutter
3981:             1             48  [Lcom.intellij.codeInsight.editorActions.QuoteHandlerEP;
3982:             2             48  com.intellij.psi.search.scope.NonProjectFilesScope$1
3983:             2             48  sun.nio.ch.Util$BufferCache
3984:             2             48  com.intellij.util.containers.RefHashMap$EntrySet
3985:             3             48  org.jaxen.function.IdFunction
3986:             1             48  sun.java2d.SurfaceData$PixelToPgramLoopConverter
3987:             3             48  org.jaxen.function.ext.LowerFunction
3988:             3             48  javax.swing.JRootPane$RootLayout
3989:             1             48  com.intellij.openapi.vcs.changes.ShortDiffDetails$1
3990:             2             48  [Lcom.intellij.codeInsight.generation.PsiElementClassMember;
3991:             1             48  com.intellij.openapi.vfs.newvfs.persistent.PersistentFSImpl$9
3992:             3             48  sun.awt.X11.XAtomList
3993:             2             48  com.intellij.util.containers.ConcurrentSoftValueHashMap
3994:             1             48  org.intellij.plugins.relaxNG.RngDomFileDescription$RngElementDescription
3995:             1             48  com.intellij.util.xml.impl.DomApplicationComponent
3996:             1             48  com.intellij.ide.actions.ToolWindowsGroup
3997:             2             48  org.apache.velocity.util.introspection.Introspector
3998:             1             48  org.ini4j.Config
3999:             1             48  javax.swing.TransferHandler$DropHandler
4000:             2             48  javax.swing.text.DefaultEditorKit$DefaultKeyTypedAction
4001:             2             48  com.intellij.packageDependencies.DefaultScopesProvider$1
4002:             2             48  com.intellij.util.io.PagedFileStorage$StorageLockContext
4003:             3             48  sun.security.provider.NativePRNG
4004:             1             48  org.jetbrains.idea.maven.navigator.MavenProjectsNavigator
4005:             2             48  com.intellij.execution.util.StoringPropertyContainer
4006:             2             48  gnu.trove.THashMap$EntryView
4007:             3             48  org.jaxen.function.ext.UpperFunction
4008:             3             48  org.jetbrains.plugins.groovy.codeInspection.gpath.GroovySetterCallCanBePropertyAccessInspection$ReplaceWithPropertyAccessFix
4009:             2             48  com.intellij.xml.breadcrumbs.BreadcrumbsXmlWrapper$3
4010:             2             48  sun.util.locale.LocaleExtensions
4011:             1             48  scala.util.hashing.MurmurHash3$
4012:             1             48  org.jetbrains.idea.maven.dom.MavenDomProfilesModelDescription
4013:             2             48  com.intellij.openapi.vcs.VcsFileListenerContextHelper
4014:             1             48  com.intellij.psi.impl.file.impl.FileManagerImpl
4015:             2             48  sun.swing.table.DefaultTableCellHeaderRenderer$EmptyIcon
4016:             1             48  git4idea.history.wholeTree.LoadController
4017:             1             48  sun.nio.cs.US_ASCII$Decoder
4018:             3             48  org.jaxen.function.LangFunction
4019:             1             48  org.intellij.plugins.relaxNG.RngDomFileDescription$RngGrammarDescription
4020:             1             48  com.intellij.ui.docking.impl.DockManagerImpl
4021:             1             48  git4idea.history.browser.GitProjectLogManager
4022:             2             48  com.intellij.xml.breadcrumbs.BreadcrumbsXmlWrapper$4
4023:             1             48  com.intellij.ide.SaveAndSyncHandlerImpl
4024:             3             48  org.jaxen.function.ext.EndsWithFunction
4025:             1             48  org.jetbrains.idea.maven.dom.MavenDomOldProfilesModelDescription
4026:             2             48  org.jboss.netty.util.ThreadRenamingRunnable
4027:             2             48  com.intellij.debugger.ui.breakpoints.BreakpointManager$2
4028:             2             48  com.intellij.util.config.Storage$PropertiesComponentStorage
4029:             3             48  org.jaxen.function.LastFunction
4030:             1             48  com.intellij.psi.LanguageSubstitutors
4031:             3             48  java.text.AttributedCharacterIterator$Attribute
4032:             3             48  $Proxy38
4033:             1             48  com.intellij.openapi.wm.ex.LayoutFocusTraversalPolicyExt
4034:             2             48  com.intellij.psi.tree.IStubFileElementType
4035:             3             48  com.intellij.psi.impl.PsiConstantEvaluationHelperImpl
4036:             1             48  com.intellij.codeInsight.completion.actions.CodeCompletionGroup
4037:             1             48  com.intellij.execution.impl.ConsoleBuffer
4038:             2             48  com.intellij.dvcs.repo.Repository$State
4039:             2             48  com.intellij.util.containers.hash.HashSet$Entry
4040:             2             48  com.intellij.openapi.vcs.impl.projectlevelman.OptionsAndConfirmations
4041:             2             48  com.intellij.analysis.PackagesScopesProvider
4042:             1             48  com.intellij.psi.LanguageFileViewProviders
4043:             2             48  com.intellij.codeInsight.daemon.impl.StatusBarUpdater
4044:             2             48  com.intellij.xml.breadcrumbs.BreadcrumbsXmlWrapper$5
4045:             3             48  sun.java2d.pipe.SpanClipRenderer
4046:             3             48  org.jaxen.function.LocalNameFunction
4047:             2             48  com.intellij.execution.process.ProcessHandler$TasksRunner
4048:             1             48  org.jetbrains.idea.maven.dom.MavenDomSettingsModelDescription
4049:             2             48  com.intellij.psi.search.scope.ProjectProductionScope
4050:             1             48  org.intellij.plugins.intelliLang.Configuration$AdvancedConfiguration
4051:             1             48  org.intellij.plugins.relaxNG.RngDomFileDescription$RngGroupDescription
4052:             1             48  org.intellij.plugins.intelliLang.inject.config.XPathSupportProxyImpl$Provider$1
4053:             1             48  sun.awt.X11.XDnDDragSourceProtocol
4054:             1             48  org.intellij.lang.regexp.RegExpLanguageHosts
4055:             1             48  com.intellij.lang.findUsages.LanguageFindUsages
4056:             1             48  [Lcom.intellij.openapi.options.FontSize;
4057:             3             48  org.jetbrains.plugins.javaFX.JavaFxControllerClassIndex$MyInputFilter
4058:             1             48  com.intellij.packaging.impl.artifacts.ArtifactManagerImpl
4059:             1             48  com.intellij.compiler.impl.TranslatingCompilerFilesMonitor$1
4060:             1             48  org.jetbrains.idea.maven.dom.MavenDomPluginModelDescription
4061:             3             48  org.jaxen.function.NameFunction
4062:             2             48  com.intellij.psi.search.scope.ProjectProductionScope$1
4063:             2             48  com.intellij.execution.process.ProcessWaitFor
4064:             2             48  com.intellij.openapi.vfs.impl.VirtualFileManagerImpl$2
4065:             1             48  org.intellij.plugins.relaxNG.RngDomFileDescription$RngInterleaveDescription
4066:             1             48  com.intellij.codeInsight.daemon.impl.RefCountHolder$HolderReference
4067:             2             48  git4idea.history.wholeTree.GitLogUI$HighLightingRenderer$1
4068:             2             48  org.apache.velocity.util.introspection.IntrospectorCacheImpl
4069:             1             48  git4idea.repo.GitRepositoryImpl
4070:             2             48  com.intellij.util.xml.impl.ImplementationClassCache
4071:             2             48  javax.swing.text.JTextComponent$KeymapWrapper
4072:             1             48  com.intellij.compiler.impl.TranslatingCompilerFilesMonitor$2
4073:             2             48  com.intellij.psi.search.scope.TestsScope
4074:             2             48  sun.security.jca.ProviderList
4075:             3             48  com.intellij.util.xmlb.SkipDefaultValuesSerializationFilters
4076:             2             48  com.intellij.openapi.extensions.impl.ExtensionPointImpl$1
4077:             2             48  org.jboss.netty.util.internal.DeadLockProofWorker$1
4078:             2             48  net.orfjackal.sbt.plugin.settings.SbtProjectSettingsComponent
4079:             1             48  com.intellij.ide.actions.ResizeToolWindowAction$Left
4080:             2             48  com.intellij.execution.process.ProcessWaitFor$1
4081:             3             48  org.jaxen.function.NamespaceUriFunction
4082:             1             48  com.intellij.openapi.vcs.changes.RemoteRevisionsCache
4083:             3             48  com.intellij.util.containers.ConcurrentHashMap$EntrySet
4084:             1             48  git4idea.history.wholeTree.GitLogAssembler
4085:             2             48  com.intellij.util.config.ExternalizablePropertyContainer$ListExternalizer
4086:             2             48  [Lcom.intellij.openapi.roots.OrderRootType;
4087:             3             48  com.intellij.codeInspection.miscGenerics.RedundantTypeArgsInspection$MyQuickFixAction
4088:             2             48  com.intellij.openapi.components.StateStorageOperation
4089:             1             48  com.intellij.openapi.updateSettings.impl.UpdateSettings
4090:             2             48  com.intellij.psi.impl.PsiSubstitutorImpl$SubstituteKind
4091:             2             48  com.intellij.psi.search.scope.TestsScope$1
4092:             2             48  com.intellij.pom.java.impl.PomJavaAspectImpl
4093:             2             48  com.intellij.openapi.editor.impl.softwrap.mapping.SoftWrapApplianceManager$IndentType
4094:             1             48  com.intellij.psi.formatter.xml.XmlCodeStyleSettings
4095:             1             48  com.intellij.openapi.wm.impl.IdeFrameImpl$6
4096:             2             48  com.intellij.xml.breadcrumbs.BreadcrumbsXmlWrapper$6
4097:             1             48  com.intellij.compiler.impl.TranslatingCompilerFilesMonitor$3
4098:             1             48  org.zmlx.hg4idea.action.HgMercurialMenu
4099:             3             48  com.intellij.ide.UiActivity$AsyncBgOperation
4100:             1             48  com.intellij.codeInsight.daemon.LineMarkerProviders
4101:             1             48  com.intellij.ide.actions.ResizeToolWindowAction$Right
4102:             1             48  [Lnet.sf.cglib.proxy.CallbackInfo;
4103:             3             48  org.jaxen.function.NormalizeSpaceFunction
4104:             1             48  com.intellij.lang.ant.dom.AntDomFileDescription
4105:             1             48  [[Z
4106:             2             48  com.intellij.ui.TableExpandableItemsHandler$1
4107:             1             48  javax.swing.plaf.synth.SynthGraphicsUtils
4108:             2             48  javax.swing.text.JTextComponent$KeymapActionMap
4109:             2             48  java.util.Timer
4110:             2             48  com.intellij.openapi.vcs.actions.CommonCheckinProjectAction
4111:             1             48  com.intellij.lang.LanguageExtension
4112:             2             48  sun.swing.SwingUtilities2$AATextInfo
4113:             2             48  com.intellij.spellchecker.inspections.SpellCheckingInspection
4114:             2             48  org.jetbrains.idea.maven.indices.MavenIndex$Kind
4115:             2             48  com.intellij.openapi.vcs.impl.ModuleDefaultVcsRootPolicy
4116:             1             48  com.intellij.tools.ExternalToolsGroup
4117:             1             48  com.intellij.openapi.fileTypes.SyntaxHighlighterLanguageFactory
4118:             1             48  org.jetbrains.idea.maven.server.MavenServerManager
4119:             2             48  [Lorg.jetbrains.idea.maven.indices.MavenIndex$Kind;
4120:             1             48  com.intellij.util.lang.ClasspathCache
4121:             3             48  java.awt.ComponentOrientation
4122:             3             48  com.intellij.psi.scope.JavaScopeProcessorEvent
4123:             2             48  com.intellij.ui.TableExpandableItemsHandler$2
4124:             1             48  com.intellij.lang.folding.LanguageFolding
4125:             3             48  org.jaxen.function.NotFunction
4126:             1             48  com.intellij.ide.actions.ResizeToolWindowAction$Up
4127:             2             48  java.security.AllPermissionCollection
4128:             2             48  org.jetbrains.idea.maven.model.MavenPlugin$Execution
4129:             3             48  org.apache.xerces.impl.dv.dtd.ListDatatypeValidator
4130:             2             48  com.intellij.openapi.vfs.VirtualFileVisitor$Result
4131:             3             48  $Proxy17
4132:             1             48  com.maddyhome.idea.copyright.CopyrightManager$1
4133:             2             48  com.intellij.openapi.vcs.readOnlyHandler.ReadonlyStatusHandlerImpl
4134:             2             48  com.intellij.codeInsight.daemon.impl.AttachSourcesNotificationProvider$1
4135:             2             48  com.intellij.ui.TableExpandableItemsHandler$3
4136:             3             48  java.util.concurrent.ConcurrentHashMap$Values
4137:             1             48  javax.swing.JEditorPane$1
4138:             1             48  sun.java2d.x11.X11VolatileSurfaceManager
4139:             1             48  org.jboss.netty.channel.AbstractChannel$ChannelCloseFuture
4140:             2             48  com.intellij.openapi.vcs.changes.VcsAnnotationLocalChangesListenerImpl$1
4141:             2             48  javax.swing.plaf.basic.BasicTextUI$UpdateHandler
4142:             2             48  org.picocontainer.defaults.CollectionComponentParameter
4143:             1             48  com.intellij.ide.projectView.impl.ProjectViewImpl$11
4144:             1             48  scala.Predef$
4145:             1             48  com.intellij.ide.actions.ResizeToolWindowAction$Down
4146:             3             48  org.picocontainer.defaults.ImmutablePicoContainerProxyFactory
4147:             1             48  git4idea.config.GitVcsSettings$State
4148:             2             48  com.intellij.openapi.command.impl.UndoManagerImpl$2
4149:             2             48  com.intellij.util.EditSourceOnDoubleClickHandler$TreeMouseListener
4150:             1             48  com.intellij.openapi.keymap.impl.keyGestures.StateContext
4151:             3             48  org.jaxen.function.NumberFunction
4152:             2             48  sun.misc.NativeSignalHandler
4153:             2             48  com.intellij.ui.TableExpandableItemsHandler$4
4154:             2             48  java.util.TaskQueue
4155:             2             48  com.intellij.execution.filters.CompositeFilter
4156:             1             48  com.intellij.openapi.vfs.newvfs.persistent.PersistentFSImpl
4157:             1             48  com.intellij.lang.LanguageRefactoringSupport
4158:             2             48  com.intellij.debugger.impl.DebuggerManagerImpl$MyDebuggerStateManager
4159:             2             48  java.lang.management.ManagementPermission
4160:             1             48  git4idea.history.wholeTree.GitLogUI$27
4161:             2             48  com.intellij.execution.rmi.RemoteUtil$2
4162:             2             48  com.intellij.ide.util.treeView.TreeState
4163:             3             48  java.util.concurrent.SynchronousQueue$TransferStack
4164:             1             48  git4idea.history.wholeTree.GitLogDetailsPanel
4165:             2             48  [Lcom.intellij.util.ui.ColumnInfo;
4166:             1             48  org.jetbrains.plugins.scala.decompiler.DecompilerUtil$
4167:             3             48  com.intellij.codeInspection.redundantCast.RedundantCastInspection$AcceptSuggested
4168:             2             48  javax.swing.border.CompoundBorder
4169:             2             48  com.intellij.facet.impl.invalid.InvalidFacetConfiguration
4170:             1             48  [Lorg.zmlx.hg4idea.provider.HgChangeProvider$HgChangeProcessor;
4171:             2             48  com.intellij.ui.TableExpandableItemsHandler$5
4172:             3             48  org.jaxen.function.PositionFunction
4173:             2             48  com.intellij.openapi.actionSystem.KeyboardGestureAction$ModifierType
4174:             1             48  com.intellij.util.net.IdeaWideAuthenticator
4175:             1             48  [Lorg.ini4j.spi.AbstractBeanInvocationHandler$Prefix;
4176:             2             48  com.intellij.openapi.editor.actionSystem.EditorTypedHandlerBean
4177:             2             48  javax.swing.plaf.BorderUIResource$CompoundBorderUIResource
4178:             3             48  org.jetbrains.plugins.groovy.codeInspection.gpath.GroovyMapPutCanBeKeyedAccessInspection$ReplaceWithPropertyAccessFix
4179:             1             48  com.intellij.ui.switcher.SwitchManager
4180:             1             48  java.text.AttributedString$AttributedStringIterator
4181:             1             48  [Lcom.intellij.openapi.vcs.changes.FileHolder$HolderType;
4182:             2             48  com.intellij.openapi.editor.markup.HighlighterTargetArea
4183:             1             48  com.intellij.featureStatistics.FeatureStatisticsBundle$ProvidersBundles
4184:             1             48  com.intellij.compilerOutputIndex.api.indexer.CompilerOutputIndexer
4185:             1             48  com.intellij.ide.projectView.impl.ProjectViewPane$ProjectViewTreeUpdater
4186:             2             48  com.intellij.patterns.PsiElementPattern$5
4187:             1             48  com.intellij.openapi.application.impl.TransferToPooledThreadQueue
4188:             1             48  com.intellij.codeInsight.ExternalAnnotationsManagerImpl
4189:             2             48  com.intellij.openapi.actionSystem.KeyboardModifierGestureShortcut$DblClick
4190:             1             48  com.intellij.ide.actions.WeighingNewActionGroup
4191:             3             48  org.jaxen.function.RoundFunction
4192:             2             48  com.sun.java.swing.plaf.gtk.GTKEngine$Settings
4193:             2             48  javax.swing.text.DefaultEditorKit$DeleteWordAction
4194:             2             48  com.intellij.util.messages.impl.MessageListenerList
4195:             2             48  sun.awt.MostRecentKeyValue
4196:             2             48  org.jaxen.expr.DefaultEqualsExpr
4197:             1             48  scala.util.Properties$
4198:             2             48  org.jetbrains.idea.maven.utils.MavenMergingUpdateQueue$3
4199:             2             48  com.intellij.openapi.util.io.BufferExposingByteArrayOutputStream
4200:             2             48  org.intellij.plugins.intelliLang.Configuration$1
4201:             1             48  com.intellij.psi.impl.LanguageConstantExpressionEvaluator
4202:             1             48  com.intellij.openapi.vcs.changes.RemoteRevisionsNumbersCache
4203:             1             48  com.intellij.execution.console.ConsoleHistoryController
4204:             3             48  org.jaxen.function.StartsWithFunction
4205:             2             48  sun.reflect.UnsafeBooleanFieldAccessorImpl
4206:             2             48  [Lcom.intellij.openapi.command.undo.DocumentReference;
4207:             3             48  javax.swing.TransferHandler$TransferAction
4208:             2             48  com.intellij.uiDesigner.clientProperties.ClientPropertiesManager
4209:             1             48  com.intellij.openapi.roots.impl.ModuleRootManagerComponent
4210:             1             48  com.intellij.util.io.storage.RefCountingStorage
4211:             2             48  com.intellij.psi.impl.smartPointers.SmartPointerManagerImpl
4212:             2             48  [Lcom.intellij.openapi.roots.ProjectExtension;
4213:             2             48  com.intellij.ui.docking.impl.DockManagerImpl$3
4214:             3             48  org.jetbrains.plugins.gradle.config.DelegatingGradleSettingsListenerAdapter
4215:             1             48  gnu.trove.TObjectLongHashMap
4216:             2             48  com.intellij.openapi.vcs.impl.projectlevelman.MappingsToRoots
4217:             1             48  javax.swing.UIManager$LAFState
4218:             1             48  com.intellij.psi.stubs.StubUpdatingIndex$MyIndex
4219:             2             48  javax.swing.border.LineBorder
4220:             2             48  org.intellij.lang.xpath.context.XPathVersion
4221:             1             48  com.intellij.openapi.wm.impl.status.ProcessPopup
4222:             3             48  org.jetbrains.plugins.scala.lang.psi.impl.ScalaPsiManager$$anonfun$7
4223:             1             48  git4idea.history.wholeTree.DetailsLoaderImpl
4224:             1             48  com.intellij.lang.LanguageFormatting
4225:             1             48  com.intellij.ide.hierarchy.LanguageTypeHierarchy
4226:             2             48  com.intellij.execution.Platform
4227:             2             48  java.util.Currency
4228:             2             48  [Lcom.intellij.psi.impl.PsiTreeChangePreprocessor;
4229:             1             48  com.intellij.ide.hierarchy.LanguageMethodHierarchy
4230:             2             48  com.intellij.openapi.vcs.changes.ui.ChangesBrowser$MyUseCase
4231:             3             48  $Proxy15
4232:             1             48  org.jetbrains.idea.svn.SvnFileUrlMappingImpl
4233:             3             48  com.intellij.util.xml.CanonicalPsiTypeConverterImpl
4234:             1             48  com.intellij.lang.LanguageAnnotators
4235:             1             48  com.intellij.refactoring.changeSignature.ChangeSignatureGestureDetector
4236:             2             48  com.intellij.ui.table.JBTable$4
4237:             3             48  org.jetbrains.plugins.scala.lang.psi.impl.ScalaPsiManager$$anonfun$8
4238:             2             48  com.intellij.profile.DefaultProjectProfileManager$1
4239:             2             48  com.intellij.util.ui.UIUtil$FontColor
4240:             1             48  com.intellij.openapi.file.exclude.ui.MarkFileGroup
4241:             3             48  org.jaxen.function.StringFunction
4242:             2             48  org.jetbrains.idea.maven.server.MavenServerSettings$UpdatePolicy
4243:             3             48  $Proxy37
4244:             2             48  java.net.ServerSocket
4245:             2             48  javax.swing.plaf.basic.BasicTableHeaderUI$MouseInputHandler
4246:             2             48  com.intellij.ide.util.treeView.PresentableNodeDescriptor$ColoredFragment
4247:             3             48  com.intellij.util.PlusMinus$Empty
4248:             1             48  [[Lcom.intellij.psi.util.TypeConversionUtil$Caster;
4249:             2             48  com.intellij.util.containers.WeakValueHashMap
4250:             1             48  com.intellij.ide.hierarchy.LanguageCallHierarchy
4251:             1             48  org.jetbrains.plugins.groovy.mvc.MvcActionGroup
4252:             1             48  com.intellij.xdebugger.impl.breakpoints.BreakpointsFavoriteListProvider
4253:             2             48  net.orfjackal.sbt.plugin.settings.SbtProjectSettings
4254:             1             48  com.intellij.ui.tabs.impl.JBTabsImpl$5
4255:             1             48  com.intellij.ide.projectView.actions.MarkRootGroup
4256:             1             48  [Ljava.util.concurrent.ConcurrentMap;
4257:             2             48  com.intellij.psi.impl.compiled.ClsMemberImpl$1
4258:             2             48  com.intellij.debugger.engine.evaluation.CodeFragmentKind
4259:             2             48  javax.swing.text.html.StyleSheet$BoxPainter$HorizontalMargin
4260:             2             48  com.intellij.xml.breadcrumbs.BreadcrumbsComponent$CrumbLineMouseListener
4261:             2             48  com.intellij.openapi.vcs.impl.FileStatusManagerImpl$1
4262:             2             48  com.intellij.psi.search.TodoPattern
4263:             2             48  com.intellij.openapi.components.impl.ProjectPathMacroManager
4264:             1             48  org.jetbrains.idea.maven.project.actions.DownloadActionGroup
4265:             1             48  com.intellij.openapi.util.IconLoader$1
4266:             1             48  org.apache.log4j.Hierarchy
4267:             1             48  com.intellij.diagnostic.IdeFatalErrorsIcon$2
4268:             2             48  com.intellij.openapi.application.impl.ApplicationInfoImpl$UpdateUrlsImpl
4269:             2             48  com.intellij.openapi.roots.impl.CompilerProjectExtensionImpl
4270:             2             48  com.intellij.ui.content.impl.ContentImpl$1
4271:             2             48  com.intellij.lang.java.parser.StatementParser$BraceMode
4272:             1             48  com.intellij.history.integration.ui.actions.LocalHistoryGroup
4273:             2             48  com.intellij.xml.breadcrumbs.BreadcrumbsXmlWrapper$7
4274:             1             48  com.sun.java.swing.plaf.gtk.GTKGraphicsUtils
4275:             2             48  sun.swing.SwingUtilities2$2
4276:             2             48  com.intellij.openapi.compiler.options.ExcludedEntriesConfiguration
4277:             2             48  com.intellij.ui.tabs.FileColorConfiguration
4278:             1             48  org.jetbrains.idea.maven.utils.actions.MavenActionGroup
4279:             2             48  com.intellij.ide.IdeEventQueue$3
4280:             3             48  org.jaxen.function.StringLengthFunction
4281:             2             48  java.awt.MediaTracker
4282:             1             48  org.apache.log4j.helpers.PatternParser
4283:             1             48  org.jetbrains.idea.maven.dom.generate.MavenGenerateDomActionGroup
4284:             2             48  com.intellij.codeInsight.preview.ImageOrColorPreviewManager$2
4285:             1             48  com.intellij.lang.ant.dom.AntlibDomFileDescription
4286:             1             48  org.intellij.plugins.relaxNG.RngDomFileDescription$RngChoiceDescription
4287:             2             48  com.intellij.openapi.project.impl.ProjectImpl$2
4288:             2             48  org.jetbrains.plugins.scala.compiler.ScalaCompiler
4289:             3             48  com.intellij.codeInspection.miscGenerics.RedundantArrayForVarargsCallInspection$MyQuickFix
4290:             2             48  com.intellij.openapi.vfs.encoding.EncodingManagerImpl$6
4291:             1             48  com.intellij.ide.fileTemplates.impl.ExportableFileTemplateSettings
4292:             2             48  sun.security.jca.ProviderList$3
4293:             3             48  $Proxy93
4294:             1             48  [Lcom.intellij.openapi.editor.markup.EffectType;
4295:             1             48  git4idea.ui.branch.GitBranchWidget
4296:             2             48  java.net.InetAddress$Cache
4297:             2             48  com.intellij.ui.tabs.impl.singleRow.SingleRowLayout$RowDropPolicy
4298:             2             48  com.intellij.openapi.vcs.changes.issueLinks.TreeLinkMouseListener
4299:             1             48  com.intellij.ide.ui.laf.darcula.ui.DarculaTextFieldUI
4300:             2             48  java.nio.charset.CoderResult
4301:             2             48  com.intellij.openapi.roots.impl.DirectoryIndexImpl$PackageSink
4302:             3             48  org.jaxen.function.SubstringAfterFunction
4303:             1             48  git4idea.history.wholeTree.GitLogSettings$MyState
4304:             3             48  com.intellij.psi.SingleRootFileViewProvider$DocumentContent
4305:             2             48  org.jetbrains.idea.maven.project.MavenProjectsManagerState
4306:             1             48  com.intellij.cvsSupport2.actions.AddFileOrDirectoryAction
4307:             1             48  org.jetbrains.idea.maven.indices.MavenIndicesManager
4308:             2             48  com.intellij.psi.impl.PsiManagerImpl$4
4309:             2             48  org.jetbrains.plugins.scala.lang.formatting.settings.TypeAnnotationPolicy
4310:             1             48  com.intellij.openapi.util.objectTree.ObjectTree
4311:             1             48  org.jetbrains.plugins.scala.codeInspection.collections.OperationOnCollectionInspectionBase$
4312:             1             48  com.intellij.lang.ExternalLanguageAnnotators
4313:             2             48  com.intellij.patterns.PsiElementPattern$11
4314:             1             48  [Ljava.awt.Dimension;
4315:             2             48  java.net.InetAddress$Cache$Type
4316:             1             48  com.intellij.lang.LanguageASTFactory
4317:             2             48  com.intellij.packageDependencies.DefaultScopesProvider
4318:             2             48  java.lang.management.MemoryType
4319:             3             48  org.jaxen.function.SubstringBeforeFunction
4320:             2             48  [Lcom.intellij.openapi.editor.event.DocumentListener;
4321:             3             48  com.intellij.ide.impl.PsiElementDataValidator
4322:             2             48  com.intellij.psi.search.TodoAttributes
4323:             1             48  com.intellij.ui.components.JBList$2
4324:             1             48  com.intellij.debugger.impl.DebuggerContextImpl
4325:             2             48  com.intellij.psi.filters.ClassFilter
4326:             1             48  org.jetbrains.plugins.scala.lang.psi.impl.ScalaFileImpl$
4327:             1             48  org.jetbrains.idea.devkit.dom.impl.PluginXmlDomFileDescription
4328:             1             48  com.intellij.usages.impl.UsageNode
4329:             2             48  com.intellij.debugger.ui.tree.render.ExpressionChildrenRenderer
4330:             1             48  com.intellij.ide.util.treeView.AbstractTreeUpdater$1$1
4331:             1             48  com.intellij.xml.actions.XmlActionsGroup
4332:             2             48  com.intellij.openapi.vcs.VcsConfiguration$StandardConfirmation
4333:             2             48  com.intellij.openapi.roots.impl.ProjectFileIndexFacade
4334:             3             48  com.intellij.ide.projectView.impl.AbstractProjectViewPane$1
4335:             1             48  git4idea.history.wholeTree.DetailsCache
4336:             1             48  com.intellij.ui.ListExpandableItemsHandler
4337:             1             48  [Lgit4idea.config.GitVersionSpecialty;
4338:             3             48  java.util.regex.Pattern$All
4339:             1             48  com.intellij.openapi.vcs.changes.ui.ChangesViewContentManager
4340:             3             48  org.jaxen.function.BooleanFunction
4341:             2             48  com.intellij.util.containers.SoftValueHashMap
4342:             2             48  java.lang.UNIXProcess$ProcessPipeOutputStream
4343:             1             48  gnu.trove.TIntHashSet
4344:             3             48  org.jaxen.function.SubstringFunction
4345:             2             48  com.intellij.ui.SizedIcon
4346:             3             48  scala.collection.generic.GenTraversableFactory$ReusableCBF
4347:             1             48  com.intellij.util.xml.tree.actions.AddDomElementActionGroup
4348:             2             48  com.intellij.psi.search.scope.ProjectFilesScope
4349:             1             48  org.jetbrains.idea.maven.project.MavenImportingSettings
4350:             1             48  org.jboss.netty.channel.socket.nio.NioServerBoss
4351:             2             48  com.intellij.openapi.components.StorageScheme
4352:             3             48  java.nio.charset.CodingErrorAction
4353:             2             48  com.intellij.openapi.vcs.changes.actions.RollbackAction
4354:             3             48  java.nio.channels.FileChannel$MapMode
4355:             1             48  javax.swing.plaf.basic.BasicPopupMenuUI$MenuKeyboardHelper
4356:             1             48  sun.awt.X11.XCreateWindowParams
4357:             3             48  javax.swing.event.DocumentEvent$EventType
4358:             1             48  [Lsun.font.FontStrike;
4359:             2             48  com.intellij.openapi.fileTypes.impl.NativeFileIconProvider$Ext
4360:             2             48  org.jetbrains.idea.maven.project.MavenModificationTracker
4361:             2             48  java.util.regex.Pattern$6
4362:             2             48  com.intellij.psi.search.IndexPattern
4363:             2             48  com.intellij.ide.actions.ViewToolbarAction
4364:             1             48  com.intellij.util.proxy.CommonProxy$CommonAuthenticator
4365:             2             48  com.intellij.openapi.editor.LazyRangeMarkerFactory
4366:             1             48  com.intellij.openapi.roots.impl.InheritedJdkOrderEntryImpl
4367:             3             48  org.jaxen.function.SumFunction
4368:             1             48  git4idea.history.wholeTree.GitLogUI$MyTreeSettings
4369:             1             48  com.intellij.lang.properties.PropertiesHighlightingLexer
4370:             2             48  com.intellij.openapi.roots.impl.DirectoryIndexImpl$PackageSink$2
4371:             2             48  com.intellij.openapi.vcs.impl.projectlevelman.FileWatchRequestsManager
4372:             3             48  com.intellij.ide.impl.ContentManagerWatcher$1
4373:             2             48  com.intellij.openapi.editor.LazyRangeMarkerFactory$1
4374:             2             48  com.intellij.patterns.ObjectPattern$2
4375:             2             48  com.intellij.execution.process.BaseOSProcessHandler$1$1
4376:             1             40  com.intellij.cvsSupport2.actions.ViewWatchersAction
4377:             1             40  javax.swing.plaf.basic.BasicTextUI$BasicCursor
4378:             1             40  com.intellij.refactoring.actions.IntroduceVariableAction
4379:             1             40  com.intellij.lang.xhtml.XHTMLLanguage
4380:             1             40  com.intellij.openapi.wm.impl.status.LineSeparatorPanel
4381:             1             40  com.intellij.concurrency.JobImpl$1
4382:             1             40  com.intellij.codeInsight.daemon.impl.DefaultHighlightVisitor
4383:             1             40  com.intellij.openapi.util.KeyedExtensionCollector
4384:             1             40  [Lcom.intellij.ui.EditorNotifications$Provider;
4385:             1             40  com.intellij.psi.impl.file.impl.PsiVFSListener
4386:             1             40  com.intellij.codeInspection.inferNullity.InferNullityAnnotationsAction
4387:             1             40  git4idea.history.browser.SymbolicRefs
4388:             1             40  com.intellij.refactoring.actions.IntroduceConstantAction
4389:             1             40  com.intellij.psi.util.MethodSignatureHandMade
4390:             1             40  com.intellij.psi.infos.CandidateInfo
4391:             1             40  git4idea.repo.GitRepositoryUpdater
4392:             1             40  org.jboss.netty.channel.DefaultChannelFuture
4393:             1             40  com.intellij.psi.impl.source.tree.injected.InjectedLanguageManagerImpl
4394:             1             40  [Lcom.sun.java.swing.plaf.gtk.GTKConstants$StateType;
4395:             1             40  com.intellij.ide.highlighter.custom.CustomFileTypeLexer
4396:             1             40  com.intellij.find.impl.ShowRecentFindUsagesGroup
4397:             1             40  com.intellij.ide.ui.laf.darcula.ui.DarculaEditorPaneUI
4398:             1             40  com.intellij.refactoring.actions.IntroduceFieldAction
4399:             1             40  com.intellij.ui.JBColor$1
4400:             1             40  org.zmlx.hg4idea.repo.HgRepositoryManager
4401:             1             40  com.intellij.lang.dtd.DTDLanguage
4402:             1             40  git4idea.checkin.GitCheckinEnvironment
4403:             1             40  com.intellij.codeInsight.problems.WolfTheProblemSolverImpl
4404:             1             40  com.intellij.openapi.components.impl.stores.IdeaProjectStoreImpl$IdeaIprStorageData
4405:             1             40  com.intellij.psi.FileTypeFileViewProviders
4406:             1             40  sun.awt.X11.XMSelection
4407:             1             40  com.intellij.ui.JBColor$2
4408:             1             40  [Lcom.intellij.ide.projectView.TreeStructureProvider;
4409:             1             40  com.intellij.psi.stubs.BinaryFileStubBuilders
4410:             1             40  com.intellij.codeInspection.actions.CodeInspectionAction
4411:             1             40  com.intellij.openapi.module.impl.scopes.ModuleWithDependentsScope
4412:             1             40  com.intellij.ide.actionMacro.actions.MacrosGroup
4413:             1             40  com.intellij.openapi.components.impl.stores.IdeaProjectStoreImpl$IdeaWsStorageData
4414:             1             40  com.sun.java.swing.plaf.gtk.GTKEngine
4415:             2             40  [Lcom.intellij.psi.PsiParameter;
4416:             1             40  com.intellij.openapi.vcs.changes.VcsDirtyScopeVfsListener
4417:             2             40  [Lcom.intellij.psi.PsiElement;
4418:             1             40  com.intellij.openapi.vcs.changes.committed.DateChangeListGroupingStrategy
4419:             1             40  org.apache.velocity.runtime.directive.Break
4420:             1             40  com.intellij.refactoring.actions.ExtractMethodAction
4421:             1             40  org.jboss.netty.channel.DefaultChannelPipeline$DefaultChannelHandlerContext
4422:             2             40  [Lcom.intellij.psi.JavaResolveResult;
4423:             1             40  javax.swing.plaf.basic.BasicListUI$Handler
4424:             1             40  git4idea.history.wholeTree.GitLogUI$DescriptionRenderer
4425:             1             40  com.intellij.application.options.editor.WebEditorOptions
4426:             1             40  sun.nio.ch.SelectionKeyImpl
4427:             1             40  com.intellij.ide.favoritesTreeView.actions.AddToFavoritesActionGroup
4428:             1             40  com.intellij.refactoring.actions.InlineAction
4429:             1             40  com.intellij.spellchecker.actions.SpellingPopupActionGroup
4430:             1             40  javax.swing.text.AbstractDocument$LeafElement
4431:             1             40  org.intellij.lang.xpath.xslt.associations.impl.FileAssociationsManagerImpl
4432:             1             40  [Lcom.intellij.openapi.keymap.impl.KeyState;
4433:             1             40  com.intellij.openapi.components.impl.stores.ModuleStoreImpl$ModuleFileData
4434:             1             40  git4idea.repo.GitRepositoryManager
4435:             1             40  com.intellij.refactoring.actions.ExtractClassAction
4436:             2             40  [Lsun.awt.X11.XAtom;
4437:             1             40  org.apache.velocity.runtime.resource.ResourceManagerImpl
4438:             1             40  com.intellij.compiler.server.BuildManager$4
4439:             1             40  com.intellij.analysis.AnalysisUIOptions
4440:             1             40  com.intellij.refactoring.actions.PullUpAction
4441:             2             40  [Lcom.intellij.openapi.vfs.WritingAccessProvider;
4442:             1             40  com.intellij.cvsSupport2.actions.BranchAction
4443:             1             40  [Lcom.intellij.openapi.vcs.CheckoutProvider;
4444:             1             40  [Lsun.java2d.loops.RenderLoops;
4445:             1             40  com.intellij.psi.ElementManipulators
4446:             1             40  [Lcom.intellij.ide.fileTemplates.impl.FTManager;
4447:             1             40  [Lsun.java2d.loops.SurfaceType;
4448:             1             40  com.intellij.refactoring.actions.PushDownAction
4449:             1             40  org.apache.velocity.runtime.directive.Literal
4450:             1             40  com.intellij.featureStatistics.FeatureUsageTrackerImpl
4451:             1             40  com.intellij.ide.favoritesTreeView.actions.SendToFavoritesGroup
4452:             1             40  git4idea.history.wholeTree.GitLogUI$MyRootsAction
4453:             1             40  org.intellij.lang.xpath.xslt.associations.impl.AssociationsGroup
4454:             1             40  com.intellij.cvsSupport2.actions.CreateTagAction
4455:             1             40  com.intellij.cvsSupport2.actions.RemoveLocallyDeletedFilesAction
4456:             1             40  org.jetbrains.plugins.scala.lang.psi.stubs.elements.wrappers.DummyASTNode$
4457:             1             40  [Lorg.ini4j.spi.UnicodeInputStreamReader$Bom;
4458:             1             40  com.intellij.openapi.actionSystem.ActionGroup$1
4459:             1             40  javax.swing.text.StyleContext
4460:             1             40  com.intellij.find.actions.ShowUsagesAction
4461:             1             40  com.intellij.psi.stubs.SerializationManagerImpl
4462:             1             40  com.intellij.refactoring.actions.ExtractInterfaceAction
4463:             1             40  com.intellij.cvsSupport2.actions.DeleteTagAction
4464:             1             40  com.intellij.openapi.vcs.changes.shelf.ShelveChangesManager
4465:             1             40  sun.awt.resources.awt
4466:             1             40  com.intellij.ide.ui.laf.LafManagerImpl
4467:             1             40  com.intellij.cyclicDependencies.actions.CyclicDependenciesAction
4468:             1             40  com.intellij.openapi.wm.impl.status.InsertOverwritePanel
4469:             1             40  com.intellij.refactoring.actions.ExtractSuperclassAction
4470:             1             40  [Lgit4idea.config.GitVersion$Type;
4471:             1             40  com.intellij.util.proxy.CommonProxy
4472:             1             40  com.intellij.xdebugger.impl.XDebuggerManagerImpl
4473:             1             40  com.intellij.refactoring.actions.ExtractModuleAction
4474:             1             40  com.intellij.ide.navigationToolbar.NavBarRootPaneExtension
4475:             1             40  org.jetbrains.plugins.gradle.settings.GradleSettings
4476:             1             40  org.intellij.plugins.xpathView.Config
4477:             1             40  java.text.AttributedString
4478:             1             40  org.intellij.plugins.intelliLang.inject.java.ConcatenationInjector
4479:             1             40  com.intellij.openapi.wm.impl.StripeButtonUI
4480:             1             40  [Lcom.intellij.debugger.ui.breakpoints.BreakpointFactory;
4481:             1             40  com.intellij.openapi.vcs.update.CommonUpdateProjectAction
4482:             1             40  [Lcom.intellij.pom.PomDeclarationSearcher;
4483:             1             40  com.intellij.codeInspection.ex.InspectionManagerEx
4484:             1             40  com.intellij.lang.ant.config.actions.AntBuildGroup
4485:             2             40  [Lcom.intellij.openapi.vcs.AbstractVcs;
4486:             1             40  com.intellij.cvsSupport2.actions.BrowseCvsRepositoryAction
4487:             1             40  com.sun.jna.Library$Handler
4488:             1             40  com.intellij.ide.projectView.impl.ProjectViewImpl$PaneOptionAction
4489:             1             40  com.intellij.refactoring.actions.IntroduceParameterAction
4490:             1             40  com.intellij.ide.highlighter.custom.tokens.MultilineCommentParser
4491:             1             40  com.intellij.ide.projectView.impl.ProjectViewImpl$10
4492:             1             40  com.intellij.designer.propertyTable.QuickFixManager
4493:             1             40  [Lcom.intellij.javaee.StandardResourceProvider;
4494:             1             40  com.intellij.execution.actions.CreateAction
4495:             1             40  com.intellij.openapi.vcs.impl.LineStatusTrackerManager$4$2
4496:             1             40  org.jetbrains.plugins.scala.lang.formatting.settings.ScalaLanguageCodeStyleSettingsProvider
4497:             1             40  com.intellij.openapi.editor.impl.EditorImpl$RepaintCursorCommand
4498:             1             40  [Lorg.jetbrains.plugins.groovy.mvc.MvcModuleStructureSynchronizer$SyncAction;
4499:             1             40  com.intellij.openapi.vcs.update.CommonIntegrateProjectAction
4500:             1             40  sun.nio.cs.StandardCharsets$Aliases
4501:             1             40  scala.math.BigDecimal$
4502:             1             40  org.apache.velocity.runtime.directive.Parse
4503:             1             40  net.orfjackal.sbt.plugin.SbtConsole
4504:             1             40  com.intellij.ide.projectView.impl.ProjectViewImpl$HideEmptyMiddlePackagesAction
4505:             1             40  com.intellij.util.indexing.FileBasedIndexProjectHandler$1
4506:             1             40  [Lcom.intellij.psi.codeStyle.LanguageCodeStyleSettingsProvider;
4507:             1             40  com.intellij.profile.codeInspection.JavaAwareInspectionProfileManager
4508:             1             40  com.intellij.ide.highlighter.custom.tokens.NumberParser
4509:             1             40  com.intellij.openapi.vcs.changes.committed.RepositoryChangesBrowser$MyEditSourceAction
4510:             1             40  com.intellij.cvsSupport2.actions.EditAction
4511:             1             40  com.intellij.openapi.keymap.impl.KeyProcessorContext
4512:             1             40  org.apache.log4j.spi.RootLogger
4513:             1             40  java.util.ResourceBundle$1
4514:             1             40  scala.sys.SystemProperties$
4515:             1             40  org.intellij.plugins.xpathView.search.SearchScope
4516:             2             40  [Lcom.intellij.openapi.vcs.VcsDirectoryMapping;
4517:             1             40  com.intellij.execution.ExecutorRegistryImpl
4518:             1             40  git4idea.history.wholeTree.GitCommitsSequentialIndex
4519:             1             40  [Ljava.lang.management.MemoryPoolMXBean;
4520:             1             40  com.intellij.ide.fileTemplates.FileTemplateUtil$2
4521:             1             40  java.util.concurrent.PriorityBlockingQueue
4522:             1             40  com.intellij.util.containers.ConcurrentHashMap$EntryIterator
4523:             1             40  [Lorg.jetbrains.idea.maven.execution.MavenExecutionOptions$LoggingLevel;
4524:             1             40  com.intellij.util.indexing.TaskQueue
4525:             1             40  sun.nio.cs.StandardCharsets$Classes
4526:             2             40  [Ljava.lang.ref.WeakReference;
4527:             1             40  com.intellij.openapi.vcs.update.CommonUpdateFileOrDirectoryAction
4528:             1             40  scala.math.BigInt$
4529:             1             40  com.intellij.cvsSupport2.actions.UneditAction
4530:             1             40  org.apache.velocity.runtime.VelocimacroFactory
4531:             1             40  com.intellij.openapi.vcs.update.CommonIntegrateFileOrDirectoryAction
4532:             1             40  git4idea.repo.GitRepoInfo
4533:             1             40  org.apache.velocity.runtime.directive.Include
4534:             1             40  [Lcom.intellij.openapi.wm.impl.IdeMenuBar$State;
4535:             1             40  com.intellij.psi.impl.cache.impl.todo.TodoIndexers
4536:             1             40  [Lcom.intellij.openapi.vcs.impl.VcsInitObject;
4537:             1             40  com.intellij.ide.favoritesTreeView.FavoritesManager
4538:             1             40  com.intellij.openapi.vcs.update.CommonStatusFileOrDirectoryAction
4539:             1             40  git4idea.history.wholeTree.CommitIdsHolder$MyLruCache
4540:             1             40  [[[S
4541:             1             40  [Lcom.intellij.psi.scope.ElementClassHint$DeclarationKind;
4542:             1             40  org.apache.log4j.helpers.PatternParser$DatePatternConverter
4543:             1             40  [[[I
4544:             1             40  sun.nio.cs.StandardCharsets$Cache
4545:             1             40  [Lcom.intellij.psi.stubs.StubElementTypeHolderEP;
4546:             1             40  org.apache.log4j.helpers.CountingQuietWriter
4547:             1             40  org.jdom.output.Format
4548:             1             40  org.zmlx.hg4idea.HgRepositoryWatcher
4549:             1             40  com.intellij.cvsSupport2.actions.ViewEditorsAction
4550:             1             40  org.jetbrains.plugins.scala.lang.scaladoc.generate.ScaladocAction
4551:             1             40  com.intellij.openapi.projectRoots.impl.JavaAwareProjectJdkTableImpl
4552:             1             40  java.awt.color.ICC_ProfileRGB
4553:             1             40  com.intellij.psi.impl.source.codeStyle.CodeStyleSchemeImpl
4554:             1             40  com.intellij.openapi.fileEditor.impl.DockableEditorTabbedContainer
4555:             1             40  com.intellij.cvsSupport2.actions.CheckoutFileAction
4556:             2             40  [Lcom.intellij.openapi.roots.impl.FilePropertyPusher;
4557:             1             40  org.apache.velocity.runtime.directive.StopCommand
4558:             1             40  [Lcom.intellij.openapi.compiler.Compiler;
4559:             1             40  git4idea.history.wholeTree.GitLogUI$MyTextFieldAction
4560:             1             40  org.jetbrains.plugins.groovy.mvc.MvcModuleStructureSynchronizer
4561:             1             40  com.intellij.ui.tabs.impl.JBTabsImpl$SelectNextAction
4562:             1             40  [Lorg.intellij.plugins.intelliLang.inject.LanguageInjectionConfigBean;
4563:             1             40  [[[Lsun.awt.FontDescriptor;
4564:             1             40  [Lorg.intellij.lang.xpath.xslt.impl.XsltChecker$State;
4565:             1             40  git4idea.history.wholeTree.GitTableScrollChangeListener
4566:             1             40  org.intellij.plugins.intelliLang.inject.TemporaryPlacesRegistry
4567:             1             40  com.intellij.ui.tabs.impl.JBTabsImpl$SelectPreviousAction
4568:             1             40  com.intellij.xdebugger.impl.breakpoints.ui.tree.BreakpointItemsTreeController
4569:             1             40  [Lsun.swing.SwingUtilities2$LSBCacheEntry;
4570:             1             40  [Lsun.font.FontDesignMetrics;
4571:             1             40  [Lcom.intellij.psi.codeStyle.LanguageCodeStyleSettingsProvider$SettingsType;
4572:             1             40  com.intellij.lang.properties.psi.impl.PropertyStubImpl
4573:             1             40  com.intellij.packageDependencies.actions.AnalyzeDependenciesAction
4574:             1             40  com.sun.jna.NativeLibrary
4575:             1             40  java.awt.datatransfer.SystemFlavorMap
4576:             1             40  com.intellij.psi.statistics.StatisticsManager$1
4577:             1             40  com.intellij.cvsSupport2.actions.WatchOnAction
4578:             1             40  [Lcom.intellij.testIntegration.TestFramework;
4579:             1             40  com.intellij.openapi.vcs.changes.VcsDirtyScopeManagerImpl
4580:             1             40  com.intellij.codeInsight.daemon.impl.TrafficLightRenderer
4581:             1             40  com.intellij.openapi.vfs.newvfs.impl.VirtualDirectoryImpl$1
4582:             1             40  org.jetbrains.idea.maven.tasks.MavenTasksManager
4583:             1             40  com.intellij.history.integration.LocalHistoryImpl
4584:             1             40  com.intellij.ide.favoritesTreeView.actions.AddAllToFavoritesActionGroup
4585:             1             40  com.intellij.openapi.components.impl.stores.ModuleStoreImpl
4586:             1             40  [Lcom.intellij.openapi.vcs.changes.DetailsPanel$Layer;
4587:             1             40  com.intellij.uiDesigner.actions.ChooseLocaleAction
4588:             1             40  com.intellij.openapi.wm.impl.ProjectWindowAction
4589:             2             40  [Lorg.objectweb.asm.Type;
4590:             1             40  com.intellij.cvsSupport2.actions.WatchOffAction
4591:             1             40  org.apache.commons.collections.map.AbstractLinkedMap$LinkEntry
4592:             1             40  git4idea.history.wholeTree.GitLogDetailsPanel$MyPresentationData
4593:             1             40  org.apache.velocity.app.event.EventCartridge
4594:             2             40  [Lcom.intellij.openapi.util.Condition;
4595:             1             40  com.intellij.framework.detection.impl.FrameworkDetectionManager
4596:             1             40  com.intellij.openapi.wm.impl.status.TogglePopupHintsPanel
4597:             1             40  com.intellij.packageDependencies.actions.BackwardDependenciesAction
4598:             1             40  com.intellij.javadoc.actions.GenerateJavadocAction
4599:             1             40  com.intellij.execution.impl.ConsoleViewImpl$18
4600:             1             40  git4idea.config.GitExecutableValidator
4601:             1             40  com.intellij.psi.impl.cache.impl.id.IdIndexers
4602:             1             40  com.intellij.ide.projectView.impl.MoveModuleToGroupTopLevel
4603:             1             40  git4idea.cherrypick.GitCherryPickAction
4604:             1             40  com.intellij.openapi.fileTypes.FileTypeEditorHighlighterProviders
4605:             1             40  [Lcom.intellij.openapi.components.impl.stores.RoamingTypeExtensionPointBean;
4606:             1             40  com.intellij.openapi.vfs.PlatformVirtualFileManager
4607:             1             40  [Lcom.intellij.openapi.vcs.VcsConfiguration$StandardOption;
4608:             1             40  git4idea.history.wholeTree.GitLogSettings$MyDateState
4609:             1             40  com.intellij.compiler.impl.TranslatingCompilerFilesMonitor$MyProjectManagerListener$1
4610:             1             40  com.intellij.openapi.vcs.changes.RemoteRevisionsStateCache
4611:             1             40  com.intellij.ide.actions.RecentProjectsGroup
4612:             1             40  com.intellij.openapi.vfs.impl.local.LocalFileSystemImpl
4613:             1             40  sun.awt.AWTAutoShutdown
4614:             1             40  com.intellij.ide.fileTemplates.actions.CreateFromTemplateGroup
4615:             1             40  com.intellij.openapi.editor.ex.EditorSettingsExternalizable
4616:             1             40  com.intellij.featureStatistics.CumulativeStatistics
4617:             1             40  com.intellij.semantic.SemServiceImpl
4618:             1             40  com.intellij.cvsSupport2.actions.WatchAddAction
4619:             1             40  com.intellij.featureStatistics.CompletionStatistics
4620:             1             40  com.intellij.openapi.components.impl.stores.ApplicationStoreImpl
4621:             1             40  com.intellij.lang.xml.XMLLanguage
4622:             1             40  com.intellij.util.containers.hash.HashMap
4623:             1             40  [Lcom.intellij.openapi.editor.ScrollType;
4624:             1             40  com.intellij.lang.html.HTMLLanguage
4625:             1             40  org.apache.log4j.helpers.PatternParser$CategoryPatternConverter
4626:             1             40  com.intellij.cvsSupport2.actions.WatchRemoveAction
4627:             1             40  com.intellij.codeInsight.daemon.impl.RefCountHolder
4628:             1             40  com.intellij.xdebugger.impl.ui.ExecutionPointHighlighter
4629:             1             40  com.intellij.openapi.progress.ProgressManagerQueue
4630:             1             40  org.apache.velocity.runtime.directive.Stop
4631:             1             40  com.intellij.cvsSupport2.actions.ImportAction
4632:             1             40  com.intellij.codeInsight.ConditionCheckManager
4633:             1             40  [Lcom.intellij.util.containers.hash.HashMap$Entry;
4634:             1             40  [Lcom.intellij.codeInsight.highlighting.HighlightUsagesHandlerFactory;
4635:             1             40  com.intellij.openapi.vfs.ex.temp.TempFileSystem$FSDir
4636:             1             40  com.intellij.xdebugger.impl.breakpoints.ui.tree.BreakpointItemNode
4637:             1             40  javax.swing.text.AbstractDocument$BranchElement
4638:             1             40  com.intellij.openapi.progress.ProgressManagerQueue$1
4639:             1             32  com.intellij.psi.impl.java.stubs.JavaAnnotationElementType
4640:             2             32  java.lang.UNIXProcess$3
4641:             2             32  java.util.Hashtable$EntrySet
4642:             1             32  com.intellij.codeInsight.editorActions.moveUpDown.MoveLineUpAction
4643:             2             32  sun.java2d.pipe.SpanShapeRenderer$Composite
4644:             1             32  [Ljavax.imageio.ImageIO$SpiInfo;
4645:             1             32  com.intellij.codeInsight.generation.GenerateEqualsHandler
4646:             1             32  org.jetbrains.idea.maven.dom.generate.GenerateParentAction
4647:             1             32  java.io.UnixFileSystem
4648:             1             32  [Lcom.intellij.util.text.DateFormatUtil$DateType;
4649:             1             32  com.intellij.refactoring.actions.MethodDuplicatesAction
4650:             1             32  com.intellij.ide.actions.NextOccurenceToolbarAction
4651:             1             32  [Lcom.intellij.codeInspection.dataFlow.RunnerResult;
4652:             1             32  com.intellij.openapi.editor.actions.ToggleCaseAction
4653:             1             32  com.intellij.util.containers.ConcurrentSoftHashMap
4654:             1             32  com.intellij.diagnostic.MessagePool
4655:             2             32  com.intellij.psi.impl.PsiDocumentManagerImpl$1
4656:             2             32  com.intellij.util.config.StorageProperty
4657:             2             32  com.intellij.openapi.roots.impl.DirectoryIndexImpl$3
4658:             2             32  com.intellij.notification.impl.NotificationsManagerImpl$MyNotificationListener
4659:             2             32  java.awt.ImageCapabilities
4660:             1             32  sun.management.NotificationEmitterSupport$ListenerInfo
4661:             2             32  java.awt.EventDispatchThread$HierarchyEventFilter
4662:             1             32  java.beans.ThreadGroupContext
4663:             1             32  com.intellij.uiDesigner.actions.CreateDialogAction
4664:             2             32  org.jetbrains.idea.maven.project.MavenModificationTracker$1
4665:             1             32  org.intellij.plugins.xpathView.support.jaxen.extensions.XPathFunctionProviderImpl$JaxenEndsWith
4666:             1             32  com.intellij.openapi.vfs.encoding.ChangeFileEncodingAction
4667:             1             32  org.jetbrains.idea.maven.utils.MavenImportNotifier
4668:             1             32  [Lcom.intellij.util.diff.DiffTree$CompareResult;
4669:             1             32  [Lorg.jetbrains.idea.maven.project.MavenImportingSettings$GeneratedSourcesFolder;
4670:             1             32  git4idea.history.wholeTree.UsersFilterAction$5
4671:             1             32  [Lcom.intellij.notification.NotificationType;
4672:             1             32  sun.rmi.transport.DGCImpl$LeaseInfo
4673:             2             32  $Proxy60
4674:             1             32  com.intellij.codeInsight.hint.actions.ShowContainerInfoAction
4675:             1             32  com.intellij.openapi.vcs.contentAnnotation.VcsContentAnnotationExceptionFilter
4676:             1             32  com.intellij.openapi.vcs.changes.committed.OutdatedVersionNotifier
4677:             1             32  org.apache.velocity.runtime.log.LogDisplayWrapper
4678:             1             32  com.intellij.codeInsight.folding.impl.actions.CollapseRegionAction
4679:             2             32  com.intellij.openapi.progress.util.ProgressWindow$MyDialog$9
4680:             1             32  git4idea.history.wholeTree.GitLogUI$MySelectRootsForTreeAction
4681:             1             32  [Lcom.intellij.codeInsight.navigation.CtrlMouseHandler$BrowseMode;
4682:             1             32  com.intellij.refactoring.wrapreturnvalue.WrapReturnValueAction
4683:             1             32  com.intellij.openapi.command.impl.CommandProcessorImpl
4684:             2             32  com.intellij.openapi.vcs.impl.FileStatusManagerImpl$2
4685:             1             32  com.intellij.codeInspection.htmlInspections.HtmlUnknownTagInspection
4686:             1             32  [Lcom.intellij.ide.FileIconProvider;
4687:             1             32  [Lcom.intellij.ui.tabs.JBTabsPosition;
4688:             1             32  [Lcom.intellij.openapi.vcs.RequestsMerger$MyAction;
4689:             1             32  com.intellij.util.indexing.UnindexedFilesUpdater
4690:             1             32  com.intellij.psi.impl.java.stubs.JavaStubElementTypes$8
4691:             2             32  org.jetbrains.idea.maven.tasks.MavenBeforeRunTasksProvider
4692:             2             32  com.intellij.codeInsight.intention.EmptyIntentionAction
4693:             2             32  com.intellij.execution.rmi.RemoteUtil$2$1
4694:             1             32  java.text.DontCareFieldPosition
4695:             1             32  com.intellij.ide.RecentProjectsManagerBase$State
4696:             2             32  com.intellij.util.ui.TimedDeadzone$Length
4697:             1             32  com.intellij.openapi.vcs.changes.ControlledCycle
4698:             2             32  javax.swing.plaf.metal.DefaultMetalTheme$FontDelegate
4699:             1             32  com.intellij.ui.treeStructure.PatchedDefaultMutableTreeNode
4700:             2             32  org.jetbrains.plugins.groovy.lang.psi.stubs.index.GrFullScriptNameIndex
4701:             2             32  [Ljava.lang.Enum;
4702:             1             32  com.intellij.codeInsight.NullableNotNullManagerImpl
4703:             1             32  [Lcom.intellij.internal.statistic.configurable.SendPeriod;
4704:             1             32  git4idea.actions.GitRebase
4705:             1             32  [Lcom.intellij.psi.impl.source.parsing.xml.XmlBuilder$ProcessingOrder;
4706:             1             32  com.intellij.execution.rmi.RemoteProcessSupport$RunningInfo
4707:             1             32  com.intellij.openapi.fileEditor.impl.EditorWindow
4708:             1             32  git4idea.history.wholeTree.GitLogUI$MyTreeSettings$1
4709:             1             32  [Ljava.awt.Dialog$ModalExclusionType;
4710:             2             32  com.intellij.debugger.impl.DebuggerManagerImpl$1
4711:             1             32  com.intellij.openapi.roots.impl.ModuleFileIndexImpl
4712:             1             32  com.intellij.psi.impl.java.stubs.JavaStubElementTypes$9
4713:             2             32  com.intellij.ide.util.ProjectPropertiesComponentImpl
4714:             1             32  [Lcom.intellij.codeInsight.daemon.impl.HighlightVisitor;
4715:             1             32  com.intellij.lang.properties.parsing.PropertiesLexer
4716:             1             32  com.intellij.psi.impl.source.tree.JavaDocElementType$1
4717:             2             32  com.intellij.execution.process.ProcessHandler$4
4718:             1             32  [Lcom.intellij.psi.scope.conflictResolvers.JavaMethodsConflictResolver$Specifics;
4719:             1             32  [Ljava.net.Proxy$Type;
4720:             1             32  com.intellij.refactoring.actions.AnonymousToInnerAction
4721:             1             32  com.intellij.util.indexing.FileBasedIndexProjectHandler$1$1
4722:             2             32  com.intellij.openapi.roots.impl.ExcludeCompilerOutputPolicy
4723:             1             32  com.intellij.codeInsight.daemon.impl.actions.ShowErrorDescriptionAction
4724:             1             32  [Lcom.intellij.ide.projectView.impl.AbstractProjectViewPane;
4725:             1             32  git4idea.annotate.GitRepositoryForAnnotationsListener
4726:             1             32  com.intellij.refactoring.actions.InvertBooleanAction
4727:             2             32  javax.swing.JTree$TreeSelectionRedirector
4728:             1             32  com.intellij.execution.impl.EditorHyperlinkSupport
4729:             1             32  [Lcom.intellij.openapi.roots.WatchedRootsProvider;
4730:             1             32  com.intellij.psi.impl.java.stubs.JavaTypeParameterListElementType
4731:             1             32  [Lgit4idea.config.UpdateMethod;
4732:             2             32  com.intellij.openapi.wm.ToolWindowContentUiType
4733:             1             32  com.intellij.psi.impl.source.tree.JavaDocElementType$2
4734:             1             32  git4idea.history.wholeTree.GitLogUI$MyTreeSettings$2
4735:             1             32  com.intellij.execution.actions.RunConfigurationsComboBoxAction
4736:             1             32  com.intellij.refactoring.actions.IntroduceParameterObjectAction
4737:             1             32  com.sun.beans.finder.BeanInfoFinder
4738:             1             32  [Lgit4idea.commands.GitRemoteProtocol;
4739:             2             32  com.intellij.psi.impl.source.PostprocessReformattingAspect$1
4740:             1             32  com.intellij.openapi.vcs.changes.IgnoredFilesCompositeHolder
4741:             1             32  com.intellij.facet.impl.ui.FacetDependentToolWindowManager
4742:             1             32  com.intellij.refactoring.actions.SafeDeleteAction
4743:             1             32  javax.swing.SwingContainerOrderFocusTraversalPolicy
4744:             2             32  com.intellij.util.config.ListProperty
4745:             1             32  com.intellij.facet.impl.ProjectWideFacetListenersRegistryImpl
4746:             1             32  com.intellij.psi.impl.TextBlock
4747:             1             32  com.intellij.ide.bookmarks.BookmarksFavoriteListProvider
4748:             1             32  com.intellij.codeInsight.folding.impl.actions.ExpandAllRegionsAction
4749:             1             32  [[Ljava.awt.AWTKeyStroke;
4750:             1             32  org.apache.velocity.runtime.VelocimacroManager
4751:             1             32  com.intellij.internal.statistic.persistence.UsageStatisticsPersistenceComponent
4752:             1             32  com.intellij.packaging.impl.artifacts.ArtifactManagerImpl$ArtifactManagerModel
4753:             1             32  java.util.RegularEnumSet
4754:             1             32  com.intellij.designer.palette.PalettePanel$4
4755:             2             32  com.intellij.lang.xml.XmlASTFactory
4756:             2             32  $Proxy40
4757:             1             32  javax.swing.SwingDefaultFocusTraversalPolicy
4758:             1             32  com.intellij.openapi.util.ShutDownTracker
4759:             2             32  [Ljavax.swing.JComponent;
4760:             1             32  com.intellij.openapi.vcs.changes.ControlledCycle$1
4761:             1             32  com.intellij.openapi.editor.actions.IncrementalFindAction
4762:             1             32  com.intellij.psi.impl.source.tree.JavaDocElementType$3
4763:             1             32  git4idea.history.wholeTree.GitLogUI$MyTreeSettings$3
4764:             2             32  java.util.concurrent.CountDownLatch
4765:             1             32  [Lgit4idea.ui.branch.GitBranchSyncSetting;
4766:             1             32  git4idea.roots.GitRootProblemNotifier
4767:             2             32  $Proxy61
4768:             2             32  com.intellij.openapi.vfs.encoding.EncodingProjectManagerImpl$1
4769:             1             32  com.intellij.ide.ui.customization.CustomActionsSchema
4770:             2             32  $Proxy48
4771:             1             32  com.intellij.openapi.editor.actions.ConvertIndentsToSpacesAction
4772:             2             32  com.intellij.psi.impl.java.stubs.SourceStubPsiFactory
4773:             1             32  [Lcom.intellij.debugger.ui.tree.render.NodeRenderer;
4774:             1             32  com.intellij.ide.bookmarks.actions.ToggleBookmarkWithMnemonicAction
4775:             1             32  com.intellij.refactoring.actions.EncapsulateFieldsAction
4776:             1             32  com.intellij.ide.actions.NextTabAction
4777:             1             32  [Lcom.intellij.psi.codeStyle.CodeStyleSettingsCustomizable$OptionAnchor;
4778:             1             32  com.intellij.cvsSupport2.actions.UnmarkAddedAction
4779:             1             32  sun.nio.cs.StandardCharsets
4780:             1             32  com.intellij.openapi.editor.actions.SimplePasteAction
4781:             1             32  net.orfjackal.sbt.plugin.SbtConsole$KillSbtAction
4782:             1             32  com.intellij.codeInsight.completion.actions.HippieCompletionAction
4783:             1             32  com.intellij.ui.plaf.beg.BegTableUI$StartEditingAction
4784:             1             32  git4idea.actions.GitRebaseAbort
4785:             1             32  com.intellij.psi.impl.DocumentCommitThread
4786:             1             32  com.intellij.util.xml.tree.actions.AddDomElementActionGroup$1
4787:             1             32  [Lcom.intellij.lang.java.parser.DeclarationParser$ListType;
4788:             1             32  com.intellij.codeInsight.daemon.impl.TextEditorBackgroundHighlighter
4789:             1             32  [Lcom.intellij.lang.java.lexer.JavaLexer$HashTable;
4790:             1             32  com.intellij.psi.impl.java.stubs.JavaAnnotationParameterListType
4791:             1             32  git4idea.history.wholeTree.GitLogUI$MyTreeSettings$4
4792:             1             32  org.jetbrains.plugins.scala.config.ScalaMavenImporter
4793:             1             32  com.intellij.util.indexing.FileBasedIndexImpl$ChangedFilesCollector
4794:             1             32  com.intellij.refactoring.actions.ReplaceMethodWithMethodObjectAction
4795:             2             32  com.intellij.openapi.vfs.encoding.EncodingProjectManagerImpl$2
4796:             1             32  com.intellij.compiler.server.BuildManager$3
4797:             1             32  scala.collection.immutable.Vector$
4798:             2             32  $Proxy14
4799:             2             32  com.intellij.pom.wrappers.PsiEventWrapperAspect
4800:             1             32  org.jetbrains.io.PortUnificationServerHandler
4801:             2             32  org.jaxen.SimpleVariableContext
4802:             2             32  com.intellij.openapi.vcs.impl.projectlevelman.FileWatchRequestsManager$1
4803:             2             32  com.intellij.openapi.editor.actions.ConvertIndentsActionBase$Handler
4804:             1             32  [Ljava.awt.EventFilter$FilterAction;
4805:             2             32  [Ljava.lang.StackTraceElement;
4806:             1             32  com.intellij.ide.actions.PreviousTabAction
4807:             1             32  com.intellij.refactoring.actions.TempWithQueryAction
4808:             2             32  com.intellij.patterns.XmlElementPattern$XmlTextPattern
4809:             1             32  [Lcom.intellij.openapi.wm.ToolWindowType;
4810:             1             32  [Lcom.google.common.collect.AbstractIterator$State;
4811:             1             32  com.intellij.lang.java.JavaLanguage
4812:             1             32  com.intellij.codeInsight.daemon.impl.TextEditorHighlightingPassRegistrarImpl
4813:             1             32  com.intellij.ui.AppIcon$MacAppIcon
4814:             1             32  [Lcom.intellij.openapi.vcs.impl.VcsBackgroundableActions;
4815:             1             32  com.intellij.codeInsight.daemon.impl.PsiChangeHandler
4816:             1             32  com.intellij.psi.impl.compiled.ClsPackageStatementImpl
4817:             1             32  com.intellij.codeInsight.completion.actions.HippieBackwardCompletionAction
4818:             1             32  com.intellij.ide.actions.SelectAllAction
4819:             1             32  git4idea.history.wholeTree.GitLogUI$MyFilterUi
4820:             1             32  org.jetbrains.idea.maven.project.MavenProjectsManagerWatcher$MyFileChangeListener
4821:             1             32  com.intellij.openapi.roots.impl.RootModelImpl$Order
4822:             1             32  org.apache.velocity.runtime.directive.Evaluate
4823:             1             32  [Lcom.intellij.psi.impl.include.FileIncludeProvider;
4824:             1             32  org.jetbrains.plugins.scala.ScalaLanguage
4825:             1             32  [Ljava.nio.channels.SelectionKey;
4826:             1             32  com.intellij.psi.impl.file.impl.ResolveScopeManagerImpl
4827:             1             32  git4idea.history.wholeTree.GitLogShowOnlyStarredCommitsAction
4828:             1             32  com.intellij.psi.impl.cache.impl.id.IdIndex
4829:             1             32  com.intellij.ide.projectView.impl.ProjectViewImpl$ScrollFromSourceAction
4830:             2             32  org.intellij.plugins.xpathView.support.jaxen.XPathSupportImpl$MySimpleNamespaceContext
4831:             2             32  com.intellij.patterns.XmlElementPattern$XmlEntityRefPattern
4832:             2             32  com.intellij.xml.breadcrumbs.BreadcrumbsXmlWrapper$1
4833:             2             32  com.intellij.lexer.XmlHighlightingLexer
4834:             1             32  [Lcom.intellij.psi.impl.smartPointers.SmartPointerElementInfoFactory;
4835:             1             32  com.intellij.diagnostic.MessagePool$MessageGrouper
4836:             2             32  com.intellij.openapi.editor.actions.IncrementalFindAction$Handler
4837:             1             32  com.intellij.psi.impl.java.stubs.JavaClassInitializerElementType
4838:             1             32  com.intellij.refactoring.actions.ReplaceConstructorWithFactoryAction
4839:             1             32  com.intellij.ide.palette.impl.PaletteWindow$ClearActiveItemAction
4840:             2             32  [Lcom.intellij.openapi.compiler.options.ExcludeEntryDescription;
4841:             1             32  com.intellij.ide.startup.impl.StartupManagerImpl$5
4842:             1             32  com.intellij.psi.impl.compiled.ClsJavaTokenImpl
4843:             1             32  java.lang.ClassCastException
4844:             2             32  com.intellij.openapi.vcs.impl.projectlevelman.ProjectLevelVcsManagerSerialization
4845:             2             32  com.intellij.xml.breadcrumbs.BreadcrumbsXmlWrapper$2
4846:             1             32  com.intellij.designer.propertyTable.PropertyTable$MyStartEditingAction
4847:             1             32  com.intellij.util.indexing.FileBasedIndexProjectHandler
4848:             1             32  org.jetbrains.generate.tostring.GenerateToStringAction
4849:             1             32  com.intellij.psi.impl.java.stubs.JavaStubElementTypes$10
4850:             1             32  com.intellij.lang.cacheBuilder.CacheBuilderEP
4851:             1             32  com.intellij.openapi.roots.impl.ContentEntryImpl
4852:             2             32  org.jaxen.expr.PredicateSet
4853:             1             32  com.intellij.codeInsight.generation.actions.CommentByLineCommentAction
4854:             1             32  [Lcom.intellij.util.Alarm$ThreadToUse;
4855:             1             32  git4idea.actions.GitRebaseContinue
4856:             1             32  com.intellij.codeInsight.generation.actions.OverrideMethodsAction
4857:             1             32  com.intellij.ide.projectView.impl.ProjectViewPane$1
4858:             1             32  com.intellij.ide.actions.SplitVerticallyAction
4859:             1             32  [Lcom.intellij.psi.search.PsiShortNamesCache;
4860:             2             32  com.intellij.openapi.vcs.impl.VcsFileStatusProvider$1
4861:             2             32  com.intellij.ide.highlighter.JavaFileHighlighter
4862:             2             32  com.intellij.psi.impl.PsiNameHelperImpl
4863:             1             32  com.intellij.ide.navigationToolbar.NavBarModel
4864:             1             32  com.intellij.execution.console.ConsoleHistoryController$ModelHelper
4865:             2             32  com.siyeh.ig.InspectionGadgetsPlugin$1
4866:             1             32  java.lang.ArrayStoreException
4867:             1             32  com.intellij.openapi.editor.actions.SelectWordAtCaretAction
4868:             1             32  com.intellij.refactoring.actions.ExtractIncludeAction
4869:             1             32  com.intellij.openapi.vcs.impl.projectlevelman.AllVcses
4870:             1             32  [Lcom.intellij.openapi.util.io.FileAttributes$Type;
4871:             2             32  [Ljava.util.Collection;
4872:             1             32  com.intellij.psi.search.ProjectAndLibrariesScope
4873:             1             32  org.jetbrains.idea.devkit.build.PrepareAllToDeployAction
4874:             1             32  [Lcom.siyeh.ig.methodmetrics.ParametersPerConstructorInspectionBase$Scope;
4875:             1             32  org.jboss.netty.channel.socket.DefaultServerSocketChannelConfig
4876:             1             32  com.intellij.psi.impl.java.stubs.JavaStubElementTypes$11
4877:             1             32  org.apache.log4j.varia.LevelRangeFilter
4878:             2             32  java.nio.ByteOrder
4879:             1             32  [Lorg.jetbrains.idea.maven.importing.MavenImporter;
4880:             2             32  com.intellij.codeInspection.ex.InspectionProfileWrapper
4881:             2             32  java.nio.channels.spi.AbstractSelector$1
4882:             1             32  scala.math.package$
4883:             2             32  com.intellij.designer.inspection.AbstractQuickFixManager$1
4884:             1             32  com.intellij.refactoring.actions.ReplaceConstructorWithBuilderAction
4885:             2             32  $Proxy55
4886:             2             32  [Lcom.intellij.util.io.fs.IFile;
4887:             1             32  com.intellij.ide.actions.SplitHorizontallyAction
4888:             1             32  com.intellij.designer.propertyTable.PropertyTable$MyEnterAction
4889:             1             32  git4idea.update.GitUpdateEnvironment
4890:             1             32  com.intellij.psi.search.ProjectScopeBuilderImpl$1
4891:             1             32  com.intellij.execution.filters.RegexpFilter
4892:             1             32  com.intellij.ide.actions.OpenModuleSettingsAction
4893:             1             32  com.intellij.lang.spi.SPILanguage
4894:             1             32  com.intellij.openapi.vcs.changes.ChangeListManagerImpl$MyChangesDeltaForwarder
4895:             1             32  org.jetbrains.idea.svn.ignore.IgnoreGroupHelperAction
4896:             1             32  org.jetbrains.plugins.groovy.actions.NewGroovyClassAction
4897:             1             32  com.intellij.facet.FacetManagerImpl
4898:             1             32  com.intellij.codeInsight.generation.actions.CommentByBlockCommentAction
4899:             1             32  git4idea.actions.GitRebaseSkip
4900:             2             32  org.intellij.plugins.intelliLang.inject.CustomErrorElementFilter
4901:             2             32  com.intellij.openapi.vcs.impl.ProjectLevelVcsManagerImpl$1
4902:             1             32  com.intellij.psi.impl.java.stubs.JavaStubElementTypes$12
4903:             1             32  com.intellij.psi.impl.source.tree.JavaElementType$1
4904:             2             32  com.intellij.packaging.impl.run.BuildArtifactsBeforeRunTaskProvider$1
4905:             1             32  [Lcom.intellij.openapi.vcs.changes.IgnoreSettingsType;
4906:             1             32  [Lcom.intellij.codeHighlighting.TextEditorHighlightingPassRegistrar$Anchor;
4907:             1             32  net.sf.cglib.core.ClassNameReader$EarlyExitException
4908:             1             32  com.intellij.openapi.util.io.FileSystemUtil$JnaUnixMediatorImpl
4909:             1             32  javax.swing.text.DefaultEditorKit$SelectWordAction
4910:             1             32  com.intellij.codeInsight.documentation.actions.ShowQuickDocInfoAction
4911:             1             32  [Lcom.intellij.openapi.diff.impl.IgnoreSpaceEnum;
4912:             1             32  org.jetbrains.plugins.groovy.actions.ConvertToJavaAction
4913:             1             32  git4idea.history.wholeTree.GitLogUI$MyShowTreeAction
4914:             1             32  com.intellij.designer.propertyTable.PropertyTable$MyRestoreDefaultAction
4915:             1             32  scala.reflect.ManifestFactory$$anon$1
4916:             1             32  [Lcom.intellij.execution.ui.ConsoleViewContentType;
4917:             1             32  [Lcom.intellij.codeInsight.highlighting.HighlightErrorFilter;
4918:             1             32  com.intellij.openapi.fileTypes.PlainTextLanguage
4919:             1             32  com.intellij.psi.impl.java.stubs.JavaNameValuePairType
4920:             1             32  com.intellij.lang.java.parser.JavaParser
4921:             1             32  com.intellij.openapi.vcs.BigArray
4922:             1             32  org.jetbrains.idea.devkit.actions.NewApplicationComponentAction
4923:             1             32  com.intellij.util.concurrency.QueueProcessorRemovePartner
4924:             1             32  com.intellij.ui.tabs.impl.JBTabsImpl$6
4925:             1             32  com.intellij.psi.impl.source.tree.JavaElementType$2
4926:             2             32  com.intellij.ide.ui.laf.darcula.ui.DarculaTextBorder
4927:             1             32  com.intellij.codeInsight.generation.actions.ImplementMethodsAction
4928:             1             32  com.intellij.designer.propertyTable.PropertyTable$PropertyCellEditor
4929:             1             32  org.intellij.lang.regexp.RegExpLanguage
4930:             1             32  com.intellij.psi.impl.java.stubs.JavaStubElementTypes$13
4931:             1             32  org.apache.xerces.impl.XMLEntityScanner$1
4932:             1             32  com.intellij.refactoring.actions.TypeCookAction
4933:             2             32  com.intellij.openapi.wm.impl.status.InlineProgressIndicator$2
4934:             1             32  org.apache.velocity.runtime.directive.Macro
4935:             2             32  java.util.concurrent.Semaphore
4936:             1             32  org.jetbrains.plugins.scala.actions.GoToImplicitConversionAction
4937:             2             32  com.intellij.openapi.roots.impl.ProjectRootManagerComponent$1
4938:             1             32  javax.swing.text.DefaultEditorKit$SelectLineAction
4939:             2             32  org.jetbrains.ide.PooledThreadExecutor
4940:             1             32  com.intellij.psi.impl.compiled.ClsPrefixExpressionImpl
4941:             1             32  com.intellij.codeInsight.generation.actions.AutoIndentLinesAction
4942:             1             32  scala.util.control.BreakControl
4943:             1             32  com.intellij.lang.folding.FoldingDescriptor
4944:             1             32  git4idea.history.wholeTree.GitLogUI$26
4945:             2             32  com.intellij.designer.AbstractToolWindowManager$1
4946:             2             32  com.intellij.openapi.vcs.impl.ProjectLevelVcsManagerImpl$2
4947:             2             32  $Proxy46
4948:             1             32  com.intellij.codeInspection.htmlInspections.HtmlUnknownAttributeInspection
4949:             1             32  com.intellij.execution.ui.RunContentManagerImpl
4950:             1             32  com.intellij.psi.impl.source.tree.JavaElementType$3
4951:             1             32  com.intellij.lang.Language$1
4952:             1             32  org.jetbrains.idea.maven.server.MavenServerManager$RemoteMavenServerDownloadListener
4953:             2             32  com.intellij.designer.inspection.AbstractQuickFixManager$2
4954:             1             32  com.intellij.debugger.ui.tree.render.ArrayRenderer
4955:             1             32  git4idea.history.wholeTree.GitLogUI$MyStructureFilter
4956:             1             32  [Lcom.intellij.formatting.WrapType;
4957:             1             32  javax.swing.text.DefaultEditorKit$SelectParagraphAction
4958:             1             32  com.intellij.psi.impl.java.stubs.JavaImportListElementType
4959:             1             32  com.intellij.psi.impl.source.tree.JavaElementType$4
4960:             2             32  com.intellij.facet.FacetTypeId
4961:             1             32  scala.reflect.ManifestFactory$$anon$2
4962:             2             32  java.lang.Shutdown$Lock
4963:             2             32  com.intellij.compiler.options.CompileStepBeforeRun
4964:             1             32  com.intellij.codeInsight.generation.actions.DelegateMethodsAction
4965:             1             32  com.intellij.ide.bookmarks.actions.NextBookmarkAction
4966:             1             32  com.intellij.lang.properties.PropertiesLanguage
4967:             1             32  com.intellij.openapi.editor.actions.ConvertIndentsToTabsAction
4968:             2             32  com.intellij.designer.AbstractToolWindowManager$4
4969:             1             32  com.intellij.ide.projectView.actions.MarkRootAction
4970:             2             32  com.intellij.openapi.roots.impl.ProjectRootManagerComponent$2
4971:             1             32  com.intellij.xdebugger.impl.actions.PauseAction
4972:             1             32  com.intellij.openapi.application.ApplicationNamesInfo
4973:             1             32  com.intellij.psi.search.LocalSearchScope
4974:             1             32  com.intellij.ui.BalloonLayoutImpl
4975:             2             32  com.intellij.codeInsight.daemon.impl.StatusBarUpdater$1
4976:             1             32  git4idea.history.wholeTree.StructureFilterAction$1
4977:             2             32  $Proxy91
4978:             2             32  com.intellij.designer.inspection.AbstractQuickFixManager$3
4979:             1             32  [Lcom.intellij.dvcs.repo.Repository$State;
4980:             1             32  sun.rmi.transport.tcp.TCPTransport
4981:             1             32  java.util.concurrent.Semaphore$NonfairSync
4982:             1             32  org.jetbrains.idea.devkit.actions.NewProjectComponentAction
4983:             2             32  com.intellij.psi.impl.java.stubs.index.JavaAnnotationIndex
4984:             1             32  com.intellij.psi.tree.TokenSet$1
4985:             1             32  com.intellij.openapi.wm.impl.status.PositionPanel
4986:             1             32  com.intellij.openapi.editor.actions.UnselectWordAtCaretAction
4987:             1             32  [Lgit4idea.history.wholeTree.StepType;
4988:             2             32  com.maddyhome.idea.copyright.options.Options
4989:             1             32  com.intellij.openapi.vcs.actions.VcsQuickListPopupAction
4990:             1             32  sun.nio.ch.ServerSocketAdaptor
4991:             1             32  com.intellij.openapi.fileEditor.impl.EditorsSplitters$MyTransferHandler
4992:             2             32  com.intellij.designer.AbstractToolWindowManager$5
4993:             2             32  com.intellij.codeInsight.daemon.impl.StatusBarUpdater$2
4994:             1             32  scala.reflect.ManifestFactory$$anon$3
4995:             1             32  com.intellij.ide.projectView.actions.MarkTestSourceRootAction
4996:             1             32  javax.swing.TransferHandler$TransferSupport
4997:             1             32  com.intellij.ide.highlighter.custom.CustomFileTypeLexer$1
4998:             1             32  com.intellij.openapi.vcs.changes.ChangesViewManager$2
4999:             1             32  com.intellij.util.concurrency.SequentialTaskExecutor
5000:             1             32  com.intellij.ui.AppIcon$Win7AppIcon
5001:             2             32  com.intellij.openapi.vcs.actions.ShowChangeMarkerAction$2
5002:             1             32  git4idea.history.wholeTree.StructureFilterAction$2
5003:             2             32  $Proxy75
5004:             1             32  [Lcom.intellij.openapi.vcs.RequestsMerger$MyState;
5005:             1             32  com.intellij.openapi.vfs.encoding.EncodingManagerImpl
5006:             1             32  com.intellij.xdebugger.impl.actions.ResumeAction
5007:             1             32  com.intellij.psi.impl.PsiElementFactoryImpl
5008:             2             32  com.intellij.ide.bookmarks.actions.GotoBookmarkActionBase$1
5009:             2             32  javax.swing.text.DefaultCaret$Handler
5010:             2             32  com.intellij.openapi.wm.impl.status.IdeStatusBarImpl$IconPresentationWrapper$1
5011:             1             32  com.intellij.designer.propertyTable.actions.ShowJavadoc
5012:             1             32  com.intellij.psi.impl.source.codeStyle.PersistableCodeStyleSchemes
5013:             1             32  [Lcom.intellij.openapi.vcs.impl.VcsEP;
5014:             1             32  com.intellij.codeInsight.navigation.actions.GotoDeclarationAction
5015:             1             32  sun.nio.fs.UnixPath
5016:             1             32  com.intellij.compiler.CompilerWorkspaceConfiguration
5017:             2             32  com.intellij.codeInsight.daemon.impl.StatusBarUpdater$3
5018:             2             32  com.intellij.xdebugger.impl.actions.handlers.XDebuggerRunToCursorActionHandler
5019:             1             32  [Lcom.intellij.openapi.roots.ModuleExtension;
5020:             1             32  org.apache.xerces.parsers.AbstractDOMParser$1
5021:             2             32  com.intellij.designer.AbstractToolWindowManager$6
5022:             1             32  sun.management.MemoryImpl
5023:             1             32  git4idea.history.wholeTree.GitLogUI$MyGotoCommitAction
5024:             1             32  com.intellij.openapi.vcs.changes.VcsChangeDetailsManager
5025:             1             32  org.jetbrains.plugins.groovy.gant.GantClassFinder
5026:             2             32  org.jaxen.expr.DefaultLiteralExpr
5027:             1             32  com.intellij.cvsSupport2.actions.IgnoreFileAction
5028:             1             32  org.jetbrains.idea.devkit.actions.NewModuleComponentAction
5029:             1             32  com.intellij.ide.projectView.actions.MarkExcludeRootAction
5030:             2             32  com.intellij.execution.impl.RunConfigurationBeforeRunProvider
5031:             1             32  scala.reflect.ManifestFactory$$anon$4
5032:             1             32  com.intellij.openapi.vcs.actions.ShowPrevChangeMarkerAction
5033:             1             32  com.intellij.openapi.fileEditor.impl.EditorWindow$1
5034:             1             32  org.jetbrains.plugins.groovy.actions.generate.constructors.GroovyGenerateConstructorAction
5035:             1             32  [Lgit4idea.commands.GitCommand$LockingPolicy;
5036:             1             32  git4idea.status.GitChangeProvider
5037:             2             32  com.intellij.openapi.application.impl.ModalityStateEx
5038:             2             32  com.intellij.openapi.roots.impl.ProjectRootManagerComponent$4
5039:             1             32  com.intellij.ide.bookmarks.actions.PreviousBookmarkAction
5040:             1             32  com.intellij.ide.ui.laf.darcula.ui.DarculaProgressBarBorder
5041:             1             32  com.intellij.psi.impl.java.stubs.JavaStubElementTypes$1
5042:             2             32  com.intellij.openapi.vfs.VirtualFileVisitor$Option
5043:             1             32  com.intellij.xdebugger.impl.actions.QuickEvaluateAction
5044:             1             32  com.intellij.notification.EventLog$ProjectTracker
5045:             1             32  com.intellij.psi.impl.java.stubs.JavaStubElementTypes$14
5046:             1             32  com.intellij.codeInsight.generation.actions.GenerateSuperMethodCallAction
5047:             1             32  org.jetbrains.plugins.gradle.config.GradleClassFinder
5048:             1             32  com.intellij.debugger.ui.DebuggerPanelsManager
5049:             1             32  org.jboss.netty.channel.socket.nio.NioServerSocketChannelFactory
5050:             1             32  com.intellij.ide.projectView.impl.ProjectViewImpl$MyAutoScrollFromSourceHandler
5051:             1             32  [Lorg.intellij.plugins.intelliLang.Configuration$DfaOption;
5052:             1             32  net.orfjackal.sbt.plugin.sbtlang.SbtLanguage
5053:             1             32  com.intellij.xml.util.HtmlUtil$TerminateException
5054:             1             32  org.zmlx.hg4idea.action.HgInit
5055:             1             32  com.intellij.codeInsight.editorActions.smartEnter.SmartEnterAction
5056:             1             32  [Lcom.intellij.openapi.roots.OrderEnumerationHandler$AddDependencyType;
5057:             1             32  java.util.concurrent.Semaphore$FairSync
5058:             1             32  org.jboss.netty.channel.DefaultChannelPipeline
5059:             1             32  com.intellij.featureStatistics.ProductivityFeaturesRegistryImpl
5060:             1             32  git4idea.history.wholeTree.MediatorImpl$TableWrapper
5061:             1             32  [Lcom.intellij.openapi.vcs.changes.VcsDirtyScopeManagerImpl$SynchronizedLife$LifeStages;
5062:             1             32  com.intellij.codeInsight.completion.NextPrevParameterAction$Next
5063:             1             32  com.intellij.designer.propertyTable.actions.RestoreDefault
5064:             1             32  com.intellij.openapi.roots.AnnotationOrderRootType
5065:             1             32  com.intellij.ide.FrameStateManagerImpl
5066:             1             32  com.intellij.psi.impl.java.stubs.JavaParameterListElementType
5067:             1             32  com.intellij.ide.projectView.actions.UnmarkRootAction
5068:             1             32  com.intellij.openapi.wm.impl.WindowWatcher
5069:             1             32  org.jetbrains.idea.maven.dom.refactorings.introduce.IntroducePropertyAction
5070:             2             32  $Proxy86
5071:             1             32  com.intellij.psi.impl.java.stubs.JavaStubElementTypes$2
5072:             2             32  com.intellij.ui.SoftWrapsEditorCustomization
5073:             1             32  com.intellij.psi.impl.java.stubs.JavaStubElementTypes$15
5074:             1             32  com.intellij.codeInsight.navigation.actions.MethodDownAction
5075:             1             32  scala.reflect.ManifestFactory$$anon$5
5076:             1             32  sun.dc.pr.Rasterizer
5077:             1             32  com.intellij.history.core.ChangeListStorageImpl
5078:             1             32  sun.misc.SoftCache
5079:             1             32  [Lcom.intellij.openapi.command.UndoConfirmationPolicy;
5080:             2             32  com.intellij.codeInsight.daemon.impl.DaemonCodeAnalyzerImpl$3
5081:             1             32  com.intellij.ide.ui.laf.IdeaLaf
5082:             1             32  org.jetbrains.idea.svn.actions.IntegrateChangeSetAction
5083:             1             32  [Lcom.intellij.util.messages.Topic$BroadcastDirection;
5084:             1             32  com.intellij.ui.AutoScrollFromSourceHandler$AutoScrollFromSourceAction
5085:             1             32  com.intellij.openapi.fileTypes.impl.IgnoredFileCache
5086:             1             32  org.jetbrains.idea.devkit.actions.NewActionAction
5087:             1             32  org.jetbrains.ide.BuiltInServerManagerImpl
5088:             1             32  com.intellij.openapi.fileEditor.impl.EditorsSplitters$MyFocusWatcher
5089:             1             32  [Lcom.intellij.openapi.compiler.generic.GenericCompiler$CompileOrderPlace;
5090:             1             32  com.intellij.codeInsight.completion.NextPrevParameterAction$Prev
5091:             2             32  com.intellij.compiler.options.CompileStepBeforeRunNoErrorCheck
5092:             2             32  com.intellij.psi.impl.source.DummyHolder$DummyHolderTreeLock
5093:             1             32  sun.awt.X11.PropMwmHints
5094:             1             32  com.intellij.openapi.diagnostic.LoggerRt$IdeaFactory
5095:             1             32  git4idea.history.wholeTree.GitLogUI$MyRefreshAction
5096:             1             32  com.intellij.codeInsight.hint.actions.ShowSiblingsAction
5097:             1             32  com.intellij.facet.impl.invalid.InvalidFacetType
5098:             1             32  com.intellij.codeInsight.generation.actions.GenerateCreateUIAction
5099:             1             32  com.intellij.psi.stubs.StubSerializationHelper
5100:             1             32  com.intellij.idea.SocketLock
5101:             1             32  org.intellij.plugins.xsltDebugger.XsltBreakpointType
5102:             1             32  com.intellij.designer.propertyTable.actions.ShowExpert
5103:             1             32  com.intellij.ide.actions.ViewSourceAction
5104:             2             32  com.intellij.compiler.server.BuildManager$BuildManagerPeriodicTask$1
5105:             2             32  com.intellij.xdebugger.impl.actions.handlers.XToggleLineBreakpointActionHandler
5106:             1             32  com.intellij.openapi.vcs.VcsDirectoryMapping
5107:             2             32  $Proxy19
5108:             1             32  [Lcom.intellij.openapi.roots.PersistentOrderRootType;
5109:             2             32  com.intellij.openapi.roots.impl.ProjectRootManagerComponent$MyVirtualFilePointerListener
5110:             1             32  [Lcom.intellij.psi.ConstraintType;
5111:             1             32  com.intellij.facet.impl.ProjectFacetManagerImpl
5112:             2             32  com.intellij.openapi.command.impl.FocusBasedCurrentEditorProvider
5113:             1             32  com.intellij.designer.DesignerToolWindow
5114:             1             32  com.intellij.tasks.actions.SwitchTaskCombo
5115:             1             32  git4idea.history.wholeTree.DatesFilterAction$1
5116:             2             32  com.intellij.psi.impl.JavaCodeBlockModificationListener
5117:             1             32  javax.swing.plaf.basic.BasicMenuBarUI
5118:             2             32  com.intellij.execution.impl.ConsoleViewUtil$2
5119:             1             32  com.intellij.codeInsight.folding.impl.UpdateFoldRegionsOperation
5120:             1             32  com.intellij.codeInsight.navigation.actions.MethodUpAction
5121:             1             32  com.intellij.openapi.editor.colors.impl.EditorColorsManagerImpl
5122:             1             32  [Lcom.intellij.openapi.wm.impl.status.IdeStatusBarImpl$Position;
5123:             1             32  com.intellij.xdebugger.impl.actions.ShowExecutionPointAction
5124:             2             32  [Lcom.intellij.openapi.util.TextRange;
5125:             2             32  com.intellij.packageDependencies.ChangeListsScopesProvider
5126:             1             32  [Lcom.intellij.codeInspection.dataFlow.instructions.MethodCallInstruction$MethodType;
5127:             2             32  org.jboss.netty.buffer.HeapChannelBufferFactory
5128:             1             32  git4idea.history.wholeTree.GraphGutter$PresentationStyle$2
5129:             2             32  org.intellij.plugins.xpathView.support.jaxen.PsiDocumentNavigator
5130:             1             32  com.intellij.javaee.StandardResourceEP
5131:             1             32  [Lcom.intellij.openapi.application.PathMacroFilter;
5132:             1             32  com.intellij.openapi.actionSystem.Separator
5133:             1             32  com.intellij.designer.propertyTable.actions.ShowColumns
5134:             1             32  net.orfjackal.sbt.plugin.SbtConsole$StartSbtAction
5135:             2             32  com.intellij.codeInsight.daemon.impl.JavaDocAnnotator
5136:             1             32  com.intellij.openapi.editor.actions.JoinLinesAction
5137:             2             32  org.apache.xerces.impl.dv.dtd.ENTITYDatatypeValidator
5138:             2             32  com.intellij.openapi.vcs.changes.ui.ChangesComparator
5139:             1             32  sun.awt.X11.XGlobalCursorManager
5140:             1             32  git4idea.history.wholeTree.DatesFilterAction$2
5141:             1             32  com.intellij.codeInsight.generation.actions.GenerateGetterAction
5142:             2             32  javax.swing.text.html.ImageView$ImageHandler
5143:             2             32  com.intellij.util.xml.impl.ImplementationClassCache$2
5144:             1             32  [Ljava.awt.Window$Type;
5145:             2             32  com.intellij.spellchecker.ui.SpellCheckingEditorCustomization
5146:             1             32  com.intellij.openapi.editor.actions.CutAction
5147:             1             32  com.intellij.refactoring.typeMigration.actions.ChangeTypeSignatureAction
5148:             1             32  com.intellij.ide.actions.QuickChangeSchemesAction
5149:             1             32  com.intellij.codeInsight.intention.actions.ShowIntentionActionsAction
5150:             1             32  sun.java2d.cmm.ProfileDeferralInfo
5151:             1             32  [Lcom.intellij.openapi.vcs.changes.committed.CommittedChangesBrowserUseCase;
5152:             1             32  com.intellij.xdebugger.impl.actions.ToggleLineBreakpointAction
5153:             1             32  sun.rmi.transport.tcp.TCPTransport$AcceptLoop
5154:             2             32  com.intellij.psi.impl.java.stubs.index.JavaAnonymousClassBaseRefOccurenceIndex
5155:             1             32  org.intellij.plugins.intelliLang.Configuration$Prj
5156:             2             32  [Ljava.util.logging.Handler;
5157:             1             32  java.util.concurrent.DelayQueue
5158:             1             32  org.jetbrains.idea.maven.dom.refactorings.extract.ExtractManagedDependenciesAction
5159:             1             32  org.jetbrains.idea.maven.indices.MavenIndices
5160:             1             32  org.jetbrains.plugins.javaFX.JavaFxIdsIndex
5161:             1             32  com.intellij.codeInsight.generation.actions.SurroundWithAction
5162:             1             32  com.intellij.util.io.storage.Storage
5163:             1             32  com.intellij.codeInsight.navigation.actions.GotoImplementationAction
5164:             1             32  git4idea.history.wholeTree.DatesFilterAction$3
5165:             1             32  com.intellij.debugger.ui.HotSwapUIImpl$1
5166:             1             32  [Lcom.intellij.idea.SocketLock$ActivateStatus;
5167:             1             32  com.intellij.psi.PsiWildcardType
5168:             1             32  git4idea.actions.GitTag
5169:             1             32  com.intellij.ui.AutoScrollToSourceHandler$AutoscrollToSourceAction
5170:             1             32  com.intellij.xdebugger.impl.actions.ToggleTemporaryLineBreakpointAction
5171:             2             32  $Proxy53
5172:             2             32  org.jboss.netty.channel.group.DefaultChannelGroup$1
5173:             1             32  com.intellij.openapi.vcs.changes.shelf.CompoundShelfFileProcessor
5174:             2             32  org.intellij.plugins.xsltDebugger.impl.XsltDebuggerEditorsProvider
5175:             1             32  com.intellij.openapi.vfs.impl.local.FileWatcher$MyProcessAdapter
5176:             1             32  com.intellij.testIntegration.GenerateTestMethodAction
5177:             1             32  com.intellij.openapi.roots.JavadocOrderRootType
5178:             1             32  com.intellij.ide.projectView.impl.ProjectViewImpl$SortByTypeAction
5179:             1             32  org.jetbrains.plugins.scala.compiler.FscServerLauncher
5180:             1             32  com.intellij.util.containers.RecentStringInterner
5181:             1             32  org.jetbrains.plugins.scala.compiler.ScalaApplicationSettings
5182:             2             32  sun.awt.SunDisplayChanger
5183:             1             32  com.intellij.codeInspection.uncheckedWarnings.UncheckedWarningLocalInspection
5184:             1             32  org.jetbrains.plugins.groovy.actions.generate.accessors.GroovyGenerateGetterAction
5185:             1             32  [Lorg.jetbrains.idea.maven.execution.MavenExecutionOptions$ChecksumPolicy;
5186:             1             32  git4idea.history.wholeTree.DatesFilterAction$4
5187:             2             32  org.jetbrains.idea.maven.utils.MavenMergingUpdateQueue$1
5188:             1             32  com.intellij.refactoring.actions.MakeStaticAction
5189:             1             32  com.intellij.notification.impl.NotificationsConfigurationImpl
5190:             2             32  [Ljava.lang.annotation.Annotation;
5191:             2             32  com.intellij.psi.impl.java.stubs.index.JavaFieldNameIndex
5192:             2             32  com.intellij.openapi.vcs.impl.projectlevelman.NewMappings$1
5193:             2             32  com.intellij.openapi.vcs.changes.VcsAnnotationLocalChangesListenerImpl$2
5194:             1             32  com.intellij.openapi.wm.impl.welcomeScreen.JetBrainsTvAction
5195:             1             32  com.intellij.history.core.LocalHistoryStorage
5196:             1             32  com.intellij.codeInsight.unwrap.UnwrapAction
5197:             1             32  com.intellij.ide.actions.CreateClassAction
5198:             1             32  [Lcom.intellij.tasks.TaskType;
5199:             1             32  com.intellij.openapi.vcs.changes.committed.CommittedChangesCache$State
5200:             1             32  com.intellij.ide.highlighter.custom.tokens.KeywordParser
5201:             2             32  com.intellij.openapi.module.impl.ModuleManagerComponent$1
5202:             1             32  com.intellij.psi.impl.java.stubs.JavaTypeParameterElementType
5203:             1             32  com.intellij.xdebugger.impl.breakpoints.XDependentBreakpointManager
5204:             2             32  com.intellij.designer.inspection.AbstractQuickFixManager$5
5205:             1             32  com.intellij.ide.todo.TodoConfiguration
5206:             1             32  com.intellij.codeStyle.ConvertToWindowsLineSeparatorsAction
5207:             2             32  $Proxy56
5208:             1             32  com.intellij.xdebugger.impl.actions.EvaluateAction
5209:             1             32  com.intellij.refactoring.actions.RefactoringQuickListPopupAction
5210:             1             32  org.intellij.plugins.intelliLang.Configuration$App
5211:             1             32  org.jetbrains.plugins.groovy.actions.generate.accessors.GroovyGenerateSetterAction
5212:             1             32  com.intellij.openapi.vfs.impl.jar.JarFileSystemImpl
5213:             2             32  org.jetbrains.idea.maven.utils.MavenMergingUpdateQueue$2
5214:             1             32  [Lcom.intellij.lang.BracePair;
5215:             1             32  git4idea.history.wholeTree.GitLogUI$28
5216:             2             32  com.intellij.ui.table.JBTable$MyMouseListener
5217:             1             32  com.intellij.openapi.vcs.changes.DirtBuilder
5218:             2             32  com.intellij.openapi.roots.impl.CompilerProjectExtensionImpl$MyProjectExtension
5219:             1             32  com.intellij.xdebugger.impl.actions.ViewBreakpointsAction
5220:             1             32  com.intellij.ide.projectView.impl.ProjectViewImpl$FoldersAlwaysOnTopAction
5221:             2             32  com.intellij.ide.CopyPasteDelegator$MyEditable
5222:             1             32  com.intellij.codeInsight.editorActions.fillParagraph.FillParagraphAction
5223:             2             32  com.intellij.openapi.vcs.readOnlyHandler.ReadonlyStatusHandlerImpl$State
5224:             2             32  com.intellij.openapi.roots.impl.ProjectPackageIndexImpl
5225:             2             32  com.intellij.patterns.CharPattern
5226:             1             32  git4idea.history.wholeTree.DatesFilterAction$5
5227:             1             32  com.intellij.codeInsight.template.impl.actions.ListTemplatesAction
5228:             2             32  com.intellij.openapi.command.impl.DocumentUndoProvider
5229:             1             32  java.lang.NullPointerException
5230:             1             32  org.jetbrains.plugins.groovy.actions.generate.accessors.GroovyGenerateGetterSetterAction
5231:             2             32  java.util.Timer$1
5232:             1             32  [Lorg.intellij.plugins.intelliLang.util.AnnotationUtilEx$LookupType;
5233:             1             32  com.intellij.refactoring.actions.ConvertToInstanceMethodAction
5234:             1             32  com.intellij.openapi.fileEditor.impl.FileDocumentManagerImpl
5235:             2             32  com.intellij.openapi.progress.util.ProgressWindow$MyDialog$1
5236:             1             32  com.intellij.ui.IconDeferrerImpl
5237:             2             32  com.intellij.execution.ExecutionTargetManagerImpl$1
5238:             1             32  javax.swing.plaf.basic.BasicTextUI$TextActionWrapper
5239:             1             32  [Lorg.jetbrains.idea.maven.execution.MavenExecutionOptions$FailureMode;
5240:             1             32  com.intellij.codeStyle.ConvertToUnixLineSeparatorsAction
5241:             1             32  org.jetbrains.plugins.scala.actions.NewScalaTypeDefinitionAction
5242:             1             32  com.intellij.patterns.PsiElementPattern$6
5243:             2             32  com.intellij.openapi.roots.impl.LanguageLevelProjectExtensionImpl$MyProjectExtension
5244:             2             32  net.orfjackal.sbt.plugin.SbtBeforeRunTaskProvider
5245:             1             32  com.intellij.xdebugger.impl.actions.RunToCursorAction
5246:             1             32  java.awt.DefaultFocusTraversalPolicy
5247:             2             32  java.util.regex.Pattern$CharPropertyNames$11
5248:             1             32  com.intellij.openapi.editor.impl.VisibleEditorsTracker
5249:             1             32  git4idea.actions.GitMerge
5250:             1             32  com.intellij.ide.hierarchy.actions.BrowseTypeHierarchyAction
5251:             1             32  [Lsun.awt.OSInfo$OSType;
5252:             2             32  com.intellij.openapi.vcs.changes.VcsAnnotationLocalChangesListenerImpl$3
5253:             1             32  com.intellij.psi.impl.java.stubs.JavaStubElementTypes$3
5254:             1             32  [Ljava.lang.ref.SoftReference;
5255:             1             32  [Lorg.jboss.netty.channel.ChannelState;
5256:             1             32  java.lang.ArithmeticException
5257:             2             32  com.intellij.psi.impl.file.impl.JavaFileManagerBase$1
5258:             1             32  com.intellij.codeInsight.template.impl.actions.SurroundWithTemplateAction
5259:             2             32  com.intellij.execution.process.BaseOSProcessHandler$1
5260:             1             32  com.intellij.openapi.vcs.changes.actions.RevertSelectedChangesAction
5261:             1             32  javax.swing.plaf.synth.SynthLookAndFeel$AATextListener
5262:             1             32  org.intellij.plugins.xpathView.support.jaxen.extensions.FileTypeFunction
5263:             1             32  com.intellij.tasks.jira.jql.JqlLanguage
5264:             2             32  com.intellij.ui.table.JBTable$2
5265:             2             32  javax.swing.plaf.basic.BasicBorders$MarginBorder
5266:             1             32  com.intellij.codeStyle.ConvertToMacLineSeparatorsAction
5267:             1             32  git4idea.repo.GitRepositoryReader
5268:             1             32  git4idea.history.wholeTree.DatesFilterAction$6
5269:             1             32  com.intellij.codeInsight.navigation.actions.GotoTypeDeclarationAction
5270:             1             32  com.intellij.openapi.vcs.changes.Modifier
5271:             2             32  com.intellij.psi.impl.java.stubs.index.JavaFullClassNameIndex
5272:             1             32  [Lcom.intellij.psi.controlFlow.BranchingInstruction$Role;
5273:             1             32  com.intellij.ide.hierarchy.actions.BrowseMethodHierarchyAction
5274:             1             32  com.intellij.ide.projectView.impl.ProjectViewImpl$3
5275:             1             32  com.intellij.codeInsight.editorActions.moveUpDown.MoveStatementDownAction
5276:             2             32  com.intellij.packaging.impl.run.BuildArtifactsBeforeRunTaskProvider
5277:             1             32  com.intellij.codeInsight.actions.GenerateDTDAction
5278:             1             32  [[Ljavax.swing.text.html.CSS$Attribute;
5279:             1             32  com.intellij.xdebugger.impl.actions.ForceRunToCursorAction
5280:             1             32  com.intellij.psi.stubs.StubIndexImpl
5281:             1             32  com.intellij.psi.impl.java.stubs.JavaStubElementTypes$4
5282:             1             32  sun.awt.image.FetcherInfo
5283:             2             32  javax.swing.text.StyleConstants$ColorConstants
5284:             1             32  [Lcom.intellij.openapi.vfs.CharsetToolkit$GuessedEncoding;
5285:             2             32  com.intellij.ui.treeStructure.Tree$2
5286:             2             32  com.intellij.tools.ToolBeforeRunTaskProvider
5287:             1             32  com.intellij.openapi.roots.impl.ExcludeFolderImpl
5288:             1             32  com.intellij.ide.ui.laf.darcula.DarculaLaf
5289:             2             32  $Proxy28
5290:             1             32  [Ljavax.swing.text.html.CSS$CssValue;
5291:             2             32  com.intellij.psi.impl.file.impl.JavaFileManagerBase$2
5292:             2             32  com.intellij.ui.table.JBTable$3
5293:             2             32  com.intellij.openapi.vcs.StartedActivated$1
5294:             1             32  org.jdom.output.Format$DefaultEscapeStrategy
5295:             2             32  org.jetbrains.plugins.javaFX.FxmlDataExternalizer
5296:             1             32  com.intellij.openapi.editor.actions.DuplicateAction
5297:             1             32  org.jetbrains.plugins.groovy.actions.generate.equals.GroovyGenerateEqualsAction
5298:             1             32  com.intellij.framework.detection.impl.FrameworkDetectorRegistryImpl
5299:             2             32  com.intellij.lang.properties.editor.ResourceBundleEditorProvider
5300:             1             32  git4idea.history.wholeTree.DatesFilterAction$7
5301:             1             32  com.intellij.psi.impl.java.stubs.JavaStubElementTypes$5
5302:             1             32  com.intellij.xdebugger.impl.actions.AddToWatchesAction
5303:             1             32  [Lcom.intellij.util.LineSeparator;
5304:             2             32  com.intellij.ide.UiActivity$Focus
5305:             1             32  git4idea.actions.GitStash
5306:             2             32  com.intellij.openapi.project.impl.ProjectImpl$MyProjectManagerListener
5307:             1             32  org.apache.log4j.PatternLayout
5308:             1             32  com.intellij.lang.properties.psi.impl.PropertyImpl
5309:             1             32  org.intellij.plugins.relaxNG.validation.ValidateAction
5310:             2             32  com.intellij.psi.impl.file.impl.JavaFileManagerBase$3
5311:             1             32  org.intellij.plugins.relaxNG.compact.RngCompactLanguage
5312:             1             32  com.intellij.openapi.editor.actions.FindWordAtCaretAction
5313:             2             32  org.jaxen.expr.DefaultXPathExpr
5314:             1             32  org.jboss.netty.channel.socket.nio.SocketReceiveBufferAllocator
5315:             2             32  com.intellij.openapi.vcs.StartedActivated$2
5316:             1             32  javax.swing.text.StyledEditorKit$StyledInsertBreakAction
5317:             2             32  javax.swing.text.html.CSSBorder$NullPainter
5318:             2             32  java.lang.InheritableThreadLocal
5319:             2             32  [Lcom.intellij.tasks.TaskRepository;
5320:             1             32  com.intellij.cvsSupport2.actions.merge.MergeAction
5321:             2             32  com.intellij.psi.impl.PsiManagerImpl$1
5322:             1             32  com.intellij.refactoring.actions.RenameElementAction
5323:             2             32  com.intellij.util.config.Storage$MapStorage
5324:             1             32  com.intellij.openapi.wm.impl.status.StatusPanel$4
5325:             2             32  java.util.Hashtable$KeySet
5326:             2             32  com.intellij.psi.impl.java.stubs.index.JavaMethodNameIndex
5327:             1             32  [Ljava.lang.OutOfMemoryError;
5328:             1             32  com.intellij.xdebugger.impl.actions.StepOverAction
5329:             1             32  com.intellij.ide.hierarchy.actions.BrowseCallHierarchyAction
5330:             1             32  [Lcom.intellij.execution.actions.CreateAction$BaseCreatePolicy$ActionType;
5331:             2             32  com.intellij.openapi.command.impl.DocumentUndoProvider$MyEditorDocumentListener
5332:             2             32  org.intellij.lang.xpath.XPathFileType
5333:             2             32  com.intellij.openapi.module.impl.ModuleManagerComponent$2
5334:             1             32  com.intellij.ide.actions.ExpandAllToolbarAction
5335:             1             32  com.intellij.uiDesigner.actions.CreateFormAction
5336:             1             32  com.intellij.designer.DesignerToolWindow$2
5337:             1             32  com.intellij.ide.projectView.impl.AbstractProjectViewPSIPane$5
5338:             1             32  [Lcom.intellij.util.ui.UIUtil$ComponentStyle;
5339:             1             32  com.intellij.ui.CheckedTreeNode
5340:             1             32  com.intellij.openapi.diagnostic.LoggerRt$IdeaFactory
5341:             1             32  com.intellij.codeInsight.navigation.actions.GotoSuperAction
5342:             1             32  [Ljava.awt.Dialog$ModalityType;
5343:             1             32  com.intellij.codeInsight.hint.actions.ShowImplementationsAction
5344:             2             32  com.intellij.tasks.impl.TaskManagerImpl$13
5345:             1             32  com.intellij.execution.console.ConsoleHistoryController$MyBrowseAction
5346:             1             32  [Lorg.jetbrains.idea.maven.execution.MavenExecutionOptions$PluginUpdatePolicy;
5347:             1             32  com.intellij.ui.SearchTextField$MyModel
5348:             1             32  com.intellij.facet.FacetManagerImpl$FacetManagerModel
5349:             1             32  org.intellij.plugins.xpathView.XPathEvalAction
5350:             1             32  com.intellij.ide.projectView.impl.ProjectTreeBuilder$ProjectTreeBuilderPsiListener
5351:             1             32  com.intellij.xdebugger.impl.actions.ForceStepOverAction
5352:             1             32  org.intellij.lang.xpath.XPathLanguage
5353:             1             32  [Lcom.intellij.codeInspection.dataFlow.Nullness;
5354:             1             32  git4idea.actions.GitUnstash
5355:             1             32  net.orfjackal.sbt.plugin.settings.SbtApplicationSettings
5356:             1             32  com.intellij.openapi.module.impl.scopes.JdkScope
5357:             1             32  com.intellij.designer.DesignerToolWindow$3
5358:             1             32  [Lcom.intellij.util.ThreeState;
5359:             2             32  net.sf.cglib.proxy.InvocationHandlerGenerator
5360:             2             32  com.intellij.openapi.roots.impl.ProjectFileIndexImpl$ContentFilter
5361:             1             32  org.jetbrains.plugins.javaFX.JavaFxCustomComponentsIndex
5362:             2             32  com.intellij.codeInsight.editorActions.moveUpDown.MoveStatementHandler
5363:             1             32  org.jetbrains.idea.maven.navigator.MavenProjectsNavigatorPanel$MyTransferHandler
5364:             1             32  javax.swing.plaf.BorderUIResource$EmptyBorderUIResource
5365:             1             32  org.jetbrains.plugins.scala.worksheet.actions.NewScalaWorksheetAction
5366:             2             32  com.intellij.openapi.components.impl.stores.ProjectStoreImpl$4
5367:             2             32  com.intellij.psi.impl.file.impl.JavaFileManagerImpl$1
5368:             2             32  com.intellij.psi.impl.java.stubs.index.JavaStaticMemberNameIndex
5369:             1             32  sun.awt.X11.XEvent
5370:             2             32  java.util.TreeMap$Values
5371:             1             32  [Lcom.intellij.openapi.fileEditor.FileEditorPolicy;
5372:             1             32  com.intellij.execution.impl.ExecutionManagerImpl
5373:             1             32  [Lcom.intellij.testIntegration.TestIntegrationUtils$MethodKind;
5374:             2             32  sun.nio.ch.Util$2
5375:             1             32  com.intellij.psi.impl.java.stubs.JavaModifierListElementType
5376:             1             32  sun.awt.X11.XWM
5377:             1             32  com.intellij.openapi.vcs.changes.ui.ChangesTreeList$MyToggleSelectionAction
5378:             2             32  com.intellij.openapi.vcs.StartedActivated$3
5379:             1             32  [Lcom.intellij.openapi.wm.impl.ToolWindowManagerImpl$KeyState;
5380:             1             32  [Lcom.intellij.execution.filters.ExceptionFilterFactory;
5381:             1             32  com.intellij.xdebugger.impl.actions.StepIntoAction
5382:             1             32  org.intellij.lang.xpath.XPath2Language
5383:             1             32  [Lcom.intellij.psi.PsiReferenceList$Role;
5384:             1             32  com.intellij.codeInsight.daemon.impl.actions.GotoNextErrorAction
5385:             2             32  javax.swing.text.Position$Bias
5386:             2             32  $Proxy43
5387:             1             32  com.intellij.testIntegration.GotoTestOrCodeAction
5388:             1             32  com.intellij.util.xml.NanoXmlUtil$ParserStoppedException
5389:             1             32  [Lcom.intellij.util.ui.UIUtil$FontSize;
5390:             1             32  org.jetbrains.idea.maven.project.actions.DownloadAllSourcesAndDocsAction
5391:             1             32  [Lcom.intellij.openapi.vcs.VcsShowConfirmationOption$Value;
5392:             1             32  org.jetbrains.plugins.groovy.GroovyLanguage
5393:             1             32  org.jetbrains.plugins.groovy.actions.generate.equals.GroovyGenerateEqualsHandler
5394:             1             32  com.intellij.slicer.SliceManager
5395:             1             32  com.intellij.openapi.editor.impl.StripedIDGenerator$NextPair
5396:             1             32  java.util.TreeMap$ValueIterator
5397:             1             32  com.intellij.codeInsight.generation.actions.GenerateSetterAction
5398:             1             32  com.intellij.codeInsight.editorActions.moveUpDown.MoveStatementUpAction
5399:             1             32  [Lcom.intellij.codeInsight.daemon.impl.analysis.FileHighlightingSetting;
5400:             1             32  git4idea.actions.GitResetHead
5401:             1             32  [Lcom.intellij.lang.java.parser.DeclarationParser$Context;
5402:             1             32  org.jetbrains.idea.maven.project.actions.DownloadAllSourcesAction
5403:             2             32  java.util.Hashtable$ValueCollection
5404:             2             32  com.intellij.openapi.vcs.StartedActivated$4
5405:             1             32  com.intellij.ide.highlighter.custom.tokens.IdentifierParser
5406:             1             32  com.intellij.codeInsight.folding.impl.actions.CollapseAllRegionsAction
5407:             1             32  org.jboss.netty.bootstrap.ServerBootstrap
5408:             1             32  org.jetbrains.plugins.scala.actions.NewScalaScriptAction
5409:             2             32  [Lcom.intellij.execution.applet.AppletConfiguration$AppletParameter;
5410:             2             32  com.theoryinpractice.testng.configuration.TestNGConfiguration$1
5411:             1             32  org.jboss.netty.channel.socket.nio.NioServerBossPool
5412:             2             32  com.intellij.execution.filters.ExceptionFilter
5413:             1             32  [Lorg.intellij.lang.xpath.xslt.impl.XsltChecker$LanguageLevel;
5414:             1             32  com.intellij.psi.PsiRecursiveElementWalkingVisitor$1
5415:             1             32  com.intellij.xdebugger.impl.actions.ForceStepIntoAction
5416:             2             32  com.intellij.psi.impl.java.stubs.index.JavaStaticMemberTypeIndex
5417:             1             32  com.intellij.openapi.keymap.impl.IdeMouseEventDispatcher
5418:             1             32  com.intellij.history.core.ChangeList
5419:             2             32  javax.swing.text.html.CSSBorder$DottedDashedPainter
5420:             1             32  com.intellij.codeInsight.editorActions.moveUpDown.MoveLineDownAction
5421:             1             32  com.intellij.openapi.vcs.impl.ModuleVcsDetector
5422:             1             32  com.intellij.codeInsight.daemon.impl.actions.GotoPreviousErrorAction
5423:             1             32  com.intellij.openapi.editor.actions.EscapeAction
5424:             1             32  com.intellij.openapi.vfs.impl.http.RemoteFileManagerImpl
5425:             1             32  com.intellij.openapi.project.DumbServiceImpl
5426:             2             32  $Proxy59
5427:             2             32  com.intellij.openapi.vcs.StartedActivated$5
5428:             1             32  com.intellij.openapi.vcs.changes.committed.CachesHolder
5429:             1             32  [Lorg.jetbrains.plugins.scala.lang.formatting.settings.TypeAnnotationRequirement;
5430:             2             32  com.intellij.util.lang.ClassPath$ResourceStringLoaderIterator
5431:             1             32  org.jetbrains.plugins.groovy.actions.generate.missing.GroovyGenerateMethodMissingAction
5432:             1             32  com.intellij.openapi.vcs.changes.ui.ChangesTreeList$15
5433:             1             32  com.intellij.debugger.settings.NodeRendererSettings$ColorObjectRenderer
5434:             1             32  sun.security.provider.SecureRandom
5435:             1             32  com.intellij.openapi.vcs.changes.ui.ChangesBrowser$3
5436:             1             32  com.intellij.xdebugger.impl.actions.SmartStepIntoAction
5437:             1             32  com.intellij.openapi.externalSystem.service.remote.ExternalSystemProgressNotificationManagerImpl
5438:             1             32  [Lcom.intellij.ui.content.ContentManagerEvent$ContentOperation;
5439:             2             32  com.intellij.codeInsight.daemon.impl.DaemonListeners$MyProfileChangeListener
5440:             2             32  com.intellij.codeInsight.editorActions.moveUpDown.MoveLineHandler
5441:             1             32  com.intellij.designer.actions.StartInplaceEditing
5442:             1             32  com.intellij.slicer.SliceBackwardAction
5443:             1             32  git4idea.actions.GitFetch
5444:             1             32  com.intellij.util.xml.JavaMethod
5445:             1             32  git4idea.history.wholeTree.UsersFilterAction$7
5446:             1             32  com.intellij.openapi.fileEditor.impl.EditorTabbedContainer
5447:             2             32  org.intellij.plugins.xpathView.support.jaxen.XPathSupportImpl$MyXPathFunctionContext
5448:             2             32  com.intellij.lang.ant.config.impl.AntBeforeRunTaskProvider
5449:             2             32  com.intellij.ui.plaf.beg.BegTableUI$1
5450:             1             32  org.jetbrains.idea.maven.execution.MavenRunnerSettings
5451:             1             32  com.intellij.execution.process.ConsoleHistoryModel
5452:             1             32  org.jboss.netty.bootstrap.ServerBootstrap$Binder
5453:             1             32  com.intellij.codeInsight.generation.actions.GenerateGetterAndSetterAction
5454:             1             32  org.jetbrains.idea.maven.server.MavenServerManager$5
5455:             1             32  [Lorg.intellij.lang.xpath.context.functions.Parameter$Kind;
5456:             1             32  com.intellij.openapi.editor.actions.LangIndentSelectionAction
5457:             2             32  org.intellij.images.fileTypes.impl.ImageFileTypeManagerImpl
5458:             2             32  com.intellij.compiler.CompilerConfigurationImpl$1
5459:             2             32  com.theoryinpractice.testng.configuration.TestNGConfiguration$2
5460:             2             32  com.intellij.psi.impl.java.stubs.index.JavaShortClassNameIndex
5461:             1             32  org.jetbrains.plugins.scala.actions.NewPackageObjectAction
5462:             2             32  [Ljavax.swing.MenuElement;
5463:             2             32  java.util.regex.Pattern$CharPropertyNames$21
5464:             1             32  [Lsun.awt.X11.XBaseWindow$InitialiseState;
5465:             1             32  com.intellij.psi.impl.java.stubs.JavaStubElementTypes$6
5466:             1             32  [Lsun.java2d.StateTrackable$State;
5467:             2             32  com.intellij.patterns.XmlFilePattern$Capture
5468:             2             32  javax.swing.text.html.CSSBorder$GrooveRidgePainter
5469:             1             32  com.intellij.xdebugger.impl.actions.StepOutAction
5470:             1             32  com.intellij.ide.highlighter.custom.tokens.PunctuationParser
5471:             1             32  [Lcom.intellij.openapi.components.ServiceBean;
5472:             1             32  com.intellij.codeInsight.folding.impl.actions.CollapseSelectionAction
5473:             1             32  org.jetbrains.idea.maven.project.actions.DownloadAllDocsAction
5474:             1             32  git4idea.history.wholeTree.UsersFilterAction$1
5475:             1             32  [Lcom.intellij.diagnostic.IdeFatalErrorsIcon$State;
5476:             1             32  com.intellij.ide.bookmarks.actions.BookmarksAction
5477:             1             32  org.intellij.plugins.xpathView.support.jaxen.extensions.FileNameFunction
5478:             2             32  sun.rmi.transport.DGCImpl_Stub
5479:             1             32  com.intellij.openapi.editor.actions.ReplaceAction
5480:             1             32  com.intellij.refactoring.actions.ChangeSignatureAction
5481:             1             32  com.intellij.cvsSupport2.actions.MigrateCvsRootAction
5482:             1             32  com.intellij.openapi.vcs.changes.ChangesViewManager$ToggleShowFlattenAction
5483:             1             32  com.intellij.openapi.vcs.changes.ui.ChangesTreeList$16
5484:             1             32  org.jetbrains.idea.maven.tasks.MavenShortcutsManager
5485:             1             32  com.intellij.psi.impl.java.stubs.JavaStubElementTypes$7
5486:             1             32  com.intellij.ide.bookmarks.actions.ToggleBookmarkAction
5487:             2             32  com.intellij.codeInsight.daemon.impl.DaemonCodeAnalyzerImpl$11
5488:             2             32  com.intellij.uiDesigner.binding.FormClassAnnotator
5489:             2             32  javax.swing.text.html.CSSBorder$InsetOutsetPainter
5490:             1             32  com.intellij.openapi.editor.colors.TextAttributesKey$1
5491:             1             32  sun.rmi.transport.proxy.RMIMasterSocketFactory
5492:             1             32  com.intellij.codeInsight.folding.impl.actions.CollapseBlockAction
5493:             1             32  javax.swing.text.SegmentCache$CachedSegment
5494:             1             32  org.jetbrains.idea.maven.dom.generate.GenerateDependencyAction
5495:             1             32  [Ljavax.swing.ClientPropertyKey;
5496:             1             32  com.intellij.openapi.vcs.actions.ShowNextChangeMarkerAction
5497:             1             32  sun.font.CompositeGlyphMapper
5498:             1             32  com.intellij.ui.tabs.impl.TabsBorder
5499:             1             32  com.intellij.openapi.module.impl.ModuleScopeProviderImpl
5500:             1             32  com.intellij.openapi.editor.actions.ToggleUseSoftWrapsMenuAction
5501:             1             32  [Ljava.util.Map;
5502:             1             32  com.intellij.testIntegration.GenerateSetUpMethodAction
5503:             1             32  java.lang.ArrayIndexOutOfBoundsException
5504:             1             32  com.intellij.openapi.wm.impl.ToolWindowManagerImpl$EditorComponentFocusWatcher
5505:             2             32  com.intellij.lang.ant.dom.AntReferenceInjector
5506:             1             32  git4idea.history.wholeTree.UsersFilterAction$2
5507:             1             32  org.intellij.plugins.xpathView.support.jaxen.extensions.FileExtensionFunction
5508:             1             32  [Lcom.intellij.openapi.fileEditor.FileEditorStateLevel;
5509:             1             32  com.intellij.refactoring.actions.TurnRefsToSuperAction
5510:             1             32  [Lorg.jetbrains.plugins.groovy.annotator.GroovyFrameworkConfigNotification;
5511:             2             32  com.intellij.psi.impl.java.stubs.index.JavaSuperClassNameOccurenceIndex
5512:             2             32  com.intellij.openapi.progress.util.ProgressWindow$MyDialog$2
5513:             2             32  org.jaxen.expr.DefaultRelativeLocationPath
5514:             1             32  org.jetbrains.plugins.scala.annotator.ScalaAnnotatorHighlightVisitor
5515:             2             32  org.jetbrains.plugins.scala.decompiler.DecompilerUtil$$anonfun$isScalaFile$1
5516:             1             32  com.intellij.application.options.PathMacrosImpl
5517:             1             32  com.intellij.xdebugger.impl.breakpoints.XLineBreakpointManager
5518:             1             32  org.jboss.netty.channel.socket.nio.NioWorkerPool
5519:             1             32  com.intellij.openapi.keymap.impl.KeymapManagerImpl
5520:             2             32  com.intellij.compiler.CompilerConfigurationImpl$2
5521:             1             32  com.intellij.openapi.vcs.changes.ChangesViewManager$ToggleShowIgnoredAction
5522:             1             32  com.intellij.util.containers.hash.LinkedHashMap$EntrySet$1
5523:             1             32  com.intellij.usages.impl.UsageViewTreeModelBuilder$TargetsRootNode
5524:             1             32  com.intellij.codeInsight.generation.actions.GenerateEqualsAction
5525:             1             32  com.intellij.util.lang.ClassPath
5526:             1             32  com.intellij.codeInsight.folding.impl.actions.ExpandDocCommentsAction
5527:             1             32  org.jetbrains.idea.devkit.build.PrepareToDeployAction
5528:             1             32  com.intellij.ui.ColoredSideBorder
5529:             1             32  com.intellij.psi.impl.cache.impl.todo.TodoIndex
5530:             1             32  git4idea.actions.GitPull
5531:             1             32  sun.awt.X11.XAWTXSettings
5532:             1             32  com.intellij.openapi.vcs.changes.ui.ChangesTreeList$ToggleShowDirectoriesAction
5533:             2             32  com.intellij.psi.impl.include.FileIncludeIndex$4
5534:             2             32  $Proxy41
5535:             1             32  com.intellij.testIntegration.GenerateTearDownMethodAction
5536:             1             32  com.intellij.openapi.editor.actions.ScrollToTheEndToolbarAction
5537:             1             32  com.intellij.util.xml.XmlFileHeader
5538:             2             32  com.intellij.openapi.progress.util.ProgressWindow$MyDialog$3
5539:             1             32  [Lcom.intellij.openapi.vfs.VFileProperty;
5540:             2             32  scala.math.BigInt
5541:             2             32  [Ljava.io.File;
5542:             1             32  com.intellij.refactoring.actions.MoveAction
5543:             1             32  [Lcom.intellij.lang.java.parser.ExpressionParser$BreakPoint;
5544:             1             32  org.intellij.plugins.xpathView.support.jaxen.extensions.XPathFunctionProviderImpl$JaxenEvaluate
5545:             2             32  com.intellij.openapi.roots.impl.DirectoryIndexImpl$PackageSink$1
5546:             1             32  [Lcom.intellij.psi.impl.source.resolve.Domination;
5547:             1             32  com.intellij.javaee.PsiExternalResourceNotifier
5548:             1             32  com.intellij.openapi.editor.actions.UnindentSelectionAction
5549:             1             32  org.jetbrains.idea.maven.dom.generate.GenerateManagedDependencyAction
5550:             1             32  com.intellij.ide.actions.PreviousOccurenceToolbarAction
5551:             1             32  org.jetbrains.idea.svn.actions.ShowPropertiesDiffWithLocalAction
5552:             1             32  com.intellij.openapi.vcs.changes.RecursiveFileHolder
5553:             2             32  $Proxy54
5554:             1             32  git4idea.history.wholeTree.UsersFilterAction$3
5555:             2             32  com.intellij.lang.properties.psi.PropertyKeyIndex
5556:             1             32  com.intellij.codeInsight.folding.impl.actions.CollapseDocCommentsAction
5557:             1             32  com.intellij.refactoring.actions.InheritanceToDelegationAction
5558:             1             32  com.intellij.slicer.SliceForwardAction
5559:             1             32  com.intellij.debugger.ui.PositionHighlighter
5560:             1             32  com.intellij.openapi.components.impl.stores.BaseFileConfigurableStoreImpl$BaseStorageData
5561:             1             32  com.intellij.util.ui.JBInsets
5562:             1             32  com.intellij.ide.navigationToolbar.NavBarPanel$1
5563:             1             32  com.intellij.compiler.impl.CompilerCacheManager
5564:             1             32  org.jetbrains.plugins.scala.lang.parser.parsing.ParserState$
5565:             1             32  com.intellij.openapi.wm.impl.status.IdeStatusBarImpl$ToolWindowsWidget$1
5566:             1             32  com.intellij.testIntegration.GenerateDataMethodAction
5567:             2             32  com.intellij.openapi.progress.util.ProgressWindow$MyDialog$4
5568:             1             32  org.intellij.plugins.xpathView.support.jaxen.extensions.XPathFunctionProviderImpl$JaxenLower
5569:             1             32  org.jetbrains.plugins.groovy.actions.generate.missing.GroovyGeneratePropertyMissingAction
5570:             2             32  com.intellij.psi.impl.PsiModificationTrackerImpl$1
5571:             1             32  git4idea.actions.GitPushAction
5572:             2             32  com.intellij.lang.java.parser.JavaParserUtil$PrecedingWhitespacesAndCommentsBinder
5573:             2             32  net.sf.cglib.proxy.DispatcherGenerator
5574:             2             32  org.jaxen.expr.iter.IterableAttributeAxis
5575:             1             32  org.jetbrains.plugins.groovy.actions.NewScriptAction
5576:             1             32  com.intellij.openapi.editor.impl.event.DocumentEventImpl$1
5577:             2             32  com.intellij.util.lang.ClassPath$ResourceStringLoaderIterator
5578:             1             32  com.intellij.openapi.vcs.changes.ChangesViewManager$ToggleDetailsAction
5579:             1             32  sun.nio.fs.LinuxFileSystem
5580:             1             32  [Lcom.intellij.openapi.project.DumbModeAction;
5581:             1             32  com.intellij.codeInsight.hint.actions.ShowParameterInfoAction
5582:             2             32  java.awt.EventDispatchThread$1
5583:             2             32  com.intellij.debugger.actions.ToggleLineBreakpointActionHandler
5584:             1             32  git4idea.history.wholeTree.UsersFilterAction$4
5585:             1             32  com.intellij.codeInsight.generation.actions.GenerateConstructorAction
5586:             1             32  com.intellij.codeInsight.folding.impl.actions.ExpandRegionAction
5587:             1             32  com.intellij.framework.detection.impl.FrameworkDetectionManager$1
5588:             1             32  org.intellij.plugins.xpathView.support.jaxen.extensions.XPathFunctionProviderImpl$JaxenUpper
5589:             1             32  org.intellij.plugins.xpathView.ShowXPathAction
5590:             1             32  [Lcom.intellij.ui.RowIcon$Alignment;
5591:             1             32  javax.swing.plaf.basic.BasicTreeUI$TreeTransferHandler
5592:             2             32  com.intellij.openapi.roots.ui.configuration.actions.ModuleDeleteProvider
5593:             2             32  org.jetbrains.plugins.groovy.lang.psi.stubs.index.GrFullClassNameIndex
5594:             2             32  com.intellij.pom.tree.TreeAspect
5595:             1             32  com.intellij.refactoring.actions.RemoveMiddlemanAction
5596:             1             24  org.jetbrains.plugins.scala.lang.psi.types.Long$
5597:             1             24  org.jetbrains.plugins.gradle.GradleManager
5598:             1             24  com.intellij.ide.projectView.impl.LibraryModuleGroupUrl
5599:             1             24  org.jetbrains.plugins.scala.config.ScalaAttachSourcesNotificationProvider
5600:             1             24  org.apache.xerces.impl.Constants$ArrayEnumeration
5601:             1             24  com.intellij.ide.actions.CustomizeUIAction
5602:             1             24  com.intellij.ide.actions.TabListAction
5603:             1             24  gnu.trove.THashMap$ValueView
5604:             1             24  com.intellij.openapi.editor.actions.ToggleShowLineNumbersAction
5605:             1             24  [Lcom.intellij.codeInsight.runner.JavaMainMethodProvider;
5606:             1             24  org.jetbrains.plugins.groovy.lang.psi.stubs.elements.GrStubFileElementType
5607:             1             24  org.jetbrains.plugins.scala.lang.psi.stubs.elements.ScTypeParamClauseElementType
5608:             1             24  com.intellij.notification.EventLogConsole$1
5609:             1             24  org.jetbrains.plugins.groovy.dsl.GroovyDslFileIndex
5610:             1             24  java.lang.Double
5611:             1             24  com.intellij.history.core.LocalHistoryFacade
5612:             1             24  com.intellij.codeInsight.daemon.impl.DaemonListeners$9
5613:             1             24  com.intellij.codeInsight.daemon.impl.EditorTracker$2
5614:             1             24  [Lcom.intellij.util.concurrency.QueueProcessor$ThreadToUse;
5615:             1             24  com.intellij.openapi.vcs.changes.conflicts.ChangelistConflictTracker$Options
5616:             1             24  com.intellij.tools.ToolManager
5617:             1             24  sun.launcher.LauncherHelper
5618:             1             24  com.intellij.ide.actions.CopyElementAction
5619:             1             24  com.intellij.openapi.editor.colors.impl.BundledColorSchemeEP
5620:             1             24  [Lorg.jetbrains.plugins.groovy.mvc.MvcFramework;
5621:             1             24  com.intellij.compiler.actions.CompileDirtyAction
5622:             1             24  [Lcom.intellij.codeInsight.daemon.impl.HighlightRangeExtension;
5623:             1             24  org.apache.velocity.runtime.log.HoldingLogChute
5624:             1             24  [Lcom.intellij.codeInspection.XmlSuppressionProvider;
5625:             1             24  com.intellij.tasks.actions.GotoTaskAction
5626:             1             24  com.intellij.psi.xml.XmlTextElementType
5627:             1             24  com.theoryinpractice.testng.configuration.TestNGConfigurationType$1
5628:             1             24  org.jetbrains.plugins.scala.lang.psi.types.Byte$
5629:             1             24  [Lcom.intellij.openapi.vcs.changes.ui.ChangesViewContentEP;
5630:             1             24  com.intellij.debugger.ui.JavaDebuggerSupport$JavaBreakpointPanelProvider$1
5631:             1             24  git4idea.roots.GitRootScanner
5632:             1             24  sun.misc.PerformanceLogger$TimeData
5633:             1             24  org.jetbrains.idea.maven.project.actions.OpenOrCreateProfilesXmlAction
5634:             1             24  [Lcom.intellij.openapi.editor.colors.impl.BundledColorSchemeEP;
5635:             1             24  com.intellij.find.actions.ReplaceInPathAction
5636:             1             24  org.jetbrains.plugins.groovy.lang.parser.GroovyElementTypes$23
5637:             1             24  [Lgit4idea.config.GitVcsApplicationSettings$SshExecutable;
5638:             1             24  javax.swing.border.EtchedBorder
5639:             1             24  com.intellij.debugger.actions.PopFrameAction
5640:             1             24  com.intellij.ui.AutoScrollToSourceHandler$1
5641:             1             24  org.jetbrains.plugins.scala.lang.psi.stubs.elements.ScTypeAliasDeclarationElementType
5642:             1             24  com.intellij.ui.ListExpandableItemsHandler$3
5643:             1             24  com.intellij.ide.actions.CloseAllEditorsAction
5644:             1             24  com.intellij.openapi.file.exclude.ui.MarkAsPlainTextAction
5645:             1             24  java.util.concurrent.TimeUnit$6
5646:             1             24  com.intellij.openapi.editor.actions.ToggleShowIndentLinesAction
5647:             1             24  [Lcom.intellij.execution.configurations.ConfigurationFactory;
5648:             1             24  [Lorg.intellij.lang.xpath.context.functions.XPathFunctionProvider;
5649:             1             24  com.intellij.ide.actions.TabsPlacementAction$Top
5650:             1             24  com.intellij.compiler.server.BuildManager$ProjectWatcher$3
5651:             1             24  com.intellij.ide.PsiCopyPasteManager
5652:             1             24  org.jetbrains.plugins.scala.lang.psi.stubs.elements.ScStubFileElementType
5653:             1             24  [Lcom.intellij.ide.FileIconPatcher;
5654:             1             24  com.intellij.debugger.settings.RendererConfiguration
5655:             1             24  com.intellij.util.xml.XmlName
5656:             1             24  com.intellij.debugger.ui.HotSwapUIImpl
5657:             1             24  com.intellij.notification.EventLogConsole$2
5658:             1             24  com.intellij.openapi.wm.impl.status.IdeStatusBarImpl$MultipleTextValuesPresentationWrapper$1
5659:             1             24  com.intellij.ui.switcher.QuickAccessSettings
5660:             1             24  com.intellij.tasks.impl.TaskProjectConfiguration
5661:             1             24  com.intellij.ide.actionMacro.actions.PlaybackLastMacroAction
5662:             1             24  org.jetbrains.idea.maven.navigator.MavenProjectsNavigatorPanel$2
5663:             1             24  com.intellij.ide.actions.NextSplitAction
5664:             1             24  org.jetbrains.plugins.scala.codeInspection.etaExpansion.ConvertibleToMethodValueInspection$
5665:             1             24  com.intellij.ide.projectView.impl.NamedLibraryUrl
5666:             1             24  com.intellij.lang.ant.config.actions.RunTargetAction
5667:             1             24  org.jetbrains.plugins.scala.lang.psi.types.Short$
5668:             1             24  com.intellij.platform.templates.SaveProjectAsTemplateAction
5669:             1             24  org.jetbrains.plugins.scala.lang.psi.stubs.elements.ScClassParentsElementType
5670:             1             24  com.intellij.util.xml.impl.DomManagerImpl$2$1
5671:             1             24  com.intellij.codeInsight.daemon.impl.FileStatusMap$FileStatus
5672:             1             24  com.intellij.openapi.actionSystem.impl.ActionManagerImpl$MyTimer$1
5673:             1             24  org.jetbrains.plugins.scala.worksheet.actions.RunWorksheetAction
5674:             1             24  org.jetbrains.plugins.scala.lang.psi.types.Conformance$
5675:             1             24  git4idea.history.NewGitUsersComponent
5676:             1             24  com.intellij.ui.AutoScrollToSourceHandler$2
5677:             1             24  com.intellij.openapi.externalSystem.service.execution.AbstractExternalSystemTaskConfigurationType$2
5678:             1             24  com.intellij.ide.actions.TabsPlacementAction$Bottom
5679:             1             24  com.intellij.openapi.vcs.changes.actions.ShowDiffAction
5680:             1             24  org.jetbrains.plugins.groovy.lang.psi.stubs.elements.GrPackageDefinitionElementType
5681:             1             24  java.awt.VKCollection
5682:             1             24  com.intellij.openapi.vcs.changes.ChangeListManagerImpl$11
5683:             1             24  org.jetbrains.plugins.groovy.lang.parser.GroovyElementTypes$24
5684:             1             24  com.intellij.ui.ListExpandableItemsHandler$4
5685:             1             24  com.intellij.ide.navigationToolbar.NavBarListener
5686:             1             24  [Lcom.intellij.conversion.ConverterProvider;
5687:             1             24  [Lcom.intellij.featureStatistics.ProductivityFeaturesProvider;
5688:             1             24  [Lcom.intellij.codeInsight.daemon.impl.SeveritiesProvider;
5689:             1             24  java.util.Collections$EmptyMap
5690:             1             24  com.intellij.ide.actions.CreateDesktopEntryAction
5691:             1             24  java.util.regex.Pattern$Neg
5692:             1             24  com.intellij.psi.PsiReferenceService$Hints
5693:             1             24  com.intellij.psi.xml.XmlElementType$1
5694:             1             24  com.intellij.openapi.wm.impl.status.IdeStatusBarImpl$3
5695:             1             24  [Lgit4idea.config.GitVcsSettings$UpdateChangesPolicy;
5696:             1             24  java.net.Proxy
5697:             1             24  com.intellij.ide.actions.ShowSettingsAction
5698:             1             24  com.intellij.ide.actions.CloneElementAction
5699:             1             24  org.jetbrains.plugins.scala.lang.psi.types.Float$
5700:             1             24  com.intellij.util.containers.ConcurrentMultiMap
5701:             1             24  org.jetbrains.plugins.groovy.actions.generate.missing.GroovyGeneratePropertyMissingHandler
5702:             1             24  org.jetbrains.plugins.scala.components.WorksheetProjectComponent
5703:             1             24  com.intellij.openapi.editor.actions.ToggleShowImportPopupsAction
5704:             1             24  org.jetbrains.idea.svn.actions.ShareProjectAction
5705:             1             24  com.sun.imageio.spi.FileImageInputStreamSpi
5706:             1             24  org.jetbrains.idea.svn.actions.ResolveAction
5707:             1             24  [Lsun.launcher.LauncherHelper;
5708:             1             24  com.intellij.ide.actions.TabsPlacementAction$Left
5709:             1             24  com.intellij.util.containers.MultiMap$EmptyMap
5710:             1             24  com.intellij.ui.AutoScrollToSourceHandler$3
5711:             1             24  java.util.concurrent.TimeUnit$7
5712:             1             24  com.intellij.debugger.settings.NodeRendererSettings$MapEntryLabelRenderer
5713:             1             24  com.intellij.openapi.vcs.changes.committed.CommittedChangesCache$2
5714:             1             24  org.jetbrains.plugins.scala.lang.parser.ScalaElementTypes$ScCodeBlockElementType
5715:             1             24  org.jetbrains.idea.svn.actions.BrowseRepositoryAction
5716:             1             24  scala.collection.Seq$
5717:             1             24  scala.collection.immutable.IndexedSeq$
5718:             1             24  com.intellij.ide.actionMacro.actions.StartStopMacroRecordingAction
5719:             1             24  com.intellij.codeInsight.daemon.impl.WholeFileLocalInspectionsPassFactory
5720:             1             24  [Lorg.jetbrains.plugins.scala.editor.mouseHandler.MouseHoverHandler$BrowseMode;
5721:             1             24  [Lsun.awt.geom.CurveLink;
5722:             1             24  com.intellij.compiler.impl.javaCompiler.javac.JavacCompiler
5723:             1             24  [Lcom.intellij.openapi.extensions.ExtensionPoint$Kind;
5724:             1             24  org.jetbrains.io.BuiltInServer
5725:             1             24  com.intellij.execution.rmi.RemoteProcessSupport$3
5726:             1             24  com.intellij.ide.actions.PrevSplitAction
5727:             1             24  com.intellij.ide.util.treeView.AbstractTreeUi$4
5728:             1             24  com.intellij.openapi.vcs.changes.conflicts.ChangelistConflictResolution$1
5729:             1             24  net.sf.cglib.core.EmitUtils$ArrayDelimiters
5730:             1             24  scala.collection.immutable.Stream$
5731:             1             24  com.intellij.openapi.vcs.changes.VcsInvalidated
5732:             1             24  com.intellij.codeInsight.daemon.impl.PopupHectorAction
5733:             1             24  com.intellij.openapi.file.exclude.ui.MarkAsOriginalTypeAction
5734:             1             24  org.jetbrains.plugins.scala.compiler.CompilerConfigurationMonitor
5735:             1             24  com.intellij.ide.ui.laf.IdeaLookAndFeelInfo
5736:             1             24  org.jetbrains.plugins.scala.lang.psi.types.Double$
5737:             1             24  net.sf.cglib.proxy.AdvancedProxy$ProxyDescription
5738:             1             24  com.intellij.ide.actions.TabsPlacementAction$Right
5739:             1             24  com.intellij.execution.ExecutorRegistryImpl$1$1
5740:             1             24  javax.swing.plaf.BorderUIResource$LineBorderUIResource
5741:             1             24  org.jetbrains.plugins.groovy.lang.psi.stubs.elements.GrFieldElementType
5742:             1             24  com.intellij.ui.ExpandedItemListCellRendererWrapper
5743:             1             24  com.intellij.codeInsight.completion.actions.CodeCompletionAction
5744:             1             24  com.intellij.history.integration.ui.actions.ShowSelectionHistoryAction
5745:             1             24  com.intellij.ide.actions.ImportSettingsAction
5746:             1             24  [Lcom.intellij.openapi.vcs.VcsType;
5747:             1             24  com.intellij.openapi.vcs.changes.RemoteRevisionsCache$2
5748:             1             24  com.intellij.unscramble.UnscrambleAction
5749:             1             24  org.intellij.plugins.relaxNG.config.NoNamespaceConfigImpl
5750:             1             24  com.intellij.openapi.externalSystem.service.project.autoimport.CachingExternalSystemAutoImportAware
5751:             1             24  com.intellij.ide.actions.ShowStructureSettingsAction
5752:             1             24  org.jetbrains.idea.svn.NestedCopiesSink
5753:             1             24  org.intellij.images.index.ImageInfoIndex
5754:             1             24  com.intellij.execution.actions.ChooseRunConfigurationPopupAction
5755:             1             24  com.intellij.uiDesigner.palette.AddComponentAction
5756:             1             24  com.intellij.ide.projectView.impl.JavaProjectViewDirectoryHelper
5757:             1             24  com.sun.imageio.spi.FileImageOutputStreamSpi
5758:             1             24  com.intellij.openapi.updateSettings.impl.UpdateCheckerComponent
5759:             1             24  com.intellij.openapi.editor.impl.EditorFactoryImpl
5760:             1             24  org.jetbrains.plugins.groovy.gant.NewGantScriptAction
5761:             1             24  com.intellij.codeInsight.daemon.impl.analysis.HtmlUnknownTargetInspection
5762:             1             24  git4idea.history.wholeTree.GitLogUI$9
5763:             1             24  com.intellij.debugger.ui.XBreakpointGroupingByCategoryRule
5764:             1             24  com.intellij.patterns.CharPattern$1
5765:             1             24  com.intellij.openapi.wm.impl.ActiveStack
5766:             1             24  javax.swing.RepaintManager$ProcessingRunnable
5767:             1             24  org.jetbrains.plugins.scala.lang.psi.stubs.elements.ScImportSelectorElementType
5768:             1             24  [Lcom.intellij.openapi.editor.impl.softwrap.SoftWrapDrawingType;
5769:             1             24  com.google.common.base.Joiner$MapJoiner
5770:             1             24  com.intellij.openapi.util.registry.Registry
5771:             1             24  org.intellij.plugins.intelliLang.inject.xml.XmlLanguageInjector
5772:             1             24  org.jetbrains.idea.maven.utils.MavenRehighlighter
5773:             1             24  com.intellij.ide.actionMacro.actions.EditMacrosAction
5774:             1             24  com.intellij.ide.impl.convert.ProjectFileVersionImpl
5775:             1             24  com.intellij.openapi.vcs.changes.conflicts.ChangelistConflictResolution$2
5776:             1             24  com.intellij.codeInsight.ExternalAnnotationsManagerImpl$2
5777:             1             24  org.intellij.plugins.intelliLang.inject.config.XPathSupportProxyImpl$Provider
5778:             1             24  org.jetbrains.plugins.groovy.lang.psi.stubs.elements.GrModifierListElementType
5779:             1             24  com.intellij.codeInspection.ex.InspectionToolRegistrar$4
5780:             1             24  com.intellij.openapi.util.SystemInfo$1
5781:             1             24  com.intellij.execution.rmi.RemoteDeadHand$TwoMinutesTurkish
5782:             1             24  org.zmlx.hg4idea.provider.HgChangeProvider
5783:             1             24  org.jetbrains.idea.maven.tasks.MavenShortcutsManager$MyKeymapListener
5784:             1             24  com.intellij.codeInsight.template.impl.TemplateManagerImpl
5785:             1             24  com.intellij.codeInsight.completion.actions.SmartCodeCompletionAction
5786:             1             24  com.intellij.psi.codeStyle.PackageEntry$1
5787:             1             24  [Lsun.awt.geom.ChainEnd;
5788:             1             24  com.intellij.history.integration.ui.actions.PutLabelAction
5789:             1             24  com.intellij.openapi.vcs.actions.CompareWithTheSameVersionAction
5790:             1             24  com.intellij.openapi.wm.impl.status.ShowProcessWindowAction
5791:             1             24  com.intellij.ide.UiActivityMonitorImpl
5792:             1             24  com.intellij.ui.DeferredIconImpl$RepaintScheduler
5793:             1             24  com.intellij.execution.executors.DefaultDebugExecutor
5794:             1             24  org.jetbrains.plugins.scala.caches.ScalaShortNamesCache
5795:             1             24  com.intellij.openapi.util.DimensionService
5796:             1             24  com.intellij.execution.actions.ChooseDebugConfigurationPopupAction
5797:             1             24  scala.collection.immutable.List$
5798:             1             24  com.intellij.util.CachedValuesManagerImpl
5799:             1             24  com.intellij.openapi.wm.impl.status.LineSeparatorPanel$2
5800:             1             24  com.intellij.codeInsight.highlighting.BraceHighlighter$1
5801:             1             24  [Lcom.intellij.codeInspection.lang.InspectionExtensionsFactory;
5802:             1             24  com.intellij.psi.search.searches.ClassInheritorsSearch
5803:             1             24  org.intellij.plugins.xpathView.XPathAppComponent
5804:             1             24  com.sun.imageio.spi.InputStreamImageInputStreamSpi
5805:             1             24  com.intellij.uiDesigner.palette.UIDesignerPaletteProvider
5806:             1             24  com.intellij.openapi.util.SystemInfo$1
5807:             1             24  com.intellij.openapi.actionSystem.impl.MouseGestureManager
5808:             1             24  com.intellij.platform.templates.ManageProjectTemplatesAction
5809:             1             24  [Lorg.jetbrains.plugins.groovy.extensions.GroovyScriptTypeDetector;
5810:             1             24  com.intellij.ide.ui.laf.darcula.DarculaLookAndFeelInfo
5811:             1             24  org.jetbrains.plugins.scala.lang.psi.stubs.elements.ScPatternListElementType
5812:             1             24  com.intellij.ide.actionMacro.actions.PlaySavedMacros
5813:             1             24  com.intellij.slicer.SliceManager$StoredSettingsBean
5814:             1             24  com.intellij.openapi.MnemonicHelper
5815:             1             24  com.intellij.psi.codeStyle.PackageEntry$2
5816:             1             24  com.intellij.openapi.vcs.changes.conflicts.ChangelistConflictResolution$3
5817:             1             24  com.intellij.openapi.util.SystemInfo$2
5818:             1             24  org.jetbrains.plugins.scala.actions.ShowTypeInfoAction
5819:             1             24  org.jetbrains.plugins.scala.lang.psi.stubs.elements.ScReferencePatternElementType
5820:             1             24  com.intellij.openapi.vfs.impl.http.RemoteFileManagerImpl$2
5821:             1             24  com.intellij.packaging.impl.compiler.ArtifactsCompiler
5822:             1             24  com.intellij.compiler.actions.MakeModuleAction
5823:             1             24  org.jetbrains.idea.maven.project.actions.MavenShowEffectivePom
5824:             1             24  org.jetbrains.plugins.scala.lang.psi.stubs.elements.ScTraitParentsElementType
5825:             1             24  com.intellij.xdebugger.impl.breakpoints.XLineBreakpointManager$1
5826:             1             24  org.jetbrains.plugins.scala.lang.scaladoc.parser.ScalaDocElementTypes$1
5827:             1             24  sun.awt.X11.XMSelection$3
5828:             1             24  com.intellij.ide.actions.TogglePresentationModeAction
5829:             1             24  com.intellij.util.xml.EvaluatedXmlNameImpl
5830:             1             24  org.jetbrains.idea.maven.navigator.MavenProjectsNavigatorState
5831:             1             24  com.intellij.psi.PsiSubstitutor$1
5832:             1             24  org.intellij.images.actions.ShowThumbnailsAction
5833:             1             24  com.intellij.xml.util.CheckEmptyTagInspection
5834:             1             24  com.intellij.ide.FrameStateManagerImpl$2
5835:             1             24  com.intellij.openapi.wm.impl.status.AutoShowProcessPopupAction
5836:             1             24  com.intellij.uiDesigner.actions.DataBindingWizardAction
5837:             1             24  com.intellij.openapi.actionSystem.impl.Utils$1
5838:             1             24  com.intellij.psi.codeStyle.ProjectCodeStyleSettingsManager
5839:             1             24  com.intellij.psi.codeStyle.PackageEntry$3
5840:             1             24  org.jetbrains.plugins.groovy.griffon.GriffonRunConfigurationType$1
5841:             1             24  git4idea.actions.GitRevert
5842:             1             24  com.intellij.codeInspection.actions.ViewOfflineResultsAction
5843:             1             24  org.jetbrains.idea.svn.actions.MarkResolvedAction
5844:             1             24  com.intellij.psi.search.searches.ReferencesSearch
5845:             1             24  com.intellij.tasks.actions.CloseTaskAction
5846:             1             24  org.jetbrains.plugins.scala.lang.psi.stubs.elements.ScTypeParamElementType
5847:             1             24  com.intellij.ide.SwingCleanuper$2
5848:             1             24  com.intellij.openapi.util.SystemInfo$2
5849:             1             24  org.jetbrains.plugins.groovy.doc.actions.GenerateGroovyDocAction
5850:             1             24  [Lcom.intellij.ide.palette.PaletteItemProvider;
5851:             1             24  org.intellij.images.index.ImageInfoIndex$2
5852:             1             24  com.intellij.util.indexing.FileBasedIndexImpl$13
5853:             1             24  [Lcom.intellij.psi.search.IndexPattern;
5854:             1             24  [Lcom.intellij.openapi.externalSystem.ExternalSystemManager;
5855:             1             24  com.intellij.codeInsight.highlighting.BraceHighlighter$2
5856:             1             24  org.jetbrains.idea.maven.project.MavenWorkspaceSettingsComponent
5857:             1             24  org.intellij.lang.regexp.validation.RegExpAnnotator
5858:             1             24  com.intellij.openapi.vcs.changes.conflicts.ChangelistConflictResolution$4
5859:             1             24  com.intellij.openapi.util.SystemInfo$3
5860:             1             24  com.intellij.execution.actions.EditRunConfigurationsAction
5861:             1             24  [Lcom.intellij.execution.Executor;
5862:             1             24  com.intellij.codeInsight.folding.impl.CodeFoldingManagerImpl
5863:             1             24  com.intellij.openapi.wm.impl.ToolWindowManagerImpl$7
5864:             1             24  com.sun.imageio.spi.OutputStreamImageOutputStreamSpi
5865:             1             24  com.intellij.idea.IdeaApplication$1
5866:             1             24  com.intellij.util.indexing.AdditionalIndexableFileSet
5867:             1             24  sun.net.ProgressMonitor
5868:             1             24  org.jetbrains.idea.maven.server.MavenServerManager$1
5869:             1             24  com.intellij.openapi.vcs.changes.committed.DateChangeListGroupingStrategy$WeekDayFormatCache
5870:             1             24  com.intellij.ide.SaveAndSyncHandlerImpl$1
5871:             1             24  com.intellij.ide.UiActivityMonitorImpl$1
5872:             1             24  com.intellij.psi.search.searches.AllOverridingMethodsSearch
5873:             1             24  com.siyeh.ig.methodmetrics.ParametersPerConstructorInspectionBase$Scope$1
5874:             1             24  com.intellij.lang.properties.parsing.PropertyStubElementType
5875:             1             24  com.intellij.ide.actions.CopyPathsAction
5876:             1             24  com.intellij.uiDesigner.snapShooter.CreateSnapShotAction
5877:             1             24  com.intellij.openapi.util.SystemInfo$3
5878:             1             24  com.intellij.psi.PsiEllipsisType
5879:             1             24  org.apache.log4j.helpers.ISO8601DateFormat
5880:             1             24  com.intellij.psi.impl.PsiCachedValuesFactory
5881:             1             24  [Lcom.intellij.openapi.roots.OrderEnumerationHandler$Factory;
5882:             1             24  com.intellij.openapi.util.SystemInfo$4
5883:             1             24  org.jetbrains.idea.maven.project.MavenWorkspaceSettings
5884:             1             24  com.intellij.openapi.wm.impl.WindowWatcher$WindowInfo
5885:             1             24  com.maddyhome.idea.copyright.util.FileTypeUtil
5886:             1             24  com.intellij.psi.impl.source.tree.injected.ClassMapCachingNulls
5887:             1             24  com.intellij.codeInsight.highlighting.BraceHighlighter$3
5888:             1             24  org.intellij.plugins.relaxNG.model.resolve.RelaxSymbolIndex$2
5889:             1             24  com.intellij.ui.tabs.FileColorsModel
5890:             1             24  com.sun.imageio.spi.RAFImageInputStreamSpi
5891:             1             24  org.jetbrains.plugins.groovy.lang.parser.GroovyElementTypes$7
5892:             1             24  git4idea.config.GitVcsConfigurable
5893:             1             24  com.siyeh.ig.methodmetrics.ParametersPerConstructorInspectionBase$Scope$2
5894:             1             24  git4idea.history.wholeTree.GitLogDetailsPanel$HtmlHighlighter
5895:             1             24  org.intellij.plugins.relaxNG.convert.ConvertSchemaAction
5896:             1             24  [Lcom.intellij.openapi.keymap.impl.BundledKeymapProvider;
5897:             1             24  com.intellij.psi.impl.source.tree.injected.JavaConcatenationInjectorManager
5898:             1             24  com.intellij.openapi.util.BuildNumber
5899:             1             24  com.intellij.ide.actions.ExpandAllAction
5900:             1             24  com.intellij.ide.actions.GotoActionAction
5901:             1             24  sun.nio.cs.US_ASCII
5902:             1             24  org.jetbrains.idea.svn.actions.CreateExternalAction
5903:             1             24  com.intellij.openapi.wm.impl.status.EncodingPanel$2
5904:             1             24  javax.swing.JTextField$NotifyAction
5905:             1             24  com.intellij.ide.actions.SynchronizeCurrentFileAction
5906:             1             24  com.intellij.codeInsight.generation.actions.GenerateAction
5907:             1             24  com.intellij.history.core.LocalHistoryFacade$3
5908:             1             24  com.intellij.openapi.vcs.changes.committed.DateChangeListGroupingStrategy$MonthsCache
5909:             1             24  com.intellij.openapi.wm.impl.ProjectFrameBounds
5910:             1             24  com.intellij.openapi.diff.actions.CompareJarsAction
5911:             1             24  com.intellij.openapi.util.SystemInfo$4
5912:             1             24  com.intellij.codeInsight.daemon.impl.ExternalToolPassFactory
5913:             1             24  com.intellij.ide.IdeEventQueue$MyFireIdleRequest
5914:             1             24  org.jetbrains.plugins.scala.lang.psi.stubs.elements.ScTemplateBodyElementType
5915:             1             24  org.jetbrains.plugins.scala.lang.psi.stubs.elements.ScTypeAliasDefinitionElementType
5916:             1             24  com.intellij.ide.actions.ToggleFullScreenAction
5917:             1             24  com.intellij.ide.actions.ExportSettingsAction
5918:             1             24  com.intellij.packaging.impl.artifacts.DefaultPackagingElementResolvingContext
5919:             1             24  [Lcom.intellij.codeHighlighting.HighlightDisplayLevel$IconCreator;
5920:             1             24  com.intellij.ui.ClearTextAction
5921:             1             24  com.intellij.tasks.actions.CreateChangelistAction
5922:             1             24  org.jetbrains.plugins.groovy.annotator.intentions.dynamic.DynamicManagerImpl
5923:             1             24  com.intellij.debugger.actions.ToggleMethodBreakpointAction
5924:             1             24  com.siyeh.ig.methodmetrics.ParametersPerConstructorInspectionBase$Scope$3
5925:             1             24  git4idea.branch.GitBranchesCollection
5926:             1             24  com.intellij.ide.UiActivityMonitorImpl$2
5927:             1             24  org.jetbrains.plugins.scala.lang.psi.stubs.elements.ScImportSelectorsElementType
5928:             1             24  git4idea.history.wholeTree.SelectRepositoryAndShowLogAction
5929:             1             24  org.jetbrains.plugins.scala.lang.psi.stubs.elements.ScValueDeclarationElementType
5930:             1             24  com.sun.imageio.spi.RAFImageOutputStreamSpi
5931:             1             24  java.awt.Toolkit$DesktopPropertyChangeSupport
5932:             1             24  sun.reflect.UnsafeObjectFieldAccessorImpl
5933:             1             24  com.intellij.openapi.progress.impl.ProgressManagerImpl
5934:             1             24  com.intellij.ide.actions.CollapseAllAction
5935:             1             24  com.intellij.debugger.ui.XBreakpointGroupingByPackageRule
5936:             1             24  com.intellij.openapi.roots.impl.ProjectRootManagerImpl$JdkTableMultiListener
5937:             1             24  scala.reflect.ManifestFactory$$anon$6
5938:             1             24  sun.swing.ImageCache
5939:             1             24  sun.nio.cs.ISO_8859_1
5940:             1             24  com.siyeh.ig.methodmetrics.ParametersPerConstructorInspectionBase$Scope$4
5941:             1             24  org.zmlx.hg4idea.provider.commit.HgCheckinEnvironment
5942:             1             24  com.intellij.openapi.externalSystem.service.project.autoimport.ExternalSystemAutoImporter$4
5943:             1             24  git4idea.history.wholeTree.BigTableTableModel$1
5944:             1             24  org.jetbrains.idea.svn.actions.MarkTreeConflictResolvedAction
5945:             1             24  com.intellij.debugger.ui.tree.render.EnumerationChildrenRenderer
5946:             1             24  org.jetbrains.plugins.groovy.lang.parser.GroovyElementTypes$8
5947:             1             24  com.intellij.openapi.vcs.changes.LogicallyLockedHolder
5948:             1             24  com.intellij.codeInsight.folding.impl.FoldingUpdate$FoldingMap
5949:             1             24  com.intellij.openapi.editor.actions.ToggleColumnModeAction
5950:             1             24  com.intellij.ide.CopyPasteManagerEx
5951:             1             24  com.intellij.ide.todo.TodoPanelSettings
5952:             1             24  com.intellij.psi.PlainTextTokenTypes$1
5953:             1             24  com.intellij.psi.impl.source.tree.JavaElementType$ICodeBlockElementType
5954:             1             24  com.intellij.codeInsight.daemon.impl.PsiChangeHandler$1
5955:             1             24  com.intellij.openapi.CompositeDisposable
5956:             1             24  com.intellij.util.indexing.FileBasedIndexImpl$6
5957:             1             24  org.jetbrains.plugins.groovy.console.GroovyShellAction
5958:             1             24  com.intellij.util.xml.impl.DomApplicationComponent$1
5959:             1             24  com.intellij.codeInsight.folding.impl.CodeFoldingManagerImpl$2
5960:             1             24  com.intellij.util.InstanceofCheckerGenerator$1
5961:             1             24  com.intellij.ide.actions.RevealFileAction
5962:             1             24  com.intellij.lang.ant.config.actions.AddAntBuildFile
5963:             1             24  com.intellij.ide.navigationToolbar.ShowNavBarAction
5964:             1             24  com.intellij.ide.actions.GotoLineAction
5965:             1             24  com.intellij.ide.actions.ToggleFloatingModeAction
5966:             1             24  com.intellij.lang.ant.config.impl.AntInstallationClassLoaderHolder
5967:             1             24  org.jetbrains.plugins.github.GithubRebaseAction
5968:             1             24  com.intellij.lang.properties.parsing.PropertyListStubElementType
5969:             1             24  com.intellij.ide.actions.StartUseVcsAction
5970:             1             24  com.intellij.ide.scopeView.ScopeViewPane$1
5971:             1             24  java.util.Locale$Cache
5972:             1             24  java.util.logging.LoggingPermission
5973:             1             24  [Lcom.intellij.psi.search.IndexPatternProvider;
5974:             1             24  com.intellij.openapi.externalSystem.service.project.autoimport.ExternalSystemAutoImporter$MyEntry
5975:             1             24  sun.nio.cs.UTF_16BE
5976:             1             24  com.intellij.ui.Splash$SplashImage
5977:             1             24  javax.swing.text.DefaultEditorKit$InsertTabAction
5978:             1             24  com.intellij.patterns.TreeElementPattern$1
5979:             1             24  com.intellij.openapi.fileEditor.impl.DockableEditorContainerFactory
5980:             1             24  java.awt.dnd.DragSource
5981:             1             24  org.jetbrains.idea.maven.execution.MavenRunner
5982:             1             24  com.intellij.tasks.actions.ShowTaskDescription
5983:             1             24  com.intellij.openapi.editor.impl.DocumentMarkupModelManager
5984:             1             24  [Lcom.intellij.openapi.externalSystem.service.project.autoimport.ExternalSystemAutoImporter$MyEntry;
5985:             1             24  com.intellij.openapi.vcs.contentAnnotation.VcsContentAnnotationSettings$State
5986:             1             24  [Lcom.intellij.ide.highlighter.FileTypeRegistrator;
5987:             1             24  org.jetbrains.plugins.scala.lang.psi.stubs.elements.ScEarlyDefinitionsElementType
5988:             1             24  org.jetbrains.plugins.scala.debugger.ui.ObjectRefElementRenderer
5989:             1             24  com.intellij.util.xml.impl.DomApplicationComponent$2
5990:             1             24  de.plushnikov.intellij.plugin.provider.LombokAugmentProvider
5991:             1             24  com.intellij.ui.tabs.impl.table.TableLayout
5992:             1             24  scala.reflect.ManifestFactory$$anon$7
5993:             1             24  org.jetbrains.plugins.groovy.gant.GantScriptTypeDetector
5994:             1             24  org.jetbrains.idea.maven.dom.generate.GenerateDependencyAction$1
5995:             1             24  com.intellij.execution.actions.StopAction
5996:             1             24  com.intellij.openapi.diff.impl.external.DiffManagerImpl
5997:             1             24  com.intellij.history.integration.ui.actions.ShowHistoryAction
5998:             1             24  com.intellij.xml.util.CheckValidXmlInScriptBodyInspection
5999:             1             24  com.intellij.util.containers.ConcurrentWeakValueIntObjectHashMap
6000:             1             24  com.intellij.ide.actions.ShowTipsAction
6001:             1             24  com.intellij.psi.search.scope.packageSet.CustomScopesProviderEx$AllScopeHolder$1
6002:             1             24  org.jetbrains.idea.maven.project.actions.ReimportProjectAction
6003:             1             24  org.jetbrains.idea.maven.server.MavenServerManager$RemoteMavenServerLogger
6004:             1             24  com.intellij.openapi.vcs.changes.ChangeListsIndexes
6005:             1             24  org.jetbrains.plugins.scala.lang.psi.types.JavaArrayType
6006:             1             24  org.jetbrains.plugins.scala.actions.ShowImplicitParametersAction
6007:             1             24  com.intellij.openapi.vcs.RequestsMerger$MyState$1
6008:             1             24  sun.nio.cs.UTF_16LE
6009:             1             24  com.intellij.openapi.vcs.changes.ChangeListManagerImpl$5
6010:             1             24  com.intellij.openapi.externalSystem.service.ExternalSystemFacadeManager$1
6011:             1             24  org.jetbrains.plugins.scala.lang.psi.stubs.elements.ScObjectDefinitionElementType
6012:             1             24  sun.management.VMManagementImpl
6013:             1             24  org.jetbrains.plugins.scala.lang.psi.stubs.elements.ScNewTemplateDefinitionStubElementType
6014:             1             24  com.intellij.ide.scopeView.ScopePaneSelectInTarget
6015:             1             24  com.intellij.ide.actions.JumpToLastEditAction
6016:             1             24  com.intellij.ide.actions.SearchWebAction
6017:             1             24  com.intellij.openapi.wm.impl.content.ContentComboLabel$1
6018:             1             24  javax.swing.RepaintManager$PaintManager
6019:             1             24  com.intellij.openapi.vcs.changes.committed.IncomingChangesIndicator
6020:             1             24  org.jetbrains.idea.maven.execution.MavenRunConfigurationType$1
6021:             1             24  com.intellij.ide.TypePresentationServiceImpl
6022:             1             24  com.intellij.util.io.PersistentEnumeratorBase$Version
6023:             1             24  com.intellij.xdebugger.impl.breakpoints.XLineBreakpointManager$3
6024:             1             24  sun.nio.cs.UTF_32BE
6025:             1             24  com.intellij.ui.tabs.impl.singleRow.SingleRowLayout$1
6026:             1             24  com.intellij.ide.actions.SaveAsDirectoryBasedFormatAction
6027:             1             24  com.intellij.codeInsight.generation.GenerateConstructorHandler
6028:             1             24  org.jetbrains.plugins.javaFX.JavaFxControllerClassIndex
6029:             1             24  com.intellij.codeInsight.daemon.impl.DefaultHighlightVisitor$1
6030:             1             24  com.intellij.ide.actions.InvalidateCachesAction
6031:             1             24  git4idea.history.wholeTree.GraphGutter$MyComponent$1
6032:             1             24  org.apache.velocity.runtime.resource.ResourceCacheImpl
6033:             1             24  com.intellij.util.xml.impl.DomApplicationComponent$5
6034:             1             24  com.intellij.xml.XmlPsiManager
6035:             1             24  org.jetbrains.plugins.scala.config.ScalaFacet$
6036:             1             24  com.intellij.psi.impl.file.impl.ResolveScopeManagerImpl$1
6037:             1             24  org.jetbrains.plugins.groovy.mvc.MvcModuleStructureSynchronizer$SyncAction$1
6038:             1             24  org.jetbrains.idea.maven.dom.generate.GenerateParentAction$1
6039:             1             24  com.intellij.openapi.fileEditor.impl.MoveEditorToOppositeTabGroupAction
6040:             1             24  com.intellij.psi.util.TypeConversionUtil$1
6041:             1             24  com.intellij.ide.util.frameworkSupport.AddFrameworkSupportAction
6042:             1             24  de.plushnikov.intellij.lombok.processor.field.LazyGetterFieldProcessor
6043:             1             24  com.intellij.internal.statistic.persistence.ApplicationStatisticsPersistenceComponent
6044:             1             24  com.intellij.openapi.vcs.changes.ChangesViewManager$5
6045:             1             24  com.intellij.featureStatistics.actions.ShowFeatureUsageStatisticsAction
6046:             1             24  com.intellij.openapi.vcs.RequestsMerger$MyState$2
6047:             1             24  com.intellij.tasks.actions.OpenTaskInBrowserAction
6048:             1             24  com.intellij.debugger.ui.XBreakpointGroupingByClassRule
6049:             1             24  com.intellij.openapi.wm.impl.CommandProcessor
6050:             1             24  git4idea.history.wholeTree.GitLogUI$31
6051:             1             24  sun.nio.cs.UTF_16
6052:             1             24  com.intellij.psi.impl.PackagePrefixElementFinder
6053:             1             24  org.jetbrains.idea.svn.actions.ImportToRepositoryAction
6054:             1             24  com.intellij.psi.templateLanguages.ChangeTemplateDataLanguageAction
6055:             1             24  org.jetbrains.plugins.scala.lang.psi.stubs.elements.ScTraitDefinitionElementType
6056:             1             24  [Lcom.intellij.codeInspection.InspectionToolProvider;
6057:             1             24  scala.reflect.ManifestFactory$$anon$8
6058:             1             24  git4idea.history.wholeTree.LogFactoryService
6059:             1             24  org.jetbrains.idea.maven.project.actions.AddFileAsMavenProjectAction
6060:             1             24  com.intellij.psi.impl.smartPointers.ImportListElementInfoFactory$ImportListInfo
6061:             1             24  org.jetbrains.plugins.scala.lang.psi.types.Any$
6062:             1             24  org.jetbrains.plugins.groovy.mvc.MvcModuleStructureSynchronizer$SyncAction$2
6063:             1             24  com.intellij.codeInsight.highlighting.HighlightManagerImpl
6064:             1             24  sun.nio.cs.UTF_32LE
6065:             1             24  com.intellij.openapi.vcs.changes.IgnoredFilesComponent
6066:             1             24  com.intellij.dvcs.repo.Repository$State$1
6067:             1             24  org.jetbrains.plugins.groovy.mvc.MvcFramework$2
6068:             1             24  git4idea.history.wholeTree.GraphGutter$MyComponent$2
6069:             1             24  com.intellij.openapi.vcs.changes.FileAndDocumentListenersForShortDiff$MyDocumentListener
6070:             1             24  com.intellij.util.text.CharArrayCharSequence
6071:             1             24  org.jetbrains.idea.svn.actions.CleanupAction
6072:             1             24  com.intellij.xml.actions.xmlbeans.GenerateInstanceDocumentFromSchemaAction
6073:             1             24  [Lcom.intellij.psi.augment.PsiAugmentProvider;
6074:             1             24  com.intellij.ui.docking.impl.DockManagerImpl$1
6075:             1             24  org.jetbrains.plugins.scala.conversion.RenameJavaToScalaAction
6076:             1             24  com.intellij.debugger.impl.DebuggerManagerImpl$3
6077:             1             24  com.intellij.openapi.vcs.RequestsMerger$MyState$3
6078:             1             24  org.jetbrains.plugins.scala.error.ErrorReportConfigurable
6079:             1             24  com.intellij.openapi.vfs.tracker.VirtualFileTrackerImpl
6080:             1             24  com.intellij.patterns.compiler.PatternCompilerImpl$FalsePattern
6081:             1             24  com.intellij.refactoring.actions.MigrateAction
6082:             1             24  com.intellij.codeInsight.daemon.impl.DaemonListeners$5
6083:             1             24  org.jetbrains.plugins.scala.lang.psi.stubs.elements.ScFunctionDefinitionElementType
6084:             1             24  javax.swing.KeyboardManager
6085:             1             24  org.jetbrains.idea.maven.project.actions.UpdateFoldersForProjectAction
6086:             1             24  org.jetbrains.plugins.scala.lang.psi.stubs.elements.ScImportExprElementType
6087:             1             24  com.intellij.ide.actions.ToggleSideModeAction
6088:             1             24  com.intellij.ide.actions.TechnicalSupportAction
6089:             1             24  org.jetbrains.plugins.groovy.lang.parser.GroovyElementTypes$9
6090:             1             24  sun.util.locale.BaseLocale$Cache
6091:             1             24  com.intellij.openapi.wm.impl.NextProjectWindow
6092:             1             24  git4idea.history.wholeTree.GitLogUI$30
6093:             1             24  com.intellij.util.containers.Stack
6094:             1             24  com.maddyhome.idea.copyright.actions.UpdateCopyrightAction
6095:             1             24  org.jetbrains.plugins.groovy.mvc.MvcUpgradeAction
6096:             1             24  com.intellij.openapi.editor.impl.EditorActionManagerImpl
6097:             1             24  org.jetbrains.plugins.groovy.mvc.MvcModuleStructureSynchronizer$SyncAction$3
6098:             1             24  com.intellij.dvcs.repo.Repository$State$2
6099:             1             24  org.jetbrains.plugins.scala.lang.psi.stubs.elements.ScVariableDeclarationElementType
6100:             1             24  com.intellij.openapi.vcs.changes.conflicts.ChangelistConflictTracker$1
6101:             1             24  com.intellij.openapi.keymap.impl.keyGestures.KeyGestureState$WaitForStart
6102:             1             24  com.intellij.execution.console.LanguageConsoleImpl$3
6103:             1             24  com.intellij.openapi.wm.impl.status.InlineProgressIndicator$MyComponent$1
6104:             1             24  com.intellij.ide.actions.ToggleReadOnlyAttributeAction
6105:             1             24  com.intellij.ide.actions.AssociateFileType
6106:             1             24  sun.awt.X11GraphicsEnvironment
6107:             1             24  com.intellij.ide.TypePresentationServiceImpl$2
6108:             1             24  com.intellij.cvsSupport2.actions.ToggleOfflineAction
6109:             1             24  git4idea.actions.GitResolveConflictsAction
6110:             1             24  com.intellij.openapi.vcs.changes.shelf.DiffShelvedChangesAction
6111:             1             24  git4idea.history.wholeTree.UsersIndex
6112:             1             24  com.intellij.debugger.ui.breakpoints.BreakpointManager$6
6113:             1             24  javax.swing.text.DefaultEditorKit$SelectAllAction
6114:             1             24  com.intellij.ide.actions.OpenFileAction
6115:             1             24  com.intellij.openapi.vcs.RequestsMerger$MyState$4
6116:             1             24  com.intellij.openapi.roots.impl.ProjectRootManagerImpl$LibraryTableMultilistener
6117:             1             24  com.intellij.framework.detection.impl.DetectedFrameworksData
6118:             1             24  org.jetbrains.idea.svn.actions.ShareWholeProject
6119:             1             24  org.zmlx.hg4idea.provider.HgChangeProvider$HgChangeProcessor$1
6120:             1             24  [Ljava.awt.GraphicsDevice;
6121:             1             24  com.intellij.ide.actions.DeleteAction
6122:             1             24  org.jetbrains.plugins.groovy.mvc.MvcModuleStructureSynchronizer$SyncAction$4
6123:             1             24  scala.reflect.ManifestFactory$$anon$9
6124:             1             24  com.intellij.util.lang.ClasspathCache$Name2LoaderFilter
6125:             1             24  com.intellij.tasks.actions.AnalyzeTaskStacktraceAction
6126:             1             24  org.jetbrains.plugins.groovy.lang.parser.GroovyElementTypes$10
6127:             1             24  com.intellij.analysis.AnalysisUIOptions$1
6128:             1             24  com.intellij.openapi.wm.impl.PreviousProjectWindow
6129:             1             24  com.intellij.ide.impl.ProjectPaneSelectInTarget
6130:             1             24  com.intellij.application.options.codeStyle.arrangement.action.RearrangeCodeAction
6131:             1             24  org.jetbrains.plugins.scala.lang.psi.stubs.elements.ScMacroDefinitionElementType
6132:             1             24  com.intellij.uiDesigner.actions.GenerateMainAction
6133:             1             24  com.intellij.openapi.keymap.impl.keyGestures.KeyGestureState$ModifierPressed
6134:             1             24  org.jetbrains.idea.maven.navigator.actions.GroupProjectsAction
6135:             1             24  com.intellij.ide.actions.ChangeSplitterOrientationAction
6136:             1             24  com.intellij.uiDesigner.actions.PreviewFormAction
6137:             1             24  com.intellij.openapi.vcs.impl.ModuleVcsDetector$MyModulesListener
6138:             1             24  git4idea.history.wholeTree.GitLogUI$32
6139:             1             24  [Ljava.text.AttributedCharacterIterator$Attribute;
6140:             1             24  com.intellij.ide.impl.DataManagerImpl
6141:             1             24  com.intellij.openapi.externalSystem.service.project.manage.ProjectDataManager$1
6142:             1             24  com.intellij.ide.actions.SendFeedbackAction
6143:             1             24  javax.swing.TimerQueue
6144:             1             24  com.intellij.util.io.ResizeableMappedFile$1
6145:             1             24  org.jetbrains.idea.svn.actions.AddAction
6146:             1             24  [Lcom.intellij.psi.impl.compiled.ClsCustomNavigationPolicy;
6147:             1             24  com.intellij.debugger.actions.ExportThreadsAction
6148:             1             24  com.intellij.openapi.file.exclude.EnforcedPlainTextFileTypeManager
6149:             1             24  com.intellij.ide.actions.ExitAction
6150:             1             24  com.intellij.find.actions.FindUsagesAction
6151:             1             24  com.intellij.util.text.CharArrayCharSequence
6152:             1             24  com.intellij.psi.impl.source.tree.JavaElementType$JavaDummyElementType
6153:             1             24  sun.reflect.UnsafeIntegerFieldAccessorImpl
6154:             1             24  javax.swing.text.DefaultEditorKit$UnselectAction
6155:             1             24  org.jetbrains.idea.svn.actions.CompareWithBranchAction
6156:             1             24  com.intellij.util.xml.impl.DomSemContributor$5
6157:             1             24  org.jetbrains.plugins.groovy.mvc.MvcModuleStructureSynchronizer$SyncAction$5
6158:             1             24  org.jetbrains.idea.maven.navigator.MavenProjectsNavigatorPanel$1
6159:             1             24  org.zmlx.hg4idea.provider.HgChangeProvider$HgChangeProcessor$2
6160:             1             24  com.intellij.openapi.vcs.changes.ChangeListManagerImpl$2
6161:             1             24  com.intellij.util.xml.impl.ConverterManagerImpl
6162:             1             24  com.intellij.codeInsight.generation.GenerateByPatternAction
6163:             1             24  com.intellij.psi.util.PsiCacheKey
6164:             1             24  org.zmlx.hg4idea.action.HgPullAction
6165:             1             24  com.intellij.openapi.fileTypes.impl.IgnoredPatternSet
6166:             1             24  org.jetbrains.plugins.scala.script.ScalaScriptRunConfigurationFactory
6167:             1             24  org.jetbrains.idea.eclipse.export.ExportEclipseProjectsAction
6168:             1             24  com.intellij.openapi.vcs.changes.VcsDirtyScopeManagerImpl$SynchronizedLife
6169:             1             24  com.intellij.psi.search.ProjectScopeImpl
6170:             1             24  com.intellij.codeInsight.daemon.impl.WolfPassFactory
6171:             1             24  com.intellij.ide.actions.ToggleDockModeAction
6172:             1             24  com.intellij.openapi.keymap.impl.keyGestures.KeyGestureState$WaitForDblClick
6173:             1             24  com.intellij.openapi.editor.ex.util.EmptyEditorHighlighter
6174:             1             24  com.intellij.openapi.actionSystem.ex.QuickListsManager
6175:             1             24  com.intellij.framework.detection.impl.FrameworkDetectionIndex
6176:             1             24  com.intellij.ide.PowerSaveMode
6177:             1             24  javax.swing.text.html.HTMLEditorKit$ActivateLinkAction
6178:             1             24  com.intellij.tasks.actions.ConfigureServersAction
6179:             1             24  [Lcom.intellij.openapi.vcs.changes.ChangeListDecorator;
6180:             1             24  [Lcom.intellij.openapi.fileTypes.ContentBasedClassFileProcessor;
6181:             1             24  com.intellij.ide.actions.GotoClassAction
6182:             1             24  org.jetbrains.plugins.groovy.griffon.UpdateGriffonSettingsAction
6183:             1             24  com.intellij.openapi.roots.impl.PushedFilePropertiesUpdater
6184:             1             24  com.intellij.packaging.impl.ui.actions.PackageFileAction
6185:             1             24  git4idea.ui.branch.GitBranchesAction
6186:             1             24  com.intellij.openapi.editor.actionSystem.TypedAction
6187:             1             24  javax.swing.text.DefaultEditorKit$ToggleComponentOrientationAction
6188:             1             24  org.zmlx.hg4idea.provider.HgChangeProvider$HgChangeProcessor$3
6189:             1             24  [Lcom.intellij.lang.cacheBuilder.CacheBuilderEP;
6190:             1             24  com.intellij.html.index.Html5CustomAttributesIndex$2
6191:             1             24  com.intellij.xdebugger.impl.breakpoints.XBreakpointPanelProvider$1
6192:             1             24  com.intellij.openapi.vcs.changes.actions.BrowseChangesAction
6193:             1             24  com.intellij.codeInsight.daemon.JavaErrorMessages
6194:             1             24  scala.reflect.ManifestFactory$$anon$10
6195:             1             24  com.intellij.ide.actions.ShowFilePathAction
6196:             1             24  git4idea.config.GitVcsSettings
6197:             1             24  [Lcom.intellij.openapi.wm.StatusBarWidget$PlatformType;
6198:             1             24  com.intellij.ui.switcher.SwitchAction$Up
6199:             1             24  com.intellij.openapi.diff.actions.CompareClipboardWithSelection
6200:             1             24  com.intellij.openapi.projectRoots.impl.JavaSdkImpl
6201:             1             24  com.intellij.execution.impl.DisposedPsiManagerCheck
6202:             1             24  com.intellij.ide.actions.ShowLogAction
6203:             1             24  org.jetbrains.plugins.groovy.mvc.MvcModuleStructureSynchronizer$SyncAction$6
6204:             1             24  java.lang.reflect.ReflectPermission
6205:             1             24  com.intellij.ide.actions.CloseProjectAction
6206:             1             24  org.jetbrains.plugins.scala.lang.psi.stubs.elements.ScPackagingElementType
6207:             1             24  org.jetbrains.plugins.github.GithubOpenInBrowserAction
6208:             1             24  com.intellij.openapi.vcs.changes.ChangesDelta
6209:             1             24  com.intellij.compiler.actions.CompileProjectAction
6210:             1             24  com.intellij.ide.actions.CloseAction
6211:             1             24  org.intellij.images.actions.EditExternallyAction
6212:             1             24  com.intellij.openapi.vcs.changes.ShowChangesViewAction
6213:             1             24  com.intellij.facet.impl.invalid.InvalidFacetManagerImpl
6214:             1             24  com.intellij.ide.impl.PackagesPaneSelectInTarget
6215:             1             24  com.intellij.debugger.ui.DebuggerPanelsManager$2
6216:             1             24  com.intellij.openapi.keymap.impl.keyGestures.KeyGestureState$WaitForAction
6217:             1             24  org.intellij.lang.regexp.RegExpFileType
6218:             1             24  [Lcom.intellij.openapi.components.StateStorageOperation;
6219:             1             24  org.zmlx.hg4idea.provider.HgChangeProvider$HgChangeProcessor$4
6220:             1             24  com.intellij.codeInspection.i18n.I18nizeAction
6221:             1             24  com.intellij.ide.actions.CopyReferenceAction
6222:             1             24  com.intellij.idea.IdeaApplication
6223:             1             24  com.intellij.openapi.vcs.changes.actions.RefreshAction
6224:             1             24  com.intellij.psi.search.FilenameIndex
6225:             1             24  javax.swing.text.DefaultEditorKit$DumpModelAction
6226:             1             24  org.jetbrains.idea.maven.project.MavenProjectsManagerWatcher$4
6227:             1             24  com.intellij.compiler.impl.resourceCompiler.ResourceCompiler
6228:             1             24  org.jetbrains.plugins.groovy.lang.parser.GroovyElementTypes$11
6229:             1             24  git4idea.history.wholeTree.GitLogUI$21
6230:             1             24  com.intellij.compiler.impl.javaCompiler.eclipse.EclipseCompiler
6231:             1             24  [Lcom.intellij.psi.impl.PsiSubstitutorImpl$SubstituteKind;
6232:             1             24  org.jetbrains.idea.maven.project.actions.ToggleIgnoredProjectsAction
6233:             1             24  git4idea.history.wholeTree.GitLogUI$DescriptionRenderer$Inner$1
6234:             1             24  com.intellij.ide.actions.TogglePinnedModeAction
6235:             1             24  com.intellij.tasks.actions.context.SaveContextAction
6236:             1             24  org.jetbrains.idea.maven.navigator.MavenProjectsNavigator$6
6237:             1             24  com.intellij.execution.impl.ProjectRunConfigurationManager
6238:             1             24  org.jetbrains.idea.maven.dom.generate.GenerateManagedDependencyAction$MavenOverridingDependencyGenerateProvider
6239:             1             24  [Lcom.intellij.openapi.editor.impl.softwrap.mapping.SoftWrapApplianceManager$IndentType;
6240:             1             24  com.intellij.ide.RecentProjectsManager
6241:             1             24  org.jetbrains.plugins.groovy.mvc.MvcRunTarget
6242:             1             24  javax.swing.text.DefaultEditorKit$InsertContentAction
6243:             1             24  com.intellij.openapi.util.MutualMap
6244:             1             24  com.intellij.openapi.vcs.changes.actions.ShowDiffWithLocalAction
6245:             1             24  org.jetbrains.idea.maven.project.actions.ReimportAction
6246:             1             24  com.intellij.ide.actions.ShowRecentFilesAction
6247:             1             24  com.intellij.ide.actions.PinActiveTabAction
6248:             1             24  com.intellij.codeInsight.navigation.CtrlMouseHandler$6
6249:             1             24  org.jetbrains.plugins.gradle.service.GradleInstallationManager
6250:             1             24  com.intellij.ui.switcher.SwitchAction$Down
6251:             1             24  org.jetbrains.plugins.scala.lang.psi.stubs.elements.ScModifiersElementType
6252:             1             24  com.intellij.openapi.fileEditor.impl.EditorHistoryManager
6253:             1             24  com.intellij.psi.impl.source.resolve.JavaResolveCache
6254:             1             24  com.intellij.ide.actions.NewProjectAction
6255:             1             24  com.intellij.ide.actions.OnlineDocAction
6256:             1             24  com.intellij.util.net.IdeaWideProxySelector
6257:             1             24  com.intellij.xdebugger.impl.breakpoints.ui.grouping.XBreakpointGroupingByTypeRule
6258:             1             24  com.intellij.openapi.keymap.impl.keyGestures.KeyGestureState$WaitForActionEnd
6259:             1             24  com.intellij.execution.applet.AppletConfigurationType$1
6260:             1             24  com.intellij.designer.propertyTable.PropertyTablePanel$1
6261:             1             24  org.zmlx.hg4idea.provider.HgChangeProvider$HgChangeProcessor$5
6262:             1             24  sun.management.RuntimeImpl
6263:             1             24  [Lcom.intellij.codeInsight.folding.impl.ElementSignatureProvider;
6264:             1             24  scala.reflect.ManifestFactory$$anon$11
6265:             1             24  com.intellij.patterns.StandardPatterns$5
6266:             1             24  org.jetbrains.plugins.groovy.lang.parser.GroovyElementTypes$12
6267:             1             24  org.jetbrains.plugins.scala.console.ScalaConsoleRunConfigurationFactory
6268:             1             24  com.intellij.javaee.ExternalResourcesRootsProvider$1
6269:             1             24  org.jetbrains.idea.maven.project.actions.UpdateFoldersAction
6270:             1             24  com.intellij.openapi.fileEditor.impl.EditorTabbedContainer$MyDragOutDelegate
6271:             1             24  com.intellij.ide.actions.CreateFileAction
6272:             1             24  git4idea.repo.GitBranchTrackInfo
6273:             1             24  com.intellij.ui.switcher.SwitchAction$Left
6274:             1             24  com.intellij.openapi.vcs.changes.DelayedNotificator
6275:             1             24  org.zmlx.hg4idea.action.HgPushAction
6276:             1             24  com.intellij.codeEditor.printing.ExportToHTMLAction
6277:             1             24  com.intellij.psi.impl.meta.MetaRegistry$2
6278:             1             24  com.intellij.openapi.util.Pair
6279:             1             24  git4idea.history.wholeTree.GraphGutter$PresentationStyle$1
6280:             1             24  org.jetbrains.plugins.scala.lang.psi.stubs.elements.ScFunctionDeclarationElementType
6281:             1             24  org.jetbrains.idea.maven.project.MavenProject
6282:             1             24  org.intellij.lang.regexp.DefaultRegExpPropertiesProvider
6283:             1             24  com.intellij.openapi.keymap.impl.keyGestures.KeyGestureState$ProcessFinish
6284:             1             24  com.intellij.ide.actions.ToggleContentUiTypeAction
6285:             1             24  com.intellij.codeInsight.preview.ImageOrColorPreviewManager
6286:             1             24  org.jetbrains.plugins.scala.lang.psi.stubs.elements.ScImportStmtElementType
6287:             1             24  org.zmlx.hg4idea.provider.HgChangeProvider$HgChangeProcessor$6
6288:             1             24  com.intellij.lang.ant.config.impl.GlobalAntConfiguration
6289:             1             24  com.intellij.ide.actions.SelectInAction
6290:             1             24  com.intellij.execution.ui.RunContentManagerImpl$9
6291:             1             24  com.intellij.ide.actions.ShowFilePathAction$2
6292:             1             24  org.jetbrains.plugins.scala.lang.psi.stubs.elements.ScSelfTypeElementElementType
6293:             1             24  com.intellij.packaging.impl.artifacts.ArtifactPointerManagerImpl
6294:             1             24  [Lcom.intellij.util.indexing.IndexedRootsProvider;
6295:             1             24  com.intellij.ide.actions.WhatsNewAction
6296:             1             24  org.jetbrains.idea.svn.actions.CreateBranchOrTagAction
6297:             1             24  com.intellij.openapi.util.BusyObject$Impl$Simple
6298:             1             24  org.jetbrains.plugins.groovy.lang.parser.GroovyElementTypes$13
6299:             1             24  org.jetbrains.plugins.scala.compiler.FscServerManager$TimerListener$
6300:             1             24  com.intellij.ide.actions.TabsAlphabeticalModeSwitcher
6301:             1             24  com.intellij.ui.switcher.SwitchAction$Right
6302:             1             24  com.maddyhome.idea.copyright.actions.GenerateCopyrightAction
6303:             1             24  [Lcom.intellij.openapi.fileEditor.impl.EditorTabColorProvider;
6304:             1             24  com.intellij.ide.actions.SaveAllAction
6305:             1             24  org.jboss.netty.channel.socket.nio.SocketSendBufferPool
6306:             1             24  com.intellij.openapi.vcs.changes.actions.AddChangeListAction
6307:             1             24  com.intellij.openapi.vcs.changes.shelf.ShelvedChangesViewManager$2
6308:             1             24  com.intellij.codeInsight.daemon.impl.DaemonListeners$MyCommandListener
6309:             1             24  org.jetbrains.idea.maven.project.actions.AddManagedFilesAction
6310:             1             24  com.intellij.openapi.vcs.impl.VcsDirectoryMappingStorage
6311:             1             24  com.intellij.codeInspection.htmlInspections.RequiredAttributesInspection
6312:             1             24  scala.collection.mutable.WrappedArray$ofRef
6313:             1             24  com.intellij.psi.impl.PackagePrefixIndex
6314:             1             24  org.jetbrains.idea.svn.dialogs.MergeFromAction
6315:             1             24  javax.swing.text.DefaultEditorKit$DeletePrevCharAction
6316:             1             24  com.intellij.openapi.file.exclude.ProjectPlainTextFileTypeManager
6317:             1             24  com.intellij.openapi.vcs.changes.VcsGuess
6318:             1             24  org.jetbrains.plugins.javaFX.actions.OpenInSceneBuilderAction
6319:             1             24  org.intellij.images.actions.ColorPickerForImageAction
6320:             1             24  [Lcom.intellij.openapi.project.Project;
6321:             1             24  scala.collection.IndexedSeq$
6322:             1             24  com.intellij.openapi.vfs.impl.http.HttpFileSystemImpl
6323:             1             24  com.intellij.openapi.vcs.actions.CommonCheckinFilesAction
6324:             1             24  scala.collection.immutable.Seq$
6325:             1             24  com.intellij.ui.tabs.impl.singleRow.SingleRowLayoutStrategy$Top
6326:             1             24  org.zmlx.hg4idea.provider.HgChangeProvider$HgChangeProcessor$7
6327:             1             24  com.intellij.ide.actions.GotoFileAction
6328:             1             24  sun.awt.GlobalCursorManager$NativeUpdater
6329:             1             24  [Lcom.intellij.xdebugger.impl.DebuggerSupport;
6330:             1             24  com.intellij.ide.projectView.actions.MarkLibraryRootAction
6331:             1             24  org.jetbrains.plugins.scala.lang.psi.stubs.elements.ScValueDefinitionElementType
6332:             1             24  scala.reflect.ManifestFactory$$anon$12
6333:             1             24  org.jetbrains.plugins.github.GithubCreatePullRequestAction
6334:             1             24  com.intellij.openapi.diagnostic.LoggerRt$IdeaFactory$1
6335:             1             24  com.intellij.ide.actions.CreateHtmlFileAction
6336:             1             24  com.intellij.execution.JavaRunConfigurationExtensionManager
6337:             1             24  com.intellij.ide.actions.SearchAgainAction
6338:             1             24  com.intellij.debugger.ui.DebuggerPanelsManager$5
6339:             1             24  com.intellij.xml.actions.GenerateXmlTagAction
6340:             1             24  [Lcom.intellij.psi.LanguageInjector;
6341:             1             24  com.intellij.openapi.fileEditor.impl.FileEditorProviderManagerImpl
6342:             1             24  com.intellij.lang.properties.xml.XmlPropertiesIndex$Key
6343:             1             24  org.jetbrains.plugins.scala.lang.psi.types.AnyRef$
6344:             1             24  com.intellij.ide.actions.SynchronizeAction
6345:             1             24  [Lcom.intellij.javaee.StandardResourceEP;
6346:             1             24  com.intellij.tasks.actions.context.LoadContextAction
6347:             1             24  org.jetbrains.idea.maven.navigator.actions.ShowIgnoredProjectsAction
6348:             1             24  git4idea.actions.GitInit
6349:             1             24  org.jetbrains.plugins.groovy.actions.generate.constructors.GroovyGenerateConstructorHandler
6350:             1             24  com.intellij.openapi.file.exclude.ui.ExcludeFromProjectAction
6351:             1             24  git4idea.history.wholeTree.CommitIdsHolder
6352:             1             24  org.zmlx.hg4idea.action.HgRunConflictResolverAction
6353:             1             24  [Lgit4idea.history.wholeTree.GraphGutter$PresentationStyle;
6354:             1             24  com.intellij.codeInsight.daemon.impl.analysis.HighlightingSettingsPerFile
6355:             1             24  com.intellij.codeInspection.ex.InspectionManagerEx$2
6356:             1             24  org.zmlx.hg4idea.provider.HgChangeProvider$HgChangeProcessor$8
6357:             1             24  com.intellij.ui.switcher.ApplySwitchAction
6358:             1             24  com.intellij.openapi.fileEditor.impl.ReopenClosedTabAction
6359:             1             24  com.intellij.ide.actions.RefCardAction
6360:             1             24  javax.swing.text.DefaultEditorKit$DeleteNextCharAction
6361:             1             24  com.intellij.openapi.vcs.changes.actions.OpenRepositoryVersionAction
6362:             1             24  com.sun.java.swing.plaf.gtk.GTKRegion
6363:             1             24  com.intellij.ide.FrameStateManagerImpl$1
6364:             1             24  org.jetbrains.plugins.scala.lang.psi.stubs.elements.ScVariableDefinitionElementType
6365:             1             24  org.jetbrains.plugins.scala.lang.psi.types.ScDesignatorType
6366:             1             24  org.jetbrains.idea.svn.actions.CleanupProjectAction
6367:             1             24  com.intellij.openapi.externalSystem.util.ExternalSystemApiUtil$1
6368:             1             24  com.intellij.debugger.actions.ThreadDumpAction
6369:             1             24  com.intellij.openapi.vcs.contentAnnotation.VcsContentAnnotationImpl
6370:             1             24  org.jetbrains.idea.maven.navigator.actions.ShowBasicPhasesOnlyAction
6371:             1             24  javax.swing.plaf.basic.BasicLabelUI
6372:             1             24  org.jetbrains.plugins.scala.worksheet.runconfiguration.WorksheetRunConfigurationFactory
6373:             1             24  com.intellij.xdebugger.impl.breakpoints.ui.grouping.XBreakpointFileGroupingRule
6374:             1             24  com.intellij.codeInsight.completion.CompletionUtil$1
6375:             1             24  com.intellij.ide.actions.SearchBackAction
6376:             1             24  org.zmlx.hg4idea.HgProjectSettings
6377:             1             24  [Lcom.intellij.codeInsight.preview.ElementPreviewProvider;
6378:             1             24  com.intellij.codeInsight.folding.impl.FoldingUpdate$3
6379:             1             24  com.intellij.javaee.ExternalResourceManagerExImpl$1
6380:             1             24  org.jetbrains.plugins.scala.compiler.CompileServerManager$TimerListener$
6381:             1             24  com.intellij.execution.application.ApplicationConfigurationType$1
6382:             1             24  org.jetbrains.plugins.scala.lang.psi.impl.ScalaPsiManager$
6383:             1             24  javax.swing.plaf.synth.SynthLabelUI
6384:             1             24  scala.reflect.ManifestFactory$$anon$13
6385:             1             24  com.sun.java.swing.plaf.gtk.GTKEngine$CustomRegion
6386:             1             24  com.intellij.ide.actions.UnsplitAction
6387:             1             24  org.jetbrains.idea.svn.actions.LockAction
6388:             1             24  com.intellij.openapi.externalSystem.service.ui.ExternalToolWindowManager$1
6389:             1             24  com.intellij.facet.impl.FacetTypeRegistryImpl
6390:             1             24  com.intellij.openapi.vcs.ConstantZipperUpdater
6391:             1             24  javax.swing.text.DefaultEditorKit$ReadOnlyAction
6392:             1             24  com.intellij.semantic.SemServiceImpl$5
6393:             1             24  com.intellij.ide.actions.ImportModuleAction
6394:             1             24  com.intellij.debugger.ui.tree.render.ClassRenderer
6395:             1             24  sun.rmi.runtime.RuntimeUtil$1
6396:             1             24  org.jetbrains.plugins.scala.lang.psi.stubs.elements.signatures.ScParamClauseElementType
6397:             1             24  org.jetbrains.idea.maven.project.actions.RunBuildAction
6398:             1             24  org.jetbrains.idea.maven.navigator.actions.AlwaysShowArtifactIdAction
6399:             1             24  com.intellij.lang.properties.PropertiesLanguage$1
6400:             1             24  com.intellij.util.lang.ClasspathCache$NullDebugInfo
6401:             1             24  com.intellij.openapi.roots.impl.DirectoryIndexImpl$MyVirtualFileListener
6402:             1             24  org.zmlx.hg4idea.provider.update.HgUpdateEnvironment
6403:             1             24  com.intellij.openapi.vfs.encoding.ChooseFileEncodingAction$2
6404:             1             24  com.intellij.ide.actions.GotoSymbolAction
6405:             1             24  com.intellij.ide.actions.ShowRecentlyEditedFilesAction
6406:             1             24  org.jetbrains.idea.devkit.actions.GenerateComponentExternalizationAction
6407:             1             24  com.intellij.util.containers.StripedReentrantLocks
6408:             1             24  com.intellij.openapi.wm.impl.status.StatusPanel$2
6409:             1             24  com.intellij.ide.actions.ImportProjectAction
6410:             1             24  com.intellij.openapi.vcs.actions.RefreshStatuses
6411:             1             24  com.intellij.openapi.fileTypes.PlainTextParserDefinition$1
6412:             1             24  com.intellij.util.indexing.FileBasedIndexImpl$StorageGuard
6413:             1             24  git4idea.history.wholeTree.GitLogUI$15
6414:             1             24  org.intellij.images.index.ImageInfoIndex$3
6415:             1             24  com.intellij.openapi.vcs.changes.actions.RemoveChangeListAction
6416:             1             24  scala.reflect.package$
6417:             1             24  com.intellij.codeInsight.daemon.impl.analysis.HighlightVisitorImpl$1
6418:             1             24  [Lcom.intellij.openapi.actionSystem.KeyboardGestureAction$ModifierType;
6419:             1             24  com.intellij.openapi.command.impl.DocumentReferenceManagerImpl
6420:             1             24  org.zmlx.hg4idea.HgGlobalSettings$State
6421:             1             24  sun.awt.X11.XDropTargetRegistry
6422:             1             24  [Lcom.intellij.openapi.editor.actionSystem.EditorTypedHandlerBean;
6423:             1             24  org.jetbrains.plugins.gradle.GradleManager$6
6424:             1             24  [Lcom.intellij.openapi.projectRoots.SdkType;
6425:             1             24  sun.dc.pr.PathFiller
6426:             1             24  org.jetbrains.plugins.scala.lang.psi.stubs.elements.ScAccessModifierElementType
6427:             1             24  com.intellij.openapi.vcs.actions.CompareWithLastVersion
6428:             1             24  com.intellij.compiler.actions.GenerateAntBuildAction
6429:             1             24  com.intellij.ide.actions.UnsplitAllAction
6430:             1             24  com.intellij.debugger.ui.breakpoints.BreakpointManager$3
6431:             1             24  com.intellij.ui.content.AlertIcon
6432:             1             24  com.intellij.codeInsight.daemon.impl.SetupSDKNotificationProvider$1
6433:             1             24  [Lcom.intellij.openapi.editor.markup.HighlighterTargetArea;
6434:             1             24  org.jetbrains.plugins.groovy.lang.parser.GroovyElementTypes$14
6435:             1             24  com.intellij.openapi.wm.impl.FocusManagerImpl$IdleRunnable
6436:             1             24  org.zmlx.hg4idea.action.HgMerge
6437:             1             24  com.intellij.internal.statistic.updater.SendStatisticsProjectComponent
6438:             1             24  com.intellij.openapi.editor.actions.MultiplePasteAction
6439:             1             24  [Lcom.intellij.ide.favoritesTreeView.FavoritesListProvider;
6440:             1             24  com.intellij.ide.projectView.impl.ProjectViewImpl$5
6441:             1             24  com.intellij.ide.actions.UndoAction
6442:             1             24  org.zmlx.hg4idea.HgProjectSettings$State
6443:             1             24  scala.reflect.ManifestFactory$$anon$14
6444:             1             24  com.intellij.openapi.diff.actions.CompareFiles
6445:             1             24  sun.awt.SunHints$LCDContrastKey
6446:             1             24  org.jetbrains.idea.svn.actions.ShowPropertiesAction
6447:             1             24  org.jetbrains.idea.svn.actions.UnlockAction
6448:             1             24  com.intellij.ui.tabs.impl.singleRow.SingleRowLayoutStrategy$Left
6449:             1             24  [Lcom.sun.java.swing.plaf.gtk.GTKEngine$Settings;
6450:             1             24  com.intellij.util.ConcurrencyUtil$1
6451:             1             24  [Lcom.intellij.openapi.wm.IdeRootPaneNorthExtension;
6452:             1             24  com.intellij.ide.projectView.impl.GroupByTypeComparator
6453:             1             24  com.intellij.codeInsight.daemon.impl.DaemonListeners$MyApplicationListener
6454:             1             24  org.jetbrains.plugins.scala.compiler.ServerMediator$$anon$1
6455:             1             24  com.intellij.util.xml.impl.DomServiceImpl$1
6456:             1             24  com.intellij.openapi.updateSettings.impl.CheckForUpdateAction
6457:             1             24  com.intellij.util.ui.AdjustComponentWhenShown$1
6458:             1             24  org.jetbrains.plugins.scala.lang.psi.stubs.elements.signatures.ScParameterElementType
6459:             1             24  com.intellij.execution.impl.EditorHyperlinkSupport$2
6460:             1             24  [Lcom.intellij.codeInspection.LocalQuickFix;
6461:             1             24  com.intellij.psi.impl.source.JavaFileElementType
6462:             1             24  com.intellij.util.ReflectionAssignabilityCache$1
6463:             1             24  com.intellij.tasks.actions.context.ClearContextAction
6464:             1             24  com.intellij.psi.statistics.StatisticsInfo
6465:             1             24  org.jetbrains.plugins.groovy.lang.parser.GroovyElementTypes$15
6466:             1             24  javax.swing.text.StyledEditorKit$BoldAction
6467:             1             24  com.intellij.ide.actions.HideToolWindowAction
6468:             1             24  com.intellij.execution.remote.RemoteConfigurationType$1
6469:             1             24  org.jetbrains.plugins.scala.lang.psi.stubs.elements.ScPrimaryConstructorElementType
6470:             1             24  com.intellij.ide.actions.GotoRelatedFileAction
6471:             1             24  javax.swing.text.DefaultEditorKit$WritableAction
6472:             1             24  com.intellij.openapi.externalSystem.settings.ExternalSystemSettingsManager$1
6473:             1             24  com.intellij.openapi.fileTypes.WildcardFileNameMatcher
6474:             1             24  [Lcom.intellij.execution.filters.ConsoleFilterProvider;
6475:             1             24  org.jetbrains.plugins.scala.lang.psi.types.AnyVal$
6476:             1             24  org.jetbrains.idea.maven.navigator.actions.MavenExecuteGoalAction
6477:             1             24  com.intellij.openapi.vcs.contentAnnotation.ContentAnnotationCacheImpl
6478:             1             24  com.intellij.lang.ant.config.impl.GlobalAntConfiguration$2
6479:             1             24  com.intellij.packaging.impl.artifacts.ArtifactVirtualFileListener$1
6480:             1             24  com.intellij.openapi.roots.impl.ModuleLibraryTable
6481:             1             24  com.intellij.openapi.fileEditor.impl.EditorTabbedContainer$TabMouseListener
6482:             1             24  org.jetbrains.plugins.github.GithubCreateGistAction
6483:             1             24  com.intellij.ide.actions.MinimizeCurrentWindowAction
6484:             1             24  com.intellij.psi.impl.source.resolve.ResolveCache
6485:             1             24  com.intellij.util.ui.UIUtil$1
6486:             1             24  com.intellij.psi.impl.migration.PsiMigrationManager
6487:             1             24  com.intellij.debugger.impl.HotSwapManager
6488:             1             24  com.intellij.openapi.vcs.actions.SelectAndCompareWithSelectedRevisionAction
6489:             1             24  org.jetbrains.plugins.groovy.compiler.ExcludeFromStubGenerationAction
6490:             1             24  com.intellij.openapi.application.impl.ApplicationImpl$1
6491:             1             24  com.intellij.debugger.ui.breakpoints.BreakpointManager$4
6492:             1             24  com.intellij.openapi.actionSystem.impl.MenuItemPresentationFactory
6493:             1             24  org.jetbrains.plugins.scala.testingSupport.test.specs2.Specs2RunConfigurationFactory
6494:             1             24  org.zmlx.hg4idea.action.HgBranchesAction
6495:             1             24  [Ljava.util.Locale$Category;
6496:             1             24  com.intellij.ide.actions.RedoAction
6497:             1             24  org.jboss.netty.channel.socket.nio.SocketSendBufferPool$Preallocation
6498:             1             24  org.jetbrains.idea.maven.navigator.actions.ShowVersionsAction
6499:             1             24  com.intellij.codeInsight.daemon.impl.PerThreadMap$1
6500:             1             24  com.intellij.openapi.roots.impl.LibraryScopeCache
6501:             1             24  com.intellij.testIntegration.TestIntegrationUtils$MethodKind$1
6502:             1             24  com.intellij.ui.tabs.impl.singleRow.SingleRowLayoutStrategy$Bottom
6503:             1             24  com.intellij.openapi.vcs.impl.VcsManagerPerModuleConfiguration
6504:             1             24  com.intellij.util.containers.UnsafeWeakList
6505:             1             24  javax.swing.plaf.basic.BasicPopupMenuUI$MouseGrabber
6506:             1             24  javax.swing.text.DefaultEditorKit$CutAction
6507:             1             24  java.lang.ProcessEnvironment$StringEnvironment
6508:             1             24  com.intellij.execution.impl.EditorHyperlinkSupport$3
6509:             1             24  com.intellij.openapi.vcs.changes.VcsDirtyScopeManagerImpl$MyProgressHolder
6510:             1             24  com.intellij.openapi.vcs.changes.actions.CreatePatchAction
6511:             1             24  org.jetbrains.plugins.terminal.OpenLocalTerminalAction
6512:             1             24  com.intellij.ide.navigationToolbar.NavBarRootPaneExtension$4
6513:             1             24  javax.swing.text.StyledEditorKit$ItalicAction
6514:             1             24  com.intellij.psi.impl.cache.impl.IndexTodoCacheManagerImpl
6515:             1             24  org.jetbrains.io.PortUnificationServerHandler$1
6516:             1             24  com.intellij.openapi.vcs.changes.committed.RepositoryLocationCache
6517:             1             24  com.intellij.openapi.components.impl.stores.DefaultProjectStoreImpl$2
6518:             1             24  com.intellij.openapi.roots.impl.libraries.ProjectLibraryTable
6519:             1             24  com.intellij.openapi.vcs.changes.patch.ApplyPatchAction
6520:             1             24  com.intellij.ide.actions.CopyAction
6521:             1             24  com.intellij.ide.favoritesTreeView.FavoritesViewSettings
6522:             1             24  com.intellij.lang.customFolding.GotoCustomRegionAction
6523:             1             24  com.intellij.ui.plaf.beg.BegBorders$TextFieldBorder
6524:             1             24  com.intellij.debugger.actions.HotSwapAction
6525:             1             24  com.intellij.history.core.LocalHistoryRecordsTable
6526:             1             24  com.intellij.ide.actions.TogglePowerSaveAction
6527:             1             24  com.intellij.compiler.impl.TranslatingCompilerFilesMonitor$MyProjectManagerListener
6528:             1             24  org.jetbrains.idea.svn.actions.RelocateAction
6529:             1             24  com.intellij.debugger.ui.breakpoints.JavaBreakpointItem
6530:             1             24  org.jetbrains.plugins.groovy.annotator.ConfigureGroovyLibraryNotificationProvider
6531:             1             24  com.intellij.history.integration.LocalHistoryEventDispatcher
6532:             1             24  com.intellij.util.xml.impl.ConverterManagerImpl$1
6533:             1             24  javax.swing.plaf.basic.BasicListUI$ListTransferHandler
6534:             1             24  com.intellij.uiDesigner.binding.FormClassIndex
6535:             1             24  com.intellij.ide.actions.OpenProjectAction
6536:             1             24  com.intellij.ide.projectView.impl.ProjectViewImpl$4
6537:             1             24  com.intellij.openapi.util.ClassConditionKey
6538:             1             24  com.intellij.testIntegration.TestIntegrationUtils$MethodKind$2
6539:             1             24  javax.swing.text.DefaultEditorKit$CopyAction
6540:             1             24  com.intellij.ide.actions.HideSideWindowsAction
6541:             1             24  [Lcom.intellij.execution.Platform;
6542:             1             24  com.intellij.openapi.roots.impl.PushedFilePropertiesUpdater$2
6543:             1             24  com.intellij.ide.actions.StoreDefaultLayoutAction
6544:             1             24  com.intellij.uiDesigner.i18n.InvalidPropertyKeyFormInspection
6545:             1             24  org.apache.velocity.util.introspection.UberspectImpl
6546:             1             24  sun.dc.pr.PathDasher
6547:             1             24  java.util.Collections$SetFromMap
6548:             1             24  com.siyeh.ig.InspectionGadgetsProjectComponent$1
6549:             1             24  org.jetbrains.idea.maven.project.actions.ToggleOfflineAction
6550:             1             24  com.intellij.codeInspection.actions.RunInspectionAction
6551:             1             24  org.jetbrains.idea.maven.project.actions.RemoveManagedFilesAction
6552:             1             24  com.intellij.openapi.diff.actions.CompareFileWithEditor
6553:             1             24  com.intellij.openapi.roots.ui.configuration.actions.NewModuleAction
6554:             1             24  com.intellij.openapi.vcs.changes.DetailsPanel
6555:             1             24  com.intellij.ide.projectView.actions.ImportModuleFromImlFileAction
6556:             1             24  com.intellij.ide.actions.CutAction
6557:             1             24  org.zmlx.hg4idea.action.HgCreateTagAction
6558:             1             24  [Lcom.intellij.openapi.vcs.changes.ui.ChangesBrowser$MyUseCase;
6559:             1             24  com.intellij.ide.IdeEventQueue$1
6560:             1             24  org.jetbrains.plugins.scala.lang.psi.types.Nothing$
6561:             1             24  com.intellij.psi.codeStyle.CommonCodeStyleSettingsManager
6562:             1             24  [Lcom.intellij.ide.ui.customization.CustomizableActionGroupProvider;
6563:             1             24  org.apache.log4j.helpers.FormattingInfo
6564:             1             24  com.intellij.debugger.actions.ToggleBreakpointEnabledAction
6565:             1             24  com.intellij.compiler.impl.javaCompiler.AnnotationProcessingCompiler
6566:             1             24  com.intellij.openapi.wm.impl.FocusManagerImpl$SetLastEffectiveRunnable
6567:             1             24  com.intellij.ide.ui.laf.darcula.ui.DarculaTextFieldUI$2
6568:             1             24  com.intellij.util.io.PersistentEnumeratorBase$FlyweightKey
6569:             1             24  [Lcom.intellij.openapi.editor.ElementColorProvider;
6570:             1             24  com.intellij.util.io.storage.RefCountingRecordsTable
6571:             1             24  com.intellij.history.integration.ui.actions.RecentChangesAction
6572:             1             24  com.intellij.debugger.actions.ToggleFieldBreakpointAction
6573:             1             24  org.jetbrains.plugins.groovy.lang.parser.GroovyElementTypes$16
6574:             1             24  com.intellij.openapi.roots.ui.configuration.actions.NewModuleInGroupAction
6575:             1             24  com.intellij.openapi.vcs.changes.shelf.ShelveChangesAction
6576:             1             24  com.intellij.ui.tabs.impl.singleRow.SingleRowLayoutStrategy$Right
6577:             1             24  com.intellij.util.EnvironmentUtil$2
6578:             1             24  [Lcom.intellij.lang.folding.CustomFoldingProvider;
6579:             1             24  com.intellij.ide.actions.CreateDirectoryOrPackageAction
6580:             1             24  javax.swing.text.DefaultEditorKit$PasteAction
6581:             1             24  com.intellij.testIntegration.TestIntegrationUtils$MethodKind$3
6582:             1             24  git4idea.config.GitVersionSpecialty$1
6583:             1             24  com.intellij.javaee.PsiExternalResourceNotifier$1
6584:             1             24  sun.awt.PostEventQueue
6585:             1             24  org.jetbrains.plugins.scala.lang.psi.stubs.elements.signatures.ScParamClausesElementType
6586:             1             24  com.intellij.ide.actions.AboutAction
6587:             1             24  com.intellij.codeInsight.template.actions.SaveAsTemplateAction
6588:             1             24  com.intellij.semantic.SemServiceImpl$7
6589:             1             24  com.intellij.pom.xml.impl.XmlAspectImpl
6590:             1             24  org.jetbrains.plugins.groovy.annotator.ConfigureGroovyLibraryNotificationProvider$1
6591:             1             24  scala.xml.TopScope$
6592:             1             24  com.intellij.codeInsight.hint.TooltipController
6593:             1             24  sun.dc.pr.Rasterizer$ConsumerDisposer
6594:             1             24  com.intellij.openapi.vcs.changes.ui.ChangesTreeList$12
6595:             1             24  sun.management.ThreadImpl
6596:             1             24  com.intellij.psi.search.FileTypeIndex
6597:             1             24  com.intellij.execution.junit.JUnitConfigurationType$1
6598:             1             24  com.intellij.openapi.vcs.changes.actions.MoveChangesToAnotherListAction
6599:             1             24  com.google.common.base.Joiner$1
6600:             1             24  org.jetbrains.idea.maven.project.actions.ToggleSkipTestsAction
6601:             1             24  [Lorg.jetbrains.idea.maven.server.MavenServerSettings$UpdatePolicy;
6602:             1             24  [Lcom.intellij.psi.ResolveScopeEnlarger;
6603:             1             24  org.jetbrains.plugins.groovy.lang.parser.GroovyElementTypes$1
6604:             1             24  com.intellij.openapi.vcs.actions.SelectedBlockHistoryAction
6605:             1             24  com.intellij.uiDesigner.actions.ReloadCustomComponentsAction
6606:             1             24  com.intellij.ide.actions.RestoreDefaultLayoutAction
6607:             1             24  org.jetbrains.plugins.github.GithubShareAction
6608:             1             24  com.intellij.openapi.vcs.impl.VcsEventsListenerManagerImpl
6609:             1             24  com.intellij.ide.actions.CloseAllEditorsButActiveAction
6610:             1             24  com.intellij.ui.docking.impl.DockManagerImpl$2
6611:             1             24  org.jetbrains.plugins.scala.testingSupport.test.scalatest.ScalaTestRunConfigurationFactory
6612:             1             24  com.intellij.codeInsight.daemon.impl.JavaLineMarkerProvider
6613:             1             24  [Lcom.intellij.util.ui.UIUtil$FontColor;
6614:             1             24  com.intellij.xml.actions.validate.ValidateXmlAction
6615:             1             24  org.jetbrains.plugins.groovy.lang.parser.GroovyElementTypes$17
6616:             1             24  com.intellij.ide.ui.laf.darcula.ui.DarculaTextFieldUI$3
6617:             1             24  javax.swing.text.StyledEditorKit$UnderlineAction
6618:             1             24  com.intellij.testIntegration.TestIntegrationUtils$MethodKind$4
6619:             1             24  git4idea.config.GitVersionSpecialty$2
6620:             1             24  javax.swing.plaf.synth.SynthBorder
6621:             1             24  com.intellij.ide.plugins.PluginClassCache
6622:             1             24  com.intellij.util.EnvironmentUtil$3
6623:             1             24  com.intellij.ide.actions.PasteAction
6624:             1             24  org.jetbrains.plugins.scala.console.RunConsoleAction
6625:             1             24  org.intellij.plugins.intelliLang.inject.DefaultLanguageInjector
6626:             1             24  com.intellij.ide.actions.SwapPanelsAction
6627:             1             24  org.jetbrains.idea.svn.actions.ShowPropertiesDiffAction
6628:             1             24  org.jetbrains.plugins.scala.editor.mouseHandler.MouseHoverHandler$6
6629:             1             24  com.intellij.openapi.module.impl.ModuleManagerImpl$ModulePath
6630:             1             24  com.intellij.openapi.fileTypes.FileTypeExtensionFactory
6631:             1             24  org.jetbrains.plugins.groovy.gant.GantSettings
6632:             1             24  sun.rmi.transport.DGCImpl
6633:             1             24  com.intellij.internal.psiView.PsiViewerAction
6634:             1             24  java.awt.Window$WindowDisposerRecord
6635:             1             24  com.intellij.ide.IdeEventQueue$WindowsAltSupressor
6636:             1             24  com.intellij.openapi.vcs.changes.actions.ScheduleForAdditionAction
6637:             1             24  org.jetbrains.plugins.scala.lang.psi.types.Null$
6638:             1             24  com.intellij.psi.impl.EmptyFileManager
6639:             1             24  org.jetbrains.plugins.groovy.lang.parser.GroovyElementTypes$2
6640:             1             24  com.intellij.util.containers.CharTrie$Node
6641:             1             24  com.intellij.openapi.editor.impl.StripedIDGenerator
6642:             1             24  com.intellij.cvsSupport2.actions.GlobalSettingsAction
6643:             1             24  com.intellij.ide.navigationToolbar.NavBarBorder
6644:             1             24  com.intellij.byteCodeViewer.ShowByteCodeAction
6645:             1             24  com.intellij.codeInsight.daemon.impl.DaemonListeners$1
6646:             1             24  com.intellij.openapi.vcs.actions.CompareWithSelectedRevisionAction
6647:             1             24  [Lcom.intellij.debugger.engine.evaluation.CodeFragmentKind;
6648:             1             24  com.intellij.openapi.diagnostic.LoggerRt$IdeaFactory$1
6649:             1             24  com.intellij.openapi.project.impl.ProjectManagerImpl$2$1
6650:             1             24  [Lcom.intellij.openapi.fileEditor.impl.EditorTabTitleProvider;
6651:             1             24  sun.nio.cs.ThreadLocalCoders$1
6652:             1             24  com.intellij.xml.actions.xmlbeans.GenerateSchemaFromInstanceDocumentAction
6653:             1             24  com.intellij.util.io.storage.RecordsTable
6654:             1             24  org.intellij.lang.xpath.xslt.impl.XsltSymbolIndex$2
6655:             1             24  git4idea.config.GitVersionSpecialty$3
6656:             1             24  com.intellij.find.actions.FindUsagesAction$ShowSettingsAndFindUsages
6657:             1             24  git4idea.history.browser.LowLevelAccessImpl
6658:             1             24  com.intellij.codeInsight.daemon.impl.analysis.XmlHighlightVisitor$1
6659:             1             24  [Ljavax.swing.text.html.StyleSheet$BoxPainter$HorizontalMargin;
6660:             1             24  com.intellij.refactoring.actions.RenameFileAction
6661:             1             24  [Lcom.intellij.codeInspection.FileCheckingInspection;
6662:             1             24  java.util.concurrent.TimeUnit$1
6663:             1             24  scala.collection.mutable.ArrayBuffer
6664:             1             24  com.intellij.compiler.server.BuildManager$ProjectWatcher
6665:             1             24  [Lcom.intellij.psi.search.TodoPattern;
6666:             1             24  com.intellij.ide.actions.NewElementAction
6667:             1             24  com.intellij.util.indexing.FileBasedIndexImpl$2
6668:             1             24  git4idea.history.wholeTree.GitLogDetailsPanel$1
6669:             1             24  org.jetbrains.plugins.scala.lang.psi.stubs.elements.ScAnnotationElementType
6670:             1             24  com.intellij.psi.search.searches.SuperMethodsSearch
6671:             1             24  com.intellij.ide.actions.BackAction
6672:             1             24  com.intellij.psi.codeStyle.AppCodeStyleSettingsManager
6673:             1             24  com.intellij.ide.actions.SaveFileAsTemplateAction
6674:             1             24  org.jetbrains.idea.maven.navigator.actions.MavenTreeAction$CollapseAll
6675:             1             24  net.sf.cglib.core.MethodWrapper$MethodWrapperKey$$KeyFactoryByCGLIB$$d45e49f7
6676:             1             24  sun.misc.JarIndex
6677:             1             24  com.intellij.ide.actions.SyncViewsAction
6678:             1             24  com.intellij.notification.impl.IdeNotificationArea$2
6679:             1             24  com.intellij.codeInspection.ex.InspectionToolRegistrar
6680:             1             24  org.zmlx.hg4idea.action.HgUpdateToAction
6681:             1             24  [Lcom.intellij.codeInsight.preview.PreviewHintProvider;
6682:             1             24  com.intellij.ide.actions.HideAllToolWindowsAction
6683:             1             24  com.intellij.execution.junit.AddToTestsPatternAction
6684:             1             24  org.jetbrains.plugins.groovy.lang.parser.GroovyElementTypes$3
6685:             1             24  com.intellij.codeInsight.daemon.impl.analysis.XmlHighlightVisitor$2
6686:             1             24  com.intellij.codeInsight.daemon.impl.DaemonListeners$MyAnActionListener
6687:             1             24  [Lorg.intellij.lang.xpath.context.XPathVersion;
6688:             1             24  com.intellij.cvsSupport2.actions.ConfigureCvsRootsAction
6689:             1             24  com.intellij.ide.projectView.impl.ProjectTreeBuilder$MyProblemListener
6690:             1             24  com.intellij.openapi.vcs.changes.shelf.ShelvedChangesViewManager$ShelvedChangeDeleteProvider
6691:             1             24  git4idea.history.wholeTree.Speedometer
6692:             1             24  com.intellij.codeInspection.htmlInspections.HtmlExtraClosingTagInspection
6693:             1             24  com.intellij.internal.psiView.PsiViewerForContextAction
6694:             1             24  com.intellij.codeInsight.daemon.impl.DaemonListeners$2
6695:             1             24  [Lcom.intellij.execution.RunConfigurationExtension;
6696:             1             24  com.intellij.openapi.vcs.changes.conflicts.ChangelistConflictAccessProvider
6697:             1             24  com.intellij.patterns.compiler.PatternCompilerFactoryImpl
6698:             1             24  [Lcom.intellij.lang.java.parser.StatementParser$BraceMode;
6699:             1             24  com.intellij.openapi.vcs.changes.actions.RenameChangeListAction
6700:             1             24  com.intellij.ide.projectView.impl.ModuleUrl
6701:             1             24  git4idea.config.GitVersionSpecialty$4
6702:             1             24  com.intellij.xml.XmlPsiManager$1
6703:             1             24  org.jaxen.expr.DefaultFunctionCallExpr
6704:             1             24  git4idea.history.wholeTree.UsersFilterAction$6
6705:             1             24  sun.nio.cs.ThreadLocalCoders$2
6706:             1             24  com.intellij.codeInspection.dataFlow.value.DfaUnknownValue
6707:             1             24  [Lcom.intellij.xdebugger.breakpoints.XBreakpointType;
6708:             1             24  com.intellij.openapi.diff.actions.CompareDirectoriesAction
6709:             1             24  org.jetbrains.plugins.groovy.lang.parser.GroovyElementTypes$18
6710:             1             24  java.awt.dnd.DnDEventMulticaster
6711:             1             24  org.jetbrains.plugins.scala.lang.psi.stubs.elements.signatures.ScClassParameterElementType
6712:             1             24  [Lcom.intellij.ide.DeleteProvider;
6713:             1             24  com.intellij.designer.propertyTable.PropertyTable$PropertyCellRenderer
6714:             1             24  com.intellij.ide.ui.laf.LafManagerImpl$OurPopupFactory
6715:             1             24  org.jetbrains.plugins.scala.lang.psi.stubs.elements.ScExtendsBlockElementType
6716:             1             24  javax.swing.MenuSelectionManager
6717:             1             24  org.jetbrains.plugins.scala.lang.psi.types.Singleton$
6718:             1             24  org.jetbrains.idea.maven.project.actions.EditSettingsAction
6719:             1             24  com.intellij.codeInsight.actions.ReformatCodeAction
6720:             1             24  sun.awt.X11GraphicsConfig$X11GCDisposerRecord
6721:             1             24  com.intellij.openapi.vfs.newvfs.RefreshQueueImpl
6722:             1             24  com.intellij.ide.actions.ForwardAction
6723:             1             24  com.intellij.openapi.vcs.update.RestoreUpdateTree
6724:             1             24  com.intellij.compiler.server.BuildMessageDispatcher
6725:             1             24  org.jetbrains.plugins.groovy.lang.parser.GroovyElementTypes$4
6726:             1             24  com.intellij.ide.actions.ViewToolWindowButtonsAction
6727:             1             24  [Lcom.intellij.openapi.roots.libraries.LibraryType;
6728:             1             24  com.intellij.openapi.vcs.actions.ShowBaseRevisionAction
6729:             1             24  com.intellij.openapi.vcs.actions.TabbedShowHistoryAction
6730:             1             24  java.util.concurrent.TimeUnit$2
6731:             1             24  com.intellij.openapi.components.impl.ModulePathMacroManager
6732:             1             24  com.intellij.tasks.ChangeListInfo
6733:             1             24  git4idea.config.GitVersionSpecialty$5
6734:             1             24  com.intellij.ide.projectView.impl.ProjectViewDropTarget
6735:             1             24  [Lorg.jboss.netty.channel.socket.nio.Boss;
6736:             1             24  com.intellij.compiler.actions.ProcessAnnotationsAction
6737:             1             24  [Lorg.jboss.netty.channel.socket.nio.AbstractNioWorker;
6738:             1             24  com.intellij.codeInsight.folding.impl.FoldingUpdate$2
6739:             1             24  git4idea.history.wholeTree.LoadGrowthController
6740:             1             24  org.jetbrains.idea.maven.tasks.MavenShortcutsManager$MyProjectsTreeListener
6741:             1             24  com.intellij.ide.actions.CloseActiveTabAction
6742:             1             24  org.jetbrains.plugins.groovy.lang.parser.GroovyElementTypes$19
6743:             1             24  sun.net.sdp.SdpProvider
6744:             1             24  com.intellij.find.actions.FindUsagesInFileAction
6745:             1             24  com.intellij.ide.actions.CloseAllUnmodifiedEditorsAction
6746:             1             24  com.intellij.patterns.compiler.PatternCompilerFactoryImpl$1
6747:             1             24  git4idea.history.wholeTree.GitTableScrollChangeListener$1
6748:             1             24  javax.swing.text.DefaultEditorKit$InsertBreakAction
6749:             1             24  com.intellij.diagnostic.IdeFatalErrorsIcon$1
6750:             1             24  [Lcom.intellij.ui.tabs.impl.singleRow.SingleRowLayout$RowDropPolicy;
6751:             1             24  org.jetbrains.plugins.scala.console.SendSelectionToConsoleAction
6752:             1             24  com.intellij.ide.impl.TypeSafeDataProviderAdapter
6753:             1             24  com.intellij.tasks.actions.SwitchTaskAction
6754:             1             24  com.intellij.ide.actions.ViewStatusBarAction
6755:             1             24  com.intellij.openapi.vcs.changes.actions.CreatePatchFromChangesAction
6756:             1             24  org.jetbrains.plugins.groovy.lang.parser.GroovyElementTypes$5
6757:             1             24  com.intellij.openapi.vcs.changes.actions.SetDefaultChangeListAction
6758:             1             24  git4idea.config.GitVersionSpecialty$6
6759:             1             24  com.intellij.ide.actions.HelpTopicsAction
6760:             1             24  com.intellij.framework.detection.impl.FrameworkDetectionIndex$1
6761:             1             24  com.intellij.ide.impl.DataValidator$ArrayValidator
6762:             1             24  com.intellij.ide.projectView.impl.DirectoryUrl
6763:             1             24  com.intellij.openapi.actionSystem.impl.SimpleDataContext
6764:             1             24  com.intellij.semantic.SemContributorEP
6765:             1             24  com.intellij.openapi.project.impl.ProjectManagerImpl$2
6766:             1             24  com.intellij.xml.util.XmlDuplicatedIdInspection
6767:             1             24  org.jetbrains.idea.devkit.run.PluginConfigurationType
6768:             1             24  com.intellij.codeInsight.daemon.impl.quickfix.FetchExtResourceAction
6769:             1             24  com.intellij.psi.impl.file.impl.PsiVFSListener$MyModuleRootListener
6770:             1             24  org.intellij.images.fileTypes.impl.ImageFileTypeManagerImpl$ImageFileType
6771:             1             24  com.intellij.ui.tabs.FileColorManagerImpl
6772:             1             24  [Lcom.intellij.ide.IconLayerProvider;
6773:             1             24  com.intellij.debugger.ui.tree.render.ToStringRenderer
6774:             1             24  com.intellij.openapi.vcs.changes.ui.ChangesTreeList$6
6775:             1             24  scala.sys.BooleanProp$BooleanPropImpl
6776:             1             24  com.intellij.openapi.vfs.ex.temp.TempFileSystem
6777:             1             24  org.jetbrains.plugins.scala.codeInspection.typeChecking.TypeCheckCanBeMatchInspection$
6778:             1             24  org.jetbrains.plugins.scala.lang.psi.stubs.elements.ScClassDefinitionElementType
6779:             1             24  scala.collection.Traversable$
6780:             1             24  [Lcom.intellij.semantic.SemContributorEP;
6781:             1             24  com.intellij.ui.EditorNotifications
6782:             1             24  org.jetbrains.plugins.scala.lang.psi.stubs.elements.ScIdListElementType
6783:             1             24  java.util.concurrent.TimeUnit$3
6784:             1             24  javax.swing.text.DefaultEditorKit$BeepAction
6785:             1             24  java.util.ResourceBundle$Control$CandidateListCache
6786:             1             24  [Lorg.jetbrains.plugins.scala.lang.formatting.settings.TypeAnnotationPolicy;
6787:             1             24  org.jetbrains.idea.maven.tasks.MavenTasksManagerState
6788:             1             24  org.jetbrains.plugins.gradle.service.execution.GradleExternalTaskConfigurationType
6789:             1             24  [Lcom.intellij.xml.breadcrumbs.BreadcrumbsInfoProvider;
6790:             1             24  git4idea.history.wholeTree.GitLogUI$13
6791:             1             24  org.jetbrains.idea.maven.importing.Groovy_1_0_Importer
6792:             1             24  git4idea.config.GitVersionSpecialty$7
6793:             1             24  com.intellij.util.xml.impl.DomManagerImpl$1
6794:             1             24  com.intellij.ide.actions.ViewNavigationBarAction
6795:             1             24  com.intellij.packaging.impl.artifacts.ArtifactVirtualFileListener
6796:             1             24  com.intellij.patterns.compiler.PatternCompilerFactoryImpl$2
6797:             1             24  org.jetbrains.plugins.groovy.lang.parser.GroovyElementTypes$6
6798:             1             24  sun.font.FontConfigManager$FontConfigInfo
6799:             1             24  javax.swing.plaf.basic.BasicTableUI$TableTransferHandler
6800:             1             24  [Ljava.net.InetAddress$Cache$Type;
6801:             1             24  org.jetbrains.idea.maven.model.MavenRemoteRepository$Policy
6802:             1             24  scala.collection.Iterable$
6803:             1             24  com.intellij.ide.actions.JumpToLastWindowAction
6804:             1             24  com.intellij.util.config.ValueProperty
6805:             1             24  com.intellij.openapi.vcs.changes.conflicts.ChangelistConflictFileStatusProvider
6806:             1             24  org.jetbrains.idea.svn.actions.SetPropertyAction
6807:             1             24  org.apache.velocity.runtime.ParserPoolImpl
6808:             1             24  com.intellij.util.io.BaseOutputReader$AdaptiveSleepingPolicy
6809:             1             24  com.intellij.lang.ant.config.impl.AntToolwindowRegistrar$1
6810:             1             24  org.jetbrains.idea.maven.indices.MavenProjectIndicesManager
6811:             1             24  org.jetbrains.plugins.scala.lang.psi.types.Unit$
6812:             1             24  com.intellij.codeInsight.daemon.impl.DaemonListeners$8
6813:             1             24  com.intellij.facet.impl.pointers.FacetPointersManagerImpl$MyModuleListener
6814:             1             24  [Ljava.lang.management.MemoryType;
6815:             1             24  com.intellij.codeInsight.highlighting.actions.HighlightUsagesAction
6816:             1             24  com.intellij.ide.actions.CreateLauncherScriptAction
6817:             1             24  org.jetbrains.idea.maven.project.actions.OpenOrCreateSettingsXmlAction
6818:             1             24  com.intellij.psi.statistics.impl.StatisticsManagerImpl
6819:             1             24  org.jetbrains.plugins.scala.caches.ScalaShortNamesCacheManager
6820:             1             24  com.intellij.ide.projectView.impl.ModuleGroupUrl
6821:             1             24  org.jetbrains.idea.maven.navigator.MavenProjectsNavigator$7
6822:             1             24  com.intellij.ide.ui.customization.CustomizationUtil$3
6823:             1             24  org.jetbrains.idea.devkit.run.PluginConfigurationType$1
6824:             1             24  com.intellij.codeInsight.daemon.impl.analysis.HtmlUnknownAnchorTargetInspection
6825:             1             24  org.jetbrains.idea.maven.importing.Groovy_1_1_plus_Importer
6826:             1             24  com.intellij.openapi.vcs.changes.ui.ChangesViewContentManager$1$1
6827:             1             24  com.intellij.ui.EditorNotifications$1
6828:             1             24  com.intellij.openapi.fileTypes.impl.NativeFileIconProvider
6829:             1             24  com.intellij.ide.impl.PsiElementArrayDataValidator
6830:             1             24  com.intellij.openapi.vcs.VcsVFSListener$MyCommandAdapter
6831:             1             24  com.intellij.pom.core.impl.PomModelImpl$1
6832:             1             24  com.intellij.openapi.externalSystem.service.execution.AbstractExternalSystemTaskConfigurationType$1
6833:             1             24  com.intellij.ide.actions.CloseAllUnpinnedEditorsAction
6834:             1             24  com.sun.java.swing.plaf.gtk.GTKStyleFactory
6835:             1             24  com.intellij.openapi.vcs.changes.conflicts.ChangelistConflictTracker$2
6836:             1             24  com.intellij.ide.actions.TemplateProjectPropertiesAction
6837:             1             24  git4idea.history.wholeTree.GitLogUI$DataProviderPanel$1
6838:             1             24  [Ljavax.swing.UIDefaults;
6839:             1             24  org.jetbrains.plugins.gradle.config.GradleScriptTypeDetector
6840:             1             24  com.intellij.packageDependencies.actions.AnalyzeDependenciesOnSpecifiedTargetAction
6841:             1             24  com.intellij.openapi.vcs.changes.ShortDiffDetails$3
6842:             1             24  org.jetbrains.plugins.scala.lang.psi.types.Boolean$
6843:             1             24  org.jetbrains.plugins.scala.lang.psi.stubs.elements.ScAnnotationsElementType
6844:             1             24  [Lcom.intellij.openapi.vcs.VcsConfiguration$StandardConfirmation;
6845:             1             24  [Lcom.intellij.codeInsight.daemon.ProblemHighlightFilter;
6846:             1             24  com.intellij.ide.actions.ExternalJavaDocAction
6847:             1             24  com.intellij.lang.ant.config.impl.AntToolwindowRegistrar$2
6848:             1             24  org.intellij.plugins.intelliLang.inject.config.XPathSupportProxyImpl
6849:             1             24  com.intellij.designer.propertyTable.PropertyTable$PropertyTableModel
6850:             1             24  org.jetbrains.plugins.groovy.lang.parser.GroovyElementTypes$20
6851:             1             24  org.zmlx.hg4idea.action.HgMarkResolved
6852:             1             24  org.jetbrains.plugins.groovy.actions.generate.missing.GroovyGenerateMethodMissingHandler
6853:             1             24  [Lcom.intellij.openapi.ide.CutElementMarker;
6854:             1             24  com.intellij.openapi.vcs.changes.patch.CreatePatchCommitExecutor
6855:             1             24  java.util.concurrent.TimeUnit$4
6856:             1             24  [Lcom.intellij.lang.ExternalAnnotatorsFilter;
6857:             1             24  com.intellij.ide.actions.ViewStructureAction
6858:             1             24  com.intellij.ide.actions.PreviousOccurenceAction
6859:             1             24  [Lcom.intellij.openapi.vcs.impl.FileStatusProvider;
6860:             1             24  org.jetbrains.jps.service.impl.JpsServiceManagerImpl
6861:             1             24  org.apache.velocity.util.SimplePool
6862:             1             24  com.intellij.ui.tabs.impl.JBTabsImpl$TabActionsAutoHideListener
6863:             1             24  com.intellij.notification.EventLogConsole
6864:             1             24  git4idea.history.wholeTree.GitLogUI$CommentSearchContext
6865:             1             24  com.intellij.openapi.vcs.changes.actions.IgnoredSettingsAction
6866:             1             24  com.intellij.openapi.vcs.changes.ui.ChangesTreeList$7
6867:             1             24  git4idea.diff.GitDiffProvider
6868:             1             24  com.intellij.ide.bookmarks.BookmarkManager
6869:             1             24  org.jetbrains.plugins.scala.lang.psi.types.Char$
6870:             1             24  com.intellij.openapi.util.KeyedExtensionFactory$1
6871:             1             24  javax.swing.plaf.metal.MetalLabelUI
6872:             1             24  javax.imageio.ImageIO$SpiInfo$1
6873:             1             24  com.intellij.codeInsight.actions.OptimizeImportsAction
6874:             1             24  com.intellij.ide.projectView.impl.PsiFileUrl
6875:             1             24  com.intellij.ide.startupWizard.StartupWizardAction
6876:             1             24  com.intellij.compiler.actions.BuildArtifactAction
6877:             1             24  com.intellij.codeEditor.printing.PrintAction
6878:             1             24  com.intellij.ide.FrameStateManagerImpl$3
6879:             1             24  org.jetbrains.plugins.scala.finder.ScalaClassFinder
6880:             1             24  org.jetbrains.plugins.groovy.lang.parser.GroovyElementTypes$21
6881:             1             24  com.intellij.openapi.wm.impl.status.IdeStatusBarImpl$2
6882:             1             24  javax.swing.JComponent$IntVector
6883:             1             24  [Lcom.intellij.psi.ResolveScopeProvider;
6884:             1             24  org.zmlx.hg4idea.provider.HgCachingCommitedChangesProvider
6885:             1             24  scala.collection.mutable.Buffer$
6886:             1             24  com.intellij.ui.ListExpandableItemsHandler$1
6887:             1             24  com.intellij.psi.search.searches.DirectClassInheritorsSearch
6888:             1             24  com.intellij.psi.search.GlobalSearchScope$EmptyScope
6889:             1             24  com.intellij.facet.impl.pointers.FacetPointersManagerImpl
6890:             1             24  com.intellij.compiler.actions.CompileAction
6891:             1             24  com.intellij.openapi.editor.actions.ToggleShowWhitespacesAction
6892:             1             24  git4idea.config.GitVcsApplicationSettings$State
6893:             1             24  com.intellij.openapi.vcs.actions.AnnotateToggleAction
6894:             1             24  javax.imageio.ImageIO$SpiInfo$2
6895:             1             24  java.awt.KeyboardFocusManager$HeavyweightFocusRequest
6896:             1             24  org.jetbrains.plugins.scala.lang.psi.types.Int$
6897:             1             24  com.intellij.codeInsight.daemon.impl.EditorTracker$MyEditorFactoryListener
6898:             1             24  [Lcom.intellij.openapi.util.Pair;
6899:             1             24  [Lcom.intellij.openapi.wm.ex.FrameEditorComponentProvider;
6900:             1             24  java.util.concurrent.TimeUnit$5
6901:             1             24  org.jetbrains.plugins.groovy.lang.psi.stubs.elements.GrEnumConstantElementType
6902:             1             24  com.intellij.openapi.components.impl.ModuleServiceManagerImpl
6903:             1             24  com.intellij.find.actions.FindInPathAction
6904:             1             24  com.intellij.moduleDependencies.ShowModuleDependenciesAction
6905:             1             24  com.sun.jna.WeakIdentityHashMap
6906:             1             24  git4idea.actions.GitCompareWithBranchAction
6907:             1             24  com.intellij.codeInsight.folding.impl.JavaCodeFoldingSettingsImpl
6908:             1             24  com.intellij.ide.actions.TemplateProjectStructureAction
6909:             1             24  com.intellij.openapi.roots.impl.libraries.LibraryTableBase$LibraryModel
6910:             1             24  org.intellij.plugins.xpathView.search.FindByXPathAction
6911:             1             24  org.jetbrains.plugins.groovy.lang.parser.GroovyElementTypes$22
6912:             1             24  java.net.Inet4AddressImpl
6913:             1             24  javax.imageio.ImageIO$SpiInfo$3
6914:             1             24  com.intellij.execution.impl.ConsoleViewImpl$ClearAllAction
6915:             1             24  com.intellij.ui.ListExpandableItemsHandler$2
6916:             1             24  sun.nio.cs.UTF_8
6917:             1             24  com.intellij.util.io.OpenChannelsCache
6918:             1             24  [Lcom.intellij.openapi.vcs.changes.VcsChangeDetailsProvider;
6919:             1             24  com.intellij.codeInsight.daemon.impl.DaemonListeners$3
6920:             1             24  org.jetbrains.plugins.scala.lang.psi.stubs.elements.ScFieldIdElementType
6921:             1             24  com.intellij.compiler.CompilerManagerImpl$1
6922:             1             24  com.intellij.debugger.ui.JavaDebuggerSupport$JavaBreakpointPanelProvider$MyBreakpointManagerListener
6923:             1             24  com.intellij.ide.actions.NextOccurenceAction
6924:             1             16  org.jetbrains.idea.svn.checkout.SvnCheckoutProvider
6925:             1             16  com.intellij.openapi.vcs.changes.conflicts.ChangelistConflictNotificationProvider
6926:             1             16  com.intellij.psi.impl.PsiShortNamesCacheImpl
6927:             1             16  com.intellij.lang.java.JavaParserDefinition
6928:             1             16  com.intellij.ide.projectView.impl.ProjectViewImpl$12
6929:             1             16  git4idea.history.wholeTree.GitLogUI$6
6930:             1             16  org.jetbrains.plugins.javaFX.fxml.codeInsight.JavaFxRelatedItemLineMarkerProvider
6931:             1             16  com.intellij.openapi.vcs.changes.RemoteRevisionsCache$1
6932:             1             16  net.sf.cglib.proxy.AdvancedProxy$2
6933:             1             16  com.intellij.util.CommonProcessors$2
6934:             1             16  com.intellij.compiler.server.BuildManager$ProjectWatcher$2
6935:             1             16  com.intellij.slicer.SliceForwardHandler
6936:             1             16  com.intellij.xdebugger.impl.XDebuggerManagerImpl$1
6937:             1             16  com.intellij.util.xml.converters.PathReferenceConverter
6938:             1             16  com.intellij.util.ReflectionCache$5
6939:             1             16  [Lcom.intellij.openapi.extensions.impl.ExtensionComponentAdapter;
6940:             1             16  com.intellij.openapi.vcs.changes.shelf.ShelvedChangesViewManager$1
6941:             1             16  com.intellij.psi.impl.source.tree.JavaElementType$3$1
6942:             1             16  com.intellij.openapi.util.io.FileUtilRt$1
6943:             1             16  com.intellij.psi.util.TypeConversionUtil$13
6944:             1             16  com.intellij.xdebugger.impl.actions.handlers.XDebuggerSmartStepIntoHandler
6945:             1             16  com.intellij.codeInsight.daemon.impl.TrafficLightRenderer$1
6946:             1             16  com.intellij.psi.impl.include.FileIncludeIndex$5
6947:             1             16  sun.awt.geom.AreaOp$1
6948:             1             16  com.intellij.cvsSupport2.ui.Options$1
6949:             1             16  com.intellij.lang.ant.AntHighlightRangeExtension
6950:             1             16  org.jetbrains.plugins.scala.lang.parser.parsing.TopStat$
6951:             1             16  org.jetbrains.plugins.scala.lang.parser.parsing.params.Params$
6952:             1             16  com.intellij.designer.palette.PalettePanel$1
6953:             1             16  com.intellij.psi.stubs.StubUpdatingIndex$1
6954:             1             16  sun.reflect.GeneratedConstructorAccessor31
6955:             1             16  org.jboss.netty.logging.JdkLoggerFactory
6956:             1             16  com.intellij.openapi.vcs.changes.VetoSavingCommittingDocumentsAdapter
6957:             1             16  org.jetbrains.plugins.scala.ScalaLoader$1
6958:             1             16  com.intellij.psi.controlFlow.LocalsOrMyInstanceFieldsControlFlowPolicy
6959:             1             16  sun.reflect.GeneratedMethodAccessor32
6960:             1             16  com.intellij.debugger.ui.breakpoints.FieldBreakpointFactory
6961:             1             16  com.intellij.openapi.progress.ProgressManager$1
6962:             1             16  com.intellij.ide.FileIconPatcherImpl
6963:             1             16  scala.collection.immutable.HashSet$
6964:             1             16  com.intellij.ide.projectView.impl.ClassesTreeStructureProvider
6965:             1             16  com.intellij.lang.java.parser.JavaParserUtil$TrailingWhitespacesAndCommentsBinder
6966:             1             16  com.intellij.xml.breadcrumbs.BreadcrumbsLoaderComponent$MyFileEditorManagerListener
6967:             1             16  com.intellij.openapi.vcs.ThreadLocalDefendedInvoker$1
6968:             1             16  com.intellij.execution.console.LanguageConsoleImpl$6
6969:             1             16  org.apache.log4j.or.DefaultRenderer
6970:             1             16  $Proxy88
6971:             1             16  javax.swing.text.SimpleAttributeSet$EmptyAttributeSet
6972:             1             16  org.jetbrains.idea.eclipse.config.EclipseFileType
6973:             1             16  com.intellij.openapi.vcs.changes.VcsChangeDetailsManager$1
6974:             1             16  com.intellij.notification.EventLog
6975:             1             16  sun.java2d.pipe.AlphaColorPipe
6976:             1             16  org.intellij.plugins.intelliLang.pattern.compiler.impl.PatternValidationCompiler
6977:             1             16  com.intellij.openapi.application.impl.ApplicationImpl$4
6978:             1             16  org.jetbrains.idea.maven.utils.MavenMergingUpdateQueue$5
6979:             1             16  sun.reflect.GeneratedMethodAccessor10
6980:             1             16  com.intellij.codeInsight.folding.impl.actions.ExpandRegionAction$1
6981:             1             16  com.intellij.openapi.vfs.VirtualFileFilter$2
6982:             1             16  git4idea.history.wholeTree.GitLogUI$29
6983:             1             16  com.intellij.packaging.impl.artifacts.ArtifactManagerImpl$1
6984:             1             16  com.intellij.debugger.actions.ShowExecutionPointActionHandler
6985:             1             16  javax.swing.ToolTipManager$stillInsideTimerAction
6986:             1             16  org.jetbrains.idea.maven.tasks.MavenTasksManager$1
6987:             1             16  com.intellij.openapi.wm.impl.IdeFrameImpl$4
6988:             1             16  com.intellij.ui.EditorNotifications$2
6989:             1             16  org.jetbrains.idea.devkit.references.IconsReferencesContributor
6990:             1             16  org.jetbrains.plugins.scala.compiler.ServerMediator
6991:             1             16  com.intellij.util.CommonProcessors$3
6992:             1             16  com.intellij.openapi.vcs.IssueNavigationConfiguration
6993:             1             16  com.sun.java.swing.plaf.gtk.GTKPainter
6994:             1             16  org.intellij.plugins.intelliLang.inject.InjectorUtils$1
6995:             1             16  com.intellij.openapi.util.io.FileUtilRt$2
6996:             1             16  org.jetbrains.plugins.groovy.config.GroovyRunConfigurationConverterProvider
6997:             1             16  com.intellij.openapi.roots.impl.DirectoryInfo$3
6998:             1             16  $Proxy73
6999:             1             16  com.intellij.psi.util.TypeConversionUtil$14
7000:             1             16  javax.swing.plaf.basic.BasicPopupMenuUI$MenuKeyboardHelper$1
7001:             1             16  [Lcom.intellij.execution.actions.ConsoleActionsPostProcessor;
7002:             1             16  com.intellij.util.config.Externalizer$StorageExternalizer
7003:             1             16  com.intellij.execution.console.LanguageConsoleImpl$12
7004:             1             16  [Ljava.net.URL;
7005:             1             16  com.intellij.codeInsight.daemon.impl.IndentsPass$1
7006:             1             16  java.lang.ProcessEnvironment$StringKeySet
7007:             1             16  com.intellij.xdebugger.impl.breakpoints.XLineBreakpointManager$MyDocumentListener
7008:             1             16  com.intellij.codeInspection.ex.JavaInspectionExtensionsFactory
7009:             1             16  com.intellij.psi.util.PsiMethodUtil$1
7010:             1             16  com.intellij.openapi.diff.impl.patch.formove.FilePathComparator
7011:             1             16  com.intellij.openapi.wm.impl.ToolWindowManagerImpl$MyInternalDecoratorListener
7012:             1             16  com.intellij.facet.impl.FacetTypeRegistryImpl$2
7013:             1             16  com.intellij.psi.impl.source.tree.JavaElementType$4$1
7014:             1             16  com.intellij.psi.impl.cache.impl.todo.TodoIndex$3
7015:             1             16  com.intellij.designer.palette.PalettePanel$2
7016:             1             16  org.jetbrains.plugins.gradle.GradleManager$1
7017:             1             16  org.apache.log4j.DefaultCategoryFactory
7018:             1             16  com.intellij.util.ReflectionCache$6
7019:             1             16  com.intellij.psi.util.PsiUtilBase$1
7020:             1             16  org.jetbrains.plugins.groovy.mvc.MvcWatchedRootProvider
7021:             1             16  com.intellij.xdebugger.impl.XDebuggerSupport$6
7022:             1             16  com.intellij.psi.stubs.StubUpdatingIndex$2
7023:             1             16  [Lcom.intellij.usageView.UsageInfo;
7024:             1             16  git4idea.history.wholeTree.GitLogUI$7
7025:             1             16  com.intellij.lang.xml.XmlSyntaxHighlighterFactory
7026:             1             16  [Lcom.intellij.psi.impl.source.PsiImportStatementBaseImpl;
7027:             1             16  com.intellij.ide.util.treeView.AbstractTreeUi$6
7028:             1             16  java.awt.Container$MouseEventTargetFilter
7029:             1             16  sun.reflect.GeneratedMethodAccessor42
7030:             1             16  com.intellij.codeInsight.daemon.impl.WholeFileLocalInspectionsPassFactory$2
7031:             1             16  com.intellij.cvsSupport2.ui.Options$2
7032:             1             16  com.intellij.xdebugger.impl.XDebuggerManagerImpl$2
7033:             1             16  sun.reflect.GeneratedMethodAccessor9
7034:             1             16  com.intellij.openapi.editor.ex.PrioritizedDocumentListener$1
7035:             1             16  com.intellij.codeInsight.daemon.impl.DaemonListeners$10
7036:             1             16  java.net.InetAddress$1
7037:             1             16  javax.swing.text.html.parser.ParserDelegator
7038:             1             16  org.jetbrains.plugins.javaFX.fxml.codeInsight.inspections.JavaFxImplicitUsageProvider
7039:             1             16  org.jetbrains.idea.maven.utils.MavenIconProvider
7040:             1             16  com.intellij.execution.console.LanguageConsoleImpl$7
7041:             1             16  sun.misc.ASCIICaseInsensitiveComparator
7042:             1             16  sun.reflect.GeneratedConstructorAccessor36
7043:             1             16  com.intellij.codeInsight.ExternalAnnotationsManagerImpl$1
7044:             1             16  com.intellij.openapi.progress.AbstractTaskQueue$MyWorker
7045:             1             16  org.jetbrains.idea.maven.utils.MavenMergingUpdateQueue$5$1
7046:             1             16  org.jetbrains.plugins.gradle.config.GradleScriptType
7047:             1             16  org.jetbrains.idea.maven.utils.MavenFileTypeFactory
7048:             1             16  org.jetbrains.idea.maven.tasks.MavenTasksManager$2
7049:             1             16  com.intellij.spellchecker.SpellCheckerSeveritiesProvider
7050:             1             16  com.intellij.ide.palette.impl.PaletteWindow$MyListSelectionListener
7051:             1             16  com.intellij.codeInsight.daemon.impl.DaemonListeners$4
7052:             1             16  net.sf.cglib.proxy.FixedValueGenerator
7053:             1             16  com.intellij.ide.JavaLanguageCodeStyleSettingsProvider
7054:             1             16  sun.java2d.pipe.NullPipe
7055:             1             16  com.intellij.codeInsight.hint.HintManagerImpl$2
7056:             1             16  com.intellij.psi.util.TypeConversionUtil$15
7057:             1             16  scala.collection.immutable.Map$
7058:             1             16  com.intellij.ui.SearchTextField$2
7059:             1             16  org.jetbrains.plugins.groovy.lang.psi.impl.javaView.GroovyClassFinder
7060:             1             16  com.intellij.openapi.roots.impl.libraries.ProjectLibraryTable$LibraryStateSplitter
7061:             1             16  org.jetbrains.plugins.scala.lang.parser.parsing.statements.FunDef$
7062:             1             16  [Lcom.intellij.psi.impl.source.PsiImportStatementImpl;
7063:             1             16  com.intellij.util.Timed$1
7064:             1             16  com.intellij.codeInsight.problems.WolfTheProblemSolverImpl$3
7065:             1             16  org.apache.log4j.spi.DefaultRepositorySelector
7066:             1             16  org.jetbrains.plugins.scala.lang.parser.parsing.params.Param$
7067:             1             16  com.intellij.psi.impl.JavaPsiImplementationHelperImpl
7068:             1             16  com.intellij.psi.impl.source.codeStyle.CodeStyleManagerImpl$1
7069:             1             16  org.jetbrains.plugins.scala.Misc$
7070:             1             16  com.intellij.ide.highlighter.DTDFileType
7071:             1             16  net.sf.cglib.proxy.NoOp$1
7072:             1             16  git4idea.history.wholeTree.CommitIReorderingInsideOneRepoComparator
7073:             1             16  scala.collection.convert.Wrappers$DictionaryWrapper$
7074:             1             16  com.intellij.ui.MouseDragHelper$1
7075:             1             16  com.intellij.openapi.options.SchemesManagerFactoryImpl
7076:             1             16  com.intellij.util.config.Externalizer$3
7077:             1             16  com.intellij.xdebugger.impl.XDebuggerSupport$7
7078:             1             16  com.intellij.psi.impl.include.FileIncludeIndex$3
7079:             1             16  com.intellij.ide.projectView.impl.ProjectTreeBuilder$1
7080:             1             16  com.intellij.ide.projectView.impl.ProjectViewImpl$1
7081:             1             16  [Lcom.intellij.application.options.PathMacroExpandableProtocolBean;
7082:             1             16  com.intellij.execution.impl.DefaultJavaProgramRunner
7083:             1             16  sun.reflect.GeneratedConstructorAccessor6
7084:             1             16  com.intellij.concurrency.AsyncFutureFactoryImpl
7085:             1             16  com.intellij.openapi.editor.actions.ToggleCaseAction$Handler
7086:             1             16  com.intellij.ide.util.treeView.AbstractTreeUi$3
7087:             1             16  javax.swing.text.GlyphPainter1
7088:             1             16  com.intellij.ide.ui.laf.LafManagerImpl$2
7089:             1             16  com.intellij.openapi.vcs.changes.ShortDiffDetails$4
7090:             1             16  org.intellij.lang.xpath.xslt.util.XsltCodeInsightUtil$2
7091:             1             16  com.intellij.util.config.AbstractProperty$1
7092:             1             16  com.intellij.ide.projectView.impl.PackageViewPane$MyDeletePSIElementProvider
7093:             1             16  sun.misc.GC$LatencyLock
7094:             1             16  org.intellij.plugins.intelliLang.inject.groovy.GroovyLanguageInjectionSupport
7095:             1             16  com.intellij.psi.impl.ElementPresentationUtil$1
7096:             1             16  org.jetbrains.jps.model.serialization.java.compiler.AnnotationProcessorProfileSerializer$1
7097:             1             16  com.intellij.execution.executors.DefaultRunExecutor
7098:             1             16  $Proxy52
7099:             1             16  com.intellij.lang.properties.parsing.PropertiesParserDefinition
7100:             1             16  com.intellij.ui.ExpandableItemsHandlerFactory$1
7101:             1             16  java.lang.String$CaseInsensitiveComparator
7102:             1             16  org.jetbrains.plugins.scala.lang.parser.parsing.top.Qual_Id$
7103:             1             16  com.intellij.AbstractBundle$1
7104:             1             16  com.intellij.util.io.IntInlineKeyDescriptor
7105:             1             16  javax.swing.ToolTipManager$MoveBeforeEnterListener
7106:             1             16  com.intellij.openapi.fileEditor.impl.text.PsiAwareTextEditorProvider
7107:             1             16  com.intellij.codeInsight.folding.CodeFoldingSettingsImpl
7108:             1             16  com.intellij.cvsSupport2.ui.Options$3
7109:             1             16  com.intellij.psi.impl.cache.impl.todo.TodoIndex$4
7110:             1             16  com.intellij.openapi.vcs.changes.ChangesViewManager$MyChangeListListener
7111:             1             16  com.intellij.openapi.compiler.CompilerPaths$1
7112:             1             16  com.intellij.codeInsight.template.impl.TemplateManagerImpl$1
7113:             1             16  org.jetbrains.idea.maven.project.MavenProjectsManager$2
7114:             1             16  com.intellij.codeInspection.i18n.JavaI18nUtil$1
7115:             1             16  [Lcom.intellij.psi.PsiClass;
7116:             1             16  git4idea.history.wholeTree.GitLogUI$8
7117:             1             16  org.jetbrains.plugins.javaFX.fxml.refs.JavaFxControllerFieldSearcher
7118:             1             16  com.intellij.ide.commander.CommanderToolWindowFactory
7119:             1             16  com.intellij.vcsUtil.MoreAction$1
7120:             1             16  com.intellij.psi.util.TypeConversionUtil$16
7121:             1             16  com.intellij.openapi.vcs.update.ActionInfo$2
7122:             1             16  sun.reflect.GeneratedConstructorAccessor24
7123:             1             16  com.intellij.codeInsight.folding.impl.actions.CollapseRegionAction$1
7124:             1             16  [Lcom.intellij.codeInsight.daemon.impl.HighlightInfo;
7125:             1             16  sun.awt.image.PixelConverter
7126:             1             16  org.jetbrains.plugins.groovy.runner.GroovyScriptRunConfigurationType
7127:             1             16  com.intellij.psi.util.PsiMatcherImpl$NullPsiMatcherImpl
7128:             1             16  sun.java2d.pipe.GeneralCompositePipe
7129:             1             16  com.intellij.execution.rmi.RemoteUtil$1
7130:             1             16  sun.awt.X11.XToolkit$3
7131:             1             16  org.jetbrains.idea.maven.project.MavenProjectsManager$4
7132:             1             16  com.intellij.ide.palette.impl.PaletteWindow$1
7133:             1             16  [Lcom.intellij.psi.infos.CandidateInfo;
7134:             1             16  java.rmi.server.RMIClassLoader$2
7135:             1             16  gnu.trove.TObjectIdentityHashingStrategy
7136:             1             16  org.jetbrains.plugins.scala.lang.parser.util.ParserPatcher$1
7137:             1             16  git4idea.GitUtil$1
7138:             1             16  com.intellij.psi.impl.source.PsiImportStatementImpl$1
7139:             1             16  sun.reflect.GeneratedConstructorAccessor20
7140:             1             16  com.intellij.debugger.actions.EvaluateActionHandler
7141:             1             16  com.intellij.lang.java.parser.StatementParser
7142:             1             16  org.jetbrains.plugins.groovy.dsl.GroovyDslFileIndex$MyInputFilter
7143:             1             16  [Lcom.intellij.debugger.InstanceFilter;
7144:             1             16  org.jetbrains.plugins.scala.ScalaFileTypeFactory
7145:             1             16  java.awt.Image$1
7146:             1             16  org.jetbrains.plugins.scala.components.ScalaDefsProjectViewProvider
7147:             1             16  com.intellij.ui.MouseDragHelper$3
7148:             1             16  com.intellij.openapi.wm.impl.IdeRootPane$MyUISettingsListenerImpl
7149:             1             16  com.intellij.openapi.wm.impl.ToolWindowsPane$MyUISettingsListenerImpl
7150:             1             16  sun.awt.NullComponentPeer
7151:             1             16  scala.math.Equiv$
7152:             1             16  com.intellij.codeInsight.daemon.impl.CodeFoldingPassFactory
7153:             1             16  com.intellij.codeInsight.problems.WolfTheProblemSolverImpl$4
7154:             1             16  com.intellij.openapi.file.exclude.EnforcedPlainTextFileTypeFactory$1
7155:             1             16  com.intellij.featureStatistics.XmlProductivityFeatureProvider
7156:             1             16  com.intellij.util.io.fs.IoFileSystem
7157:             1             16  java.security.ProtectionDomain$1
7158:             1             16  com.intellij.openapi.wm.impl.ToolWindowManagerImpl$8
7159:             1             16  com.intellij.util.containers.Convertor$IntoSelf
7160:             1             16  com.intellij.openapi.vcs.impl.FileStatusManagerImpl$FileStatusNull
7161:             1             16  org.jetbrains.plugins.groovy.extensions.GroovyScriptTypeDetector$1
7162:             1             16  [Lorg.jetbrains.plugins.scala.lang.parser.util.ParserPatcher;
7163:             1             16  sun.reflect.GeneratedMethodAccessor14
7164:             1             16  com.intellij.xdebugger.impl.breakpoints.XLineBreakpointManager$MyEditorMouseListener
7165:             1             16  com.intellij.psi.impl.JavaConstantExpressionEvaluator$3
7166:             1             16  sun.rmi.transport.DGCImpl$1
7167:             1             16  com.intellij.psi.util.TypeConversionUtil$17
7168:             1             16  com.intellij.codeInsight.ExternalAnnotationsManagerImpl$MyVirtualFileListener
7169:             1             16  [Lcom.intellij.openapi.editor.markup.RangeHighlighter;
7170:             1             16  org.jetbrains.plugins.groovy.lang.psi.stubs.index.GrFieldNameIndex
7171:             1             16  com.intellij.ui.ExpandTipHandlerFactoryImpl
7172:             1             16  com.intellij.openapi.wm.impl.IdeFocusManagerImpl
7173:             1             16  sun.reflect.GeneratedMethodAccessor58
7174:             1             16  com.intellij.ide.highlighter.JavaClassFileType
7175:             1             16  com.intellij.psi.PsiClass$1
7176:             1             16  scala.collection.convert.Wrappers$IterableWrapper$
7177:             1             16  com.intellij.cvsSupport2.ui.Options$4
7178:             1             16  com.intellij.openapi.vcs.changes.VcsEventWatcher$1
7179:             1             16  com.intellij.psi.impl.PsiSuperMethodImplUtil$1
7180:             1             16  org.jetbrains.plugins.groovy.runner.GroovyScriptRunConfigurationType$GroovyFactory
7181:             1             16  com.intellij.util.InstanceofChecker$$$$$com$intellij$psi$PsiJavaCodeReferenceElement
7182:             1             16  java.text.DontCareFieldPosition$1
7183:             1             16  org.jetbrains.plugins.github.tasks.GithubRepositoryType
7184:             1             16  com.intellij.ide.projectView.impl.ProjectViewImpl$MyIdeView
7185:             1             16  com.intellij.ide.plugins.PluginManagerCore$IdeaLogProvider
7186:             1             16  com.intellij.codeInsight.daemon.impl.IconLineMarkerProvider
7187:             1             16  com.intellij.ide.RecentProjectsManagerBase$MyProjectManagerListener
7188:             1             16  com.intellij.tasks.redmine.RedmineRepositoryType
7189:             1             16  com.intellij.psi.impl.source.tree.java.PsiReferenceExpressionImpl$OurGenericsResolver$1
7190:             1             16  sun.awt.image.PixelConverter$Xrgb
7191:             1             16  com.intellij.tasks.generic.GenericRepositoryType
7192:             1             16  com.intellij.lang.java.JavaSyntaxHighlighterFactory
7193:             1             16  com.intellij.psi.impl.source.tree.injected.JavaConcatenationInjectorManager$Concatenation2InjectorAdapter
7194:             1             16  com.intellij.openapi.vcs.changes.committed.CommittedChangesCache$3
7195:             1             16  org.jetbrains.plugins.scala.lang.parser.parsing.types.ParamType$
7196:             1             16  com.intellij.psi.impl.cache.impl.todo.TodoIndex$5
7197:             1             16  git4idea.history.wholeTree.GitLogUI$14
7198:             1             16  $Proxy22
7199:             1             16  javax.swing.text.JTextComponent$1
7200:             1             16  gnu.trove.TObjectCanonicalHashingStrategy
7201:             1             16  com.intellij.ui.MouseDragHelper$2
7202:             1             16  git4idea.GitUtil$2
7203:             1             16  sun.reflect.GeneratedConstructorAccessor39
7204:             1             16  sun.reflect.GeneratedMethodAccessor60
7205:             1             16  com.intellij.history.integration.IdeaGateway
7206:             1             16  sun.java2d.SurfaceData$PixelToShapeLoopConverter
7207:             1             16  git4idea.history.wholeTree.GitLogUI$23
7208:             1             16  com.intellij.ide.projectView.impl.ProjectTreeBuilder$MyBookmarksListener
7209:             1             16  com.intellij.codeInsight.TailType$1
7210:             1             16  com.intellij.designer.palette.PalettePanel$3
7211:             1             16  org.jetbrains.plugins.scala.finder.ScalaPackageFinder
7212:             1             16  com.intellij.codeInsight.daemon.impl.IndentsPass$2
7213:             1             16  com.intellij.openapi.vfs.impl.http.LocalFileStorage
7214:             1             16  com.intellij.ide.ToolkitBugsProcessor$Tricky_JEditorPane_registerEditorKitForContentType_NPE
7215:             1             16  com.intellij.openapi.roots.impl.RootModelImpl$ContentComparator
7216:             1             16  org.jetbrains.plugins.scala.injection.ScalaLanguageInjectionSupport
7217:             1             16  [Lcom.intellij.openapi.vfs.pointers.VirtualFilePointer;
7218:             1             16  org.intellij.plugins.relaxNG.model.resolve.RelaxSymbolIndex$1
7219:             1             16  com.intellij.ide.SwingCleanuper$1
7220:             1             16  org.jetbrains.plugins.scala.lang.parser.parsing.expressions.Expr$
7221:             1             16  com.intellij.psi.controlFlow.ControlFlowFactory
7222:             1             16  com.intellij.codeInspection.i18n.JavaI18nUtil$2
7223:             1             16  com.intellij.codeInsight.highlighting.HighlightExceptionsHandlerFactory
7224:             1             16  com.intellij.ide.PsiCopyPasteManager$1
7225:             1             16  java.util.AbstractMap$2
7226:             1             16  java.util.EnumMap$EntrySet
7227:             1             16  com.intellij.tasks.actions.GotoTaskAction$CreateNewTaskAction
7228:             1             16  com.intellij.psi.util.TypeConversionUtil$18
7229:             1             16  org.jetbrains.idea.maven.indices.MavenProjectIndicesManager$1
7230:             1             16  org.zmlx.hg4idea.provider.HgCachingCommitedChangesProvider$3
7231:             1             16  org.intellij.plugins.relaxNG.compact.RncFileType$Factory
7232:             1             16  sun.reflect.GeneratedConstructorAccessor25
7233:             1             16  sun.reflect.GeneratedConstructorAccessor21
7234:             1             16  [Lcom.intellij.ui.classFilter.ClassFilter;
7235:             1             16  org.intellij.lang.xpath.xslt.XsltSupport$XsltSupportProvider
7236:             1             16  com.intellij.debugger.ui.tree.render.PrimitiveRenderer
7237:             1             16  sun.reflect.GeneratedConstructorAccessor29
7238:             1             16  com.intellij.packaging.artifacts.ArtifactManager$1
7239:             1             16  com.intellij.debugger.actions.QuickEvaluateActionHandler
7240:             1             16  com.intellij.ide.projectView.impl.AbstractProjectViewPane$3
7241:             1             16  org.jetbrains.plugins.groovy.codeInspection.untypedUnresolvedAccess.GrUnresolvedAccessInspection$1
7242:             1             16  com.intellij.cvsSupport2.ui.Options$5
7243:             1             16  javax.swing.ToolTipManager$AccessibilityKeyListener
7244:             1             16  gnu.trove.CanonicalEquality
7245:             1             16  git4idea.history.GitHistoryProvider
7246:             1             16  org.jetbrains.plugins.groovy.lang.psi.stubs.index.GrMethodNameIndex
7247:             1             16  com.intellij.ide.highlighter.JavaClassFileType$1
7248:             1             16  org.jetbrains.plugins.scala.debugger.ScalaJVMNameMapper
7249:             1             16  com.intellij.openapi.wm.impl.status.MemoryUsagePanel$2
7250:             1             16  java.security.ProtectionDomain$3
7251:             1             16  org.jetbrains.plugins.javaFX.fxml.JavaFxFileTypeFactory
7252:             1             16  com.intellij.openapi.vcs.impl.FileStatusManagerImpl$2$1
7253:             1             16  $Proxy67
7254:             1             16  com.intellij.util.lang.ClassPath$LoaderCollector
7255:             1             16  com.intellij.tools.ToolManager$1
7256:             1             16  com.intellij.openapi.roots.impl.ModuleFileIndexImpl$ContentFilter
7257:             1             16  sun.awt.image.PixelConverter$Argb
7258:             1             16  com.intellij.codeInsight.TailType$2
7259:             1             16  com.intellij.ui.SearchTextField$3
7260:             1             16  com.intellij.openapi.wm.impl.ToolWindowManagerImpl$MyUIManagerPropertyChangeListener
7261:             1             16  com.intellij.xdebugger.impl.breakpoints.XLineBreakpointManager$MyDependentBreakpointListener
7262:             1             16  com.intellij.ui.EditorTextFieldProviderImpl
7263:             1             16  git4idea.annotate.GitRepositoryForAnnotationsListener$1
7264:             1             16  org.jetbrains.idea.svn.NestedCopiesSink$1
7265:             1             16  com.intellij.psi.impl.PsiSubstitutorImpl$1
7266:             1             16  com.intellij.ide.ToolkitBugsProcessor$Sun_6785663
7267:             1             16  org.zmlx.hg4idea.provider.HgCheckoutProvider
7268:             1             16  com.intellij.execution.ui.RunContentManagerImpl$1
7269:             1             16  sun.reflect.GeneratedMethodAccessor43
7270:             1             16  scala.collection.immutable.Stream$$hash$colon$colon$
7271:             1             16  com.intellij.util.containers.EmptyIterable
7272:             1             16  sun.reflect.GeneratedMethodAccessor34
7273:             1             16  com.intellij.psi.PsiReference$1
7274:             1             16  scala.collection.convert.Wrappers$IteratorWrapper$
7275:             1             16  com.intellij.psi.impl.include.FileIncludeIndex$6
7276:             1             16  [Lcom.intellij.psi.PsiMethod;
7277:             1             16  com.intellij.ide.highlighter.XmlFileType
7278:             1             16  com.intellij.profile.DefaultProjectProfileManager$ProfileStateSplitter
7279:             1             16  org.jetbrains.plugins.scala.lang.parser.ScalaParserDefinition
7280:             1             16  com.intellij.debugger.settings.NodeRendererSettings$MapEntryLabelRenderer$1
7281:             1             16  org.jetbrains.plugins.scala.caches.ScalaShortNamesCacheManager$
7282:             1             16  com.intellij.psi.util.TypeConversionUtil$19
7283:             1             16  sun.awt.X11.XMSelection$1
7284:             1             16  org.jetbrains.idea.maven.utils.library.RepositoryLibrarySynchronizer
7285:             1             16  com.intellij.openapi.wm.impl.IdeMenuBar$3
7286:             1             16  com.intellij.openapi.wm.impl.WindowDressing
7287:             1             16  com.intellij.util.graph.impl.GraphAlgorithmsImpl
7288:             1             16  com.intellij.ide.projectView.impl.ProjectViewImpl$9
7289:             1             16  org.jetbrains.plugins.groovy.griffon.GriffonRunConfigurationType
7290:             1             16  com.intellij.execution.filters.YourkitFilter
7291:             1             16  com.intellij.diagnostic.DefaultIdeaErrorLogger
7292:             1             16  com.intellij.psi.impl.smartPointers.ImplicitVariableElementInfoFactory
7293:             1             16  org.jetbrains.plugins.scala.lang.parser.parsing.top.TmplDef$
7294:             1             16  sun.misc.Unsafe
7295:             1             16  com.intellij.util.SofterReference$1
7296:             1             16  git4idea.history.wholeTree.GitLogUI$9$1
7297:             1             16  com.intellij.openapi.wm.impl.ToolWindowManagerImpl$10
7298:             1             16  sun.awt.X11.XDropTargetContextPeer$XDropTargetProtocolListenerImpl
7299:             1             16  com.intellij.psi.ClassFileViewProviderFactory
7300:             1             16  gnu.trove.IdentityEquality
7301:             1             16  com.intellij.openapi.vcs.changes.ChangesViewManager$6
7302:             1             16  com.intellij.xml.util.XIncludeProvider
7303:             1             16  [Lcom.intellij.psi.PsiAnnotationMemberValue;
7304:             1             16  com.intellij.ide.impl.dataRules.VirtualFileRule
7305:             1             16  com.intellij.xml.XmlFileTypeFactory
7306:             1             16  org.jetbrains.plugins.scala.lang.psi.types.nonvalue.Parameter$
7307:             1             16  com.intellij.util.io.storage.CapacityAllocationPolicy$1
7308:             1             16  scala.math.Numeric$
7309:             1             16  com.intellij.codeInsight.daemon.impl.tagTreeHighlighting.XmlTagTreeHighlightingPassFactory
7310:             1             16  sun.reflect.GeneratedMethodAccessor35
7311:             1             16  com.intellij.openapi.vcs.impl.FileStatusManagerImpl$3
7312:             1             16  com.intellij.refactoring.changeSignature.ChangeSignatureGestureDetector$1
7313:             1             16  sun.awt.X11.XMouseInfoPeer
7314:             1             16  com.intellij.xdebugger.impl.actions.handlers.XDebuggerMuteBreakpointsHandler
7315:             1             16  com.intellij.psi.impl.cache.impl.todo.TodoIndex$1
7316:             1             16  org.jetbrains.plugins.gradle.service.project.GradleAutoImportAware
7317:             1             16  org.jetbrains.plugins.groovy.lang.psi.stubs.index.GrAnnotationMethodNameIndex
7318:             1             16  com.intellij.psi.PsiParameter$1
7319:             1             16  com.intellij.codeInsight.editorActions.TypedHandler
7320:             1             16  org.jetbrains.idea.maven.project.MavenProjectsManager$5
7321:             1             16  com.intellij.codeInsight.daemon.impl.UpdateHighlightersUtil$1
7322:             1             16  [Lcom.intellij.psi.PsiAnnotation;
7323:             1             16  com.intellij.patterns.XmlElementPattern$XmlTextPattern$1
7324:             1             16  com.intellij.ide.ToolkitBugsProcessor$Sun_6857057
7325:             1             16  com.intellij.patterns.XmlElementPattern$XmlEntityRefPattern$1
7326:             1             16  com.intellij.ui.tabs.impl.JBTabsImpl$1
7327:             1             16  com.intellij.ide.projectView.impl.ProjectTreeBuilder$MyFileStatusListener
7328:             1             16  com.intellij.openapi.roots.impl.InheritedJdkOrderEntryImpl$MyJdkTableListener
7329:             1             16  com.intellij.codeInsight.TailType$3
7330:             1             16  sun.reflect.GeneratedConstructorAccessor26
7331:             1             16  com.intellij.openapi.wm.impl.ToolWindowManagerImpl$MyLafManagerListener
7332:             1             16  sun.awt.image.PixelConverter$ArgbPre
7333:             1             16  com.intellij.debugger.actions.MuteBreakpointsActionHandler
7334:             1             16  com.intellij.codeStyle.InconsistentLineSeparatorsInspection$2
7335:             1             16  com.intellij.ide.highlighter.XmlFileHighlighter
7336:             1             16  com.intellij.openapi.fileTypes.UnknownFileType
7337:             1             16  com.intellij.openapi.vcs.changes.ui.ChangesListView$DropTarget
7338:             1             16  com.intellij.psi.impl.source.tree.JavaDocElementType$1$1
7339:             1             16  com.intellij.ide.palette.impl.PaletteWindow$MyPropertyChangeListener
7340:             1             16  java.util.jar.JavaUtilJarAccessImpl
7341:             1             16  com.intellij.psi.util.TypeConversionUtil$20
7342:             1             16  $Proxy83
7343:             1             16  org.jetbrains.idea.svn.NestedCopiesData
7344:             1             16  org.jetbrains.idea.maven.execution.MavenOrderEnumeratorHandler$FactoryImpl
7345:             1             16  [Lcom.intellij.psi.PsiStatement;
7346:             1             16  com.intellij.psi.PsiMethod$1
7347:             1             16  git4idea.GitRevisionSelector
7348:             1             16  com.intellij.openapi.vfs.newvfs.persistent.FSRecords$DbConnection$AttrPageAwareCapacityAllocationPolicy
7349:             1             16  com.intellij.unscramble.UnscrambleListener
7350:             1             16  com.intellij.openapi.vcs.changes.committed.OutdatedVersionNotifier$1
7351:             1             16  com.intellij.util.InstanceofChecker$$$$$com$intellij$psi$PsiParameter
7352:             1             16  com.intellij.ide.RecentProjectsManagerBase$MyAppLifecycleListener
7353:             1             16  sun.nio.ch.Net$1
7354:             1             16  com.intellij.openapi.editor.impl.IntervalTreeImpl$IntervalTreeGuide
7355:             1             16  com.intellij.ui.DeferredIconImpl$1
7356:             1             16  javax.swing.plaf.metal.MetalIconFactory$MenuItemArrowIcon
7357:             1             16  com.intellij.facet.impl.ProjectWideFacetListenersRegistryImpl$MyFacetManagerAdapter
7358:             1             16  com.intellij.codeInsight.daemon.impl.GeneralHighlightingPassFactory
7359:             1             16  org.jetbrains.plugins.scala.compiler.CompilerProjectComponent
7360:             1             16  sun.util.resources.LocaleData$LocaleDataResourceBundleControl
7361:             1             16  com.intellij.psi.impl.source.resolve.PsiResolveHelperImpl
7362:             1             16  com.intellij.codeInsight.daemon.impl.WholeFileLocalInspectionsPassFactory$1
7363:             1             16  com.intellij.codeInsight.folding.impl.actions.ExpandAllRegionsAction$1
7364:             1             16  $Proxy23
7365:             1             16  org.intellij.lang.xpath.xslt.psi.impl.XsltElementFactoryImpl
7366:             1             16  com.intellij.execution.configurations.UnknownConfigurationType
7367:             1             16  com.intellij.util.io.storage.CapacityAllocationPolicy$2
7368:             1             16  org.apache.log4j.helpers.AppenderAttachableImpl
7369:             1             16  git4idea.history.wholeTree.GitCommitsSequentialIndex$1
7370:             1             16  com.intellij.openapi.wm.impl.status.LineSeparatorPanel$4
7371:             1             16  com.intellij.psi.impl.smartPointers.ImportListElementInfoFactory
7372:             1             16  com.intellij.openapi.util.io.FileUtilRt$3
7373:             1             16  com.intellij.xml.util.XmlIconProvider
7374:             1             16  com.intellij.openapi.wm.impl.SideStack
7375:             1             16  [Lcom.intellij.ide.todo.TodoFilter;
7376:             1             16  com.intellij.codeInsight.hint.HintManagerImpl$MyEditorManagerListener
7377:             1             16  com.intellij.openapi.application.impl.ApplicationImpl$2
7378:             1             16  com.intellij.openapi.vcs.update.ActionInfo$3
7379:             1             16  com.intellij.psi.codeStyle.JavaCodeStyleSettingsFacadeImpl
7380:             1             16  javax.swing.plaf.synth.SynthPainter$1
7381:             1             16  com.intellij.psi.impl.PsiClassImplUtil$ByNameCachedValueProvider
7382:             1             16  com.intellij.ide.highlighter.JavaFileType
7383:             1             16  com.intellij.patterns.XmlNamedElementPattern$XmlAttributePattern
7384:             1             16  com.intellij.ide.projectView.impl.ProjectViewImpl$MyDeletePSIElementProvider
7385:             1             16  git4idea.history.wholeTree.GitLogUI$10
7386:             1             16  com.intellij.packaging.impl.artifacts.ArtifactModelBase$1
7387:             1             16  scala.collection.convert.Wrappers$JCollectionWrapper$
7388:             1             16  com.intellij.psi.search.ProjectScopeBuilderImpl
7389:             1             16  com.intellij.psi.stubs.StubTreeLoaderImpl
7390:             1             16  scala.math.Ordered$
7391:             1             16  com.intellij.psi.impl.source.text.BlockSupportImpl
7392:             1             16  com.intellij.execution.console.LanguageConsoleImpl$MyLayout
7393:             1             16  com.intellij.lang.xml.XMLParserDefinition
7394:             1             16  com.intellij.codeInsight.highlighting.HtmlClosingTagErrorFilter
7395:             1             16  org.jetbrains.plugins.scala.lang.psi.stubs.index.ScAllClassNamesIndex$
7396:             1             16  com.intellij.openapi.editor.colors.ex.DefaultColorSchemesManager
7397:             1             16  sun.awt.X11.XToolkit$1
7398:             1             16  com.intellij.psi.impl.cache.impl.id.IdTableBuilding$PlainTextIndexer
7399:             1             16  org.intellij.lang.regexp.RegExpSupportLoader
7400:             1             16  sun.reflect.GeneratedMethodAccessor18
7401:             1             16  com.intellij.psi.controlFlow.ControlFlowFactory$1
7402:             1             16  java.security.AllPermission
7403:             1             16  com.intellij.psi.PsiAnnotation$1
7404:             1             16  scala.collection.immutable.StringOps$
7405:             1             16  com.intellij.ui.tabs.impl.JBTabsImpl$2
7406:             1             16  com.intellij.codeInsight.daemon.impl.IndentsPassFactory
7407:             1             16  org.jetbrains.plugins.groovy.lang.psi.stubs.index.GrAnnotatedMemberIndex
7408:             1             16  com.intellij.psi.util.TypeConversionUtil$21
7409:             1             16  sun.awt.image.PixelConverter$Xbgr
7410:             1             16  com.intellij.ide.navigationToolbar.NavBarIdeView
7411:             1             16  org.jetbrains.plugins.scala.components.TypeAwareHighlightingApplicationState$TypeAwareHighlightingApplicationSettings
7412:             1             16  java.awt.Font$FontAccessImpl
7413:             1             16  [Lcom.intellij.usages.UsageTarget;
7414:             1             16  [Lcom.intellij.execution.filters.ConsoleInputFilterProvider;
7415:             1             16  com.intellij.openapi.fileTypes.UnknownFileType$1
7416:             1             16  com.intellij.openapi.roots.impl.InheritedJdkOrderEntryImpl$MyProjectJdkListener
7417:             1             16  com.intellij.util.io.storage.CapacityAllocationPolicy$3
7418:             1             16  com.intellij.psi.impl.source.tree.JavaDocElementType$2$1
7419:             1             16  com.intellij.psi.impl.search.PsiTodoSearchHelperImpl
7420:             1             16  org.jetbrains.idea.maven.indices.MavenProjectIndicesManager$2
7421:             1             16  com.intellij.openapi.keymap.impl.DefaultBundledKeymaps
7422:             1             16  com.intellij.lang.xhtml.XHTMLParserDefinition
7423:             1             16  com.intellij.codeInsight.TailType$4
7424:             1             16  sun.awt.X11.XErrorHandler$IgnoreBadWindowHandler
7425:             1             16  org.jetbrains.plugins.github.GithubCheckoutProvider
7426:             1             16  com.intellij.ide.CopyPasteUtil$DefaultCopyPasteListener
7427:             1             16  com.intellij.psi.JavaResolveResult$1
7428:             1             16  com.intellij.openapi.vcs.changes.committed.IncomingChangesIndicator$1
7429:             1             16  com.intellij.ide.projectView.impl.AbstractProjectViewPane$MyDragSource
7430:             1             16  com.intellij.openapi.components.CompositePathMacroFilter
7431:             1             16  com.intellij.ide.highlighter.ArchiveFileType
7432:             1             16  com.intellij.codeInsight.daemon.impl.FileStatusMap$1
7433:             1             16  org.jetbrains.idea.maven.execution.MavenOrderEnumeratorHandler
7434:             1             16  org.jetbrains.idea.maven.dom.generate.MavenGenerateDomActionGroup$2
7435:             1             16  com.intellij.designer.propertyTable.PropertyTable$1
7436:             1             16  com.intellij.psi.codeStyle.SuggestedNameInfo$1
7437:             1             16  com.intellij.execution.junit.JUnit3Framework
7438:             1             16  com.intellij.openapi.MnemonicHelper$1
7439:             1             16  com.intellij.lang.cacheBuilder.CacheBuilderRegistryImpl
7440:             1             16  sun.reflect.GeneratedMethodAccessor36
7441:             1             16  com.intellij.openapi.vcs.ChangeListColumn$1
7442:             1             16  com.intellij.profile.codeInspection.InspectionProjectProfileManagerImpl$1$2
7443:             1             16  com.intellij.openapi.roots.impl.DirectoryIndexImpl$1
7444:             1             16  org.jetbrains.plugins.scala.lang.parser.parsing.types.Type$
7445:             1             16  org.jetbrains.plugins.scala.ScalaFileType
7446:             1             16  com.intellij.unscramble.UnscrambleAction$1
7447:             1             16  com.intellij.psi.PsiWalkingState$PsiTreeGuide
7448:             1             16  [Lcom.intellij.psi.PsiType;
7449:             1             16  com.intellij.usages.impl.NullUsage
7450:             1             16  org.intellij.lang.xpath.xslt.impl.XsltIncludeProvider
7451:             1             16  com.intellij.codeInsight.TargetElementUtil
7452:             1             16  com.intellij.openapi.vcs.rollback.RollbackProgressListener$1
7453:             1             16  org.jetbrains.plugins.scala.lang.parser.ScalaTokenBinders$1
7454:             1             16  gnu.trove.TObjectIdentityHashingStrategy
7455:             1             16  com.intellij.ide.palette.impl.PaletteWindow$MyScrollPanePopupHandler
7456:             1             16  com.intellij.ui.TreeUIHelperImpl
7457:             1             16  git4idea.history.NewGitUsersComponent$MyDataExternalizer
7458:             1             16  com.intellij.ide.util.AppPropertiesComponentImpl
7459:             1             16  com.intellij.openapi.editor.actions.SimplePasteAction$Handler
7460:             1             16  com.intellij.refactoring.util.ClsElementWritingAccessProvider
7461:             1             16  com.intellij.execution.console.LanguageConsoleImpl$4
7462:             1             16  com.intellij.psi.util.TypeConversionUtil$22
7463:             1             16  org.jetbrains.plugins.groovy.annotator.GrAnnotatorImpl
7464:             1             16  com.intellij.openapi.vfs.newvfs.persistent.PersistentFSImpl$2
7465:             1             16  scala.collection.mutable.HashTable$
7466:             1             16  com.intellij.openapi.vcs.impl.LineStatusTrackerManager$4
7467:             1             16  com.intellij.execution.impl.ConsoleViewImpl$4
7468:             1             16  scala.collection.immutable.Vector$VectorReusableCBF
7469:             1             16  com.intellij.util.io.storage.CapacityAllocationPolicy$4
7470:             1             16  com.intellij.remoteServer.run.DeployToServerRunner
7471:             1             16  com.intellij.psi.impl.source.tree.JavaASTFactory
7472:             1             16  com.intellij.util.xml.impl.DomSemContributor$3
7473:             1             16  com.intellij.openapi.keymap.JBuilderKeymapProvider
7474:             1             16  sun.awt.image.PixelConverter$Rgba
7475:             1             16  com.intellij.compiler.impl.TranslatingCompilerFilesMonitor$6
7476:             1             16  [Lcom.intellij.psi.impl.source.PsiImportStaticStatementImpl;
7477:             1             16  com.intellij.codeInsight.hint.HintManagerImpl$MyAnActionListener
7478:             1             16  com.intellij.codeInsight.daemon.impl.analysis.JavadocErrorFilter
7479:             1             16  org.jetbrains.plugins.groovy.lang.psi.stubs.index.GrScriptClassNameIndex
7480:             1             16  com.intellij.psi.impl.smartPointers.AnchorElementInfoFactory
7481:             1             16  com.intellij.psi.impl.source.resolve.reference.impl.PsiPolyVariantCachingReference$MyResolver
7482:             1             16  com.intellij.tasks.youtrack.YouTrackRepositoryType
7483:             1             16  scala.collection.mutable.WrappedArray$
7484:             1             16  java.awt.Component$AWTTreeLock
7485:             1             16  scala.collection.convert.Wrappers$JConcurrentMapWrapper$
7486:             1             16  com.intellij.psi.impl.PsiDocumentManagerBase$1
7487:             1             16  com.intellij.openapi.wm.impl.ToolWindowManagerImpl$4
7488:             1             16  org.jetbrains.plugins.groovy.gant.GantLoader
7489:             1             16  com.intellij.psi.impl.JavaDirectoryIconProvider
7490:             1             16  com.intellij.psi.impl.source.tree.java.PsiMethodCallExpressionImpl$TypeEvaluator
7491:             1             16  com.intellij.openapi.vcs.changes.committed.IncomingChangesIndicator$2
7492:             1             16  com.intellij.codeInsight.TailType$5
7493:             1             16  org.jaxen.saxpath.helpers.DefaultXPathHandler
7494:             1             16  com.intellij.psi.codeStyle.LegacyCodeStyleSettingsManager
7495:             1             16  com.intellij.ui.tabs.impl.JBTabsImpl$3
7496:             1             16  com.intellij.openapi.vcs.changes.ui.ChangesViewContentManager$1
7497:             1             16  com.intellij.psi.impl.search.JavaDirectInheritorsSearcher
7498:             1             16  com.intellij.execution.console.LanguageConsoleImpl$1
7499:             1             16  org.jetbrains.plugins.groovy.annotator.DefaultGroovyFrameworkConfigNotification
7500:             1             16  org.jetbrains.plugins.groovy.codeStyle.GroovyLanguageCodeStyleSettingsProvider
7501:             1             16  com.intellij.designer.propertyTable.PropertyTable$2
7502:             1             16  com.intellij.ide.highlighter.ArchiveFileType$1
7503:             1             16  scala.collection.immutable.Nil$
7504:             1             16  com.intellij.codeHighlighting.DefaultIconCreator
7505:             1             16  com.intellij.lifecycle.PeriodicalTasksCloser
7506:             1             16  com.intellij.openapi.roots.impl.PushedFilePropertiesUpdater$2$1
7507:             1             16  org.jetbrains.plugins.javaFX.fxml.ScriptLanguageInjector
7508:             1             16  com.intellij.codeInspection.i18n.folding.PropertyFoldingBuilder
7509:             1             16  org.intellij.images.index.ImageInfoIndex$1
7510:             1             16  com.intellij.openapi.actionSystem.impl.ActionManagerImpl$4
7511:             1             16  com.intellij.ui.ComponentTreeWatcher$1
7512:             1             16  [Lcom.intellij.codeInspection.LocalInspectionTool;
7513:             1             16  com.intellij.openapi.util.LowMemoryWatcher$1
7514:             1             16  com.intellij.util.InstanceofChecker$$$$$com$intellij$psi$xml$XmlFile
7515:             1             16  com.intellij.openapi.vcs.impl.projectlevelman.NewMappings$MyMappingsComparator
7516:             1             16  com.intellij.psi.util.TypeConversionUtil$23
7517:             1             16  com.intellij.openapi.vcs.ChangeListColumn$2
7518:             1             16  org.jetbrains.plugins.groovy.dsl.GroovyDslFileIndex$MyDataIndexer
7519:             1             16  gnu.trove.TObjectCanonicalHashingStrategy
7520:             1             16  com.intellij.openapi.externalSystem.service.project.autoimport.ExternalSystemAutoImporter$5
7521:             1             16  com.intellij.facet.impl.ui.FacetDependentToolWindowManager$1
7522:             1             16  com.intellij.openapi.wm.impl.FocusManagerImpl$KeyProcessorConext
7523:             1             16  com.intellij.codeInsight.folding.impl.FoldingUpdate$1
7524:             1             16  sun.reflect.GeneratedMethodAccessor39
7525:             1             16  com.intellij.concurrency.JobSchedulerImpl$1
7526:             1             16  org.jetbrains.plugins.scala.lang.parser.ScalaTokenBinders$2
7527:             1             16  com.intellij.ide.IdeEventQueue$ExitSuspendModeRunnable
7528:             1             16  com.intellij.util.xml.converters.ClassValueConverterImpl
7529:             1             16  sun.reflect.GeneratedConstructorAccessor34
7530:             1             16  sun.net.DefaultProgressMeteringPolicy
7531:             1             16  com.intellij.codeInsight.hint.HintManagerImpl$1
7532:             1             16  javax.swing.SwingPaintEventDispatcher
7533:             1             16  [Lcom.intellij.psi.search.TodoItem;
7534:             1             16  org.jetbrains.plugins.gradle.config.GradleGroovyConfigNotification
7535:             1             16  com.intellij.psi.impl.source.PsiImportStaticStatementImpl$1
7536:             1             16  com.intellij.xdebugger.impl.breakpoints.XLineBreakpointManager$2
7537:             1             16  com.intellij.uiDesigner.propertyInspector.UIDesignerToolWindowManager$MyFileEditorManagerListener
7538:             1             16  com.intellij.util.containers.ConcurrentRefHashMap$3
7539:             1             16  sun.awt.image.PixelConverter$RgbaPre
7540:             1             16  com.intellij.openapi.editor.actions.ConvertIndentsActionBase$1
7541:             1             16  org.zmlx.hg4idea.HgRootsHandler
7542:             1             16  com.intellij.codeInsight.editorActions.XmlQuoteHandler
7543:             1             16  org.intellij.plugins.intelliLang.inject.xml.XmlLanguageInjectionSupport
7544:             1             16  org.jetbrains.plugins.groovy.lang.psi.stubs.index.GrDirectInheritorsIndex
7545:             1             16  com.intellij.codeInsight.highlighting.BraceHighlighter$4
7546:             1             16  com.intellij.psi.impl.source.tree.JavaDocElementType$3$1
7547:             1             16  com.intellij.openapi.util.text.StringUtil$1
7548:             1             16  com.intellij.ide.structureView.impl.StructureViewToolWindowFactory
7549:             1             16  org.intellij.lang.xpath.xslt.run.XsltRunner
7550:             1             16  com.intellij.ide.actions.SelectAllAction$Handler
7551:             1             16  com.intellij.xdebugger.impl.actions.XDebuggerEditBreakpointActionHandler
7552:             1             16  com.siyeh.ig.InspectionGadgetsPlugin$2
7553:             1             16  com.intellij.util.indexing.FileBasedIndexImpl$5
7554:             1             16  com.intellij.openapi.vcs.FileStatusFactory
7555:             1             16  com.intellij.openapi.wm.impl.ToolWindowManagerImpl$5
7556:             1             16  java.lang.ProcessBuilder$NullInputStream
7557:             1             16  com.intellij.util.InstanceofCheckerGenerator
7558:             1             16  com.intellij.ide.impl.dataRules.PsiElementFromSelectionsRule
7559:             1             16  com.intellij.psi.util.PsiUtilCore$1
7560:             1             16  com.intellij.openapi.util.Conditions$3
7561:             1             16  com.intellij.openapi.application.impl.LaterInvocator$FlushQueue
7562:             1             16  com.intellij.codeInsight.daemon.impl.LineMarkersPassFactory
7563:             1             16  $Proxy32
7564:             1             16  org.jetbrains.idea.maven.navigator.MavenProjectsNavigator$MyProjectsListener
7565:             1             16  com.intellij.openapi.vfs.newvfs.impl.NullVirtualFile
7566:             1             16  com.intellij.psi.impl.cache.impl.id.IdIndex$1
7567:             1             16  com.intellij.psi.impl.compiled.ClsParsingUtil$1
7568:             1             16  com.intellij.openapi.vcs.changes.actions.RevertSelectedChangesAction$1
7569:             1             16  com.intellij.codeInsight.TailType$TailTypeEQ
7570:             1             16  com.intellij.psi.util.TypeConversionUtil$24
7571:             1             16  [Lcom.intellij.ide.palette.PaletteGroup;
7572:             1             16  com.intellij.ide.IdeRepaintManager$DisplayChangeHandler
7573:             1             16  com.intellij.psi.impl.EmptySubstitutorImpl
7574:             1             16  com.intellij.ide.actionMacro.ActionMacroManager$1
7575:             1             16  com.intellij.psi.impl.source.javadoc.PsiDocCommentImpl$1
7576:             1             16  com.intellij.util.io.Page$1
7577:             1             16  org.jetbrains.plugins.groovy.mvc.MvcPathMacros
7578:             1             16  com.intellij.ide.impl.DataManagerImpl$NullResult
7579:             1             16  javax.swing.JTabbedPane$ModelListener
7580:             1             16  scala.collection.convert.Wrappers$JDictionaryWrapper$
7581:             1             16  org.jetbrains.plugins.groovy.dsl.GroovyDslFileIndex$1
7582:             1             16  git4idea.rollback.GitRollbackEnvironment
7583:             1             16  com.intellij.psi.impl.source.resolve.DefaultParameterTypeInferencePolicy
7584:             1             16  com.intellij.xml.index.XmlTagNamesIndex$1
7585:             1             16  org.jetbrains.plugins.scala.config.ScalaMavenImporter$$anonfun$1
7586:             1             16  [Lcom.intellij.remoteServer.ServerType;
7587:             1             16  com.intellij.openapi.fileTypes.FileTypeManager$1
7588:             1             16  com.intellij.openapi.application.impl.ModalityInvokatorImpl
7589:             1             16  com.intellij.application.options.GeneralCodeStyleSettingsProvider
7590:             1             16  com.intellij.openapi.wm.impl.status.ToggleReadOnlyAttributePanel
7591:             1             16  [Lcom.intellij.codeInspection.dataFlow.DfaInstructionState;
7592:             1             16  com.intellij.openapi.roots.impl.PushedFilePropertiesUpdater$2$2
7593:             1             16  com.intellij.openapi.vcs.ChangeListColumn$ChangeListNumberColumn
7594:             1             16  com.intellij.util.xml.impl.DomSemContributor$1
7595:             1             16  com.intellij.ide.SaveAndSyncHandlerImpl$2
7596:             1             16  com.intellij.codeInspection.SuppressManagerImpl
7597:             1             16  git4idea.history.wholeTree.GitLogUI$24
7598:             1             16  com.intellij.openapi.editor.actions.ConvertIndentsActionBase$2
7599:             1             16  org.jetbrains.plugins.groovy.codeInspection.assignment.GroovyAssignabilityCheckInspection$1
7600:             1             16  scala.compat.Platform$
7601:             1             16  com.intellij.psi.impl.search.JavaAllOverridingMethodsSearcher
7602:             1             16  [Lcom.intellij.facet.ui.FacetDependentToolWindow;
7603:             1             16  $Proxy24
7604:             1             16  sun.awt.image.PixelConverter$Ushort565Rgb
7605:             1             16  com.intellij.openapi.util.Conditions$4
7606:             1             16  com.intellij.psi.impl.source.tree.injected.InjectedLanguageManagerImpl$1
7607:             1             16  scala.runtime.RichInt$
7608:             1             16  com.intellij.util.xml.impl.DomDeclarationSearcher
7609:             1             16  sun.reflect.GeneratedConstructorAccessor40
7610:             1             16  sun.reflect.GeneratedConstructorAccessor27
7611:             1             16  com.maddyhome.idea.copyright.CopyrightManager$1$1
7612:             1             16  [Lcom.intellij.psi.PsiTypeElement;
7613:             1             16  com.intellij.util.xml.DomFileIndex
7614:             1             16  com.intellij.codeInsight.highlighting.BraceHighlighter$5
7615:             1             16  com.intellij.ui.ColorLineMarkerProvider
7616:             1             16  com.intellij.codeInsight.hint.HintManagerImpl$MyProjectManagerListener
7617:             1             16  org.jetbrains.plugins.scala.lang.parser.parsing.types.InfixType$
7618:             1             16  net.orfjackal.sbt.plugin.sbtlang.SbtFileViewProviderFactory
7619:             1             16  com.intellij.spi.SPIFileType
7620:             1             16  org.jetbrains.plugins.groovy.lang.psi.stubs.index.GrAnonymousClassIndex
7621:             1             16  com.intellij.openapi.util.registry.RegistryState
7622:             1             16  com.intellij.ide.todo.TodoIndexPatternProvider
7623:             1             16  sun.reflect.GeneratedConstructorAccessor22
7624:             1             16  com.intellij.psi.util.TypeConversionUtil$25
7625:             1             16  sun.awt.X11.XWM$1
7626:             1             16  com.intellij.uiDesigner.binding.FormReferencesSearcher
7627:             1             16  sun.reflect.GeneratedSerializationConstructorAccessor33
7628:             1             16  org.jetbrains.plugins.scala.lang.parser.parsing.expressions.Annotation$
7629:             1             16  com.intellij.openapi.vcs.contentAnnotation.VcsContentAnnotationSettings
7630:             1             16  $Proxy68
7631:             1             16  com.intellij.openapi.wm.impl.WindowManagerImpl$1
7632:             1             16  scala.Predef$$anon$1
7633:             1             16  sun.java2d.pipe.DrawImage
7634:             1             16  org.jetbrains.idea.maven.execution.MavenRunConfigurationType
7635:             1             16  com.intellij.debugger.actions.JavaMarkObjectActionHandler
7636:             1             16  com.intellij.psi.impl.file.impl.PsiVFSListener$1
7637:             1             16  org.jetbrains.idea.maven.navigator.MavenProjectsNavigator$2
7638:             1             16  com.intellij.openapi.vcs.changes.ChangesViewManager$1
7639:             1             16  sun.reflect.GeneratedMethodAccessor17
7640:             1             16  com.intellij.openapi.util.text.StringUtil$2
7641:             1             16  com.intellij.ide.ui.SplitterProportionsDataImpl
7642:             1             16  com.intellij.psi.util.PsiUtil$1
7643:             1             16  org.jetbrains.idea.maven.dom.annotator.MavenDomGutterAnnotator
7644:             1             16  [Lcom.intellij.openapi.editor.ex.ErrorStripeListener;
7645:             1             16  scala.collection.mutable.StringBuilder$
7646:             1             16  java.lang.ApplicationShutdownHooks$1
7647:             1             16  com.intellij.idea.LoggerFactory
7648:             1             16  com.intellij.openapi.vcs.changes.committed.OutdatedVersionNotifier$MyFileEditorManagerListener
7649:             1             16  com.intellij.psi.impl.search.MethodSuperSearcher
7650:             1             16  org.jetbrains.idea.maven.dom.generate.MavenGenerateDomActionGroup$3
7651:             1             16  com.intellij.psi.impl.source.tree.PlainTextASTFactory
7652:             1             16  com.intellij.util.xml.converters.ClassArrayConverterImpl
7653:             1             16  com.intellij.ide.actions.GotoActionAction$1
7654:             1             16  com.intellij.ui.treeStructure.SimpleTree$MyMouseListener
7655:             1             16  [Lcom.intellij.codeInspection.InspectionToolsFactory;
7656:             1             16  com.intellij.psi.impl.cache.impl.id.IdIndex$2
7657:             1             16  com.intellij.codeInsight.documentation.DocumentationManager$1
7658:             1             16  com.intellij.cvsSupport2.actions.ActionOnSelectedElement$1
7659:             1             16  com.intellij.psi.impl.source.tree.java.PsiReferenceExpressionImpl$TypeEvaluator
7660:             1             16  com.intellij.openapi.vcs.update.ScopeInfo$1
7661:             1             16  com.intellij.ide.SaveAndSyncHandlerImpl$3
7662:             1             16  org.intellij.lang.xpath.xslt.validation.XsltAnnotator
7663:             1             16  com.intellij.execution.testframework.TestIconProvider
7664:             1             16  java.rmi.server.RemoteObjectInvocationHandler$MethodToHash_Maps
7665:             1             16  com.intellij.openapi.vcs.ChangeListColumn$3
7666:             1             16  sun.awt.image.PixelConverter$Ushort555Rgb
7667:             1             16  com.maddyhome.idea.copyright.util.FileTypeUtil$1
7668:             1             16  scala.collection.convert.Wrappers$JEnumerationWrapper$
7669:             1             16  org.intellij.plugins.xsltDebugger.XsltDebuggerRunner
7670:             1             16  com.intellij.psi.impl.source.tree.injected.JavaConcatenationInjectorManager$1
7671:             1             16  org.jetbrains.plugins.scala.lang.parser.parsing.expressions.Expr1$
7672:             1             16  scala.util.control.Breaks
7673:             1             16  com.intellij.psi.util.TypeConversionUtil$26
7674:             1             16  com.intellij.openapi.actionSystem.impl.IdeaActionButtonLook
7675:             1             16  com.intellij.psi.PsiTypeElement$1
7676:             1             16  sun.reflect.GeneratedConstructorAccessor37
7677:             1             16  org.jetbrains.plugins.scala.codeInspection.AbstractInspection$
7678:             1             16  org.jetbrains.plugins.scala.lang.psi.stubs.index.ScAllClassNamesIndex
7679:             1             16  com.intellij.openapi.fileTypes.PlainTextFileType
7680:             1             16  com.intellij.openapi.roots.ui.configuration.DefaultModulesProvider
7681:             1             16  net.sf.cglib.core.KeyFactory$1
7682:             1             16  com.intellij.application.options.OtherTabsAndIndentsProvider
7683:             1             16  com.intellij.codeInsight.daemon.impl.PsiChangeHandler$2
7684:             1             16  com.intellij.util.InstanceofChecker$$$$$com$intellij$psi$PsiClass
7685:             1             16  com.intellij.lang.ant.dom.AntDomDeclarationSearcher
7686:             1             16  com.intellij.xdebugger.impl.breakpoints.XLineBreakpointManager$MyEditorColorsListener
7687:             1             16  java.lang.reflect.ReflectAccess
7688:             1             16  com.intellij.codeInsight.hint.HintManagerImpl$3
7689:             1             16  com.intellij.ide.projectView.impl.ProjectViewToolWindowFactory
7690:             1             16  scala.collection.immutable.Set$EmptySet$
7691:             1             16  com.intellij.compiler.server.impl.BuildProcessClasspathManager
7692:             1             16  com.intellij.dvcs.repo.RepositoryUtil$Updater
7693:             1             16  com.intellij.refactoring.changeSignature.JavaChangeSignatureDetector
7694:             1             16  org.jetbrains.idea.maven.navigator.MavenProjectsNavigator$3
7695:             1             16  org.intellij.lang.xpath.xslt.impl.XsltSymbolIndex
7696:             1             16  org.jetbrains.idea.maven.utils.MavenEnvironmentRegistrar
7697:             1             16  sun.awt.X11.XErrorHandler$VerifyChangePropertyHandler
7698:             1             16  scala.math.Ordering$
7699:             1             16  $Proxy31
7700:             1             16  com.intellij.profile.codeInspection.InspectionProjectProfileManagerImpl$1$3
7701:             1             16  com.intellij.util.io.EnumeratorIntegerDescriptor
7702:             1             16  com.intellij.openapi.vcs.changes.VcsEventWatcher
7703:             1             16  com.intellij.openapi.util.text.StringUtil$5
7704:             1             16  sun.reflect.GeneratedConstructorAccessor28
7705:             1             16  com.intellij.openapi.editor.impl.IterationState$1
7706:             1             16  com.intellij.util.containers.EmptyIterator
7707:             1             16  com.intellij.debugger.ui.JavaDebuggerSupport$JavaDebuggerSettingsPanelProvider
7708:             1             16  org.jetbrains.plugins.scala.lang.parser.parsing.base.Modifier$
7709:             1             16  org.jetbrains.idea.maven.indices.MavenIndicesManager$3
7710:             1             16  org.jetbrains.idea.maven.project.MavenProjectsManagerWatcher$MyRootChangesListener
7711:             1             16  com.intellij.openapi.components.impl.stores.IdeaProjectStoreClassProvider
7712:             1             16  org.jetbrains.plugins.scala.lang.psi.stubs.index.ScShortClassNameIndex$
7713:             1             16  org.intellij.lang.xpath.xslt.impl.XsltConfigImpl
7714:             1             16  git4idea.config.GitVcsApplicationSettings
7715:             1             16  com.intellij.cvsSupport2.actions.ActionOnSelectedElement$2
7716:             1             16  [Lorg.jetbrains.plugins.scala.util.ScalaLanguageDerivative;
7717:             1             16  com.intellij.ide.impl.dataRules.VirtualFileArrayRule
7718:             1             16  com.intellij.ide.actionMacro.ActionMacroManager$MyKeyPostpocessor
7719:             1             16  com.intellij.util.lang.ClassPath$LoaderCollector
7720:             1             16  scala.collection.immutable.Map$EmptyMap$
7721:             1             16  com.intellij.ide.projectView.impl.ProjectViewImpl$2
7722:             1             16  com.intellij.ui.switcher.QuickAccessSettings$1
7723:             1             16  com.intellij.util.xml.impl.InvocationCache$19
7724:             1             16  com.intellij.openapi.editor.impl.ComplementaryFontsRegistry$1
7725:             1             16  sun.reflect.GeneratedConstructorAccessor23
7726:             1             16  com.intellij.openapi.editor.actions.SelectWordAtCaretAction$DefaultHandler
7727:             1             16  javax.swing.text.DefaultEditorKit
7728:             1             16  com.intellij.psi.util.TypeConversionUtil$27
7729:             1             16  com.intellij.psi.search.searches.ReferenceDescriptor$1
7730:             1             16  com.intellij.debugger.ui.breakpoints.MethodBreakpointFactory
7731:             1             16  java.lang.ProcessBuilder$NullOutputStream
7732:             1             16  com.intellij.psi.impl.source.codeStyle.CodeEditUtil$1
7733:             1             16  sun.awt.image.PixelConverter$Ushort555Rgbx
7734:             1             16  org.jetbrains.plugins.groovy.compiler.generator.GroovycStubGenerator
7735:             1             16  com.intellij.xdebugger.impl.breakpoints.XBreakpointPanelProvider
7736:             1             16  com.siyeh.ig.telemetry.InspectionGadgetsTelemetry
7737:             1             16  net.sf.cglib.core.KeyFactory$2
7738:             1             16  com.intellij.psi.filters.TrueFilter
7739:             1             16  org.jetbrains.plugins.scala.lang.psi.stubs.index.ScShortClassNameIndex
7740:             1             16  org.jetbrains.plugins.scala.lang.parser.parsing.types.CompoundType$
7741:             1             16  [Lorg.jetbrains.plugins.scala.lang.parser.ScalaFileFactory;
7742:             1             16  com.intellij.psi.impl.cache.impl.id.IdIndex$3
7743:             1             16  org.jetbrains.idea.maven.navigator.MavenProjectsNavigator$4
7744:             1             16  com.intellij.openapi.keymap.impl.keyGestures.KeyboardGestureProcessor$2
7745:             1             16  com.intellij.ide.palette.impl.PaletteManager$MyFileEditorManagerListener
7746:             1             16  com.intellij.util.xmlb.XmlSerializer$1
7747:             1             16  $Proxy63
7748:             1             16  org.jetbrains.plugins.groovy.codeInsight.GroovyClsCustomNavigationPolicy
7749:             1             16  org.jetbrains.plugins.scala.compiler.CompilerConfigurationMonitor$$anon$1
7750:             1             16  com.intellij.openapi.vcs.changes.FileAndDocumentListenersForShortDiff$MyFileListener
7751:             1             16  com.intellij.util.xml.DomFileIndex$1
7752:             1             16  com.intellij.codeInsight.hint.HintManagerImpl$4
7753:             1             16  com.intellij.openapi.vcs.update.ScopeInfo$2
7754:             1             16  java.nio.Bits$1
7755:             1             16  com.intellij.profile.codeInspection.InspectionProfileManagerImpl$1
7756:             1             16  com.intellij.codeInsight.navigation.CtrlMouseHandler$1
7757:             1             16  com.intellij.util.xml.impl.DomSemContributor$4
7758:             1             16  com.intellij.ide.impl.dataRules.CopyProviderRule
7759:             1             16  com.intellij.psi.impl.source.resolve.ProcessCandidateParameterTypeInferencePolicy
7760:             1             16  com.intellij.ui.popup.PopupFactoryImpl
7761:             1             16  com.intellij.psi.impl.source.html.HtmlConditionalCommentInjector
7762:             1             16  com.intellij.openapi.vcs.changes.ui.TreeModelBuilder$MyChangePathLengthComparator
7763:             1             16  com.intellij.lang.properties.xml.XmlPropertiesIconProvider
7764:             1             16  com.intellij.openapi.vcs.impl.LineStatusTrackerManager$MyFileStatusListener
7765:             1             16  scala.collection.convert.Wrappers$JIterableWrapper$
7766:             1             16  sun.reflect.ReflectionFactory
7767:             1             16  com.intellij.openapi.roots.libraries.LibraryKind
7768:             1             16  org.jetbrains.plugins.scala.compiler.FscServerManager$FacetListener$
7769:             1             16  com.intellij.debugger.actions.StepOverActionHandler
7770:             1             16  com.intellij.lang.ant.config.impl.AntInstallation$1
7771:             1             16  com.intellij.cvsSupport2.actions.ActionOnSelectedElement$3
7772:             1             16  sun.reflect.GeneratedMethodAccessor20
7773:             1             16  com.intellij.codeInsight.highlighting.HighlightSuppressedWarningsFactory
7774:             1             16  [Lcom.intellij.projectImport.ProjectAttachProcessor;
7775:             1             16  com.intellij.application.options.CommonCodeStyleSettingsProvider
7776:             1             16  org.jetbrains.plugins.scala.lang.psi.stubs.index.ScNotVisibleInJavaShortClassNameIndex$
7777:             1             16  sun.reflect.GeneratedMethodAccessor44
7778:             1             16  org.jetbrains.plugins.scala.lang.psi.impl.toplevel.synthetic.ScSyntheticPackage$
7779:             1             16  org.jetbrains.plugins.groovy.geb.GebContentDeclarationSearcher
7780:             1             16  com.intellij.openapi.updateSettings.impl.UpdateCheckerComponent$1
7781:             1             16  com.intellij.execution.junit.JUnit4Framework
7782:             1             16  com.intellij.psi.util.TypeConversionUtil$28
7783:             1             16  org.zmlx.hg4idea.provider.annotate.HgAnnotationProvider
7784:             1             16  scala.collection.immutable.Range$
7785:             1             16  com.intellij.util.xml.impl.InvocationCache$20
7786:             1             16  com.intellij.psi.impl.source.tree.java.PsiBinaryExpressionImpl$1
7787:             1             16  sun.reflect.GeneratedMethodAccessor30
7788:             1             16  com.intellij.psi.impl.source.codeStyle.CodeEditUtil$2
7789:             1             16  sun.reflect.GeneratedConstructorAccessor43
7790:             1             16  sun.reflect.generics.tree.BottomSignature
7791:             1             16  com.intellij.openapi.module.impl.ModuleImpl$MyVirtualFileListener
7792:             1             16  com.intellij.openapi.vcs.changes.VcsEventWatcher$MyProblemListener
7793:             1             16  com.intellij.debugger.impl.DebuggerManagerImpl$2
7794:             1             16  com.intellij.openapi.vcs.VcsConfiguration$UpdateInBackgroundOption
7795:             1             16  com.intellij.xml.index.XmlNamespaceIndex$2
7796:             1             16  org.jetbrains.idea.maven.project.MavenProjectsManagerWatcher$1
7797:             1             16  org.jetbrains.plugins.scala.lang.parser.parsing.base.LocalModifier$
7798:             1             16  com.intellij.cvsSupport2.actions.RemoveLocallyDeletedFilesAction$1
7799:             1             16  com.intellij.util.containers.ConcurrentRefHashMap$1
7800:             1             16  org.jetbrains.plugins.scala.lang.psi.stubs.index.ScNotVisibleInJavaShortClassNameIndex
7801:             1             16  java.lang.Runtime
7802:             1             16  com.intellij.xml.util.XmlUtil$1
7803:             1             16  sun.awt.image.PixelConverter$Ushort4444Argb
7804:             1             16  com.intellij.psi.impl.cache.impl.id.PlatformIdTableBuilding$PlainTextTodoIndexer
7805:             1             16  com.intellij.packageDependencies.DependencyValidationManagerImpl$ScopesStateSplitter
7806:             1             16  org.jetbrains.idea.maven.navigator.MavenProjectsNavigator$5
7807:             1             16  $Proxy81
7808:             1             16  com.intellij.xdebugger.impl.breakpoints.XBreakpointManagerImpl$1
7809:             1             16  com.intellij.ide.impl.dataRules.PsiFileRule
7810:             1             16  sun.reflect.GeneratedMethodAccessor40
7811:             1             16  org.jetbrains.generate.tostring.GenerateToStringActionHandlerImpl
7812:             1             16  com.intellij.ide.ActivityTracker
7813:             1             16  com.intellij.ide.highlighter.custom.CustomFileHighlighter
7814:             1             16  com.intellij.openapi.vcs.changes.actions.RevertSelectedChangesAction$2
7815:             1             16  org.jetbrains.plugins.scala.util.DebugPrint$
7816:             1             16  com.intellij.compiler.impl.javaCompiler.JavaCompiler
7817:             1             16  com.intellij.ide.impl.dataRules.CutProviderRule
7818:             1             16  com.intellij.history.integration.LocalHistoryImpl$1
7819:             1             16  com.intellij.cvsSupport2.actions.ActionOnSelectedElement$4
7820:             1             16  com.intellij.lang.properties.PropertiesFileType
7821:             1             16  com.siyeh.ig.logging.LoggingConditionDisagreesWithLogStatementInspection$Log4jProblemChecker
7822:             1             16  com.intellij.debugger.ui.breakpoints.ExceptionBreakpointFactory
7823:             1             16  com.intellij.psi.impl.meta.MetaRegistry
7824:             1             16  com.intellij.openapi.vcs.impl.LineStatusTrackerManager$1
7825:             1             16  com.intellij.lang.ant.config.impl.AntInstallation$2
7826:             1             16  com.intellij.codeInsight.navigation.CtrlMouseHandler$2
7827:             1             16  org.jetbrains.plugins.scala.lang.parser.parsing.expressions.PostfixExpr$
7828:             1             16  [Lcom.intellij.debugger.ui.impl.watch.DebuggerTreeNodeImpl;
7829:             1             16  org.jetbrains.plugins.scala.lang.parser.parsing.types.AnnotType$
7830:             1             16  com.intellij.codeInsight.hint.HintManagerImpl$5
7831:             1             16  com.intellij.psi.impl.cache.impl.id.IdIndex$4
7832:             1             16  sun.reflect.GeneratedMethodAccessor45
7833:             1             16  sun.reflect.GeneratedMethodAccessor31
7834:             1             16  com.intellij.psi.util.TypeConversionUtil$29
7835:             1             16  git4idea.history.wholeTree.BigTableTableModel$2
7836:             1             16  org.jetbrains.plugins.groovy.findUsages.ConstructorReferencesSearcher
7837:             1             16  com.intellij.psi.impl.file.impl.ResolveScopeManagerImpl$2
7838:             1             16  org.jboss.netty.util.ThreadNameDeterminer$1
7839:             1             16  org.jetbrains.plugins.scala.lang.psi.stubs.elements.StubVersion$
7840:             1             16  org.jetbrains.plugins.groovy.lang.stubs.GroovyShortNamesCache
7841:             1             16  com.intellij.openapi.fileEditor.impl.FileEditorProviderManagerImpl$MyComparator
7842:             1             16  com.intellij.util.xml.impl.InvocationCache$7
7843:             1             16  com.intellij.ide.ui.laf.darcula.ui.DarculaMenuBarBorder
7844:             1             16  org.jetbrains.idea.svn.actions.IgnoreActionGroup$IgnoreInfoGetterStub
7845:             1             16  com.intellij.execution.applet.AppletConfigurationType
7846:             1             16  org.jetbrains.plugins.scala.lang.psi.stubs.index.ScFullClassNameIndex$
7847:             1             16  com.intellij.debugger.engine.evaluation.DefaultCodeFragmentFactory
7848:             1             16  com.intellij.psi.impl.search.IndexPatternSearchImpl
7849:             1             16  [Lcom.intellij.psi.PsiReference;
7850:             1             16  com.intellij.openapi.actionSystem.ex.QuickListsManager$1
7851:             1             16  org.jetbrains.plugins.scala.components.HighlightingSettings
7852:             1             16  [Lcom.intellij.lang.folding.FoldingDescriptor;
7853:             1             16  org.jetbrains.plugins.scala.extensions.package$
7854:             1             16  $Proxy74
7855:             1             16  scala.collection.convert.Wrappers$JIteratorWrapper$
7856:             1             16  com.intellij.ui.TreeSpeedSearch$1
7857:             1             16  com.intellij.openapi.externalSystem.service.project.manage.ProjectDataManager
7858:             1             16  org.jetbrains.plugins.groovy.lang.psi.GroovyDeclarationSearcher
7859:             1             16  com.intellij.util.text.CaseInsensitiveStringHashingStrategy
7860:             1             16  com.intellij.execution.ui.RunContentManagerImpl$1$1
7861:             1             16  java.lang.ref.Reference$Lock
7862:             1             16  com.intellij.openapi.vcs.VcsConfiguration$CommitInBackgroundOption
7863:             1             16  scala.util.Either$
7864:             1             16  org.jetbrains.idea.maven.model.MavenWorkspaceMap
7865:             1             16  com.intellij.codeInsight.daemon.impl.DaemonTooltipRendererProvider
7866:             1             16  net.orfjackal.sbt.plugin.SbtColorizerFilter
7867:             1             16  com.intellij.ide.impl.dataRules.PsiElementFromSelectionRule
7868:             1             16  org.jetbrains.plugins.groovy.findUsages.GDKSuperMethodSearcher
7869:             1             16  com.intellij.ide.impl.dataRules.PasteProviderRule
7870:             1             16  com.intellij.cvsSupport2.actions.ActionOnSelectedElement$5
7871:             1             16  org.apache.xerces.dom.CharacterDataImpl$1
7872:             1             16  com.intellij.application.options.XmlCodeStyleSettingsProvider
7873:             1             16  sun.awt.image.PixelConverter$ByteGray
7874:             1             16  com.intellij.lang.ant.config.impl.AntToolwindowRegistrar
7875:             1             16  com.intellij.openapi.vcs.impl.LineStatusTrackerManager$MyEditorFactoryListener
7876:             1             16  com.intellij.openapi.util.JDOMUtil$EmptyTextFilter
7877:             1             16  org.jetbrains.idea.maven.project.MavenProjectsManagerWatcher$2
7878:             1             16  org.jetbrains.plugins.scala.lang.psi.stubs.index.ScFullClassNameIndex
7879:             1             16  com.intellij.openapi.roots.impl.ContentEntryImpl$ContentFolderComparator
7880:             1             16  scala.collection.Iterator$
7881:             1             16  org.jboss.netty.util.ThreadNameDeterminer$2
7882:             1             16  com.intellij.openapi.keymap.impl.keyGestures.KeyboardGestureProcessor$MyActionProcessor
7883:             1             16  com.intellij.tasks.context.WorkingContextManager
7884:             1             16  com.intellij.psi.impl.source.tree.java.PsiPolyadicExpressionImpl$1
7885:             1             16  com.intellij.psi.util.TypeConversionUtil$30
7886:             1             16  org.zmlx.hg4idea.provider.HgMergeProvider
7887:             1             16  com.intellij.lang.dtd.DTDParserDefinition
7888:             1             16  com.intellij.codeInsight.navigation.CtrlMouseHandler$3
7889:             1             16  com.intellij.profile.codeInspection.InspectionProjectProfileManagerImpl$1
7890:             1             16  com.intellij.psi.impl.source.html.HtmlScriptLanguageInjector
7891:             1             16  org.jetbrains.plugins.groovy.GroovyIconProvider
7892:             1             16  org.jetbrains.plugins.scala.script.ScalaScriptConfigurationType
7893:             1             16  com.intellij.openapi.vfs.newvfs.persistent.PersistentFSImpl$1
7894:             1             16  org.ini4j.spi.EscapeTool
7895:             1             16  [Lorg.jetbrains.plugins.scala.util.MemberElementTypesExtension;
7896:             1             16  com.intellij.ide.util.treeView.AbstractTreeUi$1
7897:             1             16  com.intellij.ide.JavaFileIconPatcher
7898:             1             16  com.intellij.util.concurrency.QueueProcessorRemovePartner$1
7899:             1             16  org.intellij.plugins.xpathView.support.jaxen.extensions.XPathFunctionProviderImpl
7900:             1             16  com.intellij.designer.propertyTable.PropertyTable$PropertyCellEditorListener
7901:             1             16  com.intellij.openapi.wm.impl.status.InfoAndProgressPanel$1
7902:             1             16  com.intellij.ui.treeStructure.SimpleTree$1
7903:             1             16  org.jetbrains.plugins.groovy.gant.GantScriptType
7904:             1             16  com.intellij.psi.impl.source.resolve.GraphInferencePolicy
7905:             1             16  org.picocontainer.defaults.BasicComponentParameter
7906:             1             16  com.intellij.xml.index.XmlNamespaceIndex$1
7907:             1             16  com.intellij.compiler.server.BuildManager$1
7908:             1             16  com.intellij.openapi.vcs.changes.ChangesViewManager$3
7909:             1             16  com.intellij.psi.impl.source.xml.XmlTagImpl$1
7910:             1             16  org.jetbrains.idea.maven.project.MavenProjectsManager$2$1
7911:             1             16  javax.swing.plaf.metal.MetalIconFactory$CheckBoxIcon
7912:             1             16  com.intellij.debugger.actions.JavaEditBreakpointActionHandler
7913:             1             16  [Lcom.intellij.openapi.fileEditor.FileDocumentManagerListener;
7914:             1             16  com.intellij.lang.ant.AntSupport
7915:             1             16  sun.reflect.GeneratedMethodAccessor59
7916:             1             16  org.jetbrains.plugins.scala.lang.parser.parsing.base.AccessModifier$
7917:             1             16  java.util.IdentityHashMap$Values
7918:             1             16  sun.nio.ch.EPollSelectorProvider
7919:             1             16  com.intellij.openapi.roots.impl.libraries.LibraryKindLoader
7920:             1             16  com.intellij.util.xml.impl.InvocationCache$8
7921:             1             16  com.intellij.lang.ant.config.impl.AntInstallation$3
7922:             1             16  com.intellij.openapi.fileTypes.PlainTextParserDefinition
7923:             1             16  git4idea.GitRootConverter
7924:             1             16  com.intellij.codeInspection.i18n.I18nizeQuickFix
7925:             1             16  org.jboss.netty.channel.socket.nio.NioServerSocketPipelineSink
7926:             1             16  org.jetbrains.plugins.scala.lang.psi.stubs.index.ScClassNameInPackageIndex$
7927:             1             16  com.intellij.util.containers.ConcurrentHashMap$Values
7928:             1             16  com.intellij.openapi.vcs.changes.IgnoredFilesComponent$1
7929:             1             16  com.intellij.openapi.fileEditor.impl.TrailingSpacesStripper
7930:             1             16  com.intellij.tasks.trac.TracRepositoryType
7931:             1             16  org.intellij.plugins.relaxNG.model.resolve.RelaxSymbolIndex
7932:             1             16  com.intellij.ide.impl.dataRules.UsageTargetsRule
7933:             1             16  com.siyeh.ig.logging.LoggingConditionDisagreesWithLogStatementInspection$CommonsLoggingProblemChecker
7934:             1             16  com.intellij.codeInsight.daemon.impl.DaemonListeners$6
7935:             1             16  com.intellij.psi.util.PsiUtilBase$2
7936:             1             16  com.intellij.ide.fileTemplates.DefaultCreateFromTemplateHandler
7937:             1             16  com.intellij.execution.console.ConsoleHistoryController$1
7938:             1             16  sun.rmi.runtime.Log$LoggerLogFactory
7939:             1             16  com.intellij.openapi.vfs.impl.local.FileWatcher$1
7940:             1             16  com.intellij.ui.TreeSpeedSearch$2
7941:             1             16  com.intellij.codeInsight.daemon.impl.AttachSourcesNotificationProvider
7942:             1             16  com.intellij.internal.statistic.persistence.ApplicationStatisticsPersistenceComponent$3
7943:             1             16  com.theoryinpractice.testng.TestNGPlugin
7944:             1             16  [Lcom.intellij.openapi.actionSystem.impl.BundledQuickListsProvider;
7945:             1             16  org.jetbrains.plugins.scala.lang.psi.ScalaPsiUtil$
7946:             1             16  com.intellij.openapi.wm.impl.status.ToggleReadOnlyAttributePanel$1
7947:             1             16  java.awt.Window$1
7948:             1             16  com.intellij.cvsSupport2.actions.ActionOnSelectedElement$6
7949:             1             16  [Lcom.intellij.psi.PsiTypeParameter;
7950:             1             16  sun.font.SunFontManager$8
7951:             1             16  org.jetbrains.idea.maven.utils.MavenEditorTabTitleUpdater$1
7952:             1             16  com.intellij.openapi.vcs.VcsConfiguration$EditInBackgroundOption
7953:             1             16  com.intellij.util.InstanceofChecker$$$$$com$intellij$psi$PsiElement
7954:             1             16  com.intellij.psi.util.TypeConversionUtil$31
7955:             1             16  com.intellij.openapi.vcs.changes.DeletedFilesHolder
7956:             1             16  org.jetbrains.idea.maven.project.MavenProjectsTree$1
7957:             1             16  org.jetbrains.plugins.scala.decompiler.ScContentBasedClassFileProcessor
7958:             1             16  com.intellij.codeInsight.daemon.impl.InjectedCodeFoldingPassFactory
7959:             1             16  org.jetbrains.plugins.groovy.griffon.GriffonDebuggerRunner
7960:             1             16  [Lcom.intellij.psi.PsiJavaCodeReferenceElement;
7961:             1             16  com.intellij.openapi.wm.impl.status.InfoAndProgressPanel$6
7962:             1             16  com.intellij.ide.impl.dataRules.FileTextRule
7963:             1             16  org.jetbrains.plugins.groovy.findUsages.GrAliasedImportedElementSearcher
7964:             1             16  net.orfjackal.sbt.plugin.settings.SbtApplicationSettingsComponent
7965:             1             16  sun.awt.image.PixelConverter$UshortGray
7966:             1             16  com.intellij.openapi.vcs.actions.CompareWithSelectedRevisionAction$1
7967:             1             16  scala.collection.convert.Wrappers$JListWrapper$
7968:             1             16  com.intellij.openapi.vcs.changes.ui.ChangeListRemoteState
7969:             1             16  com.intellij.ide.util.treeView.AbstractTreeUi$2
7970:             1             16  org.jetbrains.idea.maven.server.MavenServerManager$2
7971:             1             16  com.intellij.util.io.BaseOutputReader$SleepingPolicy$1
7972:             1             16  org.jetbrains.plugins.groovy.spock.SpockPomDeclarationSearcher
7973:             1             16  com.intellij.facet.impl.ProjectWideFacetListenersRegistryImpl$1
7974:             1             16  com.intellij.psi.tree.IElementType$1
7975:             1             16  com.intellij.codeInspection.ex.LocalInspectionToolWrapper$1
7976:             1             16  com.intellij.openapi.vcs.impl.LineStatusTrackerManager$MyVirtualFileListener
7977:             1             16  com.intellij.openapi.util.io.FileUtilRt$1
7978:             1             16  scala.util.Left$
7979:             1             16  com.intellij.debugger.ui.PositionHighlighter$1
7980:             1             16  com.intellij.ide.todo.TodoToolWindowFactory
7981:             1             16  org.jetbrains.plugins.scala.config.ScalaPluginVersionVerifier$
7982:             1             16  com.intellij.openapi.fileTypes.NativeFileType
7983:             1             16  org.jetbrains.plugins.scala.codeInspection.unusedInspections.ScalaUnusedImportsPassFactory
7984:             1             16  com.intellij.util.xml.impl.InvocationCache$9
7985:             1             16  com.intellij.util.ArrayUtil$1
7986:             1             16  sun.reflect.GeneratedSerializationConstructorAccessor34
7987:             1             16  com.intellij.ide.util.treeView.AlphaComparator
7988:             1             16  com.intellij.openapi.vcs.impl.LineStatusTrackerManager$2
7989:             1             16  com.intellij.lang.java.parser.FileParser
7990:             1             16  com.intellij.xdebugger.impl.breakpoints.XBreakpointPanelProvider$MyXBreakpointListener
7991:             1             16  $Proxy0
7992:             1             16  scala.util.control.NoStackTrace$
7993:             1             16  com.intellij.execution.console.ConsoleHistoryController$2
7994:             1             16  org.jetbrains.plugins.scala.lang.parser.parsing.expressions.InfixExpr$
7995:             1             16  com.intellij.ui.EditorTextFieldProviderImpl$1
7996:             1             16  com.intellij.ui.BalloonLayoutImpl$1
7997:             1             16  org.jetbrains.plugins.scala.lang.psi.stubs.index.ScJavaClassNameInPackageIndex$
7998:             1             16  scala.collection.convert.WrapAsScala$
7999:             1             16  com.intellij.psi.util.TypeConversionUtil$32
8000:             1             16  com.intellij.openapi.roots.impl.ProjectRootManagerComponent$3
8001:             1             16  com.intellij.openapi.editor.actions.UnselectWordAtCaretAction$Handler
8002:             1             16  com.intellij.util.containers.StripedLockConcurrentHashMap$CanonicalHashingStrategy
8003:             1             16  com.intellij.openapi.roots.impl.DirectoryIndexImpl$4
8004:             1             16  com.intellij.psi.impl.file.impl.FileManagerImpl$1
8005:             1             16  git4idea.changes.GitCommittedChangeListProvider
8006:             1             16  sun.reflect.GeneratedConstructorAccessor30
8007:             1             16  com.intellij.psi.PsiTypeParameter$1
8008:             1             16  com.intellij.tasks.impl.TaskManagerImpl$4
8009:             1             16  com.intellij.openapi.util.io.FileUtilRt$3
8010:             1             16  com.intellij.cvsSupport2.actions.ActionOnSelectedElement$7
8011:             1             16  org.jetbrains.plugins.scala.lang.parser.parsing.top.ObjectDef$
8012:             1             16  javax.swing.plaf.basic.BasicLookAndFeel$AWTEventHelper
8013:             1             16  com.intellij.openapi.vcs.changes.ui.ChangesListView$NodeToTextConvertor
8014:             1             16  com.intellij.psi.stubs.SerializationManagerImpl$1
8015:             1             16  sun.awt.image.PixelConverter$Rgbx
8016:             1             16  com.intellij.openapi.vcs.changes.ChangesViewManager$4
8017:             1             16  com.intellij.psi.PsiJavaCodeReferenceElement$1
8018:             1             16  org.zmlx.hg4idea.provider.commit.HgCommitAndPushExecutor
8019:             1             16  com.intellij.openapi.util.io.FileUtilRt$2
8020:             1             16  com.intellij.openapi.vcs.VcsConfiguration$CheckoutInBackgroundOption
8021:             1             16  com.intellij.ui.treeStructure.SimpleTree$2
8022:             1             16  com.intellij.openapi.vcs.changes.ui.ChangesModuleGroupingPolicyFactory
8023:             1             16  com.intellij.openapi.vcs.actions.CompareWithSelectedRevisionAction$2
8024:             1             16  com.intellij.tasks.context.WorkingContextManager$1
8025:             1             16  org.jetbrains.idea.maven.project.MavenProjectsManagerWatcher$3
8026:             1             16  com.intellij.codeInsight.navigation.CtrlMouseHandler$5
8027:             1             16  com.intellij.psi.PsiNameValuePair$1
8028:             1             16  com.intellij.ui.tabs.impl.JBTabsImpl$DefaultDecorator
8029:             1             16  com.intellij.debugger.ui.DebuggerPanelsManager$1
8030:             1             16  sun.reflect.GeneratedMethodAccessor66
8031:             1             16  com.intellij.ide.impl.dataRules.FileEditorRule
8032:             1             16  com.intellij.util.xml.impl.InvocationCache$10
8033:             1             16  com.intellij.openapi.vcs.VcsPathMacroFilter
8034:             1             16  com.intellij.execution.impl.MyDiffContainer$MyOverlayLayout
8035:             1             16  com.intellij.openapi.vcs.impl.LineStatusTrackerManager$4$1
8036:             1             16  com.intellij.internal.statistic.persistence.ApplicationStatisticsPersistenceComponent$2
8037:             1             16  com.intellij.util.io.PagedFileStorage$StorageLock$2
8038:             1             16  com.intellij.lang.java.parser.ExpressionParser
8039:             1             16  [Lcom.intellij.codeHighlighting.TextEditorHighlightingPass;
8040:             1             16  com.intellij.ide.ui.laf.darcula.ui.DarculaCheckBoxBorder
8041:             1             16  com.intellij.ui.tabs.impl.DarculaEditorTabsPainter
8042:             1             16  org.intellij.lang.xpath.xslt.impl.XsltIconProvider
8043:             1             16  com.intellij.openapi.wm.StatusBarWidget$WidgetBorder
8044:             1             16  org.intellij.plugins.intelliLang.inject.config.InjectionPlace$1
8045:             1             16  com.intellij.openapi.wm.impl.content.ContentComboLabel$2
8046:             1             16  javax.swing.ViewportLayout
8047:             1             16  com.intellij.openapi.fileEditor.impl.FileDocumentManagerImpl$1
8048:             1             16  com.intellij.util.ArrayUtil$2
8049:             1             16  com.intellij.codeInsight.highlighting.HighlightManagerImpl$MyAnActionListener
8050:             1             16  org.intellij.plugins.intelliLang.inject.java.JavaLanguageInjectionSupport
8051:             1             16  sun.font.X11TextRenderer
8052:             1             16  com.intellij.codeInsight.highlighting.LargeFilesAnnotator
8053:             1             16  [Lcom.intellij.openapi.editor.colors.TextAttributesKey;
8054:             1             16  de.plushnikov.intellij.plugin.LombokLoader
8055:             1             16  com.intellij.debugger.actions.JvmSmartStepIntoActionHandler
8056:             1             16  com.intellij.ide.util.treeView.AbstractTreeUi$81
8057:             1             16  org.jetbrains.plugins.scala.lang.parser.parsing.types.SimpleType$
8058:             1             16  com.intellij.ui.BalloonLayoutImpl$2
8059:             1             16  $Proxy72
8060:             1             16  git4idea.GitPlatformFacadeImpl
8061:             1             16  com.intellij.tasks.jira.JiraRepositoryType
8062:             1             16  com.intellij.lang.properties.xml.XmlPropertiesIndex
8063:             1             16  com.intellij.javaee.ExternalResourcesRootsProvider
8064:             1             16  com.siyeh.ig.logging.LoggingConditionDisagreesWithLogStatementInspection$JavaUtilLoggingProblemChecker
8065:             1             16  scala.collection.convert.Wrappers$JMapWrapper$
8066:             1             16  com.intellij.compiler.CompilerManagerImpl$2
8067:             1             16  com.intellij.openapi.vcs.changes.VetoSavingCommittingDocumentsAdapter$1
8068:             1             16  com.intellij.openapi.util.Condition$1
8069:             1             16  com.intellij.psi.util.TypeConversionUtil$33
8070:             1             16  com.intellij.util.ArrayUtil$1
8071:             1             16  com.intellij.tools.ToolProgramRunner
8072:             1             16  org.jetbrains.plugins.scala.lang.psi.stubs.index.ScImplicitObjectKey$
8073:             1             16  scala.util.Right$
8074:             1             16  org.jetbrains.idea.maven.dom.MavenSchemaProvider
8075:             1             16  com.intellij.openapi.roots.impl.DirectoryIndexImpl$5
8076:             1             16  com.intellij.ide.fileTemplates.FileTemplateUtil$1
8077:             1             16  org.jetbrains.plugins.scala.debugger.ui.ListLikeCollectionNodeRenderer
8078:             1             16  com.intellij.openapi.externalSystem.service.project.autoimport.ExternalSystemAutoImporter$1
8079:             1             16  com.intellij.notification.impl.NotificationsManagerImpl$ProjectNotificationsComponent
8080:             1             16  org.jetbrains.idea.maven.utils.MavenImportNotifier$1
8081:             1             16  sun.reflect.GeneratedConstructorAccessor4
8082:             1             16  com.intellij.framework.detection.impl.DetectedFrameworksData$TIntHashSetExternalizer
8083:             1             16  com.intellij.psi.impl.file.impl.FileManagerImpl$2
8084:             1             16  com.intellij.util.concurrency.BoundedTaskExecutor$1
8085:             1             16  com.intellij.openapi.vfs.tracker.VirtualFileTrackerImpl$1
8086:             1             16  com.intellij.util.InstanceofChecker$$$$$com$intellij$psi$PsiMethod
8087:             1             16  com.intellij.codeInsight.highlighting.HighlightExitPointsHandlerFactory
8088:             1             16  com.intellij.util.InstanceofChecker$$$$$com$intellij$psi$tree$IElementType
8089:             1             16  com.intellij.debugger.engine.evaluation.DebuggerHighlightFilter
8090:             1             16  com.intellij.xml.breadcrumbs.BreadcrumbsComponent$ButtonSettings
8091:             1             16  org.apache.xerces.impl.dv.dtd.StringDatatypeValidator
8092:             1             16  com.intellij.cvsSupport2.actions.ActionOnSelectedElement$8
8093:             1             16  com.intellij.ide.ClipboardSynchronizer
8094:             1             16  com.intellij.ide.navigationToolbar.NavBarUpdateQueue$1
8095:             1             16  sun.awt.image.PixelConverter$Bgrx
8096:             1             16  com.intellij.openapi.vcs.impl.LineStatusTrackerManager$3
8097:             1             16  com.intellij.util.containers.MostlySingularMultiMap$EmptyMap
8098:             1             16  java.lang.Terminator$1
8099:             1             16  com.intellij.slicer.SliceManager$1
8100:             1             16  org.jetbrains.plugins.scala.lang.psi.stubs.index.ScClassNameInPackageIndex
8101:             1             16  com.intellij.util.ReflectionUtil$MySecurityManager
8102:             1             16  com.intellij.util.xml.impl.InvocationCache$11
8103:             1             16  org.jetbrains.plugins.scala.console.ScalaConsoleConfigurationType
8104:             1             16  sun.reflect.GeneratedConstructorAccessor1
8105:             1             16  com.intellij.openapi.diff.impl.external.DiffManagerImpl$1
8106:             1             16  scala.collection.immutable.Set$
8107:             1             16  javax.swing.plaf.basic.BasicLookAndFeel$1
8108:             1             16  [Lcom.intellij.ide.TypeIconEP;
8109:             1             16  com.intellij.openapi.vfs.impl.jar.JarFileSystemImpl$1
8110:             1             16  com.intellij.util.Function$1
8111:             1             16  com.intellij.openapi.vcs.actions.CompareWithSelectedRevisionAction$3
8112:             1             16  com.intellij.psi.ResolveState
8113:             1             16  scala.collection.mutable.IndexedSeqView$
8114:             1             16  org.jetbrains.plugins.scala.components.ScalaIconProvider
8115:             1             16  com.intellij.ide.impl.dataRules.NavigatableArrayRule
8116:             1             16  com.intellij.openapi.vcs.VcsConfiguration$AddRemoveInBackgroundOption
8117:             1             16  java.util.regex.Pattern$CharPropertyNames$5
8118:             1             16  com.intellij.openapi.command.impl.DummyProject
8119:             1             16  java.awt.Frame$1
8120:             1             16  com.siyeh.ig.InspectionGadgetsPlugin
8121:             1             16  com.intellij.concurrency.SameThreadExecutor
8122:             1             16  scala.None$
8123:             1             16  sun.font.SunFontManager$TTFilter
8124:             1             16  org.jetbrains.plugins.scala.util.ScalaToolsFactoryImpl
8125:             1             16  com.maddyhome.idea.copyright.util.NewFileTracker
8126:             1             16  com.intellij.xdebugger.impl.actions.handlers.XDebuggerPauseActionHandler
8127:             1             16  com.intellij.psi.util.TypeConversionUtil$34
8128:             1             16  com.intellij.openapi.wm.impl.status.MemoryUsagePanel$1
8129:             1             16  com.intellij.psi.impl.source.tree.injected.InjectedLanguageManagerImpl$2
8130:             1             16  com.intellij.openapi.util.Condition$2
8131:             1             16  sun.awt.SunToolkit$ModalityListenerList
8132:             1             16  sun.reflect.GeneratedMethodAccessor11
8133:             1             16  com.intellij.codeInsight.daemon.impl.DaemonListeners$7
8134:             1             16  org.jetbrains.plugins.scala.lang.parser.parsing.expressions.PrefixExpr$
8135:             1             16  com.intellij.openapi.editor.highlighter.EditorHighlighterFactoryImpl
8136:             1             16  org.jetbrains.plugins.javaFX.JavaFxControllerClassIndex$MyDataIndexer
8137:             1             16  com.intellij.codeInsight.folding.impl.JavaFoldingBuilder
8138:             1             16  com.intellij.util.ArrayUtil$2
8139:             1             16  com.intellij.psi.PsiReferenceServiceImpl
8140:             1             16  com.intellij.openapi.externalSystem.service.project.autoimport.ExternalSystemAutoImporter$2
8141:             1             16  sun.java2d.pipe.LoopPipe
8142:             1             16  org.jetbrains.plugins.scala.lang.psi.stubs.index.ScImplicitsKey$
8143:             1             16  git4idea.history.wholeTree.GitLogUI$5
8144:             1             16  sun.reflect.GeneratedConstructorAccessor32
8145:             1             16  org.jetbrains.idea.maven.navigator.MavenProjectsStructure$1
8146:             1             16  com.intellij.psi.impl.source.text.BlockSupportImpl$1
8147:             1             16  com.intellij.execution.impl.MyDiffContainer$MyPanelLayout
8148:             1             16  com.intellij.util.indexing.PerIndexDocumentVersionMap
8149:             1             16  org.apache.xerces.impl.dv.dtd.IDDatatypeValidator
8150:             1             16  sun.reflect.GeneratedMethodAccessor54
8151:             1             16  com.intellij.openapi.vcs.changes.patch.PatchFileType
8152:             1             16  com.intellij.ide.navigationToolbar.NavBarUpdateQueue$2
8153:             1             16  com.intellij.debugger.ui.DebuggerPanelsManager$4
8154:             1             16  com.intellij.ide.TipOfTheDayManager
8155:             1             16  com.intellij.patterns.XmlNamedElementPattern$XmlAttributePattern$1
8156:             1             16  com.intellij.codeInsight.folding.impl.GenericElementSignatureProvider
8157:             1             16  com.intellij.execution.configuration.RunConfigurationPathMacroFilter
8158:             1             16  com.intellij.openapi.vfs.VirtualFileVisitor$Option$LimitOption
8159:             1             16  com.intellij.util.xml.impl.InvocationCache$12
8160:             1             16  org.jetbrains.plugins.scala.lang.parser.ScalaPsiCreator$
8161:             1             16  com.intellij.openapi.vcs.changes.ui.ChangesBrowser$2
8162:             1             16  sun.awt.image.PixelConverter$ArgbBm
8163:             1             16  org.jetbrains.idea.maven.indices.MavenIndicesManager$1
8164:             1             16  org.jetbrains.plugins.scala.compiler.CompileServerManager$FacetListener$
8165:             1             16  com.intellij.codeInsight.highlighting.HighlightManagerImpl$1
8166:             1             16  com.intellij.ide.impl.dataRules.InactiveEditorRule
8167:             1             16  com.intellij.ide.ui.laf.darcula.ui.DarculaPopupMenuBorder
8168:             1             16  com.intellij.debugger.ui.DebuggerPanelsManager$3
8169:             1             16  javax.swing.plaf.basic.BasicRootPaneUI
8170:             1             16  com.intellij.psi.impl.PsiExpressionEvaluator
8171:             1             16  com.intellij.tasks.jira.jql.JqlParserDefinition
8172:             1             16  com.intellij.openapi.vcs.actions.CompareWithSelectedRevisionAction$4
8173:             1             16  sun.reflect.GeneratedMethodAccessor67
8174:             1             16  com.intellij.ide.actions.ShowFilePathAction$1
8175:             1             16  com.intellij.lang.findUsages.EmptyFindUsagesProvider
8176:             1             16  com.intellij.openapi.wm.impl.status.StatusBarUI
8177:             1             16  scala.collection.Iterator$$anon$2
8178:             1             16  [Lcom.intellij.psi.PsiClassInitializer;
8179:             1             16  com.siyeh.ig.logging.LoggingConditionDisagreesWithLogStatementInspection$Slf4jProblemChecker
8180:             1             16  com.intellij.openapi.editor.actionSystem.TypedAction$Handler
8181:             1             16  java.text.MessageFormat$Field
8182:             1             16  $Proxy76
8183:             1             16  scala.collection.convert.Wrappers$JPropertiesWrapper$
8184:             1             16  com.intellij.openapi.vfs.encoding.EncodingManagerImpl$1
8185:             1             16  scala.Predef$ArrowAssoc$
8186:             1             16  com.intellij.psi.impl.source.codeStyle.CodeStyleFacadeImpl
8187:             1             16  com.intellij.util.xml.stubs.builder.DomStubBuilder
8188:             1             16  com.intellij.facet.impl.invalid.InvalidFacetManagerImpl$InvalidFacetManagerState
8189:             1             16  com.intellij.application.options.HtmlCodeStyleSettingsProvider
8190:             1             16  $Proxy50
8191:             1             16  com.intellij.psi.util.TypeConversionUtil$35
8192:             1             16  com.intellij.ui.GuiUtils$1
8193:             1             16  git4idea.history.wholeTree.GitLogUI$1
8194:             1             16  com.intellij.openapi.roots.impl.libraries.LibraryTablesRegistrarImpl
8195:             1             16  com.intellij.xml.index.SchemaTypeInheritanceIndex$2
8196:             1             16  com.intellij.openapi.editor.impl.softwrap.mapping.SoftWrapApplianceManager$1
8197:             1             16  [Lcom.intellij.execution.JUnitRecognizer;
8198:             1             16  com.intellij.openapi.util.Condition$3
8199:             1             16  sun.font.SunFontManager$T1Filter
8200:             1             16  org.jetbrains.plugins.groovy.compiler.GroovyCompilerLoader
8201:             1             16  org.jetbrains.plugins.scala.lang.psi.stubs.index.ScJavaClassNameInPackageIndex
8202:             1             16  git4idea.history.wholeTree.GitLogUI$25
8203:             1             16  com.intellij.util.xml.impl.DomSemContributor$2
8204:             1             16  org.jetbrains.plugins.scala.lang.parser.parsing.top.ClassTemplateOpt$
8205:             1             16  javax.swing.text.StyledEditorKit$StyledViewFactory
8206:             1             16  com.maddyhome.idea.copyright.util.NewFileTracker$1
8207:             1             16  $Proxy90
8208:             1             16  sun.reflect.GeneratedConstructorAccessor5
8209:             1             16  com.intellij.openapi.progress.impl.ProgressManagerImpl$1
8210:             1             16  org.jetbrains.idea.maven.project.MavenProjectsManagerWatcher$5
8211:             1             16  com.intellij.psi.impl.file.DirectoryIconProvider
8212:             1             16  sun.reflect.GeneratedMethodAccessor12
8213:             1             16  com.intellij.xml.index.XmlTagNamesIndex
8214:             1             16  com.intellij.psi.impl.file.JavaDirectoryServiceImpl
8215:             1             16  com.intellij.openapi.roots.OrderRootType$DocumentationRootType
8216:             1             16  org.jetbrains.plugins.scala.lang.psi.stubs.index.ScPackageObjectIndex$
8217:             1             16  com.intellij.openapi.vfs.newvfs.persistent.PersistentFSImpl$7
8218:             1             16  com.intellij.debugger.actions.AddToWatchActionHandler
8219:             1             16  javax.swing.plaf.basic.BasicViewportUI
8220:             1             16  [Lcom.intellij.psi.PsiField;
8221:             1             16  com.intellij.openapi.wm.impl.status.PositionPanel$1
8222:             1             16  org.apache.xerces.impl.dv.dtd.IDREFDatatypeValidator
8223:             1             16  com.intellij.codeInsight.daemon.impl.VisibleLineMarkersPassFactory
8224:             1             16  java.awt.Container$1
8225:             1             16  com.intellij.openapi.module.impl.JavaAwareModuleTypeManagerImpl
8226:             1             16  com.intellij.codeInsight.daemon.impl.LocalInspectionsPassFactory
8227:             1             16  org.intellij.lang.xpath.xslt.impl.XPathLanguageInjector
8228:             1             16  com.intellij.psi.impl.search.IndexPatternSearcher
8229:             1             16  com.intellij.util.xml.impl.InvocationCache$13
8230:             1             16  $Proxy26
8231:             1             16  sun.reflect.GeneratedMethodAccessor56
8232:             1             16  net.orfjackal.sbt.plugin.sbtlang.SbtFileType
8233:             1             16  sun.swing.DefaultLookup
8234:             1             16  com.intellij.openapi.actionSystem.impl.ActionPreloader
8235:             1             16  com.intellij.openapi.externalSystem.service.project.autoimport.ExternalSystemAutoImporter$3
8236:             1             16  com.intellij.openapi.application.StructuralSearchPathMacroFilter
8237:             1             16  com.intellij.util.xml.impl.DefaultDomAnnotator
8238:             1             16  com.intellij.util.xml.impl.JavaDomApplicationComponent
8239:             1             16  com.intellij.psi.impl.source.tree.java.PsiAnnotationImpl$1
8240:             1             16  com.intellij.lang.html.HTMLParserDefinition
8241:             1             16  org.intellij.lang.xpath.xslt.validation.XsltXmlAnnotator
8242:             1             16  com.intellij.lang.customFolding.NetBeansCustomFoldingProvider
8243:             1             16  sun.awt.image.ImageWatched$Link
8244:             1             16  git4idea.history.wholeTree.RootsHolder
8245:             1             16  com.intellij.openapi.editor.impl.EditorImpl$RepaintCursorCommand$MyRepaintRunnable
8246:             1             16  com.intellij.util.indexing.ScalarIndexExtension$VoidDataExternalizer
8247:             1             16  org.intellij.lang.regexp.RegExpParserDefinition
8248:             1             16  com.intellij.psi.codeStyle.NameUtil$1
8249:             1             16  org.intellij.lang.xpath.validation.XPathAnnotator
8250:             1             16  org.jboss.netty.channel.SucceededChannelFuture
8251:             1             16  com.intellij.openapi.util.EmptyRunnable
8252:             1             16  com.intellij.util.xmlb.MapBinding$1
8253:             1             16  com.intellij.openapi.vcs.actions.CompareWithSelectedRevisionAction$5
8254:             1             16  com.intellij.codeInsight.daemon.impl.HighlightInfoFilterImpl
8255:             1             16  com.intellij.tasks.lighthouse.LighthouseRepositoryType
8256:             1             16  com.intellij.ui.tabs.EditorTabColorProviderImpl
8257:             1             16  com.intellij.remoteServer.run.DeployToServerConfigurationTypesRegistrar
8258:             1             16  com.intellij.psi.PsiClassInitializer$1
8259:             1             16  org.zmlx.hg4idea.HgGlobalSettings
8260:             1             16  com.intellij.psi.util.TypeConversionUtil$36
8261:             1             16  [Lcom.intellij.psi.PsiReferenceProvider;
8262:             1             16  [Lcom.intellij.util.xml.DomElement;
8263:             1             16  com.intellij.framework.detection.impl.FrameworkDetectionManager$2
8264:             1             16  org.jetbrains.plugins.scala.compiler.CompileServerLauncher$
8265:             1             16  com.intellij.codeInsight.editorActions.smartEnter.SmartEnterAction$Handler
8266:             1             16  com.intellij.execution.impl.ConsoleViewImpl$13
8267:             1             16  com.intellij.util.xml.impl.DomSemContributor$6
8268:             1             16  de.plushnikov.intellij.plugin.provider.LombokInspectionProvider
8269:             1             16  net.sf.cglib.proxy.NoOpGenerator
8270:             1             16  com.intellij.openapi.project.ProjectLocatorImpl
8271:             1             16  org.jetbrains.plugins.groovy.findUsages.AccessorReferencesSearcher
8272:             1             16  com.intellij.util.xml.impl.ImplementationClassCache$1
8273:             1             16  com.intellij.openapi.fileTypes.impl.JavaFileTypeFactory
8274:             1             16  com.intellij.util.xml.impl.DomServiceImpl
8275:             1             16  git4idea.history.wholeTree.GitLogUI$2
8276:             1             16  java.util.concurrent.ThreadPoolExecutor$AbortPolicy
8277:             1             16  com.intellij.psi.util.MethodSignatureUtil$1
8278:             1             16  scala.reflect.NoManifest$
8279:             1             16  com.intellij.openapi.editor.impl.EditorActionManagerImpl$DefaultReadOnlyFragmentModificationHandler
8280:             1             16  com.intellij.psi.PsiAnnotationMemberValue$1
8281:             1             16  com.intellij.usages.impl.GroupNode$NodeComparator
8282:             1             16  org.jetbrains.plugins.scala.lang.parser.parsing.types.Path$
8283:             1             16  com.intellij.openapi.vcs.impl.IllegalStateProxy$1
8284:             1             16  com.intellij.codeInspection.i18n.I18nizeConcatenationQuickFix
8285:             1             16  com.intellij.application.options.JavaCodeStyleSettingsProvider
8286:             1             16  com.intellij.ui.AppIcon$EmptyIcon
8287:             1             16  com.intellij.util.xml.impl.InvocationCache$14
8288:             1             16  com.intellij.codeInsight.daemon.impl.ShowAutoImportPassFactory
8289:             1             16  com.intellij.psi.impl.source.codeStyle.CodeStyleSchemesImpl$1
8290:             1             16  com.intellij.psi.impl.PsiClassImplUtil$2
8291:             1             16  org.jetbrains.plugins.scala.lang.psi.stubs.index.ScFullPackagingNameIndex$
8292:             1             16  org.jetbrains.idea.maven.plugins.api.MavenPluginConfigurationLanguageInjector
8293:             1             16  com.intellij.psi.impl.search.CachesBasedRefSearcher
8294:             1             16  [Lcom.intellij.tasks.Task;
8295:             1             16  javax.swing.JComponent$1
8296:             1             16  com.intellij.compiler.impl.javaCompiler.javac.JavacConfigurationMacroFilter
8297:             1             16  org.jetbrains.idea.maven.compiler.MavenResourceCompiler
8298:             1             16  org.jetbrains.plugins.scala.lang.psi.stubs.index.ScImplicitObjectKey
8299:             1             16  java.awt.EventQueue$1
8300:             1             16  org.jetbrains.idea.maven.dom.generate.MavenGenerateDomActionGroup$1
8301:             1             16  sun.reflect.GeneratedMethodAccessor13
8302:             1             16  org.jetbrains.idea.maven.utils.MavenRehighlighter$1
8303:             1             16  java.util.regex.Pattern$CharPropertyNames$6
8304:             1             16  com.intellij.openapi.fileTypes.PlainSyntaxHighlighterFactory
8305:             1             16  org.jetbrains.ide.BuiltInServerManagerImpl$1$1
8306:             1             16  com.intellij.ide.ui.laf.darcula.ui.DarculaButtonPainter
8307:             1             16  com.intellij.openapi.roots.impl.CompilerProjectExtensionImpl$MyWatchedRootsProvider
8308:             1             16  com.intellij.ui.tabs.impl.DefaultEditorTabsPainter
8309:             1             16  com.intellij.psi.util.TypeConversionUtil$37
8310:             1             16  com.intellij.openapi.wm.impl.status.IdeStatusBarImpl$TextPresentationWrapper$1
8311:             1             16  com.intellij.util.keyFMap.EmptyFMap
8312:             1             16  [Lcom.intellij.openapi.editor.Document;
8313:             1             16  org.intellij.plugins.relaxNG.ApplicationLoader$1
8314:             1             16  com.intellij.ide.util.treeView.AbstractTreeUi$MyExpansionListener
8315:             1             16  com.intellij.openapi.vcs.actions.CompareWithSelectedRevisionAction$6
8316:             1             16  org.jetbrains.plugins.scala.worksheet.runconfiguration.WorksheetConfigurationType
8317:             1             16  com.intellij.ide.navigationToolbar.NavBarPresentation
8318:             1             16  com.intellij.psi.impl.source.tree.injected.InjectedPsiCachedValueProvider
8319:             1             16  com.intellij.debugger.impl.HotSwapManager$1
8320:             1             16  com.intellij.ide.impl.convert.ProjectFileVersionState
8321:             1             16  com.intellij.ide.highlighter.WorkspaceFileType
8322:             1             16  com.intellij.psi.impl.source.codeStyle.JavaCodeStyleManagerImpl
8323:             1             16  com.intellij.spi.SPIFileTypeFactory
8324:             1             16  com.intellij.execution.impl.ConsoleViewImpl$13$1
8325:             1             16  scala.collection.convert.Wrappers$JSetWrapper$
8326:             1             16  [Lcom.intellij.compiler.impl.resourceCompiler.ResourceCompilerExtension;
8327:             1             16  com.theoryinpractice.testng.TestNGFramework
8328:             1             16  sun.java2d.UnixSurfaceManagerFactory
8329:             1             16  com.intellij.psi.scope.PsiScopeProcessor$Event$1
8330:             1             16  com.intellij.codeInsight.highlighting.JavaBraceMatcher
8331:             1             16  com.intellij.xdebugger.impl.XDebuggerManagerImpl$3
8332:             1             16  com.intellij.ide.actions.ToolWindowsGroup$MyToolWindowManagerListener
8333:             1             16  org.jetbrains.plugins.scala.codeInspection.unusedInspections.ScalaUnusedSymbolPassFactory
8334:             1             16  com.intellij.util.xml.impl.InvocationCache$15
8335:             1             16  com.intellij.facet.impl.ProjectFacetManagerImpl$ProjectFacetManagerState
8336:             1             16  org.jetbrains.ide.BuiltInServerManagerImpl$1
8337:             1             16  com.intellij.compiler.server.BuildManager$4$1
8338:             1             16  com.intellij.openapi.externalSystem.service.execution.ExternalSystemTaskRunner
8339:             1             16  $Proxy84
8340:             1             16  org.jetbrains.plugins.scala.lang.parser.parsing.top.template.TemplateBody$
8341:             1             16  [Ljava.security.cert.Certificate;
8342:             1             16  com.intellij.openapi.vcs.changes.FileHolderComposite
8343:             1             16  com.intellij.openapi.keymap.impl.IdeKeyEventDispatcher$1
8344:             1             16  org.jetbrains.plugins.scala.findUsages.parameters.NamingParamsSearcher
8345:             1             16  com.intellij.xml.breadcrumbs.BreadcrumbsComponent$DefaultPainter
8346:             1             16  com.intellij.tasks.generic.assembla.AssemblaRepositoryType
8347:             1             16  org.jetbrains.plugins.scala.lang.psi.stubs.index.ScFunctionNameIndex$
8348:             1             16  org.jetbrains.plugins.groovy.codeInspection.local.GroovyUnusedImportsPassFactory
8349:             1             16  sun.reflect.GeneratedConstructorAccessor3
8350:             1             16  com.intellij.execution.application.ApplicationConfigurationType
8351:             1             16  com.intellij.openapi.keymap.impl.DefaultKeymap
8352:             1             16  com.intellij.xml.index.SchemaTypeInheritanceIndex$1
8353:             1             16  com.intellij.openapi.fileTypes.impl.IgnoredFileCache$1
8354:             1             16  java.util.logging.SimpleFormatter
8355:             1             16  com.intellij.usages.impl.UsageViewImpl$1
8356:             1             16  com.intellij.psi.util.TypeConversionUtil$38
8357:             1             16  $Proxy87
8358:             1             16  com.intellij.tasks.impl.TaskManagerImpl$1
8359:             1             16  com.intellij.openapi.fileEditor.impl.OpenFilesActivity
8360:             1             16  com.intellij.openapi.project.impl.ProjectReloadStateImpl
8361:             1             16  com.intellij.psi.impl.source.resolve.reference.impl.manipulators.PsiCommentManipulator
8362:             1             16  com.intellij.openapi.vcs.changes.ChangesViewManager$Expander
8363:             1             16  com.intellij.psi.impl.source.IdentityCharTable
8364:             1             16  scala.runtime.BoxedUnit
8365:             1             16  $Proxy44
8366:             1             16  com.intellij.openapi.vcs.changes.VcsDirtyScopeVfsListener$1
8367:             1             16  com.intellij.execution.impl.ConsoleViewImpl$MyTypedHandler
8368:             1             16  com.intellij.xdebugger.impl.actions.handlers.XDebuggerEvaluateActionHandler
8369:             1             16  com.intellij.openapi.vcs.actions.CompareWithSelectedRevisionAction$7
8370:             1             16  com.intellij.codeInsight.highlighting.HighlightOverridingMethodsHandlerFactory
8371:             1             16  com.intellij.openapi.vcs.changes.shelf.ShelvedChangesViewManager$3
8372:             1             16  com.intellij.codeInsight.preview.ElementPreviewHintProvider
8373:             1             16  com.intellij.application.options.GenerationSettingsProvider
8374:             1             16  com.intellij.codeInsight.generation.actions.GenerateCreateUIHandler
8375:             1             16  sun.rmi.runtime.RuntimeUtil
8376:             1             16  com.intellij.psi.stubs.StubUpdatingIndex$4
8377:             1             16  org.apache.xerces.impl.dv.dtd.NOTATIONDatatypeValidator
8378:             1             16  org.jetbrains.plugins.scala.lang.psi.stubs.index.ScImplicitsKey
8379:             1             16  org.intellij.plugins.relaxNG.ApplicationLoader
8380:             1             16  org.intellij.plugins.xpathView.support.jaxen.XPathSupportImpl
8381:             1             16  com.intellij.openapi.wm.impl.WindowManagerImpl$2
8382:             1             16  com.intellij.psi.util.MethodSignatureUtil$2
8383:             1             16  com.intellij.util.xml.impl.InvocationCache$16
8384:             1             16  java.awt.EventQueue$2
8385:             1             16  org.intellij.plugins.intelliLang.inject.CommentLanguageInjector
8386:             1             16  org.jetbrains.plugins.scala.codeInspection.internal.ScalaInternalInspectionsProvider
8387:             1             16  [Lcom.intellij.tasks.Comment;
8388:             1             16  org.jetbrains.plugins.scala.lang.parser.parsing.expressions.SimpleExpr$
8389:             1             16  com.intellij.semantic.SemServiceImpl$4
8390:             1             16  com.intellij.ide.IdeTooltipManager$1
8391:             1             16  com.intellij.openapi.diff.impl.external.FrameDiffTool
8392:             1             16  com.sun.jna.Structure$1
8393:             1             16  git4idea.vfs.GitFileTypeFactory
8394:             1             16  com.intellij.openapi.vcs.changes.DelayedNotificator$MyProxyDispatcher
8395:             1             16  org.jetbrains.idea.maven.utils.MavenRehighlighter$2
8396:             1             16  java.util.regex.Pattern$CharPropertyNames$7
8397:             1             16  com.intellij.openapi.vcs.changes.ui.ChangesBrowserNode$1
8398:             1             16  com.intellij.util.xml.impl.DefaultDomTargetIconProvider
8399:             1             16  git4idea.changes.GitOutgoingChangesProvider
8400:             1             16  com.intellij.psi.util.TypeConversionUtil$39
8401:             1             16  com.intellij.execution.actions.CreateAction$CreateAndEditPolicy
8402:             1             16  org.jetbrains.idea.maven.utils.library.RepositoryLibraryType
8403:             1             16  [Lcom.intellij.psi.PsiFile;
8404:             1             16  java.util.Collections$EmptyEnumeration
8405:             1             16  com.intellij.psi.impl.PackagePrefixIndex$1
8406:             1             16  scala.collection.convert.Wrappers$MutableBufferWrapper$
8407:             1             16  git4idea.history.wholeTree.GitLogUI$4
8408:             1             16  com.intellij.psi.impl.source.tree.injected.InjectedLanguageManagerImpl$PsiManagerRegisteredInjectorsAdapter
8409:             1             16  org.jetbrains.plugins.scala.lang.psi.stubs.index.ScFunctionNameToClassIndex$
8410:             1             16  com.intellij.psi.PsiField$1
8411:             1             16  com.intellij.facet.impl.ProjectFacetManagerImpl$1
8412:             1             16  org.jetbrains.ide.BuiltInServerManagerImpl$MyPostStartupActivity
8413:             1             16  com.intellij.tasks.impl.TaskManagerImpl$2
8414:             1             16  com.intellij.spi.SPIAnnotator
8415:             1             16  org.jetbrains.plugins.scala.lang.findUsages.ScalaFindUsagesProvider
8416:             1             16  com.intellij.util.xml.impl.DomFileElementImpl$1
8417:             1             16  org.jetbrains.plugins.scala.editor.mouseHandler.MouseHoverHandler$4
8418:             1             16  org.jetbrains.plugins.scala.findUsages.typeDef.ObjectTraitReferenceSearcher
8419:             1             16  org.apache.xerces.impl.dv.dtd.NMTOKENDatatypeValidator
8420:             1             16  com.intellij.openapi.command.impl.DocumentReferenceByVirtualFile
8421:             1             16  git4idea.history.browser.GitProjectLogManager$1
8422:             1             16  com.intellij.ide.actions.ToolWindowsGroup$MyProjectManagerListener
8423:             1             16  com.intellij.openapi.fileEditor.impl.FileEditorManagerImpl$MyEditorPropertyChangeListener
8424:             1             16  com.intellij.openapi.fileEditor.impl.EditorTabbedContainer$MyDataProvider
8425:             1             16  com.intellij.psi.impl.PsiJavaParserFacadeImpl$3
8426:             1             16  com.intellij.util.Timed$1
8427:             1             16  com.intellij.util.containers.ClassMap
8428:             1             16  com.intellij.openapi.vcs.actions.CompareWithSelectedRevisionAction$8
8429:             1             16  javax.swing.plaf.basic.BasicPanelUI
8430:             1             16  com.intellij.ide.util.treeView.AbstractTreeUi$MySelectionListener
8431:             1             16  com.intellij.psi.impl.source.resolve.GraphInferencePolicy$1
8432:             1             16  git4idea.commands.GitImpl
8433:             1             16  com.intellij.ui.switcher.SwitchManager$1
8434:             1             16  com.intellij.util.PathsList$1
8435:             1             16  scala.sys.BooleanProp$$anonfun$keyExists$1
8436:             1             16  com.intellij.ide.ui.laf.darcula.ui.DarculaSpinnerBorder
8437:             1             16  com.intellij.psi.impl.search.NonPhysicalReferenceSearcher
8438:             1             16  com.intellij.openapi.fileEditor.impl.FileEditorProviderManagerImpl$2
8439:             1             16  com.intellij.openapi.editor.actions.JoinLinesAction$Handler
8440:             1             16  com.intellij.openapi.vcs.impl.VcsInitialization$1
8441:             1             16  com.google.common.collect.Iterators$1
8442:             1             16  com.sun.jna.Native$3
8443:             1             16  com.intellij.util.xml.impl.InvocationCache$17
8444:             1             16  com.intellij.openapi.vcs.changes.ChangeListManagerImpl$1
8445:             1             16  com.intellij.ide.highlighter.ModuleFileType
8446:             1             16  com.sun.jna.Structure$2
8447:             1             16  com.intellij.ide.fileTemplates.impl.FileTemplateManagerImpl$RecentTemplatesManager
8448:             1             16  com.intellij.find.actions.ShowUsagesAction$1
8449:             1             16  com.intellij.codeInsight.daemon.impl.SetupSDKNotificationProvider
8450:             1             16  java.util.logging.ErrorManager
8451:             1             16  com.intellij.lang.ant.AntImportsIndex
8452:             1             16  com.intellij.psi.impl.PsiFileFactoryImpl
8453:             1             16  com.intellij.psi.impl.source.resolve.reference.impl.manipulators.StringLiteralManipulator
8454:             1             16  com.sun.jna.Native$2
8455:             1             16  com.intellij.openapi.vfs.StandardFileSystems$1
8456:             1             16  gnu.trove.TObjectHash$NULL
8457:             1             16  java.util.regex.Pattern$CharPropertyNames$8
8458:             1             16  com.intellij.util.InstanceofChecker$$$$$com$intellij$psi$PsiNameValuePair
8459:             1             16  com.intellij.openapi.vcs.changes.ui.ChangesBrowserNode$2
8460:             1             16  org.jetbrains.plugins.groovy.codeStyle.GroovyCodeStyleSettingsProvider
8461:             1             16  com.intellij.psi.impl.source.tree.RecursiveTreeElementWalkingVisitor$ASTTreeGuide
8462:             1             16  com.intellij.lang.ant.config.impl.AntClasspathEntry$1
8463:             1             16  com.intellij.openapi.fileEditor.impl.FileEditorManagerImpl$MyFileStatusListener
8464:             1             16  com.intellij.psi.util.TypeConversionUtil$40
8465:             1             16  org.jetbrains.plugins.groovy.lang.psi.impl.GroovyDirectInheritorsSearcher
8466:             1             16  com.intellij.openapi.keymap.impl.IdeKeyEventDispatcher$3
8467:             1             16  com.intellij.codeInsight.daemon.impl.analysis.HighlightingSettingsPerFile$1
8468:             1             16  com.intellij.tasks.fogbugz.FogBugzRepositoryType
8469:             1             16  org.jetbrains.plugins.scala.lang.psi.stubs.index.ScPackageObjectIndex
8470:             1             16  com.intellij.openapi.components.impl.stores.ComponentVersionProvider$1
8471:             1             16  com.intellij.util.text.LiteralFormatUtil$1
8472:             1             16  scala.Predef$$anon$2
8473:             1             16  javax.swing.text.DefaultStyledDocument$StyleContextChangeHandler
8474:             1             16  com.intellij.openapi.fileEditor.impl.EditorWindow$AdaptiveBorder
8475:             1             16  com.intellij.codeInsight.documentation.QuickDocOnMouseOverStartupActivity
8476:             1             16  org.intellij.lang.xpath.XPathSupportLoader
8477:             1             16  com.intellij.ide.projectView.impl.nodes.PsiTreeAnchorizer
8478:             1             16  scala.runtime.ScalaRunTime$
8479:             1             16  com.intellij.execution.actions.CreateAction$SelectPolicy
8480:             1             16  com.intellij.openapi.editor.impl.FoldRegionsTree$1
8481:             1             16  org.jetbrains.idea.maven.indices.MavenIndicesManager$2
8482:             1             16  com.intellij.openapi.editor.actions.CutAction$Handler
8483:             1             16  git4idea.history.wholeTree.GitLogUI$3
8484:             1             16  com.maddyhome.idea.copyright.CopyrightManager$CopyrightStateSplitter
8485:             1             16  org.jboss.netty.channel.socket.nio.SocketSendBufferPool$EmptySendBuffer
8486:             1             16  org.intellij.plugins.intelliLang.inject.groovy.GrConcatenationInjector
8487:             1             16  com.intellij.psi.search.FilenameIndex$MyDataIndexer
8488:             1             16  com.intellij.psi.impl.PsiJavaParserFacadeImpl$4
8489:             1             16  org.jetbrains.plugins.scala.lang.parser.parsing.types.SelfType$
8490:             1             16  org.jboss.netty.channel.DefaultChannelPipeline$DiscardingChannelSink
8491:             1             16  org.jetbrains.plugins.scala.lang.psi.stubs.index.ScValueNameIndex$
8492:             1             16  git4idea.history.browser.GitProjectLogManager$2
8493:             1             16  com.intellij.util.xml.DomFileIconProvider
8494:             1             16  com.intellij.openapi.externalSystem.settings.ExternalSystemSettingsManager
8495:             1             16  org.picocontainer.defaults.MapFactory
8496:             1             16  org.jetbrains.plugins.scala.lang.psi.stubs.util.ScalaStubsUtil$
8497:             1             16  com.intellij.execution.impl.EditorHyperlinkSupport$1
8498:             1             16  sun.awt.OSInfo$1
8499:             1             16  [Lcom.intellij.psi.SdkResolveScopeProvider;
8500:             1             16  com.intellij.semantic.SemServiceImpl$1
8501:             1             16  com.intellij.openapi.vcs.changes.ui.ChangesBrowserNode$3
8502:             1             16  com.intellij.openapi.vcs.changes.ChangeListManagerImpl$ActualUpdater
8503:             1             16  java.util.regex.Pattern$CharPropertyNames$9
8504:             1             16  org.jetbrains.plugins.scala.editor.mouseHandler.MouseHoverHandler$1
8505:             1             16  java.awt.GraphicsCallback$PaintCallback
8506:             1             16  com.intellij.find.actions.ShowUsagesAction$2
8507:             1             16  com.intellij.ide.favoritesTreeView.FavoritesManager$1
8508:             1             16  com.intellij.openapi.fileEditor.impl.EditorTabbedContainer$4
8509:             1             16  javax.swing.plaf.basic.BasicMenuBarUI$Handler
8510:             1             16  com.intellij.psi.NonClasspathResolveScopeEnlarger
8511:             1             16  org.jetbrains.plugins.scala.findUsages.apply.ApplyMethodSearcher
8512:             1             16  com.intellij.util.xml.impl.InvocationCache$18
8513:             1             16  com.intellij.psi.PsiElement$1
8514:             1             16  sun.awt.X11.XSelection$IncrementalTransferHandler
8515:             1             16  [Lcom.intellij.psi.search.SearchScopeEnlarger;
8516:             1             16  org.jetbrains.plugins.scala.testingSupport.test.specs2.Specs2ConfigurationType
8517:             1             16  org.jetbrains.plugins.scala.ScalaLoader
8518:             1             16  com.intellij.packaging.impl.artifacts.ArtifactPointerManagerImpl$1
8519:             1             16  scala.collection.convert.Wrappers$MutableMapWrapper$
8520:             1             16  com.intellij.openapi.fileEditor.impl.EditorHistoryManager$MyEditorManagerBeforeListener
8521:             1             16  com.intellij.ide.bookmarks.BookmarkManager$MyDocumentListener
8522:             1             16  $Proxy57
8523:             1             16  javax.swing.plaf.basic.BasicTabbedPaneUI$TabbedPaneLayout
8524:             1             16  com.intellij.openapi.vcs.changes.ui.ChangesViewContentManager$MyVcsListener
8525:             1             16  com.intellij.psi.util.TypeConversionUtil$41
8526:             1             16  com.intellij.openapi.vfs.StandardFileSystems$2
8527:             1             16  scala.collection.mutable.Map$
8528:             1             16  com.sun.jna.Native$8
8529:             1             16  java.util.Collections$EmptyListIterator
8530:             1             16  com.intellij.psi.impl.source.tree.injected.InjectedLanguageManagerImpl$3
8531:             1             16  org.intellij.plugins.intelliLang.inject.TemporaryPlacesInjector
8532:             1             16  java.awt.AWTEvent$1
8533:             1             16  com.intellij.openapi.roots.impl.JavaLanguageLevelPusher
8534:             1             16  net.sf.cglib.core.DefaultGeneratorStrategy
8535:             1             16  org.intellij.plugins.intelliLang.inject.java.ConcatenationInjector$1
8536:             1             16  com.intellij.openapi.diff.impl.external.DiffManagerImpl$2
8537:             1             16  com.intellij.openapi.vfs.impl.VirtualFilePointerManagerImpl$1
8538:             1             16  com.intellij.openapi.wm.impl.status.StatusBarUI$BackgroundPainter
8539:             1             16  com.intellij.util.ReflectionAssignabilityCache
8540:             1             16  com.intellij.util.xml.PsiClassConverter
8541:             1             16  com.intellij.codeInsight.folding.impl.PsiNamesElementSignatureProvider
8542:             1             16  com.intellij.util.EditSourceOnEnterKeyHandler$1
8543:             1             16  com.intellij.openapi.fileEditor.impl.FileEditorProviderManagerImpl$1
8544:             1             16  javax.swing.plaf.metal.MetalBorders$ToggleButtonBorder
8545:             1             16  org.intellij.plugins.relaxNG.compact.ReferenceAnnotator
8546:             1             16  [Lcom.intellij.compiler.impl.javaCompiler.BackendCompiler;
8547:             1             16  com.intellij.facet.impl.FacetTypeRegistryImpl$1
8548:             1             16  sun.reflect.GeneratedConstructorAccessor8
8549:             1             16  com.intellij.lang.ant.AntImportsIndex$1
8550:             1             16  sun.reflect.GeneratedMethodAccessor27
8551:             1             16  sun.reflect.GeneratedMethodAccessor55
8552:             1             16  sun.reflect.GeneratedMethodAccessor33
8553:             1             16  com.intellij.openapi.vcs.changes.ui.ChangesTreeList$1
8554:             1             16  com.intellij.ide.navigationToolbar.NavBarRootPaneExtension$1
8555:             1             16  org.jetbrains.plugins.javaFX.FxmlDataIndexer
8556:             1             16  $Proxy79
8557:             1             16  sun.net.www.protocol.jar.JarFileFactory
8558:             1             16  com.intellij.lang.properties.PropertiesFileTypeFactory
8559:             1             16  [Ljava.nio.file.attribute.FileAttribute;
8560:             1             16  com.intellij.psi.impl.PsiJavaParserFacadeImpl$5
8561:             1             16  com.siyeh.ig.InspectionGadgetsProjectComponent
8562:             1             16  com.intellij.ui.content.ContentFactoryImpl
8563:             1             16  com.intellij.openapi.vcs.changes.ui.ChangesBrowserNode$4
8564:             1             16  com.intellij.psi.search.FilenameIndex$MyInputFilter
8565:             1             16  org.jetbrains.plugins.scala.lang.psi.stubs.index.ScVariableNameIndex$
8566:             1             16  com.intellij.util.InstanceofChecker$$$$$com$intellij$psi$PsiAnnotationMethod
8567:             1             16  $Proxy27
8568:             1             16  java.util.regex.Pattern$CharPropertyNames$10
8569:             1             16  org.jetbrains.plugins.groovy.util.LightCacheKey
8570:             1             16  org.intellij.plugins.relaxNG.ApplicationLoader$ResourceProvider
8571:             1             16  org.jetbrains.plugins.scala.lang.psi.stubs.index.ScFullPackagingNameIndex
8572:             1             16  com.intellij.execution.actions.CreateAction$SavePolicy
8573:             1             16  com.intellij.openapi.vcs.changes.committed.CommittedChangesCache$1
8574:             1             16  com.intellij.execution.remote.RemoteConfigurationType
8575:             1             16  com.intellij.psi.impl.search.PsiAnnotationMethodReferencesSearcher
8576:             1             16  org.jetbrains.plugins.scala.lang.psi.impl.toplevel.synthetic.SyntheticClasses$$anonfun$registerClasses$4
8577:             1             16  com.sun.beans.WeakCache
8578:             1             16  [Lcom.intellij.codeInspection.QuickFix;
8579:             1             16  java.util.Collections$ReverseComparator2
8580:             1             16  com.intellij.openapi.vcs.changes.UpdateRequestsQueue$1
8581:             1             16  com.intellij.psi.impl.source.resolve.JavaResolveCache$1
8582:             1             16  com.intellij.xml.index.XmlNamespaceIndex
8583:             1             16  javax.swing.plaf.basic.BasicTextUI$DragListener
8584:             1             16  com.intellij.lang.ant.config.impl.AntToolWindowFactory
8585:             1             16  org.jetbrains.plugins.scala.editor.mouseHandler.MouseHoverHandler$2
8586:             1             16  com.intellij.codeInsight.template.impl.editorActions.SpaceHandler
8587:             1             16  com.intellij.psi.util.TypeConversionUtil$42
8588:             1             16  com.intellij.tasks.jira.jql.JqlFileType
8589:             1             16  org.jetbrains.plugins.scala.lang.psi.impl.search.ScalaDirectClassInheritorsSearcher
8590:             1             16  sun.reflect.GeneratedConstructorAccessor13
8591:             1             16  com.intellij.ide.highlighter.ProjectFileType
8592:             1             16  git4idea.history.wholeTree.GitLogUI$18
8593:             1             16  org.jetbrains.plugins.groovy.codeInspection.style.JavaStylePropertiesInvocationFixer
8594:             1             16  com.intellij.semantic.SemServiceImpl$2
8595:             1             16  javax.swing.plaf.basic.BasicTableHeaderUI$1
8596:             1             16  com.intellij.util.indexing.FileBasedIndexImpl$StorageGuard$1
8597:             1             16  com.intellij.ide.IdeTooltipManager$2
8598:             1             16  java.util.regex.Pattern$Node
8599:             1             16  org.jetbrains.plugins.scala.lang.parser.parsing.top.template.TemplateStat$
8600:             1             16  org.intellij.lang.xpath.xslt.impl.XsltFormattingModelBuilder
8601:             1             16  com.intellij.debugger.ui.JavaDebuggerSupport$JavaBreakpointPanelProvider
8602:             1             16  com.intellij.execution.filters.DefaultConsoleFiltersProvider
8603:             1             16  git4idea.diff.GitTreeDiffProvider
8604:             1             16  com.intellij.util.PathsList$2
8605:             1             16  com.intellij.lang.java.parser.ReferenceParser
8606:             1             16  org.jetbrains.plugins.scala.findUsages.apply.UnapplyMethodSearcher
8607:             1             16  net.sf.cglib.proxy.MethodInterceptorGenerator
8608:             1             16  org.xerial.snappy.SnappyNative
8609:             1             16  javax.swing.text.DefaultStyledDocument$StyleChangeHandler
8610:             1             16  com.intellij.execution.ui.layout.impl.DockableGridContainerFactory
8611:             1             16  com.intellij.openapi.externalSystem.util.ExternalSystemApiUtil$2
8612:             1             16  sun.rmi.server.UnicastServerRef$HashToMethod_Maps
8613:             1             16  com.intellij.codeInsight.daemon.impl.ShowIntentionsPassFactory
8614:             1             16  com.intellij.openapi.vcs.changes.ui.ChangesBrowserNode$5
8615:             1             16  org.jetbrains.plugins.groovy.annotator.intentions.dynamic.elements.DRootElement
8616:             1             16  com.intellij.xdebugger.impl.evaluate.quick.XQuickEvaluateHandler
8617:             1             16  [Lcom.intellij.codeInsight.daemon.impl.analysis.DefaultHighlightingSettingProvider;
8618:             1             16  com.intellij.util.InstanceofChecker$$$$$com$intellij$psi$PsiComment
8619:             1             16  com.intellij.openapi.wm.impl.AltStateManager
8620:             1             16  [Lorg.jetbrains.plugins.groovy.codeInspection.GroovyFix;
8621:             1             16  com.intellij.psi.search.searches.ClassInheritorsSearch$1
8622:             1             16  java.util.regex.Pattern$4
8623:             1             16  org.jetbrains.plugins.scala.lang.parser.parsing.top.ClassTemplate$
8624:             1             16  com.intellij.util.io.EnumDataDescriptor
8625:             1             16  [Lcom.intellij.featureStatistics.FeatureStatisticsBundleEP;
8626:             1             16  org.jetbrains.plugins.scala.testingSupport.test.specs2.Specs2TestFramework
8627:             1             16  scala.collection.convert.Wrappers$MutableSeqWrapper$
8628:             1             16  com.intellij.psi.impl.PsiJavaParserFacadeImpl$6
8629:             1             16  sun.awt.X11.XSelection$SelectionEventHandler
8630:             1             16  com.intellij.openapi.fileEditor.impl.FileEditorManagerImpl$MyFileTypeListener
8631:             1             16  com.intellij.openapi.wm.impl.IdeMenuBar$MyTimerListener
8632:             1             16  org.jetbrains.plugins.groovy.findUsages.GrHighlightHandlerFactory
8633:             1             16  javax.swing.ImageIcon$2
8634:             1             16  com.intellij.lang.ant.config.impl.AllJarsUnderDirEntry
8635:             1             16  com.intellij.openapi.fileEditor.impl.EditorHistoryManager$MyEditorManagerListener
8636:             1             16  com.intellij.execution.actions.CreateAction$1
8637:             1             16  com.intellij.lang.impl.PsiBuilderImpl$3
8638:             1             16  com.intellij.packaging.impl.artifacts.ArtifactManagerStateSplitter
8639:             1             16  com.intellij.ide.bookmarks.BookmarkManager$MyEditorMouseListener
8640:             1             16  sun.font.CMap$NullCMapClass
8641:             1             16  com.intellij.xml.breadcrumbs.BreadcrumbsLoaderComponent
8642:             1             16  com.intellij.psi.impl.ElementBase$1
8643:             1             16  com.intellij.psi.impl.compiled.ClsJavaCodeReferenceElementImpl$Resolver
8644:             1             16  com.intellij.ui.EditorTextField$Jdk7DelegatingToRootTraversalPolicy
8645:             1             16  com.intellij.codeInsight.daemon.impl.JavaColorProvider
8646:             1             16  com.intellij.psi.util.TypeConversionUtil$43
8647:             1             16  javax.imageio.spi.IIORegistry
8648:             1             16  com.intellij.openapi.vfs.encoding.EncodingManagerImpl$2
8649:             1             16  com.intellij.openapi.fileTypes.impl.FileTypeManagerImpl$2
8650:             1             16  com.intellij.lang.LanguageRefactoringSupport$1
8651:             1             16  org.jetbrains.plugins.scala.editor.mouseHandler.MouseHoverHandler$3
8652:             1             16  com.intellij.util.Function$2
8653:             1             16  org.zmlx.hg4idea.provider.HgRollbackEnvironment
8654:             1             16  com.intellij.ui.AutoScrollFromSourceHandler$1
8655:             1             16  com.intellij.semantic.SemServiceImpl$3
8656:             1             16  com.intellij.openapi.module.EmptyModuleType
8657:             1             16  com.intellij.util.indexing.FileBasedIndexImpl$StorageGuard$2
8658:             1             16  com.intellij.ide.impl.CommonActionsManagerImpl
8659:             1             16  com.intellij.psi.impl.source.PsiFileImpl$3
8660:             1             16  java.awt.color.ICC_Profile$1
8661:             1             16  com.intellij.slicer.DuplicateMap$1
8662:             1             16  org.jetbrains.plugins.scala.lang.formatting.settings.ScalaCodeStyleSettingsProvider
8663:             1             16  [Lcom.intellij.openapi.fileEditor.impl.FileEditorAssociateFinder;
8664:             1             16  com.intellij.javaee.InternalResourceProvider
8665:             1             16  com.intellij.util.containers.RecentStringInterner$2
8666:             1             16  $Proxy66
8667:             1             16  org.jetbrains.plugins.scala.lang.psi.stubs.index.ScFunctionNameIndex
8668:             1             16  org.jetbrains.plugins.scala.lang.psi.stubs.index.ScClassParameterNameIndex$
8669:             1             16  com.intellij.openapi.vcs.changes.ui.ChangesBrowserNode$6
8670:             1             16  com.intellij.codeInsight.preview.JavaPreviewHintProvider
8671:             1             16  com.intellij.codeInsight.daemon.impl.RecursiveCallLineMarkerProvider
8672:             1             16  org.intellij.plugins.intelliLang.inject.java.ConcatenationInjector$2
8673:             1             16  com.intellij.lang.html.HtmlSyntaxHighlighterFactory
8674:             1             16  git4idea.history.wholeTree.GitLogUI$19
8675:             1             16  [Lcom.intellij.codeInsight.lookup.LookupElement;
8676:             1             16  org.jetbrains.plugins.scala.lang.parser.parsing.types.StableId$
8677:             1             16  com.intellij.ui.SmartExpander$1
8678:             1             16  com.intellij.codeInsight.daemon.impl.DaemonListeners$MyEditorColorsListener
8679:             1             16  java.lang.System$2
8680:             1             16  com.intellij.ide.ui.laf.darcula.ui.DarculaTextFieldUI$1
8681:             1             16  java.util.regex.Pattern$CharPropertyNames$12
8682:             1             16  java.awt.event.InputEvent$1
8683:             1             16  com.intellij.ui.JBTreeWithHintProvider$1
8684:             1             16  org.jetbrains.idea.maven.utils.MavenMergingUpdateQueue$4
8685:             1             16  com.intellij.application.options.HtmlLanguageCodeStyleSettings
8686:             1             16  com.intellij.history.LocalHistoryAction$1
8687:             1             16  com.intellij.codeInsight.daemon.impl.SlowLineMarkersPassFactory
8688:             1             16  org.jetbrains.plugins.scala.components.WorksheetProjectComponent$1
8689:             1             16  com.intellij.openapi.roots.impl.RootConfigurationAccessor
8690:             1             16  org.jetbrains.plugins.groovy.actions.generate.accessors.GroovyGenerateGetterSetterAction$1
8691:             1             16  java.util.regex.Pattern$LastNode
8692:             1             16  $Proxy39
8693:             1             16  com.intellij.psi.impl.PsiJavaParserFacadeImpl$7
8694:             1             16  com.intellij.openapi.externalSystem.util.ExternalSystemApiUtil$3
8695:             1             16  com.intellij.openapi.roots.impl.ProjectRootManagerComponent$AppListener
8696:             1             16  com.intellij.openapi.vcs.changes.ui.TreeModelBuilder$MyChangesBrowserNodeComparator
8697:             1             16  [Lcom.intellij.featureStatistics.FeatureStatisticsBundleProvider;
8698:             1             16  sun.reflect.GeneratedConstructorAccessor33
8699:             1             16  org.jetbrains.plugins.scala.findUsages.vals.JavaValsUsagesSearcher
8700:             1             16  com.intellij.openapi.vfs.impl.jar.JarFileSystemImpl$JarFileSystemImplLock
8701:             1             16  com.intellij.util.xml.stubs.ElementStubSerializer
8702:             1             16  com.intellij.ide.favoritesTreeView.FavoritesManager$MyRootsChangeAdapter
8703:             1             16  gnu.trove.TObjectHash$NULL
8704:             1             16  com.intellij.psi.util.TypeConversionUtil$44
8705:             1             16  org.zmlx.hg4idea.provider.update.HgUpdater$UpdateConfiguration
8706:             1             16  scala.StringContext$
8707:             1             16  com.intellij.execution.testframework.TestSearchScope$1
8708:             1             16  [Lcom.intellij.codeInspection.ex.JobDescriptor;
8709:             1             16  sun.reflect.GeneratedMethodAccessor50
8710:             1             16  [Lcom.intellij.designer.DesignerCustomizations;
8711:             1             16  com.intellij.openapi.fileEditor.impl.http.HttpFileEditorProvider
8712:             1             16  com.intellij.designer.DesignerToolWindow$1
8713:             1             16  com.intellij.openapi.wm.impl.DesktopLayout$MyWindowInfoComparator
8714:             1             16  $Proxy89
8715:             1             16  org.jetbrains.plugins.scala.config.ScalaPluginVersionVerifierApplicationComponent
8716:             1             16  git4idea.checkin.GitCommitAndPushExecutor
8717:             1             16  org.intellij.plugins.relaxNG.compact.RncFileType
8718:             1             16  java.util.Collections$EmptyIterator
8719:             1             16  org.jetbrains.plugins.scala.testingSupport.test.scalatest.ScalaTestTestFramework
8720:             1             16  [Lorg.jetbrains.plugins.scala.config.ScalaPluginVersionVerifier;
8721:             1             16  com.intellij.lang.ant.config.impl.AllJarsUnderDirEntry$1
8722:             1             16  com.intellij.designer.propertyTable.PropertyTable$MouseTableListener
8723:             1             16  sun.reflect.GeneratedMethodAccessor25
8724:             1             16  com.intellij.find.ngrams.TrigramIndex
8725:             1             16  $Proxy85
8726:             1             16  java.util.regex.Pattern$CharPropertyNames$13
8727:             1             16  org.intellij.lang.xpath.xslt.impl.XsltResourceProvider
8728:             1             16  org.jetbrains.plugins.scala.lang.parser.parsing.top.template.ClassParents$
8729:             1             16  scala.collection.convert.Wrappers$MutableSetWrapper$
8730:             1             16  com.intellij.execution.impl.ProjectRunConfigurationManager$RunConfigurationStateSplitter
8731:             1             16  com.intellij.openapi.progress.util.ProgressIndicatorBase$1
8732:             1             16  com.intellij.lang.customFolding.VisualStudioCustomFoldingProvider
8733:             1             16  com.intellij.uiDesigner.make.Form2ByteCodeCompiler
8734:             1             16  org.jetbrains.plugins.scala.lang.psi.stubs.index.ScTypeAliasNameIndex$
8735:             1             16  org.jetbrains.plugins.groovy.lang.resolve.GroovyResolveScopeProvider
8736:             1             16  com.intellij.psi.impl.source.PsiJavaFileBaseImpl$1
8737:             1             16  com.intellij.xdebugger.impl.actions.handlers.XAddToWatchesFromEditorActionHandler
8738:             1             16  com.intellij.compiler.impl.FileProcessingCompilerAdapterTask
8739:             1             16  com.intellij.openapi.projectRoots.impl.ProjectJdkTableImpl$1
8740:             1             16  com.intellij.javaee.PsiExternalResourceNotifier$MyExternalResourceListener
8741:             1             16  [Ljava.lang.Throwable;
8742:             1             16  com.intellij.openapi.diagnostic.Logger$DefaultFactory
8743:             1             16  com.intellij.openapi.externalSystem.util.ExternalSystemApiUtil$4
8744:             1             16  $Proxy51
8745:             1             16  com.intellij.html.index.Html5CustomAttributesIndex
8746:             1             16  com.intellij.openapi.fileEditor.impl.EditorTabbedContainer$3
8747:             1             16  com.intellij.psi.impl.source.tree.injected.JavaConcatenationInjectorManager$2
8748:             1             16  org.jetbrains.plugins.scala.components.WorksheetProjectComponent$2
8749:             1             16  org.jetbrains.plugins.groovy.mvc.MvcModuleStructureSynchronizer$1
8750:             1             16  com.intellij.util.PathsList$3
8751:             1             16  com.intellij.tasks.trello.TrelloRepositoryType
8752:             1             16  com.google.common.base.Joiner
8753:             1             16  com.intellij.xdebugger.impl.ui.XDebugTabCustomizableActionGroupProvider
8754:             1             16  com.intellij.openapi.fileEditor.impl.PsiAwareFileEditorManagerImpl$MyProblemListener
8755:             1             16  com.intellij.psi.util.TypeConversionUtil$45
8756:             1             16  com.intellij.lang.impl.PsiBuilderImpl$4
8757:             1             16  org.jetbrains.plugins.scala.lang.psi.stubs.index.ScFunctionNameToClassIndex
8758:             1             16  com.intellij.ui.switcher.QuickActionManager
8759:             1             16  com.intellij.debugger.impl.GenericDebuggerRunner
8760:             1             16  com.intellij.execution.junit.JUnitConfigurationType
8761:             1             16  com.intellij.ui.SmartExpander$2
8762:             1             16  java.math.BigDecimal$1
8763:             1             16  [Lcom.intellij.psi.ResolveResult;
8764:             1             16  com.intellij.openapi.fileTypes.WildcardFileNameMatcher$SuffixMatcher
8765:             1             16  org.intellij.plugins.relaxNG.model.annotation.ModelAnnotator
8766:             1             16  sun.dc.DuctusRenderingEngine
8767:             1             16  [Lcom.intellij.packaging.artifacts.Artifact;
8768:             1             16  sun.nio.fs.LinuxFileSystemProvider
8769:             1             16  [Lcom.intellij.openapi.options.StreamProvider;
8770:             1             16  com.intellij.codeInsight.navigation.CtrlMouseHandler$6$1
8771:             1             16  com.intellij.debugger.actions.StepIntoActionHandler
8772:             1             16  [Lcom.intellij.psi.PsiPackage;
8773:             1             16  sun.rmi.transport.tcp.TCPTransport$1
8774:             1             16  com.intellij.execution.testframework.TestSearchScope$2
8775:             1             16  net.sf.cglib.proxy.MethodInterceptorGenerator$1
8776:             1             16  com.intellij.util.text.CharSequenceHashingStrategy
8777:             1             16  com.intellij.psi.impl.search.ConstructorReferencesSearcher
8778:             1             16  com.intellij.ui.IconDeferrerImpl$6
8779:             1             16  com.intellij.codeInspection.reference.RefJavaUtilImpl
8780:             1             16  com.intellij.notification.EventLogToolWindowFactory
8781:             1             16  [Lcom.intellij.ide.plugins.HelpSetPath;
8782:             1             16  com.intellij.util.InstanceofChecker$$$$$com$intellij$psi$PsiErrorElement
8783:             1             16  com.intellij.util.xml.impl.DomApplicationComponent$3
8784:             1             16  com.sun.jna.Native$1
8785:             1             16  com.intellij.psi.impl.file.PsiPackageImplementationHelperImpl
8786:             1             16  java.util.regex.Pattern$CharPropertyNames$14
8787:             1             16  com.intellij.openapi.util.RecursionManager$1
8788:             1             16  org.jetbrains.plugins.scala.findUsages.function.JavaFunctionUsagesSearcher
8789:             1             16  com.intellij.openapi.fileEditor.impl.FileEditorManagerImpl$MyRootsListener
8790:             1             16  com.intellij.concurrency.JobLauncherImpl
8791:             1             16  com.intellij.codeInsight.generation.GenerateGetterSetterHandlerBase$1
8792:             1             16  [Lcom.intellij.util.xml.events.DomEvent;
8793:             1             16  org.jetbrains.plugins.scala.editor.mouseHandler.MouseHoverHandler$5
8794:             1             16  [Lcom.intellij.openapi.fileTypes.FileTypeRegistry$FileTypeDetector;
8795:             1             16  com.intellij.openapi.externalSystem.service.execution.ExternalSystemTaskDebugRunner
8796:             1             16  com.intellij.openapi.components.impl.stores.ProjectStoreImpl$MyStorage
8797:             1             16  org.jetbrains.plugins.scala.testingSupport.test.scalatest.ScalaTestConfigurationType
8798:             1             16  com.intellij.lang.properties.PropertiesAnnotator
8799:             1             16  com.intellij.openapi.vcs.changes.committed.RepositoryLocationCache$1
8800:             1             16  org.jetbrains.plugins.scala.lang.parser.parsing.CompilationUnit$
8801:             1             16  com.intellij.notification.EventLog$ProjectTracker$1
8802:             1             16  com.intellij.psi.PsiClassType$1
8803:             1             16  com.intellij.compiler.impl.rmiCompiler.RmicCompiler
8804:             1             16  scala.sys.BooleanProp$
8805:             1             16  com.intellij.ide.dnd.DnDManagerImpl$NullTarget
8806:             1             16  com.intellij.codeInsight.folding.impl.OffsetsElementSignatureProvider
8807:             1             16  org.jetbrains.plugins.scala.lang.parser.parsing.statements.Def$
8808:             1             16  com.intellij.openapi.progress.util.ProgressIndicatorBase$2
8809:             1             16  com.intellij.uiDesigner.GuiFormFileType
8810:             1             16  com.intellij.util.indexing.FileBasedIndexImpl$1
8811:             1             16  org.jetbrains.plugins.scala.lang.psi.stubs.index.ScDirectInheritorsIndex$
8812:             1             16  com.intellij.find.ngrams.TrigramIndex$1
8813:             1             16  sun.reflect.GeneratedConstructorAccessor46
8814:             1             16  com.intellij.codeInsight.daemon.impl.analysis.XmlHighlightVisitor
8815:             1             16  com.intellij.openapi.roots.impl.ModuleLibraryTable$1
8816:             1             16  com.intellij.util.InstanceofChecker$$$$$com$intellij$codeInsight$lookup$LookupItem
8817:             1             16  com.intellij.util.containers.CharTrie
8818:             1             16  com.intellij.openapi.fileEditor.impl.IdeDocumentHistoryImpl$2
8819:             1             16  com.intellij.execution.impl.EditorHyperlinkSupport$4
8820:             1             16  org.jetbrains.idea.maven.utils.library.RepositoryLibraryType$1
8821:             1             16  sun.reflect.GeneratedConstructorAccessor12
8822:             1             16  com.intellij.openapi.vfs.encoding.EncodingManagerImpl$3
8823:             1             16  $Proxy62
8824:             1             16  git4idea.history.wholeTree.GitLogUI$16
8825:             1             16  com.intellij.openapi.editor.actions.DuplicateAction$Handler
8826:             1             16  [Lcom.intellij.ide.ApplicationLoadListener;
8827:             1             16  com.intellij.execution.filters.ExceptionBaseFilterFactory
8828:             1             16  com.intellij.ide.bookmarks.BookmarkManager$1
8829:             1             16  java.util.ResourceBundle$Control
8830:             1             16  org.jetbrains.plugins.groovy.annotator.GrKeywordAndDeclarationHighlightFactory
8831:             1             16  scala.collection.mutable.FlatHashTable$
8832:             1             16  org.jetbrains.plugins.groovy.mvc.MvcModuleStructureSynchronizer$2
8833:             1             16  com.intellij.ide.SwingCleanuper
8834:             1             16  sun.reflect.GeneratedMethodAccessor26
8835:             1             16  com.intellij.openapi.fileEditor.impl.PsiAwareFileEditorManagerImpl$MyPsiTreeChangeListener
8836:             1             16  [Ljavax.swing.text.Highlighter$Highlight;
8837:             1             16  com.intellij.debugger.actions.StepOutActionHandler
8838:             1             16  scala.collection.convert.Wrappers$SeqWrapper$
8839:             1             16  com.intellij.openapi.application.ApplicationManager$1
8840:             1             16  com.intellij.psi.util.TypeConversionUtil$46
8841:             1             16  com.intellij.openapi.fileEditor.impl.UniqueNameEditorTabTitleProvider
8842:             1             16  com.intellij.compilerOutputIndex.api.indexer.CompilerOutputIndexer$1
8843:             1             16  java.util.regex.Pattern$CharPropertyNames$15
8844:             1             16  com.intellij.ide.highlighter.HtmlFileHighlighter
8845:             1             16  org.zmlx.hg4idea.provider.HgDiffProvider
8846:             1             16  com.intellij.execution.testframework.TestSearchScope$3
8847:             1             16  com.intellij.debugger.ui.tree.render.HexRenderer
8848:             1             16  com.intellij.util.config.AbstractProperty$AbstractPropertyContainer$1
8849:             1             16  sun.reflect.GeneratedConstructorAccessor45
8850:             1             16  $Proxy45
8851:             1             16  org.jetbrains.plugins.scala.lang.parser.parsing.types.Refinement$
8852:             1             16  org.jetbrains.plugins.groovy.griffon.GriffonFramework
8853:             1             16  javax.swing.text.html.CSSBorder$SolidPainter
8854:             1             16  [Lcom.intellij.codeInsight.lookup.LookupItem;
8855:             1             16  sun.util.calendar.Gregorian
8856:             1             16  org.jetbrains.plugins.scala.lang.parser.parsing.base.Constructor$
8857:             1             16  sun.util.CoreResourceBundleControl
8858:             1             16  org.intellij.lang.xpath.xslt.impl.XsltTreeStructureProvider
8859:             1             16  com.intellij.util.containers.ContainerUtilRt$EmptyList
8860:             1             16  com.intellij.openapi.project.impl.ProjectManagerImpl$1
8861:             1             16  com.intellij.openapi.vcs.changes.RemoteRevisionsNumbersCache$1
8862:             1             16  sun.reflect.GeneratedConstructorAccessor41
8863:             1             16  com.intellij.javaee.DefaultHtmlDoctypeInitialConfigurator
8864:             1             16  com.intellij.find.ngrams.TrigramIndex$2
8865:             1             16  org.jetbrains.plugins.scala.lang.psi.stubs.index.ScValueNameIndex
8866:             1             16  com.intellij.ui.TableSpeedSearch$1
8867:             1             16  com.intellij.openapi.options.StreamProvider$1
8868:             1             16  com.intellij.psi.impl.PsiJavaParserFacadeImpl$1
8869:             1             16  org.jetbrains.plugins.groovy.lang.parser.GroovyParserDefinition
8870:             1             16  com.intellij.openapi.wm.impl.IdeFrameImpl$1
8871:             1             16  org.intellij.lang.xpath.xslt.impl.XsltSymbolIndex$1
8872:             1             16  $Proxy92
8873:             1             16  com.intellij.util.xml.impl.DomApplicationComponent$4
8874:             1             16  com.intellij.psi.stubs.StubUpdatingIndex$3
8875:             1             16  sun.reflect.GeneratedMethodAccessor19
8876:             1             16  com.intellij.uiDesigner.binding.FormClassIndex$MyDataIndexer
8877:             1             16  com.intellij.openapi.progress.util.ProgressIndicatorBase$3
8878:             1             16  com.intellij.openapi.editor.actions.FindWordAtCaretAction$Handler
8879:             1             16  org.jetbrains.plugins.scala.findUsages.setter.SetterMethodSearcher
8880:             1             16  com.intellij.openapi.fileEditor.impl.IdeDocumentHistoryImpl$3
8881:             1             16  com.intellij.lang.impl.PsiBuilderFactoryImpl
8882:             1             16  com.intellij.openapi.wm.impl.FocusManagerImpl$AppListener
8883:             1             16  java.util.Collections$UnmodifiableMap$UnmodifiableEntrySet
8884:             1             16  com.intellij.ide.FileChangedNotificationProvider
8885:             1             16  com.intellij.execution.filters.ExceptionExFilterFactory
8886:             1             16  com.intellij.util.xml.ElementPresentationManager$1
8887:             1             16  com.intellij.lang.java.parser.DeclarationParser
8888:             1             16  com.intellij.peer.impl.VcsContextFactoryImpl
8889:             1             16  org.jetbrains.plugins.scala.lang.psi.stubs.index.ScSelfTypeInheritorsIndex$
8890:             1             16  [Lcom.intellij.openapi.compiler.CompilerFactory;
8891:             1             16  scala.util.hashing.package$
8892:             1             16  com.intellij.util.xml.stubs.AttributeStubSerializer
8893:             1             16  com.intellij.ui.TreeCopyProvider
8894:             1             16  org.jetbrains.io.DelegatingHttpRequestHandler
8895:             1             16  com.intellij.uiDesigner.inspections.StringDescriptorInspection$1
8896:             1             16  com.intellij.codeInsight.intention.impl.config.QuickFixFactoryImpl
8897:             1             16  com.intellij.html.index.Html5CustomAttributesIndex$1
8898:             1             16  git4idea.history.wholeTree.GitLogUI$17
8899:             1             16  com.intellij.codeInsight.daemon.impl.DefaultHighlightVisitor$2
8900:             1             16  org.jetbrains.plugins.groovy.compiler.GroovyCompiler
8901:             1             16  com.intellij.cvsSupport2.checkout.CvsCheckoutProvider
8902:             1             16  com.intellij.codeInsight.daemon.impl.DaemonListeners$MyTodoListener
8903:             1             16  com.intellij.codeInsight.highlighting.BraceHighlighter
8904:             1             16  java.util.regex.Pattern$CharPropertyNames$16
8905:             1             16  com.intellij.debugger.ui.breakpoints.LineBreakpointFactory
8906:             1             16  com.intellij.openapi.vfs.impl.jar.JarHandler$1
8907:             1             16  com.intellij.psi.impl.migration.MigrationElementFinder
8908:             1             16  com.intellij.psi.util.TypeConversionUtil$47
8909:             1             16  com.intellij.debugger.actions.ForceStepOverActionHandler
8910:             1             16  com.intellij.cvsSupport2.actions.merge.MergeAction$1
8911:             1             16  sun.java2d.pipe.ValidatePipe
8912:             1             16  com.intellij.util.xml.Converter$1
8913:             1             16  net.sf.cglib.proxy.AdvancedEnhancer$1
8914:             1             16  de.plushnikov.intellij.plugin.provider.LombokImplicitUsageProvider
8915:             1             16  [Lcom.intellij.psi.codeStyle.FileTypeIndentOptionsProvider;
8916:             1             16  org.jetbrains.plugins.groovy.mvc.MvcModuleStructureSynchronizer$3
8917:             1             16  com.intellij.lang.properties.PropertiesFilesManager
8918:             1             16  org.apache.velocity.runtime.log.LogChuteSystem
8919:             1             16  $Proxy29
8920:             1             16  javax.swing.PopupFactory
8921:             1             16  org.jetbrains.idea.maven.utils.MavenEditorTabTitleProvider
8922:             1             16  com.intellij.openapi.externalSystem.service.vcs.ExternalSystemVcsRegistrar$1
8923:             1             16  com.intellij.lang.properties.PropertiesFilesManager$1
8924:             1             16  org.jetbrains.plugins.scala.util.ScalaUtil$
8925:             1             16  com.intellij.ide.navigationToolbar.ui.AquaNavBarUI
8926:             1             16  [Lcom.intellij.ide.projectView.ProjectViewNodeDecorator;
8927:             1             16  [Lcom.intellij.psi.PsiImportStatementBase;
8928:             1             16  com.intellij.psi.impl.PsiJavaParserFacadeImpl$2
8929:             1             16  com.intellij.openapi.roots.impl.ModuleLibraryTable$ModuleLibraryOrderEntryCondition
8930:             1             16  com.intellij.openapi.wm.impl.IdeFrameImpl$2
8931:             1             16  com.intellij.psi.impl.PsiJavaParserFacadeImpl$8
8932:             1             16  com.intellij.execution.impl.ConsoleViewImpl$7
8933:             1             16  com.intellij.openapi.vcs.changes.RemoteRevisionsNumbersCache$2
8934:             1             16  sun.java2d.x11.X11SurfaceData$LazyPipe
8935:             1             16  com.intellij.openapi.vcs.contentAnnotation.VcsContentAnnotationExceptionFilterFactory
8936:             1             16  com.intellij.ide.projectView.impl.AbstractProjectViewPSIPane$1
8937:             1             16  org.jetbrains.plugins.groovy.GroovyFileType
8938:             1             16  com.intellij.openapi.progress.util.ProgressIndicatorBase$4
8939:             1             16  com.intellij.designer.propertyTable.PropertyTable$3
8940:             1             16  com.intellij.ide.dnd.DnDManagerImpl$MyDragGestureListener
8941:             1             16  com.intellij.xdebugger.impl.actions.handlers.XMarkObjectActionHandler
8942:             1             16  com.intellij.notification.impl.IdeNotificationArea$1
8943:             1             16  com.intellij.openapi.fileEditor.impl.IdeDocumentHistoryImpl$4
8944:             1             16  java.io.FileDescriptor$1
8945:             1             16  com.intellij.openapi.wm.impl.status.StatusPanel$3
8946:             1             16  com.intellij.uiDesigner.snapShooter.SnapShooterConfigurationExtension
8947:             1             16  sun.java2d.pipe.OutlineTextRenderer
8948:             1             16  com.intellij.psi.impl.search.SPIReferencesSearcher
8949:             1             16  com.intellij.openapi.vcs.changes.ui.ChangesBrowser$DiffToolbarActionsFactory
8950:             1             16  com.intellij.ui.IconDeferrerImpl$2
8951:             1             16  com.intellij.xdebugger.impl.breakpoints.XDependentBreakpointManager$1
8952:             1             16  com.intellij.openapi.wm.impl.WindowManagerImpl$3
8953:             1             16  java.util.regex.Pattern$CharPropertyNames$17
8954:             1             16  com.intellij.psi.util.TypeConversionUtil$6
8955:             1             16  com.intellij.tasks.pivotal.PivotalTrackerRepositoryType
8956:             1             16  org.jetbrains.plugins.terminal.TerminalToolWindowFactory
8957:             1             16  com.intellij.psi.impl.search.PsiSearchHelperImpl
8958:             1             16  com.intellij.openapi.fileEditor.impl.text.LargeFileEditorProvider
8959:             1             16  [Lcom.intellij.openapi.editor.Editor;
8960:             1             16  com.intellij.util.Ticket
8961:             1             16  org.jetbrains.plugins.scala.lang.psi.stubs.index.ScVariableNameIndex
8962:             1             16  sun.reflect.GeneratedConstructorAccessor42
8963:             1             16  com.intellij.openapi.fileEditor.impl.EditorTabbedContainer$2
8964:             1             16  com.intellij.debugger.actions.ForceStepIntoActionHandler
8965:             1             16  com.intellij.openapi.vfs.encoding.EncodingManagerImpl$4
8966:             1             16  [Lcom.intellij.util.NotNullFunction;
8967:             1             16  com.intellij.execution.impl.ConsoleViewImpl$CommandLineFolding
8968:             1             16  com.intellij.ide.ClipboardSynchronizer$XWinClipboardHandler
8969:             1             16  com.intellij.psi.PsiClassType$ClassResolveResult$1
8970:             1             16  com.intellij.ide.actions.ToolWindowsGroup$MyActionComparator
8971:             1             16  org.jetbrains.plugins.javaFX.JavaFxCustomComponentsIndex$1
8972:             1             16  org.jetbrains.plugins.groovy.dgm.GroovyExtensionProvider$GroovyExtensionVetoSPI
8973:             1             16  org.jetbrains.plugins.scala.lang.psi.stubs.index.ScAnnotatedMemberIndex$
8974:             1             16  org.intellij.lang.xpath.xslt.run.XsltRunConfigType
8975:             1             16  javax.swing.text.html.CSSBorder$DoublePainter
8976:             1             16  com.intellij.openapi.fileEditor.impl.FileEditorManagerImpl$MyVirtualFileListener
8977:             1             16  com.intellij.ide.impl.DataValidator$1
8978:             1             16  com.intellij.psi.controlFlow.AllVariablesControlFlowPolicy
8979:             1             16  javax.swing.text.SegmentCache
8980:             1             16  com.intellij.openapi.roots.impl.libraries.ProjectLibraryTable$1
8981:             1             16  com.intellij.lang.properties.editor.ResourceBundleFileType
8982:             1             16  com.intellij.lang.xml.XmlFormattingModelBuilder
8983:             1             16  com.intellij.util.xml.Converter$2
8984:             1             16  com.intellij.tasks.mantis.MantisRepositoryType
8985:             1             16  $Proxy49
8986:             1             16  com.intellij.openapi.components.impl.ApplicationPathMacroManager
8987:             1             16  com.intellij.openapi.vcs.update.ActionInfo$1
8988:             1             16  com.intellij.openapi.fileEditor.impl.EditorsSplitters$1
8989:             1             16  org.jetbrains.plugins.scala.injection.ScalaLanguageInjector
8990:             1             16  com.intellij.openapi.application.AccessToken$1
8991:             1             16  com.intellij.psi.impl.file.impl.JavaFileManagerImpl$2
8992:             1             16  com.intellij.util.containers.FilteringIterator$1
8993:             1             16  org.jetbrains.io.BuiltInServer$1
8994:             1             16  java.lang.CharacterDataLatin1
8995:             1             16  $Proxy80
8996:             1             16  com.intellij.usages.UsageInfo2UsageAdapter$1
8997:             1             16  com.intellij.openapi.wm.impl.FocusManagerImpl$1
8998:             1             16  com.intellij.codeInsight.folding.impl.CodeFoldingManagerImpl$1
8999:             1             16  javax.swing.text.html.HTMLEditorKit$HTMLFactory
9000:             1             16  org.jetbrains.plugins.scala.lang.parser.parsing.expressions.ArgumentExprs$
9001:             1             16  org.jetbrains.plugins.scala.lang.parser.parsing.statements.MacroDef$
9002:             1             16  com.intellij.psi.impl.source.PsiImportListImpl$1
9003:             1             16  com.intellij.conversion.impl.ConversionServiceImpl
9004:             1             16  com.intellij.compiler.impl.TranslatingCompilerFilesMonitor$MyVfsListener
9005:             1             16  com.intellij.psi.impl.PsiJavaParserFacadeImpl$9
9006:             1             16  org.jetbrains.plugins.scala.findUsages.ScalaAliasedImportedElementSearcher
9007:             1             16  scala.collection.mutable.ArrayOps$ofRef$
9008:             1             16  com.intellij.openapi.fileEditor.impl.IdeDocumentHistoryImpl$5
9009:             1             16  java.util.regex.Pattern$CharPropertyNames$18
9010:             1             16  com.intellij.openapi.progress.util.ProgressIndicatorBase$5
9011:             1             16  com.intellij.ui.IconDeferrerImpl$3
9012:             1             16  com.intellij.codeInspection.LossyEncodingInspection$ChangeEncodingFix
9013:             1             16  com.intellij.designer.propertyTable.RadPropertyTable$2
9014:             1             16  com.intellij.psi.util.TypeConversionUtil$7
9015:             1             16  [Lcom.intellij.framework.detection.FrameworkDetector;
9016:             1             16  [Lcom.intellij.psi.PsiCatchSection;
9017:             1             16  com.intellij.openapi.roots.impl.ModuleLibraryTable$OrderEntryToLibraryConvertor
9018:             1             16  com.intellij.openapi.wm.impl.ToolWindowManagerImpl$1
9019:             1             16  [Ljava.text.FieldPosition;
9020:             1             16  org.intellij.lang.xpath.xslt.impl.XsltImplicitUsagesProvider
9021:             1             16  sun.nio.ch.Util$1
9022:             1             16  com.intellij.lang.properties.projectView.ResourceBundleGrouper
9023:             1             16  com.intellij.util.xml.ElementPresentationManager$2
9024:             1             16  org.jetbrains.plugins.scala.components.TypeAwareHighlightingApplicationState
9025:             1             16  com.sun.jna.Library$Handler$FunctionNameMap
9026:             1             16  com.intellij.openapi.editor.impl.DocumentMarkupModelManager$1
9027:             1             16  com.intellij.openapi.module.JavaModuleType
9028:             1             16  com.intellij.psi.filters.AndFilter
9029:             1             16  com.intellij.openapi.vcs.changes.ui.ChangesTreeList$5
9030:             1             16  com.intellij.ide.projectView.impl.AbstractProjectViewPSIPane$2
9031:             1             16  java.net.URLClassLoader$7
9032:             1             16  com.intellij.openapi.externalSystem.service.ExternalSystemStartupActivity
9033:             1             16  com.intellij.openapi.fileTypes.impl.PlatformFileTypeFactory
9034:             1             16  $Proxy71
9035:             1             16  org.jetbrains.plugins.scala.lang.parser.parsing.expressions.AnnotationExpr$
9036:             1             16  $Proxy18
9037:             1             16  org.intellij.lang.xpath.xslt.run.XsltRunConfigType$MyConfigurationFactory
9038:             1             16  com.intellij.codeInsight.daemon.impl.IdentifierHighlighterPassFactory
9039:             1             16  com.intellij.lexer.JavaDocTokenTypes
9040:             1             16  com.intellij.codeInsight.daemon.impl.GeneralHighlightingPass$1
9041:             1             16  com.intellij.util.InstanceofChecker$$$$$java$lang$Character
9042:             1             16  com.intellij.diagnostic.PerformanceWatcher$2
9043:             1             16  com.intellij.openapi.vcs.VcsVFSListener$MyVirtualFileAdapter
9044:             1             16  com.intellij.openapi.wm.impl.status.EncodingPanel$3
9045:             1             16  com.google.common.collect.Iterators$2
9046:             1             16  com.intellij.ide.impl.DataValidator$2
9047:             1             16  com.intellij.psi.impl.include.FileIncludeIndex
9048:             1             16  org.jetbrains.plugins.groovy.compiler.GroovyCompilerLoader$1
9049:             1             16  org.jetbrains.plugins.scala.lang.psi.impl.toplevel.synthetic.SyntheticPackageCreator
9050:             1             16  com.intellij.compiler.impl.TranslatingCompilerFilesMonitor$ProjectRef
9051:             1             16  git4idea.history.wholeTree.GitLogSettings
9052:             1             16  [Ljava.security.Provider;
9053:             1             16  java.lang.ProcessEnvironment$StringEntrySet
9054:             1             16  com.intellij.ide.LockedIconLayerProvider
9055:             1             16  com.intellij.patterns.StringPattern$1
9056:             1             16  com.intellij.ide.highlighter.HtmlFileType
9057:             1             16  com.intellij.util.io.ReadWriteDirectBufferWrapper$1
9058:             1             16  org.jetbrains.plugins.scala.lang.psi.stubs.index.ScClassParameterNameIndex
9059:             1             16  com.intellij.openapi.fileTypes.PlainTextSyntaxHighlighterFactory
9060:             1             16  com.intellij.tasks.jira.jql.JqlFileTypeFactory
9061:             1             16  com.intellij.util.concurrency.FixedFuture
9062:             1             16  java.util.regex.Pattern$CharPropertyNames$19
9063:             1             16  com.intellij.facet.impl.pointers.FacetPointersManagerImpl$1
9064:             1             16  com.intellij.notification.impl.IdeNotificationArea$3
9065:             1             16  com.intellij.psi.util.TypeConversionUtil$48
9066:             1             16  com.intellij.psi.impl.PsiJavaParserFacadeImpl$10
9067:             1             16  org.jetbrains.plugins.groovy.actions.GroovyTemplatesFactory
9068:             1             16  com.intellij.usages.UsageInfo2UsageAdapter$2
9069:             1             16  com.intellij.psi.util.TypeConversionUtil$8
9070:             1             16  [Lcom.intellij.openapi.project.ProjectManagerListener;
9071:             1             16  com.intellij.uiDesigner.make.Form2SourceCompiler
9072:             1             16  com.intellij.openapi.progress.util.ProgressIndicatorBase$6
9073:             1             16  com.intellij.notification.impl.NotificationsManagerImpl
9074:             1             16  com.intellij.util.xml.impl.GenericValueReferenceProvider
9075:             1             16  com.intellij.designer.propertyTable.RadPropertyTable$1
9076:             1             16  com.intellij.ui.IconDeferrerImpl$4
9077:             1             16  org.jetbrains.plugins.groovy.mvc.MvcModuleStructureSynchronizer$4
9078:             1             16  com.intellij.openapi.wm.impl.ToolWindowManagerImpl$2
9079:             1             16  com.intellij.psi.PsiCatchSection$1
9080:             1             16  org.intellij.plugins.intelliLang.inject.groovy.GrConcatenation2InjectorAdapter
9081:             1             16  com.intellij.psi.impl.ElementBase$2
9082:             1             16  com.intellij.util.xml.ResolvingConverter$1
9083:             1             16  com.intellij.find.ngrams.TrigramIndex$3
9084:             1             16  com.intellij.codeInsight.daemon.impl.GeneralHighlightingPass$3
9085:             1             16  com.intellij.openapi.fileEditor.impl.EditorTabbedContainer$MySwitchProvider
9086:             1             16  com.intellij.xdebugger.impl.settings.XDebuggerSettingsPanelProviderImpl
9087:             1             16  org.jetbrains.plugins.groovy.annotator.GrReferenceHighlighterFactory
9088:             1             16  com.intellij.openapi.util.FoundationLoader
9089:             1             16  com.intellij.codeInspection.BatchSuppressManagerImpl
9090:             1             16  com.intellij.util.xml.ElementPresentationManager$3
9091:             1             16  com.intellij.diagnostic.IdeMessagePanel$1
9092:             1             16  com.intellij.psi.PsiLock
9093:             1             16  com.intellij.psi.search.scope.packageSet.PackageSetFactoryImpl
9094:             1             16  sun.reflect.GeneratedMethodAccessor41
9095:             1             16  sun.reflect.GeneratedMethodAccessor57
9096:             1             16  com.intellij.openapi.fileEditor.impl.EditorHistoryManager$MyUISettingsListener
9097:             1             16  javax.swing.plaf.basic.BasicLookAndFeel$2
9098:             1             16  com.intellij.debugger.actions.RunToCursorActionHandler
9099:             1             16  com.intellij.ide.navigationToolbar.ui.CommonNavBarUI
9100:             1             16  com.intellij.psi.impl.JavaPsiFacadeImpl$PsiElementFinderImpl
9101:             1             16  com.intellij.openapi.command.impl.DocumentReferenceManagerImpl$1
9102:             1             16  com.intellij.openapi.vcs.impl.VcsFileTypeFactory
9103:             1             16  com.intellij.codeInsight.daemon.impl.LocalInspectionsPass$1
9104:             1             16  org.jetbrains.plugins.scala.lang.parser.parsing.statements.FunSig$
9105:             1             16  com.intellij.openapi.vfs.newvfs.persistent.FSRecords$DbConnection$1
9106:             1             16  com.intellij.codeInsight.daemon.impl.GeneralHighlightingPass$2
9107:             1             16  com.intellij.openapi.fileEditor.impl.text.TextEditorPsiDataProvider
9108:             1             16  com.intellij.util.xml.JvmPsiTypeConverterImpl
9109:             1             16  scala.Predef$$anon$3
9110:             1             16  org.jaxen.XPathFunctionContext
9111:             1             16  com.intellij.compiler.server.BuildManager$5
9112:             1             16  com.intellij.psi.impl.search.SimpleAccessorReferenceSearcher
9113:             1             16  com.intellij.util.indexing.ValueContainerImpl$8
9114:             1             16  org.jetbrains.plugins.scala.lang.psi.impl.ScalaPsiManager$$anon$2
9115:             1             16  java.util.regex.Pattern$CharPropertyNames$20
9116:             1             16  org.jetbrains.plugins.groovy.griffon.GriffonConfigureNotification
9117:             1             16  com.intellij.openapi.fileEditor.impl.FileEditorManagerImpl$MyUISettingsListener
9118:             1             16  com.intellij.ide.projectView.impl.FavoritesViewToolWindowFactory
9119:             1             16  com.intellij.codeInsight.folding.impl.actions.CollapseAllRegionsAction$1
9120:             1             16  org.jetbrains.plugins.javaFX.fxml.refs.JavaFxAnnotator
9121:             1             16  sun.reflect.GeneratedConstructorAccessor10
9122:             1             16  org.zmlx.hg4idea.provider.HgHistoryProvider
9123:             1             16  com.intellij.uiDesigner.FormFileTypeFactory
9124:             1             16  com.intellij.util.containers.hash.LinkedHashMap$EntrySet
9125:             1             16  com.intellij.psi.util.TypeConversionUtil$49
9126:             1             16  scala.package$$anon$1
9127:             1             16  com.intellij.xdebugger.impl.breakpoints.ui.tree.BreakpointItemsTreeController$TreeNodeComparator
9128:             1             16  org.intellij.images.editor.impl.ImageFileEditorProvider
9129:             1             16  git4idea.annotate.GitAnnotationProvider
9130:             1             16  com.intellij.psi.impl.PsiJavaParserFacadeImpl$11
9131:             1             16  com.intellij.openapi.wm.impl.FocusManagerImpl$2
9132:             1             16  com.intellij.openapi.keymap.impl.keyGestures.KeyboardGestureProcessor$1
9133:             1             16  com.intellij.codeInsight.TestFrameworksImpl
9134:             1             16  com.intellij.debugger.actions.ForceRunToCursorActionHandler
9135:             1             16  org.jetbrains.plugins.scala.compiler.CompilerConfigurationMonitor$FacetListener$
9136:             1             16  com.intellij.ide.util.treeView.AbstractTreeBuilder$1
9137:             1             16  sun.font.FontConfigManager
9138:             1             16  com.intellij.ui.tabs.impl.JBTabsImpl$6$1
9139:             1             16  com.intellij.openapi.progress.util.ProgressIndicatorBase$7
9140:             1             16  com.intellij.codeInsight.BaseExternalAnnotationsManager$4
9141:             1             16  com.intellij.codeInspection.LossyEncodingInspection$ReloadInAnotherEncodingFix
9142:             1             16  sun.misc.Launcher
9143:             1             16  com.intellij.psi.impl.source.resolve.ResolveCache$1
9144:             1             16  org.jetbrains.plugins.groovy.dsl.GroovyDslAnnotator
9145:             1             16  java.lang.UNIXProcess$ProcessReaperThreadFactory
9146:             1             16  com.intellij.util.indexing.FileBasedIndexImpl$3
9147:             1             16  com.intellij.xdebugger.impl.XDebuggerSupport$1
9148:             1             16  com.intellij.openapi.fileTypes.PlainTextSyntaxHighlighterFactory$1
9149:             1             16  com.intellij.psi.filters.position.NamespaceFilter
9150:             1             16  com.intellij.psi.impl.ElementBase$3
9151:             1             16  $Proxy65
9152:             1             16  com.intellij.openapi.compiler.CompilerFilter$1
9153:             1             16  com.intellij.lang.properties.ResourceBundleImpl$1
9154:             1             16  org.jetbrains.plugins.scala.lang.psi.stubs.index.ScTypeAliasNameIndex
9155:             1             16  com.intellij.util.xml.ElementPresentationManager$5
9156:             1             16  com.intellij.ui.EditorTextField$1
9157:             1             16  com.intellij.openapi.wm.impl.ToolWindowManagerImpl$3
9158:             1             16  com.intellij.openapi.editor.actions.EscapeAction$Handler
9159:             1             16  com.intellij.compiler.CompilerIconLayerProvider
9160:             1             16  com.intellij.openapi.fileEditor.impl.IdeDocumentHistoryImpl$1
9161:             1             16  org.jetbrains.plugins.scala.lang.parser.parsing.Program$
9162:             1             16  sun.awt.X11.XKeyboardFocusManagerPeer
9163:             1             16  $Proxy33
9164:             1             16  com.intellij.openapi.fileTypes.impl.InternalFileTypeFactory
9165:             1             16  com.intellij.ide.navigationToolbar.ui.DarculaNavBarUI
9166:             1             16  com.intellij.openapi.wm.impl.status.EncodingPanel$4
9167:             1             16  $Proxy42
9168:             1             16  com.intellij.codeInsight.preview.ImageOrColorPreviewManager$1
9169:             1             16  $Proxy30
9170:             1             16  com.intellij.xml.breadcrumbs.XmlLanguageBreadcrumbsInfoProvider
9171:             1             16  net.sf.cglib.proxy.LazyLoaderGenerator
9172:             1             16  com.intellij.openapi.fileEditor.impl.EditorTabbedContainer$1
9173:             1             16  com.intellij.psi.util.TypeConversionUtil$50
9174:             1             16  com.intellij.compiler.server.BuildManager$6
9175:             1             16  com.intellij.util.NullableFunction$1
9176:             1             16  com.intellij.psi.PsiStatement$1
9177:             1             16  sun.nio.ch.SocketDispatcher
9178:             1             16  [Lcom.intellij.ui.treeStructure.SimpleNode;
9179:             1             16  com.intellij.psi.impl.PsiJavaParserFacadeImpl$12
9180:             1             16  [Lcom.intellij.openapi.roots.libraries.Library;
9181:             1             16  org.intellij.plugins.relaxNG.compact.RncParserDefinition
9182:             1             16  org.jetbrains.idea.devkit.inspections.DevKitImplicitUsageProvider
9183:             1             16  com.intellij.ide.util.treeView.AbstractTreeBuilder$2
9184:             1             16  com.intellij.psi.PsiExpression$1
9185:             1             16  javax.xml.parsers.SecuritySupport
9186:             1             16  com.intellij.ide.projectView.impl.AbstractProjectViewPSIPane$3
9187:             1             16  org.jetbrains.plugins.scala.highlighter.usages.ScalaHighlightUsagesHandlerFactory
9188:             1             16  com.intellij.openapi.progress.util.ProgressIndicatorBase$8
9189:             1             16  com.intellij.util.xml.ResolvingConverter$2
9190:             1             16  git4idea.checkout.GitCheckoutProvider
9191:             1             16  $Proxy20
9192:             1             16  org.jetbrains.plugins.scala.lang.parser.parsing.params.FunTypeParamClause$
9193:             1             16  com.intellij.debugger.actions.ResumeActionHandler
9194:             1             16  com.intellij.xdebugger.impl.XDebuggerSupport$2
9195:             1             16  com.intellij.openapi.vcs.changes.ui.ChangesViewContentManager$MyContentManagerListener
9196:             1             16  com.intellij.util.ReflectionCache$1
9197:             1             16  com.intellij.openapi.vcs.changes.VcsChangeDetailsManager$BinaryDetailsProviderNew
9198:             1             16  com.intellij.codeInsight.daemon.JavaProblemHighlightFilter
9199:             1             16  com.intellij.psi.impl.compiled.ClassFileStubBuilder
9200:             1             16  [Lcom.intellij.util.xml.JavaMethod;
9201:             1             16  sun.java2d.pipe.SolidTextRenderer
9202:             1             16  [Lcom.intellij.lang.ASTNode;
9203:             1             16  com.intellij.debugger.ui.breakpoints.AnyExceptionBreakpointFactory
9204:             1             16  sun.reflect.GeneratedMethodAccessor65
9205:             1             16  sun.java2d.pipe.AlphaPaintPipe
9206:             1             16  java.util.regex.Pattern$CharPropertyNames$22
9207:             1             16  com.intellij.openapi.editor.actions.IndentSelectionAction$Handler
9208:             1             16  scala.sys.package$
9209:             1             16  com.intellij.openapi.util.io.$Proxy13
9210:             1             16  sun.reflect.GeneratedSerializationConstructorAccessor35
9211:             1             16  com.intellij.execution.filters.ExceptionExFilterFactory$MyFilter
9212:             1             16  scala.collection.immutable.$colon$colon$
9213:             1             16  com.intellij.ide.dnd.DnDManagerImpl$MyDropTargetListener
9214:             1             16  com.intellij.openapi.vcs.changes.ShortDiffDetails$2
9215:             1             16  com.intellij.openapi.wm.IdeaFrameTitleBuilder
9216:             1             16  com.intellij.ide.navigationToolbar.ui.GtkNavBarUI
9217:             1             16  com.intellij.ide.MacOSApplicationProvider
9218:             1             16  org.jetbrains.plugins.scala.lang.parser.parsing.expressions.Literal$
9219:             1             16  com.intellij.openapi.roots.impl.libraries.JarDirectoryWatcherFactory
9220:             1             16  org.jetbrains.plugins.scala.findUsages.TypeAliasUsagesSearcher
9221:             1             16  com.intellij.psi.impl.file.PsiJavaDirectoryFactory
9222:             1             16  [Lcom.intellij.openapi.vcs.changes.Change;
9223:             1             16  $Proxy95
9224:             1             16  net.sf.cglib.core.MethodInfoTransformer
9225:             1             16  com.intellij.psi.impl.source.tree.java.PsiReferenceExpressionImpl$OurGenericsResolver
9226:             1             16  com.intellij.uiDesigner.projectView.FormMergerTreeStructureProvider
9227:             1             16  [Lcom.intellij.psi.impl.source.tree.TreeElement;
9228:             1             16  $Proxy35
9229:             1             16  com.intellij.openapi.wm.impl.status.EncodingPanel$5
9230:             1             16  com.intellij.codeInsight.daemon.impl.DaemonListeners$MyEditorMouseMotionListener
9231:             1             16  com.intellij.psi.util.TypeConversionUtil$51
9232:             1             16  com.intellij.openapi.wm.impl.status.TogglePopupHintsPanel$1
9233:             1             16  com.intellij.ide.FileChangedNotificationProvider$1
9234:             1             16  com.intellij.compiler.server.BuildManager$7
9235:             1             16  com.intellij.openapi.vcs.changes.shelf.ShelvedChangesViewManager$MyChangesDeleteProvider
9236:             1             16  com.intellij.psi.impl.search.VariableInIncompleteCodeSearcher
9237:             1             16  com.intellij.openapi.editor.RangeMarker$1
9238:             1             16  [Lcom.intellij.debugger.ui.breakpoints.Breakpoint;
9239:             1             16  com.intellij.util.indexing.ValueContainerImpl$5
9240:             1             16  java.awt.image.DataBuffer$1
9241:             1             16  com.intellij.lang.ant.config.impl.GlobalAntConfiguration$1
9242:             1             16  org.jetbrains.plugins.scala.lang.psi.stubs.index.ScDirectInheritorsIndex
9243:             1             16  com.intellij.ui.tabs.FileColorSharedConfigurationManager
9244:             1             16  com.intellij.openapi.externalSystem.service.project.PlatformFacadeImpl
9245:             1             16  com.intellij.psi.impl.PsiJavaParserFacadeImpl$13
9246:             1             16  com.intellij.openapi.editor.actions.EditorActionUtil$1
9247:             1             16  sun.awt.X11.XKeyboardFocusManagerPeer$1
9248:             1             16  com.intellij.codeInsight.daemon.impl.actions.SuppressWarningsFoldingBuilder
9249:             1             16  org.jetbrains.plugins.groovy.GroovyFileTypeLoader
9250:             1             16  org.intellij.plugins.intelliLang.inject.TemporaryPlacesRegistry$1
9251:             1             16  java.io.DeleteOnExitHook$1
9252:             1             16  java.util.logging.LoggingProxyImpl
9253:             1             16  com.intellij.openapi.fileEditor.impl.EditorTabbedContainer$5
9254:             1             16  sun.awt.X11.XDropTargetEventProcessor
9255:             1             16  com.intellij.openapi.fileEditor.impl.IdeDocumentHistoryImpl$RecentlyChangedFilesState
9256:             1             16  [Lcom.intellij.openapi.wm.StatusBarCustomComponentFactory;
9257:             1             16  com.intellij.psi.impl.file.impl.PsiVFSListener$1$1
9258:             1             16  org.jetbrains.plugins.scala.lang.psi.impl.ScalaPsiManager$$anon$3
9259:             1             16  com.intellij.psi.PsiExpression$2
9260:             1             16  com.intellij.codeInsight.navigation.CtrlMouseHandler$4
9261:             1             16  com.intellij.psi.impl.source.PsiJavaCodeReferenceElementImpl$OurGenericsResolver
9262:             1             16  sun.reflect.GeneratedMethodAccessor38
9263:             1             16  com.intellij.openapi.project.impl.ProjectManagerImpl$10
9264:             1             16  com.intellij.xdebugger.impl.XDebuggerSupport$3
9265:             1             16  com.intellij.util.execution.ParametersListUtil$1
9266:             1             16  java.util.regex.Pattern$CharPropertyNames$23
9267:             1             16  com.intellij.openapi.file.exclude.EnforcedPlainTextFileTypeFactory
9268:             1             16  javax.swing.text.DefaultHighlighter$DefaultHighlightPainter
9269:             1             16  com.intellij.util.containers.ConcurrentMostlySingularMultiMap
9270:             1             16  com.intellij.codeInsight.daemon.impl.EditorTracker$1
9271:             1             16  com.intellij.codeInsight.daemon.impl.DaemonEditorPopup
9272:             1             16  [Lcom.intellij.lexer.HtmlEmbeddedTokenTypesProvider;
9273:             1             16  com.intellij.codeInsight.problems.WolfTheProblemSolverImpl$1
9274:             1             16  com.intellij.util.ReflectionCache$2
9275:             1             16  org.intellij.plugins.relaxNG.model.resolve.RelaxIncludeProvider
9276:             1             16  org.jetbrains.plugins.scala.lang.parser.util.ParserUtils$
9277:             1             16  com.intellij.psi.util.TypeConversionUtil$9
9278:             1             16  [Lcom.intellij.openapi.util.objectTree.ObjectNode;
9279:             1             16  com.intellij.openapi.editor.markup.MarkupEditorFilter$1
9280:             1             16  sun.java2d.Disposer
9281:             1             16  com.intellij.execution.impl.RunnerRegistryImpl
9282:             1             16  $Proxy16
9283:             1             16  com.intellij.util.indexing.FileBasedIndexImpl$4
9284:             1             16  org.jetbrains.idea.maven.utils.ArchetypeResourceHighlightFilter
9285:             1             16  com.intellij.slicer.SliceHandler
9286:             1             16  com.intellij.psi.controlFlow.DefUseUtil$3
9287:             1             16  com.intellij.ide.MacOSApplicationProvider$1
9288:             1             16  com.intellij.psi.util.TypeConversionUtil$52
9289:             1             16  sun.misc.Launcher$Factory
9290:             1             16  javax.swing.text.html.HTMLEditorKit$NavigateLinkAction$FocusHighlightPainter
9291:             1             16  java.util.Collections$EmptySet
9292:             1             16  com.intellij.util.ui.UIUtil$2
9293:             1             16  org.jetbrains.plugins.groovy.config.GroovyModuleConverterProvider
9294:             1             16  com.intellij.openapi.fileTypes.impl.ApproveRemovedMappingsActivity
9295:             1             16  org.jetbrains.plugins.groovy.testIntegration.GroovyTestFramework
9296:             1             16  com.intellij.uiDesigner.binding.UIDesignerImplicitUsageProvider
9297:             1             16  org.jetbrains.idea.svn.SvnMapping$FilePathsComparator
9298:             1             16  org.jetbrains.plugins.groovy.GroovyFileType$1
9299:             1             16  java.nio.charset.CoderResult$1
9300:             1             16  com.intellij.ide.IdePopupManager
9301:             1             16  com.intellij.openapi.vcs.changes.VcsChangeDetailsManager$FragmentedDiffDetailsProvider
9302:             1             16  com.intellij.ide.PsiCutElementMarker
9303:             1             16  scala.collection.$plus$colon$
9304:             1             16  javax.swing.UIManager$2
9305:             1             16  java.awt.Component$1
9306:             1             16  com.intellij.lang.ant.validation.AntAnnotatorsFilter
9307:             1             16  com.intellij.openapi.fileEditor.impl.FileEditorManagerImpl$MyBorder
9308:             1             16  org.jetbrains.plugins.scala.lang.parser.parsing.params.ParamClauses$
9309:             1             16  com.intellij.uiDesigner.editor.UIFormEditorProvider
9310:             1             16  sun.java2d.pipe.AATextRenderer
9311:             1             16  com.intellij.psi.impl.PsiElementFactoryImpl$2
9312:             1             16  com.intellij.psi.stubs.StubProcessingHelper
9313:             1             16  com.intellij.openapi.roots.impl.libraries.JarDirectoryWatcherFactoryImpl
9314:             1             16  com.intellij.debugger.actions.PauseActionHandler
9315:             1             16  com.intellij.idea.SocketLock$MyRunnable
9316:             1             16  org.apache.xerces.impl.XMLEntityManager$1
9317:             1             16  com.intellij.psi.impl.source.JavaDummyHolderFactory
9318:             1             16  com.intellij.compiler.server.BuildManager$ProjectWatcher$1
9319:             1             16  com.intellij.openapi.util.text.StringUtil$1
9320:             1             16  sun.reflect.GeneratedConstructorAccessor19
9321:             1             16  com.intellij.testFramework.LightVirtualFile$MyVirtualFileSystem
9322:             1             16  org.jetbrains.plugins.scala.components.HighlightingAdvisor$FacetListener$
9323:             1             16  com.intellij.openapi.editor.impl.EditorFactoryImpl$1
9324:             1             16  com.intellij.ide.dnd.DnDManagerImpl$1
9325:             1             16  com.intellij.openapi.wm.impl.status.TogglePopupHintsPanel$2
9326:             1             16  com.intellij.execution.ExecutorRegistryImpl$1
9327:             1             16  com.intellij.xdebugger.impl.XDebuggerSupport$4
9328:             1             16  com.intellij.openapi.projectRoots.JavaVersionServiceImpl
9329:             1             16  org.apache.velocity.runtime.log.Log
9330:             1             16  org.jetbrains.plugins.scala.lang.psi.stubs.index.ScSelfTypeInheritorsIndex
9331:             1             16  java.awt.KeyboardFocusManager$1
9332:             1             16  com.intellij.idea.IdeaLogger$1
9333:             1             16  org.jetbrains.plugins.groovy.dgm.DGMFileTypeFactory
9334:             1             16  org.jetbrains.plugins.scala.decompiler.ScClassFileViewProviderFactory
9335:             1             16  org.jetbrains.plugins.scala.lang.parser.parsing.xml.XmlExpr$
9336:             1             16  com.intellij.codeInspection.htmlInspections.XmlWrongClosingTagNameInspection
9337:             1             16  com.intellij.codeInsight.problems.WolfTheProblemSolverImpl$2
9338:             1             16  org.ini4j.spi.BeanTool
9339:             1             16  com.intellij.psi.util.TypeConversionUtil$10
9340:             1             16  org.jetbrains.plugins.scala.editor.mouseHandler.MouseHoverHandler$6$1
9341:             1             16  com.intellij.util.execution.ParametersListUtil$2
9342:             1             16  com.intellij.psi.util.TypeConversionUtil$53
9343:             1             16  com.intellij.psi.impl.file.impl.PsiVFSListener$MyFileDocumentManagerAdapter
9344:             1             16  com.intellij.psi.stubs.StubUpdatingIndex
9345:             1             16  [Lcom.intellij.openapi.vfs.newvfs.persistent.FSRecords$NameId;
9346:             1             16  com.intellij.lang.java.parser.JavaParserUtil$1
9347:             1             16  com.intellij.ide.impl.ModuleDataValidator
9348:             1             16  com.intellij.openapi.util.Disposer$1
9349:             1             16  com.intellij.openapi.fileEditor.impl.EditorTabbedContainer$6
9350:             1             16  $Proxy69
9351:             1             16  com.intellij.openapi.vfs.impl.http.DefaultRemoteContentProvider
9352:             1             16  com.intellij.util.xml.impl.DomManagerImpl$2
9353:             1             16  com.intellij.xdebugger.impl.breakpoints.BreakpointsFavoriteListProvider$1
9354:             1             16  com.intellij.psi.controlFlow.EmptyInstruction
9355:             1             16  com.intellij.util.ReflectionCache$3
9356:             1             16  org.jetbrains.plugins.groovy.mvc.MvcProjectWithoutLibraryNotificator
9357:             1             16  com.intellij.openapi.editor.colors.impl.EditorColorsManagerImpl$MySchemeProcessor
9358:             1             16  com.intellij.ide.highlighter.custom.impl.StandardFileTypeRegistrator
9359:             1             16  java.nio.charset.CoderResult$2
9360:             1             16  org.jetbrains.plugins.scala.lang.parser.parsing.TopStatSeq$
9361:             1             16  org.jetbrains.plugins.scala.lang.psi.impl.ScalaPsiManager$$anon$1
9362:             1             16  org.jetbrains.idea.maven.utils.MavenEditorTabTitleUpdater
9363:             1             16  sun.rmi.transport.proxy.RMIDirectSocketFactory
9364:             1             16  sun.java2d.pipe.LCDTextRenderer
9365:             1             16  com.intellij.psi.impl.source.tree.JavaElementType$1$1
9366:             1             16  com.intellij.psi.impl.PsiElementFactoryImpl$1
9367:             1             16  com.intellij.util.config.Externalizer$1
9368:             1             16  com.intellij.execution.impl.ConsoleViewImpl$2
9369:             1             16  com.intellij.openapi.wm.impl.ToolWindowManagerImpl$MyToolWindowPropertyChangeListener
9370:             1             16  com.intellij.ui.tabs.impl.JBTabsImpl$6$2
9371:             1             16  sun.rmi.transport.DGCImpl_Skel
9372:             1             16  com.intellij.openapi.components.impl.stores.ComponentRoamingManager
9373:             1             16  $Proxy36
9374:             1             16  [Lcom.intellij.openapi.components.ComponentConfig;
9375:             1             16  [Ljava.beans.EventSetDescriptor;
9376:             1             16  com.intellij.tasks.impl.TaskManagerImpl$11
9377:             1             16  com.intellij.openapi.editor.impl.BorderEffect$1
9378:             1             16  com.intellij.util.containers.hash.EqualityPolicy$1
9379:             1             16  java.util.regex.Pattern$End
9380:             1             16  org.jetbrains.idea.svn.treeConflict.TreeConflictDetailsProvider
9381:             1             16  scala.collection.$colon$plus$
9382:             1             16  com.intellij.xdebugger.impl.XDebuggerSupport$5
9383:             1             16  com.intellij.codeInsight.daemon.impl.DaemonListeners$MyEditorMouseListener
9384:             1             16  com.intellij.openapi.application.CachedSingletonsRegistry
9385:             1             16  sun.awt.X11.XInputMethodDescriptor
9386:             1             16  com.intellij.openapi.vcs.changes.conflicts.ChangelistConflictTracker$3
9387:             1             16  org.jetbrains.plugins.groovy.gpp.GppImplicitUsageProvider
9388:             1             16  com.intellij.openapi.editor.impl.EditorFactoryImpl$2
9389:             1             16  scala.Option$
9390:             1             16  com.intellij.psi.util.TypeConversionUtil$11
9391:             1             16  com.intellij.openapi.util.Disposer$3
9392:             1             16  org.jetbrains.plugins.scala.compiler.CompileServerLauncher
9393:             1             16  org.jetbrains.plugins.scala.lang.psi.stubs.index.ScAnnotatedMemberIndex
9394:             1             16  com.intellij.psi.util.TypeConversionUtil$54
9395:             1             16  org.jetbrains.idea.maven.dom.references.MavenPropertyPsiReferenceInjector
9396:             1             16  com.intellij.spi.parsing.SPIParserDefinition
9397:             1             16  org.jetbrains.plugins.scala.decompiler.DecompilerUtil$DecompilationResult$
9398:             1             16  [Lcom.intellij.openapi.editor.colors.impl.AdditionalTextAttributesEP;
9399:             1             16  com.intellij.openapi.externalSystem.service.ExternalSystemFacadeManager$2
9400:             1             16  com.intellij.openapi.extensions.Extensions$SimpleLogProvider
9401:             1             16  org.jetbrains.idea.eclipse.config.EclipseFileTypeFactory
9402:             1             16  com.intellij.openapi.util.text.StringUtil$2
9403:             1             16  sun.java2d.loops.GraphicsPrimitiveMgr$1
9404:             1             16  com.intellij.uiDesigner.inspections.DuplicateMnemonicInspection$1
9405:             1             16  $Proxy21
9406:             1             16  com.intellij.lang.properties.PropertiesHighlighter
9407:             1             16  com.intellij.openapi.fileEditor.impl.EditorTabbedContainer$7
9408:             1             16  com.intellij.codeInsight.daemon.impl.ErrorStripeHandler
9409:             1             16  sun.misc.Perf
9410:             1             16  org.apache.log4j.or.RendererMap
9411:             1             16  com.intellij.openapi.vcs.changes.shelf.ShelvedChangesViewManager$MyChangeListDeleteProvider
9412:             1             16  com.intellij.openapi.keymap.impl.KeymapManagerImpl$1
9413:             1             16  com.intellij.util.xml.stubs.FileStubSerializer
9414:             1             16  com.intellij.notification.EventLog$1
9415:             1             16  [Lorg.jetbrains.ide.CustomPortServerManager;
9416:             1             16  org.jetbrains.plugins.scala.lang.parser.parsing.params.ParamClause$
9417:             1             16  com.intellij.openapi.wm.ex.DefaultFrameEditorComponentProvider
9418:             1             16  javax.swing.ToolTipManager$insideTimerAction
9419:             1             16  git4idea.history.wholeTree.GitLogUI$11
9420:             1             16  com.intellij.util.ReflectionCache$4
9421:             1             16  com.intellij.application.options.XmlLanguageCodeStyleSettingsProvider
9422:             1             16  com.intellij.uiDesigner.binding.GeneratedCodeFoldingBuilder
9423:             1             16  com.intellij.openapi.vcs.changes.ui.RemoteStatusChangeNodeDecorator
9424:             1             16  org.jetbrains.idea.devkit.projectRoots.IdeaJdk
9425:             1             16  sun.reflect.GeneratedMethodAccessor21
9426:             1             16  com.intellij.util.ui.UIUtil$4
9427:             1             16  com.intellij.designer.palette.PaletteContainer$PaletteContainerLayout
9428:             1             16  sun.rmi.transport.DGCClient$EndpointEntry$RenewCleanThread
9429:             1             16  javax.swing.plaf.basic.BasicTabbedPaneUI$Handler
9430:             1             16  com.intellij.psi.stubs.StubIndexState
9431:             1             16  com.intellij.psi.impl.source.tree.JavaElementType$2$1
9432:             1             16  git4idea.branch.GitBranchUtil$1
9433:             1             16  com.intellij.ide.ToolkitBugsProcessor
9434:             1             16  net.sf.cglib.proxy.AdvancedProxy$1
9435:             1             16  com.intellij.util.xml.impl.DomSemContributor
9436:             1             16  javax.swing.JTextField$ScrollRepainter
9437:             1             16  com.intellij.openapi.command.impl.FileUndoProvider$1
9438:             1             16  com.intellij.util.config.Externalizer$2
9439:             1             16  com.intellij.util.containers.hash.EqualityPolicy$2
9440:             1             16  com.intellij.openapi.editor.actions.UnindentSelectionAction$Handler
9441:             1             16  com.intellij.openapi.editor.impl.BorderEffect$2
9442:             1             16  com.intellij.openapi.editor.impl.IterationState$LayerComparator
9443:             1             16  [Lcom.intellij.openapi.vcs.VcsException;
9444:             1             16  com.intellij.psi.util.TypeConversionUtil$12
9445:             1             16  com.intellij.ide.plugins.PluginManager$3
9446:             1             16  org.jetbrains.plugins.scala.findUsages.ScalaPackageUsagesSearcher
9447:             1             16  com.intellij.codeInsight.daemon.impl.PostHighlightingPassFactory
9448:             1             16  org.jetbrains.plugins.scala.lang.parser.parsing.params.ImplicitParamClause$
9449:             1             16  javax.swing.plaf.basic.BasicHTML$BasicHTMLViewFactory
9450:             1             16  com.intellij.openapi.roots.impl.DirectoryIndexImpl$2
9451:             1             16  com.intellij.refactoring.changeSignature.ChangeSignaturePassFactory
9452:             1             16  com.intellij.util.io.storage.HeavyProcessLatch
9453:             1             16  com.intellij.xml.index.SchemaTypeInheritanceIndex
9454:             1             16  org.jetbrains.idea.svn.SvnPhantomChangeDetailsProvider
9455:             1             16  org.jetbrains.plugins.scala.runner.ScalaMainMethodProvider
9456:             1             16  com.intellij.psi.impl.source.codeStyle.CodeStyleManagerImpl
9457:             1             16  sun.java2d.loops.GraphicsPrimitiveMgr$2
9458:             1             16  $Proxy70
9459:             1             16  com.intellij.execution.console.LanguageConsoleImpl$5
9460:             1             16  com.intellij.util.indexing.FileBasedIndexProjectHandler$RefreshCacheUpdater
9461:             1             16  sun.net.www.protocol.file.Handler
9462:             1             16  com.intellij.ide.highlighter.XHtmlFileType
9463:             1             16  com.intellij.openapi.application.impl.ApplicationImpl$3
9464:             1             16  com.theoryinpractice.testng.configuration.TestNGConfigurationType
9465:             1             16  sun.misc.FloatingDecimal$1
9466:             1             16  com.intellij.openapi.vfs.newvfs.persistent.FSRecords$DbConnection$4
9467:             1             16  org.jetbrains.idea.svn.SvnFileUrlMappingImpl$MyRootsHelper
9468:             1             16  sun.rmi.transport.ObjectTable$Reaper
9469:             1             16  com.intellij.psi.impl.cache.impl.todo.TodoIndex$2
9470:             1             16  com.intellij.codeInspection.DefaultXmlSuppressionProvider
9471:             1             16  net.sf.cglib.core.DefaultNamingPolicy
9472:             1             16  com.intellij.openapi.editor.ex.DisposableIterator$1
9473:             1             16  com.intellij.openapi.externalSystem.service.project.ProjectRenameAware$1
9474:             1             16  javax.swing.plaf.metal.MetalIconFactory$MenuArrowIcon
9475:             1             16  com.intellij.codeInspection.internal.InternalInspection$1
9476:             1             16  com.intellij.lang.DefaultASTFactoryImpl
9477:             1             16  sun.reflect.GeneratedConstructorAccessor35
9478:             1             16  com.intellij.openapi.util.LowMemoryWatcher$2
9479:             1             16  java.util.Collections$EmptyList
9480:             1             16  com.intellij.openapi.util.text.StringUtil$5
9481:             1             16  sun.font.FileFont$CreatedFontFileDisposerRecord$1
9482:             1             16  org.jetbrains.plugins.scala.lang.parser.parsing.xml.XmlContent$
9483:             1             16  com.intellij.openapi.vfs.VirtualFileFilter$1
9484:             1             16  org.jetbrains.jps.model.fileTypes.impl.FileNameMatcherFactoryImpl
9485:             1             16  org.jetbrains.plugins.groovy.findUsages.GrImplicitUsageProvider
9486:             1             16  com.intellij.psi.impl.source.PsiImportStaticReferenceElementImpl$OurGenericsResolver
9487:             1             16  org.intellij.lang.xpath.xslt.util.XsltCodeInsightUtil$1
9488:             1             16  com.intellij.openapi.roots.impl.DirectoryInfo$2
9489:             1             16  javax.swing.ToolTipManager$outsideTimerAction
Total       1889533      187443248
